2021-05-12T23:34:29.776+0800	INFO	gin_web/2021_5_12_zap_定制_logger.go:87	test logger ...
2021-05-12T23:34:29.778+0800	INFO	gin_web/2021_5_12_zap_定制_logger.go:87	test logger ...
2021-05-12T23:34:29.778+0800	INFO	gin_web/2021_5_12_zap_定制_logger.go:87	test logger ...
2021-05-12T23:34:29.778+0800	INFO	gin_web/2021_5_12_zap_定制_logger.go:87	test logger ...
2021-05-12T23:34:29.778+0800	INFO	gin_web/2021_5_12_zap_定制_logger.go:87	test logger ...
2021-05-12T23:34:29.778+0800	INFO	gin_web/2021_5_12_zap_定制_logger.go:87	test logger ...
2021-05-12T23:34:29.778+0800	INFO	gin_web/2021_5_12_zap_定制_logger.go:87	test logger ...
2021-05-12T23:34:29.778+0800	INFO	gin_web/2021_5_12_zap_定制_logger.go:87	test logger ...
2021-05-12T23:34:29.778+0800	INFO	gin_web/2021_5_12_zap_定制_logger.go:87	test logger ...
2021-05-12T23:34:29.778+0800	INFO	gin_web/2021_5_12_zap_定制_logger.go:87	test logger ...
2021-05-12T23:34:29.778+0800	INFO	gin_web/2021_5_12_zap_定制_logger.go:87	test logger ...
2021-05-12T23:34:29.778+0800	INFO	gin_web/2021_5_12_zap_定制_logger.go:87	test logger ...
2021-05-12T23:34:29.778+0800	INFO	gin_web/2021_5_12_zap_定制_logger.go:87	test logger ...
2021-05-12T23:34:29.778+0800	INFO	gin_web/2021_5_12_zap_定制_logger.go:87	test logger ...
2021-05-12T23:34:29.778+0800	INFO	gin_web/2021_5_12_zap_定制_logger.go:87	test logger ...
2021-05-12T23:34:29.778+0800	INFO	gin_web/2021_5_12_zap_定制_logger.go:87	test logger ...
2021-05-12T23:34:29.778+0800	INFO	gin_web/2021_5_12_zap_定制_logger.go:87	test logger ...
2021-05-12T23:34:29.778+0800	INFO	gin_web/2021_5_12_zap_定制_logger.go:87	test logger ...
2021-05-12T23:34:29.778+0800	INFO	gin_web/2021_5_12_zap_定制_logger.go:87	test logger ...
2021-05-12T23:34:29.778+0800	INFO	gin_web/2021_5_12_zap_定制_logger.go:87	test logger ...
2021-05-12T23:34:29.778+0800	INFO	gin_web/2021_5_12_zap_定制_logger.go:87	test logger ...
2021-05-12T23:34:29.778+0800	INFO	gin_web/2021_5_12_zap_定制_logger.go:87	test logger ...
2021-05-12T23:34:29.778+0800	INFO	gin_web/2021_5_12_zap_定制_logger.go:87	test logger ...
2021-05-12T23:34:29.778+0800	INFO	gin_web/2021_5_12_zap_定制_logger.go:87	test logger ...
2021-05-12T23:34:29.778+0800	INFO	gin_web/2021_5_12_zap_定制_logger.go:87	test logger ...
2021-05-12T23:34:29.778+0800	INFO	gin_web/2021_5_12_zap_定制_logger.go:87	test logger ...
2021-05-12T23:34:29.778+0800	INFO	gin_web/2021_5_12_zap_定制_logger.go:87	test logger ...
2021-05-12T23:34:29.778+0800	INFO	gin_web/2021_5_12_zap_定制_logger.go:87	test logger ...
2021-05-12T23:34:29.778+0800	INFO	gin_web/2021_5_12_zap_定制_logger.go:87	test logger ...
2021-05-12T23:34:29.778+0800	INFO	gin_web/2021_5_12_zap_定制_logger.go:87	test logger ...
2021-05-12T23:34:29.778+0800	INFO	gin_web/2021_5_12_zap_定制_logger.go:87	test logger ...
2021-05-12T23:34:29.778+0800	INFO	gin_web/2021_5_12_zap_定制_logger.go:87	test logger ...
2021-05-12T23:34:29.778+0800	INFO	gin_web/2021_5_12_zap_定制_logger.go:87	test logger ...
2021-05-12T23:34:29.778+0800	INFO	gin_web/2021_5_12_zap_定制_logger.go:87	test logger ...
2021-05-12T23:34:29.778+0800	INFO	gin_web/2021_5_12_zap_定制_logger.go:87	test logger ...
2021-05-12T23:34:29.778+0800	INFO	gin_web/2021_5_12_zap_定制_logger.go:87	test logger ...
2021-05-12T23:34:29.778+0800	INFO	gin_web/2021_5_12_zap_定制_logger.go:87	test logger ...
2021-05-12T23:34:29.779+0800	INFO	gin_web/2021_5_12_zap_定制_logger.go:87	test logger ...
2021-05-12T23:34:29.779+0800	INFO	gin_web/2021_5_12_zap_定制_logger.go:87	test logger ...
2021-05-12T23:34:29.779+0800	INFO	gin_web/2021_5_12_zap_定制_logger.go:87	test logger ...
2021-05-12T23:34:29.779+0800	INFO	gin_web/2021_5_12_zap_定制_logger.go:87	test logger ...
2021-05-12T23:34:29.779+0800	INFO	gin_web/2021_5_12_zap_定制_logger.go:87	test logger ...
2021-05-12T23:34:29.779+0800	INFO	gin_web/2021_5_12_zap_定制_logger.go:87	test logger ...
2021-05-12T23:34:29.779+0800	INFO	gin_web/2021_5_12_zap_定制_logger.go:87	test logger ...
2021-05-12T23:34:29.779+0800	INFO	gin_web/2021_5_12_zap_定制_logger.go:87	test logger ...
2021-05-12T23:34:29.779+0800	INFO	gin_web/2021_5_12_zap_定制_logger.go:87	test logger ...
2021-05-12T23:34:29.779+0800	INFO	gin_web/2021_5_12_zap_定制_logger.go:87	test logger ...
2021-05-12T23:34:29.779+0800	INFO	gin_web/2021_5_12_zap_定制_logger.go:87	test logger ...
2021-05-12T23:34:29.779+0800	INFO	gin_web/2021_5_12_zap_定制_logger.go:87	test logger ...
2021-05-12T23:34:29.779+0800	INFO	gin_web/2021_5_12_zap_定制_logger.go:87	test logger ...
2021-05-12T23:34:29.779+0800	INFO	gin_web/2021_5_12_zap_定制_logger.go:87	test logger ...
2021-05-12T23:34:29.779+0800	INFO	gin_web/2021_5_12_zap_定制_logger.go:87	test logger ...
2021-05-12T23:34:29.779+0800	INFO	gin_web/2021_5_12_zap_定制_logger.go:87	test logger ...
2021-05-12T23:34:29.779+0800	INFO	gin_web/2021_5_12_zap_定制_logger.go:87	test logger ...
2021-05-12T23:34:29.779+0800	INFO	gin_web/2021_5_12_zap_定制_logger.go:87	test logger ...
2021-05-12T23:34:29.779+0800	INFO	gin_web/2021_5_12_zap_定制_logger.go:87	test logger ...
2021-05-12T23:34:29.779+0800	INFO	gin_web/2021_5_12_zap_定制_logger.go:87	test logger ...
2021-05-12T23:34:29.779+0800	INFO	gin_web/2021_5_12_zap_定制_logger.go:87	test logger ...
2021-05-12T23:34:29.779+0800	INFO	gin_web/2021_5_12_zap_定制_logger.go:87	test logger ...
2021-05-12T23:34:29.779+0800	INFO	gin_web/2021_5_12_zap_定制_logger.go:87	test logger ...
2021-05-12T23:34:29.779+0800	INFO	gin_web/2021_5_12_zap_定制_logger.go:87	test logger ...
2021-05-12T23:34:29.779+0800	INFO	gin_web/2021_5_12_zap_定制_logger.go:87	test logger ...
2021-05-12T23:34:29.779+0800	INFO	gin_web/2021_5_12_zap_定制_logger.go:87	test logger ...
2021-05-12T23:34:29.779+0800	INFO	gin_web/2021_5_12_zap_定制_logger.go:87	test logger ...
2021-05-12T23:34:29.779+0800	INFO	gin_web/2021_5_12_zap_定制_logger.go:87	test logger ...
2021-05-12T23:34:29.779+0800	INFO	gin_web/2021_5_12_zap_定制_logger.go:87	test logger ...
2021-05-12T23:34:29.779+0800	INFO	gin_web/2021_5_12_zap_定制_logger.go:87	test logger ...
2021-05-12T23:34:29.779+0800	INFO	gin_web/2021_5_12_zap_定制_logger.go:87	test logger ...
2021-05-12T23:34:29.779+0800	INFO	gin_web/2021_5_12_zap_定制_logger.go:87	test logger ...
2021-05-12T23:34:29.779+0800	INFO	gin_web/2021_5_12_zap_定制_logger.go:87	test logger ...
2021-05-12T23:34:29.779+0800	INFO	gin_web/2021_5_12_zap_定制_logger.go:87	test logger ...
2021-05-12T23:34:29.779+0800	INFO	gin_web/2021_5_12_zap_定制_logger.go:87	test logger ...
2021-05-12T23:34:29.779+0800	INFO	gin_web/2021_5_12_zap_定制_logger.go:87	test logger ...
2021-05-12T23:34:29.779+0800	INFO	gin_web/2021_5_12_zap_定制_logger.go:87	test logger ...
2021-05-12T23:34:29.779+0800	INFO	gin_web/2021_5_12_zap_定制_logger.go:87	test logger ...
2021-05-12T23:34:29.779+0800	INFO	gin_web/2021_5_12_zap_定制_logger.go:87	test logger ...
2021-05-12T23:34:29.779+0800	INFO	gin_web/2021_5_12_zap_定制_logger.go:87	test logger ...
2021-05-12T23:34:29.779+0800	INFO	gin_web/2021_5_12_zap_定制_logger.go:87	test logger ...
2021-05-12T23:34:29.779+0800	INFO	gin_web/2021_5_12_zap_定制_logger.go:87	test logger ...
2021-05-12T23:34:29.779+0800	INFO	gin_web/2021_5_12_zap_定制_logger.go:87	test logger ...
2021-05-12T23:34:29.779+0800	INFO	gin_web/2021_5_12_zap_定制_logger.go:87	test logger ...
2021-05-12T23:34:29.779+0800	INFO	gin_web/2021_5_12_zap_定制_logger.go:87	test logger ...
2021-05-12T23:34:29.779+0800	INFO	gin_web/2021_5_12_zap_定制_logger.go:87	test logger ...
2021-05-12T23:34:29.779+0800	INFO	gin_web/2021_5_12_zap_定制_logger.go:87	test logger ...
2021-05-12T23:34:29.779+0800	INFO	gin_web/2021_5_12_zap_定制_logger.go:87	test logger ...
2021-05-12T23:34:29.779+0800	INFO	gin_web/2021_5_12_zap_定制_logger.go:87	test logger ...
2021-05-12T23:34:29.779+0800	INFO	gin_web/2021_5_12_zap_定制_logger.go:87	test logger ...
2021-05-12T23:34:29.779+0800	INFO	gin_web/2021_5_12_zap_定制_logger.go:87	test logger ...
2021-05-12T23:34:29.779+0800	INFO	gin_web/2021_5_12_zap_定制_logger.go:87	test logger ...
2021-05-12T23:34:29.779+0800	INFO	gin_web/2021_5_12_zap_定制_logger.go:87	test logger ...
2021-05-12T23:34:29.779+0800	INFO	gin_web/2021_5_12_zap_定制_logger.go:87	test logger ...
2021-05-12T23:34:29.779+0800	INFO	gin_web/2021_5_12_zap_定制_logger.go:87	test logger ...
2021-05-12T23:34:29.779+0800	INFO	gin_web/2021_5_12_zap_定制_logger.go:87	test logger ...
2021-05-12T23:34:29.779+0800	INFO	gin_web/2021_5_12_zap_定制_logger.go:87	test logger ...
2021-05-12T23:34:29.779+0800	INFO	gin_web/2021_5_12_zap_定制_logger.go:87	test logger ...
2021-05-12T23:34:29.779+0800	INFO	gin_web/2021_5_12_zap_定制_logger.go:87	test logger ...
2021-05-12T23:34:29.779+0800	INFO	gin_web/2021_5_12_zap_定制_logger.go:87	test logger ...
2021-05-12T23:34:29.779+0800	INFO	gin_web/2021_5_12_zap_定制_logger.go:87	test logger ...
2021-05-12T23:34:29.779+0800	INFO	gin_web/2021_5_12_zap_定制_logger.go:87	test logger ...
2021-05-12T23:34:29.779+0800	INFO	gin_web/2021_5_12_zap_定制_logger.go:87	test logger ...
2021-05-12T23:34:29.779+0800	INFO	gin_web/2021_5_12_zap_定制_logger.go:87	test logger ...
2021-05-12T23:34:29.779+0800	INFO	gin_web/2021_5_12_zap_定制_logger.go:87	test logger ...
2021-05-12T23:34:29.779+0800	INFO	gin_web/2021_5_12_zap_定制_logger.go:87	test logger ...
2021-05-12T23:34:29.780+0800	INFO	gin_web/2021_5_12_zap_定制_logger.go:87	test logger ...
2021-05-12T23:34:29.780+0800	INFO	gin_web/2021_5_12_zap_定制_logger.go:87	test logger ...
2021-05-12T23:34:29.780+0800	INFO	gin_web/2021_5_12_zap_定制_logger.go:87	test logger ...
2021-05-12T23:34:29.780+0800	INFO	gin_web/2021_5_12_zap_定制_logger.go:87	test logger ...
2021-05-12T23:34:29.780+0800	INFO	gin_web/2021_5_12_zap_定制_logger.go:87	test logger ...
2021-05-12T23:34:29.780+0800	INFO	gin_web/2021_5_12_zap_定制_logger.go:87	test logger ...
2021-05-12T23:34:29.780+0800	INFO	gin_web/2021_5_12_zap_定制_logger.go:87	test logger ...
2021-05-12T23:34:29.780+0800	INFO	gin_web/2021_5_12_zap_定制_logger.go:87	test logger ...
2021-05-12T23:34:29.780+0800	INFO	gin_web/2021_5_12_zap_定制_logger.go:87	test logger ...
2021-05-12T23:34:29.780+0800	INFO	gin_web/2021_5_12_zap_定制_logger.go:87	test logger ...
2021-05-12T23:34:29.780+0800	INFO	gin_web/2021_5_12_zap_定制_logger.go:87	test logger ...
2021-05-12T23:34:29.780+0800	INFO	gin_web/2021_5_12_zap_定制_logger.go:87	test logger ...
2021-05-12T23:34:29.780+0800	INFO	gin_web/2021_5_12_zap_定制_logger.go:87	test logger ...
2021-05-12T23:34:29.780+0800	INFO	gin_web/2021_5_12_zap_定制_logger.go:87	test logger ...
2021-05-12T23:34:29.780+0800	INFO	gin_web/2021_5_12_zap_定制_logger.go:87	test logger ...
2021-05-12T23:34:29.780+0800	INFO	gin_web/2021_5_12_zap_定制_logger.go:87	test logger ...
2021-05-12T23:34:29.780+0800	INFO	gin_web/2021_5_12_zap_定制_logger.go:87	test logger ...
2021-05-12T23:34:29.780+0800	INFO	gin_web/2021_5_12_zap_定制_logger.go:87	test logger ...
2021-05-12T23:34:29.780+0800	INFO	gin_web/2021_5_12_zap_定制_logger.go:87	test logger ...
2021-05-12T23:34:29.780+0800	INFO	gin_web/2021_5_12_zap_定制_logger.go:87	test logger ...
2021-05-12T23:34:29.780+0800	INFO	gin_web/2021_5_12_zap_定制_logger.go:87	test logger ...
2021-05-12T23:34:29.780+0800	INFO	gin_web/2021_5_12_zap_定制_logger.go:87	test logger ...
2021-05-12T23:34:29.780+0800	INFO	gin_web/2021_5_12_zap_定制_logger.go:87	test logger ...
2021-05-12T23:34:29.780+0800	INFO	gin_web/2021_5_12_zap_定制_logger.go:87	test logger ...
2021-05-12T23:34:29.780+0800	INFO	gin_web/2021_5_12_zap_定制_logger.go:87	test logger ...
2021-05-12T23:34:29.780+0800	INFO	gin_web/2021_5_12_zap_定制_logger.go:87	test logger ...
2021-05-12T23:34:29.780+0800	INFO	gin_web/2021_5_12_zap_定制_logger.go:87	test logger ...
2021-05-12T23:34:29.780+0800	INFO	gin_web/2021_5_12_zap_定制_logger.go:87	test logger ...
2021-05-12T23:34:29.780+0800	INFO	gin_web/2021_5_12_zap_定制_logger.go:87	test logger ...
2021-05-12T23:34:29.780+0800	INFO	gin_web/2021_5_12_zap_定制_logger.go:87	test logger ...
2021-05-12T23:34:29.780+0800	INFO	gin_web/2021_5_12_zap_定制_logger.go:87	test logger ...
2021-05-12T23:34:29.780+0800	INFO	gin_web/2021_5_12_zap_定制_logger.go:87	test logger ...
2021-05-12T23:34:29.780+0800	INFO	gin_web/2021_5_12_zap_定制_logger.go:87	test logger ...
2021-05-12T23:34:29.780+0800	INFO	gin_web/2021_5_12_zap_定制_logger.go:87	test logger ...
2021-05-12T23:34:29.780+0800	INFO	gin_web/2021_5_12_zap_定制_logger.go:87	test logger ...
2021-05-12T23:34:29.780+0800	INFO	gin_web/2021_5_12_zap_定制_logger.go:87	test logger ...
2021-05-12T23:34:29.780+0800	INFO	gin_web/2021_5_12_zap_定制_logger.go:87	test logger ...
2021-05-12T23:34:29.780+0800	INFO	gin_web/2021_5_12_zap_定制_logger.go:87	test logger ...
2021-05-12T23:34:29.780+0800	INFO	gin_web/2021_5_12_zap_定制_logger.go:87	test logger ...
2021-05-12T23:34:29.780+0800	INFO	gin_web/2021_5_12_zap_定制_logger.go:87	test logger ...
2021-05-12T23:34:29.780+0800	INFO	gin_web/2021_5_12_zap_定制_logger.go:87	test logger ...
2021-05-12T23:34:29.780+0800	INFO	gin_web/2021_5_12_zap_定制_logger.go:87	test logger ...
2021-05-12T23:34:29.780+0800	INFO	gin_web/2021_5_12_zap_定制_logger.go:87	test logger ...
2021-05-12T23:34:29.780+0800	INFO	gin_web/2021_5_12_zap_定制_logger.go:87	test logger ...
2021-05-12T23:34:29.780+0800	INFO	gin_web/2021_5_12_zap_定制_logger.go:87	test logger ...
2021-05-12T23:34:29.780+0800	INFO	gin_web/2021_5_12_zap_定制_logger.go:87	test logger ...
2021-05-12T23:34:29.780+0800	INFO	gin_web/2021_5_12_zap_定制_logger.go:87	test logger ...
2021-05-12T23:34:29.780+0800	INFO	gin_web/2021_5_12_zap_定制_logger.go:87	test logger ...
2021-05-12T23:34:29.780+0800	INFO	gin_web/2021_5_12_zap_定制_logger.go:87	test logger ...
2021-05-12T23:34:29.780+0800	INFO	gin_web/2021_5_12_zap_定制_logger.go:87	test logger ...
2021-05-12T23:34:29.780+0800	INFO	gin_web/2021_5_12_zap_定制_logger.go:87	test logger ...
2021-05-12T23:34:29.780+0800	INFO	gin_web/2021_5_12_zap_定制_logger.go:87	test logger ...
2021-05-12T23:34:29.781+0800	INFO	gin_web/2021_5_12_zap_定制_logger.go:87	test logger ...
2021-05-12T23:34:29.781+0800	INFO	gin_web/2021_5_12_zap_定制_logger.go:87	test logger ...
2021-05-12T23:34:29.781+0800	INFO	gin_web/2021_5_12_zap_定制_logger.go:87	test logger ...
2021-05-12T23:34:29.781+0800	INFO	gin_web/2021_5_12_zap_定制_logger.go:87	test logger ...
2021-05-12T23:34:29.781+0800	INFO	gin_web/2021_5_12_zap_定制_logger.go:87	test logger ...
2021-05-12T23:34:29.781+0800	INFO	gin_web/2021_5_12_zap_定制_logger.go:87	test logger ...
2021-05-12T23:34:29.781+0800	INFO	gin_web/2021_5_12_zap_定制_logger.go:87	test logger ...
2021-05-12T23:34:29.781+0800	INFO	gin_web/2021_5_12_zap_定制_logger.go:87	test logger ...
2021-05-12T23:34:29.781+0800	INFO	gin_web/2021_5_12_zap_定制_logger.go:87	test logger ...
2021-05-12T23:34:29.781+0800	INFO	gin_web/2021_5_12_zap_定制_logger.go:87	test logger ...
2021-05-12T23:34:29.781+0800	INFO	gin_web/2021_5_12_zap_定制_logger.go:87	test logger ...
2021-05-12T23:34:29.781+0800	INFO	gin_web/2021_5_12_zap_定制_logger.go:87	test logger ...
2021-05-12T23:34:29.781+0800	INFO	gin_web/2021_5_12_zap_定制_logger.go:87	test logger ...
2021-05-12T23:34:29.781+0800	INFO	gin_web/2021_5_12_zap_定制_logger.go:87	test logger ...
2021-05-12T23:34:29.781+0800	INFO	gin_web/2021_5_12_zap_定制_logger.go:87	test logger ...
2021-05-12T23:34:29.781+0800	INFO	gin_web/2021_5_12_zap_定制_logger.go:87	test logger ...
2021-05-12T23:34:29.781+0800	INFO	gin_web/2021_5_12_zap_定制_logger.go:87	test logger ...
2021-05-12T23:34:29.781+0800	INFO	gin_web/2021_5_12_zap_定制_logger.go:87	test logger ...
2021-05-12T23:34:29.781+0800	INFO	gin_web/2021_5_12_zap_定制_logger.go:87	test logger ...
2021-05-12T23:34:29.781+0800	INFO	gin_web/2021_5_12_zap_定制_logger.go:87	test logger ...
2021-05-12T23:34:29.781+0800	INFO	gin_web/2021_5_12_zap_定制_logger.go:87	test logger ...
2021-05-12T23:34:29.781+0800	INFO	gin_web/2021_5_12_zap_定制_logger.go:87	test logger ...
2021-05-12T23:34:29.781+0800	INFO	gin_web/2021_5_12_zap_定制_logger.go:87	test logger ...
2021-05-12T23:34:29.781+0800	INFO	gin_web/2021_5_12_zap_定制_logger.go:87	test logger ...
2021-05-12T23:34:29.781+0800	INFO	gin_web/2021_5_12_zap_定制_logger.go:87	test logger ...
2021-05-12T23:34:29.781+0800	INFO	gin_web/2021_5_12_zap_定制_logger.go:87	test logger ...
2021-05-12T23:34:29.781+0800	INFO	gin_web/2021_5_12_zap_定制_logger.go:87	test logger ...
2021-05-12T23:34:29.781+0800	INFO	gin_web/2021_5_12_zap_定制_logger.go:87	test logger ...
2021-05-12T23:34:29.781+0800	INFO	gin_web/2021_5_12_zap_定制_logger.go:87	test logger ...
2021-05-12T23:34:29.781+0800	INFO	gin_web/2021_5_12_zap_定制_logger.go:87	test logger ...
2021-05-12T23:34:29.781+0800	INFO	gin_web/2021_5_12_zap_定制_logger.go:87	test logger ...
2021-05-12T23:34:29.781+0800	INFO	gin_web/2021_5_12_zap_定制_logger.go:87	test logger ...
2021-05-12T23:34:29.781+0800	INFO	gin_web/2021_5_12_zap_定制_logger.go:87	test logger ...
2021-05-12T23:34:29.781+0800	INFO	gin_web/2021_5_12_zap_定制_logger.go:87	test logger ...
2021-05-12T23:34:29.781+0800	INFO	gin_web/2021_5_12_zap_定制_logger.go:87	test logger ...
2021-05-12T23:34:29.781+0800	INFO	gin_web/2021_5_12_zap_定制_logger.go:87	test logger ...
2021-05-12T23:34:29.781+0800	INFO	gin_web/2021_5_12_zap_定制_logger.go:87	test logger ...
2021-05-12T23:34:29.781+0800	INFO	gin_web/2021_5_12_zap_定制_logger.go:87	test logger ...
2021-05-12T23:34:29.781+0800	INFO	gin_web/2021_5_12_zap_定制_logger.go:87	test logger ...
2021-05-12T23:34:29.781+0800	INFO	gin_web/2021_5_12_zap_定制_logger.go:87	test logger ...
2021-05-12T23:34:29.781+0800	INFO	gin_web/2021_5_12_zap_定制_logger.go:87	test logger ...
2021-05-12T23:34:29.781+0800	INFO	gin_web/2021_5_12_zap_定制_logger.go:87	test logger ...
2021-05-12T23:34:29.781+0800	INFO	gin_web/2021_5_12_zap_定制_logger.go:87	test logger ...
2021-05-12T23:34:29.781+0800	INFO	gin_web/2021_5_12_zap_定制_logger.go:87	test logger ...
2021-05-12T23:34:29.781+0800	INFO	gin_web/2021_5_12_zap_定制_logger.go:87	test logger ...
2021-05-12T23:34:29.781+0800	INFO	gin_web/2021_5_12_zap_定制_logger.go:87	test logger ...
2021-05-12T23:34:29.781+0800	INFO	gin_web/2021_5_12_zap_定制_logger.go:87	test logger ...
2021-05-12T23:34:29.781+0800	INFO	gin_web/2021_5_12_zap_定制_logger.go:87	test logger ...
2021-05-12T23:34:29.781+0800	INFO	gin_web/2021_5_12_zap_定制_logger.go:87	test logger ...
2021-05-12T23:34:29.781+0800	INFO	gin_web/2021_5_12_zap_定制_logger.go:87	test logger ...
2021-05-12T23:34:29.781+0800	INFO	gin_web/2021_5_12_zap_定制_logger.go:87	test logger ...
2021-05-12T23:34:29.781+0800	INFO	gin_web/2021_5_12_zap_定制_logger.go:87	test logger ...
2021-05-12T23:34:29.781+0800	INFO	gin_web/2021_5_12_zap_定制_logger.go:87	test logger ...
2021-05-12T23:34:29.781+0800	INFO	gin_web/2021_5_12_zap_定制_logger.go:87	test logger ...
2021-05-12T23:34:29.781+0800	INFO	gin_web/2021_5_12_zap_定制_logger.go:87	test logger ...
2021-05-12T23:34:29.781+0800	INFO	gin_web/2021_5_12_zap_定制_logger.go:87	test logger ...
2021-05-12T23:34:29.781+0800	INFO	gin_web/2021_5_12_zap_定制_logger.go:87	test logger ...
2021-05-12T23:34:29.781+0800	INFO	gin_web/2021_5_12_zap_定制_logger.go:87	test logger ...
2021-05-12T23:34:29.781+0800	INFO	gin_web/2021_5_12_zap_定制_logger.go:87	test logger ...
2021-05-12T23:34:29.781+0800	INFO	gin_web/2021_5_12_zap_定制_logger.go:87	test logger ...
2021-05-12T23:34:29.781+0800	INFO	gin_web/2021_5_12_zap_定制_logger.go:87	test logger ...
2021-05-12T23:34:29.781+0800	INFO	gin_web/2021_5_12_zap_定制_logger.go:87	test logger ...
2021-05-12T23:34:29.781+0800	INFO	gin_web/2021_5_12_zap_定制_logger.go:87	test logger ...
2021-05-12T23:34:29.781+0800	INFO	gin_web/2021_5_12_zap_定制_logger.go:87	test logger ...
2021-05-12T23:34:29.781+0800	INFO	gin_web/2021_5_12_zap_定制_logger.go:87	test logger ...
2021-05-12T23:34:29.781+0800	INFO	gin_web/2021_5_12_zap_定制_logger.go:87	test logger ...
2021-05-12T23:34:29.781+0800	INFO	gin_web/2021_5_12_zap_定制_logger.go:87	test logger ...
2021-05-12T23:34:29.781+0800	INFO	gin_web/2021_5_12_zap_定制_logger.go:87	test logger ...
2021-05-12T23:34:29.781+0800	INFO	gin_web/2021_5_12_zap_定制_logger.go:87	test logger ...
2021-05-12T23:34:29.781+0800	INFO	gin_web/2021_5_12_zap_定制_logger.go:87	test logger ...
2021-05-12T23:34:29.781+0800	INFO	gin_web/2021_5_12_zap_定制_logger.go:87	test logger ...
2021-05-12T23:34:29.781+0800	INFO	gin_web/2021_5_12_zap_定制_logger.go:87	test logger ...
2021-05-12T23:34:29.781+0800	INFO	gin_web/2021_5_12_zap_定制_logger.go:87	test logger ...
2021-05-12T23:34:29.781+0800	INFO	gin_web/2021_5_12_zap_定制_logger.go:87	test logger ...
2021-05-12T23:34:29.781+0800	INFO	gin_web/2021_5_12_zap_定制_logger.go:87	test logger ...
2021-05-12T23:34:29.781+0800	INFO	gin_web/2021_5_12_zap_定制_logger.go:87	test logger ...
2021-05-12T23:34:29.781+0800	INFO	gin_web/2021_5_12_zap_定制_logger.go:87	test logger ...
2021-05-12T23:34:29.781+0800	INFO	gin_web/2021_5_12_zap_定制_logger.go:87	test logger ...
2021-05-12T23:34:29.781+0800	INFO	gin_web/2021_5_12_zap_定制_logger.go:87	test logger ...
2021-05-12T23:34:29.781+0800	INFO	gin_web/2021_5_12_zap_定制_logger.go:87	test logger ...
2021-05-12T23:34:29.781+0800	INFO	gin_web/2021_5_12_zap_定制_logger.go:87	test logger ...
2021-05-12T23:34:29.781+0800	INFO	gin_web/2021_5_12_zap_定制_logger.go:87	test logger ...
2021-05-12T23:34:29.781+0800	INFO	gin_web/2021_5_12_zap_定制_logger.go:87	test logger ...
2021-05-12T23:34:29.781+0800	INFO	gin_web/2021_5_12_zap_定制_logger.go:87	test logger ...
2021-05-12T23:34:29.781+0800	INFO	gin_web/2021_5_12_zap_定制_logger.go:87	test logger ...
2021-05-12T23:34:29.781+0800	INFO	gin_web/2021_5_12_zap_定制_logger.go:87	test logger ...
2021-05-12T23:34:29.781+0800	INFO	gin_web/2021_5_12_zap_定制_logger.go:87	test logger ...
2021-05-12T23:34:29.781+0800	INFO	gin_web/2021_5_12_zap_定制_logger.go:87	test logger ...
2021-05-12T23:34:29.781+0800	INFO	gin_web/2021_5_12_zap_定制_logger.go:87	test logger ...
2021-05-12T23:34:29.781+0800	INFO	gin_web/2021_5_12_zap_定制_logger.go:87	test logger ...
2021-05-12T23:34:29.781+0800	INFO	gin_web/2021_5_12_zap_定制_logger.go:87	test logger ...
2021-05-12T23:34:29.781+0800	INFO	gin_web/2021_5_12_zap_定制_logger.go:87	test logger ...
2021-05-12T23:34:29.781+0800	INFO	gin_web/2021_5_12_zap_定制_logger.go:87	test logger ...
2021-05-12T23:34:29.781+0800	INFO	gin_web/2021_5_12_zap_定制_logger.go:87	test logger ...
2021-05-12T23:34:29.782+0800	INFO	gin_web/2021_5_12_zap_定制_logger.go:87	test logger ...
2021-05-12T23:34:29.782+0800	INFO	gin_web/2021_5_12_zap_定制_logger.go:87	test logger ...
2021-05-12T23:34:29.782+0800	INFO	gin_web/2021_5_12_zap_定制_logger.go:87	test logger ...
2021-05-12T23:34:29.782+0800	INFO	gin_web/2021_5_12_zap_定制_logger.go:87	test logger ...
2021-05-12T23:34:29.782+0800	INFO	gin_web/2021_5_12_zap_定制_logger.go:87	test logger ...
2021-05-12T23:34:29.782+0800	INFO	gin_web/2021_5_12_zap_定制_logger.go:87	test logger ...
2021-05-12T23:34:29.782+0800	INFO	gin_web/2021_5_12_zap_定制_logger.go:87	test logger ...
2021-05-12T23:34:29.782+0800	INFO	gin_web/2021_5_12_zap_定制_logger.go:87	test logger ...
2021-05-12T23:34:29.782+0800	INFO	gin_web/2021_5_12_zap_定制_logger.go:87	test logger ...
2021-05-12T23:34:29.782+0800	INFO	gin_web/2021_5_12_zap_定制_logger.go:87	test logger ...
2021-05-12T23:34:29.782+0800	INFO	gin_web/2021_5_12_zap_定制_logger.go:87	test logger ...
2021-05-12T23:34:29.782+0800	INFO	gin_web/2021_5_12_zap_定制_logger.go:87	test logger ...
2021-05-12T23:34:29.782+0800	INFO	gin_web/2021_5_12_zap_定制_logger.go:87	test logger ...
2021-05-12T23:34:29.782+0800	INFO	gin_web/2021_5_12_zap_定制_logger.go:87	test logger ...
2021-05-12T23:34:29.782+0800	INFO	gin_web/2021_5_12_zap_定制_logger.go:87	test logger ...
2021-05-12T23:34:29.782+0800	INFO	gin_web/2021_5_12_zap_定制_logger.go:87	test logger ...
2021-05-12T23:34:29.782+0800	INFO	gin_web/2021_5_12_zap_定制_logger.go:87	test logger ...
2021-05-12T23:34:29.782+0800	INFO	gin_web/2021_5_12_zap_定制_logger.go:87	test logger ...
2021-05-12T23:34:29.782+0800	INFO	gin_web/2021_5_12_zap_定制_logger.go:87	test logger ...
2021-05-12T23:34:29.782+0800	INFO	gin_web/2021_5_12_zap_定制_logger.go:87	test logger ...
2021-05-12T23:34:29.782+0800	INFO	gin_web/2021_5_12_zap_定制_logger.go:87	test logger ...
2021-05-12T23:34:29.782+0800	INFO	gin_web/2021_5_12_zap_定制_logger.go:87	test logger ...
2021-05-12T23:34:29.782+0800	INFO	gin_web/2021_5_12_zap_定制_logger.go:87	test logger ...
2021-05-12T23:34:29.782+0800	INFO	gin_web/2021_5_12_zap_定制_logger.go:87	test logger ...
2021-05-12T23:34:29.782+0800	INFO	gin_web/2021_5_12_zap_定制_logger.go:87	test logger ...
2021-05-12T23:34:29.782+0800	INFO	gin_web/2021_5_12_zap_定制_logger.go:87	test logger ...
2021-05-12T23:34:29.782+0800	INFO	gin_web/2021_5_12_zap_定制_logger.go:87	test logger ...
2021-05-12T23:34:29.782+0800	INFO	gin_web/2021_5_12_zap_定制_logger.go:87	test logger ...
2021-05-12T23:34:29.782+0800	INFO	gin_web/2021_5_12_zap_定制_logger.go:87	test logger ...
2021-05-12T23:34:29.782+0800	INFO	gin_web/2021_5_12_zap_定制_logger.go:87	test logger ...
2021-05-12T23:34:29.782+0800	INFO	gin_web/2021_5_12_zap_定制_logger.go:87	test logger ...
2021-05-12T23:34:29.782+0800	INFO	gin_web/2021_5_12_zap_定制_logger.go:87	test logger ...
2021-05-12T23:34:29.782+0800	INFO	gin_web/2021_5_12_zap_定制_logger.go:87	test logger ...
2021-05-12T23:34:29.782+0800	INFO	gin_web/2021_5_12_zap_定制_logger.go:87	test logger ...
2021-05-12T23:34:29.782+0800	INFO	gin_web/2021_5_12_zap_定制_logger.go:87	test logger ...
2021-05-12T23:34:29.782+0800	INFO	gin_web/2021_5_12_zap_定制_logger.go:87	test logger ...
2021-05-12T23:34:29.782+0800	INFO	gin_web/2021_5_12_zap_定制_logger.go:87	test logger ...
2021-05-12T23:34:29.782+0800	INFO	gin_web/2021_5_12_zap_定制_logger.go:87	test logger ...
2021-05-12T23:34:29.782+0800	INFO	gin_web/2021_5_12_zap_定制_logger.go:87	test logger ...
2021-05-12T23:34:29.782+0800	INFO	gin_web/2021_5_12_zap_定制_logger.go:87	test logger ...
2021-05-12T23:34:29.782+0800	INFO	gin_web/2021_5_12_zap_定制_logger.go:87	test logger ...
2021-05-12T23:34:29.782+0800	INFO	gin_web/2021_5_12_zap_定制_logger.go:87	test logger ...
2021-05-12T23:34:29.782+0800	INFO	gin_web/2021_5_12_zap_定制_logger.go:87	test logger ...
2021-05-12T23:34:29.782+0800	INFO	gin_web/2021_5_12_zap_定制_logger.go:87	test logger ...
2021-05-12T23:34:29.782+0800	INFO	gin_web/2021_5_12_zap_定制_logger.go:87	test logger ...
2021-05-12T23:34:29.782+0800	INFO	gin_web/2021_5_12_zap_定制_logger.go:87	test logger ...
2021-05-12T23:34:29.782+0800	INFO	gin_web/2021_5_12_zap_定制_logger.go:87	test logger ...
2021-05-12T23:34:29.782+0800	INFO	gin_web/2021_5_12_zap_定制_logger.go:87	test logger ...
2021-05-12T23:34:29.782+0800	INFO	gin_web/2021_5_12_zap_定制_logger.go:87	test logger ...
2021-05-12T23:34:29.782+0800	INFO	gin_web/2021_5_12_zap_定制_logger.go:87	test logger ...
2021-05-12T23:34:29.782+0800	INFO	gin_web/2021_5_12_zap_定制_logger.go:87	test logger ...
2021-05-12T23:34:29.782+0800	INFO	gin_web/2021_5_12_zap_定制_logger.go:87	test logger ...
2021-05-12T23:34:29.782+0800	INFO	gin_web/2021_5_12_zap_定制_logger.go:87	test logger ...
2021-05-12T23:34:29.782+0800	INFO	gin_web/2021_5_12_zap_定制_logger.go:87	test logger ...
2021-05-12T23:34:29.782+0800	INFO	gin_web/2021_5_12_zap_定制_logger.go:87	test logger ...
2021-05-12T23:34:29.782+0800	INFO	gin_web/2021_5_12_zap_定制_logger.go:87	test logger ...
2021-05-12T23:34:29.782+0800	INFO	gin_web/2021_5_12_zap_定制_logger.go:87	test logger ...
2021-05-12T23:34:29.782+0800	INFO	gin_web/2021_5_12_zap_定制_logger.go:87	test logger ...
2021-05-12T23:34:29.782+0800	INFO	gin_web/2021_5_12_zap_定制_logger.go:87	test logger ...
2021-05-12T23:34:29.782+0800	INFO	gin_web/2021_5_12_zap_定制_logger.go:87	test logger ...
2021-05-12T23:34:29.782+0800	INFO	gin_web/2021_5_12_zap_定制_logger.go:87	test logger ...
2021-05-12T23:34:29.782+0800	INFO	gin_web/2021_5_12_zap_定制_logger.go:87	test logger ...
2021-05-12T23:34:29.782+0800	INFO	gin_web/2021_5_12_zap_定制_logger.go:87	test logger ...
2021-05-12T23:34:29.782+0800	INFO	gin_web/2021_5_12_zap_定制_logger.go:87	test logger ...
2021-05-12T23:34:29.782+0800	INFO	gin_web/2021_5_12_zap_定制_logger.go:87	test logger ...
2021-05-12T23:34:29.782+0800	INFO	gin_web/2021_5_12_zap_定制_logger.go:87	test logger ...
2021-05-12T23:34:29.782+0800	INFO	gin_web/2021_5_12_zap_定制_logger.go:87	test logger ...
2021-05-12T23:34:29.782+0800	INFO	gin_web/2021_5_12_zap_定制_logger.go:87	test logger ...
2021-05-12T23:34:29.782+0800	INFO	gin_web/2021_5_12_zap_定制_logger.go:87	test logger ...
2021-05-12T23:34:29.782+0800	INFO	gin_web/2021_5_12_zap_定制_logger.go:87	test logger ...
2021-05-12T23:34:29.782+0800	INFO	gin_web/2021_5_12_zap_定制_logger.go:87	test logger ...
2021-05-12T23:34:29.782+0800	INFO	gin_web/2021_5_12_zap_定制_logger.go:87	test logger ...
2021-05-12T23:34:29.782+0800	INFO	gin_web/2021_5_12_zap_定制_logger.go:87	test logger ...
2021-05-12T23:34:29.782+0800	INFO	gin_web/2021_5_12_zap_定制_logger.go:87	test logger ...
2021-05-12T23:34:29.782+0800	INFO	gin_web/2021_5_12_zap_定制_logger.go:87	test logger ...
2021-05-12T23:34:29.782+0800	INFO	gin_web/2021_5_12_zap_定制_logger.go:87	test logger ...
2021-05-12T23:34:29.782+0800	INFO	gin_web/2021_5_12_zap_定制_logger.go:87	test logger ...
2021-05-12T23:34:29.782+0800	INFO	gin_web/2021_5_12_zap_定制_logger.go:87	test logger ...
2021-05-12T23:34:29.782+0800	INFO	gin_web/2021_5_12_zap_定制_logger.go:87	test logger ...
2021-05-12T23:34:29.782+0800	INFO	gin_web/2021_5_12_zap_定制_logger.go:87	test logger ...
2021-05-12T23:34:29.782+0800	INFO	gin_web/2021_5_12_zap_定制_logger.go:87	test logger ...
2021-05-12T23:34:29.782+0800	INFO	gin_web/2021_5_12_zap_定制_logger.go:87	test logger ...
2021-05-12T23:34:29.782+0800	INFO	gin_web/2021_5_12_zap_定制_logger.go:87	test logger ...
2021-05-12T23:34:29.782+0800	INFO	gin_web/2021_5_12_zap_定制_logger.go:87	test logger ...
2021-05-12T23:34:29.782+0800	INFO	gin_web/2021_5_12_zap_定制_logger.go:87	test logger ...
2021-05-12T23:34:29.782+0800	INFO	gin_web/2021_5_12_zap_定制_logger.go:87	test logger ...
2021-05-12T23:34:29.782+0800	INFO	gin_web/2021_5_12_zap_定制_logger.go:87	test logger ...
2021-05-12T23:34:29.782+0800	INFO	gin_web/2021_5_12_zap_定制_logger.go:87	test logger ...
2021-05-12T23:34:29.782+0800	INFO	gin_web/2021_5_12_zap_定制_logger.go:87	test logger ...
2021-05-12T23:34:29.782+0800	INFO	gin_web/2021_5_12_zap_定制_logger.go:87	test logger ...
2021-05-12T23:34:29.782+0800	INFO	gin_web/2021_5_12_zap_定制_logger.go:87	test logger ...
2021-05-12T23:34:29.782+0800	INFO	gin_web/2021_5_12_zap_定制_logger.go:87	test logger ...
2021-05-12T23:34:29.782+0800	INFO	gin_web/2021_5_12_zap_定制_logger.go:87	test logger ...
2021-05-12T23:34:29.782+0800	INFO	gin_web/2021_5_12_zap_定制_logger.go:87	test logger ...
2021-05-12T23:34:29.782+0800	INFO	gin_web/2021_5_12_zap_定制_logger.go:87	test logger ...
2021-05-12T23:34:29.782+0800	INFO	gin_web/2021_5_12_zap_定制_logger.go:87	test logger ...
2021-05-12T23:34:29.782+0800	INFO	gin_web/2021_5_12_zap_定制_logger.go:87	test logger ...
2021-05-12T23:34:29.782+0800	INFO	gin_web/2021_5_12_zap_定制_logger.go:87	test logger ...
2021-05-12T23:34:29.782+0800	INFO	gin_web/2021_5_12_zap_定制_logger.go:87	test logger ...
2021-05-12T23:34:29.782+0800	INFO	gin_web/2021_5_12_zap_定制_logger.go:87	test logger ...
2021-05-12T23:34:29.782+0800	INFO	gin_web/2021_5_12_zap_定制_logger.go:87	test logger ...
2021-05-12T23:34:29.783+0800	INFO	gin_web/2021_5_12_zap_定制_logger.go:87	test logger ...
2021-05-12T23:34:29.783+0800	INFO	gin_web/2021_5_12_zap_定制_logger.go:87	test logger ...
2021-05-12T23:34:29.783+0800	INFO	gin_web/2021_5_12_zap_定制_logger.go:87	test logger ...
2021-05-12T23:34:29.783+0800	INFO	gin_web/2021_5_12_zap_定制_logger.go:87	test logger ...
2021-05-12T23:34:29.783+0800	INFO	gin_web/2021_5_12_zap_定制_logger.go:87	test logger ...
2021-05-12T23:34:29.783+0800	INFO	gin_web/2021_5_12_zap_定制_logger.go:87	test logger ...
2021-05-12T23:34:29.783+0800	INFO	gin_web/2021_5_12_zap_定制_logger.go:87	test logger ...
2021-05-12T23:34:29.783+0800	INFO	gin_web/2021_5_12_zap_定制_logger.go:87	test logger ...
2021-05-12T23:34:29.783+0800	INFO	gin_web/2021_5_12_zap_定制_logger.go:87	test logger ...
2021-05-12T23:34:29.783+0800	INFO	gin_web/2021_5_12_zap_定制_logger.go:87	test logger ...
2021-05-12T23:34:29.783+0800	INFO	gin_web/2021_5_12_zap_定制_logger.go:87	test logger ...
2021-05-12T23:34:29.783+0800	INFO	gin_web/2021_5_12_zap_定制_logger.go:87	test logger ...
2021-05-12T23:34:29.783+0800	INFO	gin_web/2021_5_12_zap_定制_logger.go:87	test logger ...
2021-05-12T23:34:29.783+0800	INFO	gin_web/2021_5_12_zap_定制_logger.go:87	test logger ...
2021-05-12T23:34:29.783+0800	INFO	gin_web/2021_5_12_zap_定制_logger.go:87	test logger ...
2021-05-12T23:34:29.783+0800	INFO	gin_web/2021_5_12_zap_定制_logger.go:87	test logger ...
2021-05-12T23:34:29.783+0800	INFO	gin_web/2021_5_12_zap_定制_logger.go:87	test logger ...
2021-05-12T23:34:29.783+0800	INFO	gin_web/2021_5_12_zap_定制_logger.go:87	test logger ...
2021-05-12T23:34:29.783+0800	INFO	gin_web/2021_5_12_zap_定制_logger.go:87	test logger ...
2021-05-12T23:34:29.783+0800	INFO	gin_web/2021_5_12_zap_定制_logger.go:87	test logger ...
2021-05-12T23:34:29.783+0800	INFO	gin_web/2021_5_12_zap_定制_logger.go:87	test logger ...
2021-05-12T23:34:29.783+0800	INFO	gin_web/2021_5_12_zap_定制_logger.go:87	test logger ...
2021-05-12T23:34:29.783+0800	INFO	gin_web/2021_5_12_zap_定制_logger.go:87	test logger ...
2021-05-12T23:34:29.783+0800	INFO	gin_web/2021_5_12_zap_定制_logger.go:87	test logger ...
2021-05-12T23:34:29.783+0800	INFO	gin_web/2021_5_12_zap_定制_logger.go:87	test logger ...
2021-05-12T23:34:29.783+0800	INFO	gin_web/2021_5_12_zap_定制_logger.go:87	test logger ...
2021-05-12T23:34:29.783+0800	INFO	gin_web/2021_5_12_zap_定制_logger.go:87	test logger ...
2021-05-12T23:34:29.783+0800	INFO	gin_web/2021_5_12_zap_定制_logger.go:87	test logger ...
2021-05-12T23:34:29.783+0800	INFO	gin_web/2021_5_12_zap_定制_logger.go:87	test logger ...
2021-05-12T23:34:29.783+0800	INFO	gin_web/2021_5_12_zap_定制_logger.go:87	test logger ...
2021-05-12T23:34:29.783+0800	INFO	gin_web/2021_5_12_zap_定制_logger.go:87	test logger ...
2021-05-12T23:34:29.783+0800	INFO	gin_web/2021_5_12_zap_定制_logger.go:87	test logger ...
2021-05-12T23:34:29.783+0800	INFO	gin_web/2021_5_12_zap_定制_logger.go:87	test logger ...
2021-05-12T23:34:29.783+0800	INFO	gin_web/2021_5_12_zap_定制_logger.go:87	test logger ...
2021-05-12T23:34:29.783+0800	INFO	gin_web/2021_5_12_zap_定制_logger.go:87	test logger ...
2021-05-12T23:34:29.783+0800	INFO	gin_web/2021_5_12_zap_定制_logger.go:87	test logger ...
2021-05-12T23:34:29.783+0800	INFO	gin_web/2021_5_12_zap_定制_logger.go:87	test logger ...
2021-05-12T23:34:29.783+0800	INFO	gin_web/2021_5_12_zap_定制_logger.go:87	test logger ...
2021-05-12T23:34:29.783+0800	INFO	gin_web/2021_5_12_zap_定制_logger.go:87	test logger ...
2021-05-12T23:34:29.783+0800	INFO	gin_web/2021_5_12_zap_定制_logger.go:87	test logger ...
2021-05-12T23:34:29.783+0800	INFO	gin_web/2021_5_12_zap_定制_logger.go:87	test logger ...
2021-05-12T23:34:29.783+0800	INFO	gin_web/2021_5_12_zap_定制_logger.go:87	test logger ...
2021-05-12T23:34:29.783+0800	INFO	gin_web/2021_5_12_zap_定制_logger.go:87	test logger ...
2021-05-12T23:34:29.783+0800	INFO	gin_web/2021_5_12_zap_定制_logger.go:87	test logger ...
2021-05-12T23:34:29.783+0800	INFO	gin_web/2021_5_12_zap_定制_logger.go:87	test logger ...
2021-05-12T23:34:29.783+0800	INFO	gin_web/2021_5_12_zap_定制_logger.go:87	test logger ...
2021-05-12T23:34:29.783+0800	INFO	gin_web/2021_5_12_zap_定制_logger.go:87	test logger ...
2021-05-12T23:34:29.783+0800	INFO	gin_web/2021_5_12_zap_定制_logger.go:87	test logger ...
2021-05-12T23:34:29.783+0800	INFO	gin_web/2021_5_12_zap_定制_logger.go:87	test logger ...
2021-05-12T23:34:29.783+0800	INFO	gin_web/2021_5_12_zap_定制_logger.go:87	test logger ...
2021-05-12T23:34:29.783+0800	INFO	gin_web/2021_5_12_zap_定制_logger.go:87	test logger ...
2021-05-12T23:34:29.783+0800	INFO	gin_web/2021_5_12_zap_定制_logger.go:87	test logger ...
2021-05-12T23:34:29.783+0800	INFO	gin_web/2021_5_12_zap_定制_logger.go:87	test logger ...
2021-05-12T23:34:29.783+0800	INFO	gin_web/2021_5_12_zap_定制_logger.go:87	test logger ...
2021-05-12T23:34:29.783+0800	INFO	gin_web/2021_5_12_zap_定制_logger.go:87	test logger ...
2021-05-12T23:34:29.783+0800	INFO	gin_web/2021_5_12_zap_定制_logger.go:87	test logger ...
2021-05-12T23:34:29.783+0800	INFO	gin_web/2021_5_12_zap_定制_logger.go:87	test logger ...
2021-05-12T23:34:29.783+0800	INFO	gin_web/2021_5_12_zap_定制_logger.go:87	test logger ...
2021-05-12T23:34:29.783+0800	INFO	gin_web/2021_5_12_zap_定制_logger.go:87	test logger ...
2021-05-12T23:34:29.783+0800	INFO	gin_web/2021_5_12_zap_定制_logger.go:87	test logger ...
2021-05-12T23:34:29.783+0800	INFO	gin_web/2021_5_12_zap_定制_logger.go:87	test logger ...
2021-05-12T23:34:29.783+0800	INFO	gin_web/2021_5_12_zap_定制_logger.go:87	test logger ...
2021-05-12T23:34:29.783+0800	INFO	gin_web/2021_5_12_zap_定制_logger.go:87	test logger ...
2021-05-12T23:34:29.783+0800	INFO	gin_web/2021_5_12_zap_定制_logger.go:87	test logger ...
2021-05-12T23:34:29.783+0800	INFO	gin_web/2021_5_12_zap_定制_logger.go:87	test logger ...
2021-05-12T23:34:29.783+0800	INFO	gin_web/2021_5_12_zap_定制_logger.go:87	test logger ...
2021-05-12T23:34:29.783+0800	INFO	gin_web/2021_5_12_zap_定制_logger.go:87	test logger ...
2021-05-12T23:34:29.783+0800	INFO	gin_web/2021_5_12_zap_定制_logger.go:87	test logger ...
2021-05-12T23:34:29.783+0800	INFO	gin_web/2021_5_12_zap_定制_logger.go:87	test logger ...
2021-05-12T23:34:29.783+0800	INFO	gin_web/2021_5_12_zap_定制_logger.go:87	test logger ...
2021-05-12T23:34:29.783+0800	INFO	gin_web/2021_5_12_zap_定制_logger.go:87	test logger ...
2021-05-12T23:34:29.783+0800	INFO	gin_web/2021_5_12_zap_定制_logger.go:87	test logger ...
2021-05-12T23:34:29.783+0800	INFO	gin_web/2021_5_12_zap_定制_logger.go:87	test logger ...
2021-05-12T23:34:29.783+0800	INFO	gin_web/2021_5_12_zap_定制_logger.go:87	test logger ...
2021-05-12T23:34:29.783+0800	INFO	gin_web/2021_5_12_zap_定制_logger.go:87	test logger ...
2021-05-12T23:34:29.783+0800	INFO	gin_web/2021_5_12_zap_定制_logger.go:87	test logger ...
2021-05-12T23:34:29.783+0800	INFO	gin_web/2021_5_12_zap_定制_logger.go:87	test logger ...
2021-05-12T23:34:29.783+0800	INFO	gin_web/2021_5_12_zap_定制_logger.go:87	test logger ...
2021-05-12T23:34:29.783+0800	INFO	gin_web/2021_5_12_zap_定制_logger.go:87	test logger ...
2021-05-12T23:34:29.783+0800	INFO	gin_web/2021_5_12_zap_定制_logger.go:87	test logger ...
2021-05-12T23:34:29.783+0800	INFO	gin_web/2021_5_12_zap_定制_logger.go:87	test logger ...
2021-05-12T23:34:29.783+0800	INFO	gin_web/2021_5_12_zap_定制_logger.go:87	test logger ...
2021-05-12T23:34:29.783+0800	INFO	gin_web/2021_5_12_zap_定制_logger.go:87	test logger ...
2021-05-12T23:34:29.783+0800	INFO	gin_web/2021_5_12_zap_定制_logger.go:87	test logger ...
2021-05-12T23:34:29.783+0800	INFO	gin_web/2021_5_12_zap_定制_logger.go:87	test logger ...
2021-05-12T23:34:29.783+0800	INFO	gin_web/2021_5_12_zap_定制_logger.go:87	test logger ...
2021-05-12T23:34:29.783+0800	INFO	gin_web/2021_5_12_zap_定制_logger.go:87	test logger ...
2021-05-12T23:34:29.783+0800	INFO	gin_web/2021_5_12_zap_定制_logger.go:87	test logger ...
2021-05-12T23:34:29.783+0800	INFO	gin_web/2021_5_12_zap_定制_logger.go:87	test logger ...
2021-05-12T23:34:29.783+0800	INFO	gin_web/2021_5_12_zap_定制_logger.go:87	test logger ...
2021-05-12T23:34:29.783+0800	INFO	gin_web/2021_5_12_zap_定制_logger.go:87	test logger ...
2021-05-12T23:34:29.783+0800	INFO	gin_web/2021_5_12_zap_定制_logger.go:87	test logger ...
2021-05-12T23:34:29.783+0800	INFO	gin_web/2021_5_12_zap_定制_logger.go:87	test logger ...
2021-05-12T23:34:29.783+0800	INFO	gin_web/2021_5_12_zap_定制_logger.go:87	test logger ...
2021-05-12T23:34:29.783+0800	INFO	gin_web/2021_5_12_zap_定制_logger.go:87	test logger ...
2021-05-12T23:34:29.783+0800	INFO	gin_web/2021_5_12_zap_定制_logger.go:87	test logger ...
2021-05-12T23:34:29.784+0800	INFO	gin_web/2021_5_12_zap_定制_logger.go:87	test logger ...
2021-05-12T23:34:29.784+0800	INFO	gin_web/2021_5_12_zap_定制_logger.go:87	test logger ...
2021-05-12T23:34:29.784+0800	INFO	gin_web/2021_5_12_zap_定制_logger.go:87	test logger ...
2021-05-12T23:34:29.784+0800	INFO	gin_web/2021_5_12_zap_定制_logger.go:87	test logger ...
2021-05-12T23:34:29.784+0800	INFO	gin_web/2021_5_12_zap_定制_logger.go:87	test logger ...
2021-05-12T23:34:29.784+0800	INFO	gin_web/2021_5_12_zap_定制_logger.go:87	test logger ...
2021-05-12T23:34:29.784+0800	INFO	gin_web/2021_5_12_zap_定制_logger.go:87	test logger ...
2021-05-12T23:34:29.784+0800	INFO	gin_web/2021_5_12_zap_定制_logger.go:87	test logger ...
2021-05-12T23:34:29.784+0800	INFO	gin_web/2021_5_12_zap_定制_logger.go:87	test logger ...
2021-05-12T23:34:29.784+0800	INFO	gin_web/2021_5_12_zap_定制_logger.go:87	test logger ...
2021-05-12T23:34:29.784+0800	INFO	gin_web/2021_5_12_zap_定制_logger.go:87	test logger ...
2021-05-12T23:34:29.784+0800	INFO	gin_web/2021_5_12_zap_定制_logger.go:87	test logger ...
2021-05-12T23:34:29.784+0800	INFO	gin_web/2021_5_12_zap_定制_logger.go:87	test logger ...
2021-05-12T23:34:29.784+0800	INFO	gin_web/2021_5_12_zap_定制_logger.go:87	test logger ...
2021-05-12T23:34:29.784+0800	INFO	gin_web/2021_5_12_zap_定制_logger.go:87	test logger ...
2021-05-12T23:34:29.784+0800	INFO	gin_web/2021_5_12_zap_定制_logger.go:87	test logger ...
2021-05-12T23:34:29.784+0800	INFO	gin_web/2021_5_12_zap_定制_logger.go:87	test logger ...
2021-05-12T23:34:29.784+0800	INFO	gin_web/2021_5_12_zap_定制_logger.go:87	test logger ...
2021-05-12T23:34:29.784+0800	INFO	gin_web/2021_5_12_zap_定制_logger.go:87	test logger ...
2021-05-12T23:34:29.784+0800	INFO	gin_web/2021_5_12_zap_定制_logger.go:87	test logger ...
2021-05-12T23:34:29.784+0800	INFO	gin_web/2021_5_12_zap_定制_logger.go:87	test logger ...
2021-05-12T23:34:29.784+0800	INFO	gin_web/2021_5_12_zap_定制_logger.go:87	test logger ...
2021-05-12T23:34:29.784+0800	INFO	gin_web/2021_5_12_zap_定制_logger.go:87	test logger ...
2021-05-12T23:34:29.784+0800	INFO	gin_web/2021_5_12_zap_定制_logger.go:87	test logger ...
2021-05-12T23:34:29.784+0800	INFO	gin_web/2021_5_12_zap_定制_logger.go:87	test logger ...
2021-05-12T23:34:29.784+0800	INFO	gin_web/2021_5_12_zap_定制_logger.go:87	test logger ...
2021-05-12T23:34:29.784+0800	INFO	gin_web/2021_5_12_zap_定制_logger.go:87	test logger ...
2021-05-12T23:34:29.784+0800	INFO	gin_web/2021_5_12_zap_定制_logger.go:87	test logger ...
2021-05-12T23:34:29.784+0800	INFO	gin_web/2021_5_12_zap_定制_logger.go:87	test logger ...
2021-05-12T23:34:29.784+0800	INFO	gin_web/2021_5_12_zap_定制_logger.go:87	test logger ...
2021-05-12T23:34:29.784+0800	INFO	gin_web/2021_5_12_zap_定制_logger.go:87	test logger ...
2021-05-12T23:34:29.784+0800	INFO	gin_web/2021_5_12_zap_定制_logger.go:87	test logger ...
2021-05-12T23:34:29.784+0800	INFO	gin_web/2021_5_12_zap_定制_logger.go:87	test logger ...
2021-05-12T23:34:29.784+0800	INFO	gin_web/2021_5_12_zap_定制_logger.go:87	test logger ...
2021-05-12T23:34:29.784+0800	INFO	gin_web/2021_5_12_zap_定制_logger.go:87	test logger ...
2021-05-12T23:34:29.784+0800	INFO	gin_web/2021_5_12_zap_定制_logger.go:87	test logger ...
2021-05-12T23:34:29.784+0800	INFO	gin_web/2021_5_12_zap_定制_logger.go:87	test logger ...
2021-05-12T23:34:29.784+0800	INFO	gin_web/2021_5_12_zap_定制_logger.go:87	test logger ...
2021-05-12T23:34:29.784+0800	INFO	gin_web/2021_5_12_zap_定制_logger.go:87	test logger ...
2021-05-12T23:34:29.784+0800	INFO	gin_web/2021_5_12_zap_定制_logger.go:87	test logger ...
2021-05-12T23:34:29.784+0800	INFO	gin_web/2021_5_12_zap_定制_logger.go:87	test logger ...
2021-05-12T23:34:29.784+0800	INFO	gin_web/2021_5_12_zap_定制_logger.go:87	test logger ...
2021-05-12T23:34:29.784+0800	INFO	gin_web/2021_5_12_zap_定制_logger.go:87	test logger ...
2021-05-12T23:34:29.784+0800	INFO	gin_web/2021_5_12_zap_定制_logger.go:87	test logger ...
2021-05-12T23:34:29.784+0800	INFO	gin_web/2021_5_12_zap_定制_logger.go:87	test logger ...
2021-05-12T23:34:29.784+0800	INFO	gin_web/2021_5_12_zap_定制_logger.go:87	test logger ...
2021-05-12T23:34:29.784+0800	INFO	gin_web/2021_5_12_zap_定制_logger.go:87	test logger ...
2021-05-12T23:34:29.784+0800	INFO	gin_web/2021_5_12_zap_定制_logger.go:87	test logger ...
2021-05-12T23:34:29.784+0800	INFO	gin_web/2021_5_12_zap_定制_logger.go:87	test logger ...
2021-05-12T23:34:29.784+0800	INFO	gin_web/2021_5_12_zap_定制_logger.go:87	test logger ...
2021-05-12T23:34:29.784+0800	INFO	gin_web/2021_5_12_zap_定制_logger.go:87	test logger ...
2021-05-12T23:34:29.784+0800	INFO	gin_web/2021_5_12_zap_定制_logger.go:87	test logger ...
2021-05-12T23:34:29.784+0800	INFO	gin_web/2021_5_12_zap_定制_logger.go:87	test logger ...
2021-05-12T23:34:29.784+0800	INFO	gin_web/2021_5_12_zap_定制_logger.go:87	test logger ...
2021-05-12T23:34:29.784+0800	INFO	gin_web/2021_5_12_zap_定制_logger.go:87	test logger ...
2021-05-12T23:34:29.784+0800	INFO	gin_web/2021_5_12_zap_定制_logger.go:87	test logger ...
2021-05-12T23:34:29.784+0800	INFO	gin_web/2021_5_12_zap_定制_logger.go:87	test logger ...
2021-05-12T23:34:29.784+0800	INFO	gin_web/2021_5_12_zap_定制_logger.go:87	test logger ...
2021-05-12T23:34:29.784+0800	INFO	gin_web/2021_5_12_zap_定制_logger.go:87	test logger ...
2021-05-12T23:34:29.784+0800	INFO	gin_web/2021_5_12_zap_定制_logger.go:87	test logger ...
2021-05-12T23:34:29.784+0800	INFO	gin_web/2021_5_12_zap_定制_logger.go:87	test logger ...
2021-05-12T23:34:29.784+0800	INFO	gin_web/2021_5_12_zap_定制_logger.go:87	test logger ...
2021-05-12T23:34:29.784+0800	INFO	gin_web/2021_5_12_zap_定制_logger.go:87	test logger ...
2021-05-12T23:34:29.784+0800	INFO	gin_web/2021_5_12_zap_定制_logger.go:87	test logger ...
2021-05-12T23:34:29.784+0800	INFO	gin_web/2021_5_12_zap_定制_logger.go:87	test logger ...
2021-05-12T23:34:29.784+0800	INFO	gin_web/2021_5_12_zap_定制_logger.go:87	test logger ...
2021-05-12T23:34:29.784+0800	INFO	gin_web/2021_5_12_zap_定制_logger.go:87	test logger ...
2021-05-12T23:34:29.784+0800	INFO	gin_web/2021_5_12_zap_定制_logger.go:87	test logger ...
2021-05-12T23:34:29.784+0800	INFO	gin_web/2021_5_12_zap_定制_logger.go:87	test logger ...
2021-05-12T23:34:29.784+0800	INFO	gin_web/2021_5_12_zap_定制_logger.go:87	test logger ...
2021-05-12T23:34:29.784+0800	INFO	gin_web/2021_5_12_zap_定制_logger.go:87	test logger ...
2021-05-12T23:34:29.784+0800	INFO	gin_web/2021_5_12_zap_定制_logger.go:87	test logger ...
2021-05-12T23:34:29.784+0800	INFO	gin_web/2021_5_12_zap_定制_logger.go:87	test logger ...
2021-05-12T23:34:29.784+0800	INFO	gin_web/2021_5_12_zap_定制_logger.go:87	test logger ...
2021-05-12T23:34:29.784+0800	INFO	gin_web/2021_5_12_zap_定制_logger.go:87	test logger ...
2021-05-12T23:34:29.784+0800	INFO	gin_web/2021_5_12_zap_定制_logger.go:87	test logger ...
2021-05-12T23:34:29.784+0800	INFO	gin_web/2021_5_12_zap_定制_logger.go:87	test logger ...
2021-05-12T23:34:29.784+0800	INFO	gin_web/2021_5_12_zap_定制_logger.go:87	test logger ...
2021-05-12T23:34:29.784+0800	INFO	gin_web/2021_5_12_zap_定制_logger.go:87	test logger ...
2021-05-12T23:34:29.784+0800	INFO	gin_web/2021_5_12_zap_定制_logger.go:87	test logger ...
2021-05-12T23:34:29.784+0800	INFO	gin_web/2021_5_12_zap_定制_logger.go:87	test logger ...
2021-05-12T23:34:29.784+0800	INFO	gin_web/2021_5_12_zap_定制_logger.go:87	test logger ...
2021-05-12T23:34:29.784+0800	INFO	gin_web/2021_5_12_zap_定制_logger.go:87	test logger ...
2021-05-12T23:34:29.784+0800	INFO	gin_web/2021_5_12_zap_定制_logger.go:87	test logger ...
2021-05-12T23:34:29.784+0800	INFO	gin_web/2021_5_12_zap_定制_logger.go:87	test logger ...
2021-05-12T23:34:29.784+0800	INFO	gin_web/2021_5_12_zap_定制_logger.go:87	test logger ...
2021-05-12T23:34:29.784+0800	INFO	gin_web/2021_5_12_zap_定制_logger.go:87	test logger ...
2021-05-12T23:34:29.784+0800	INFO	gin_web/2021_5_12_zap_定制_logger.go:87	test logger ...
2021-05-12T23:34:29.784+0800	INFO	gin_web/2021_5_12_zap_定制_logger.go:87	test logger ...
2021-05-12T23:34:29.784+0800	INFO	gin_web/2021_5_12_zap_定制_logger.go:87	test logger ...
2021-05-12T23:34:29.784+0800	INFO	gin_web/2021_5_12_zap_定制_logger.go:87	test logger ...
2021-05-12T23:34:29.784+0800	INFO	gin_web/2021_5_12_zap_定制_logger.go:87	test logger ...
2021-05-12T23:34:29.784+0800	INFO	gin_web/2021_5_12_zap_定制_logger.go:87	test logger ...
2021-05-12T23:34:29.784+0800	INFO	gin_web/2021_5_12_zap_定制_logger.go:87	test logger ...
2021-05-12T23:34:29.784+0800	INFO	gin_web/2021_5_12_zap_定制_logger.go:87	test logger ...
2021-05-12T23:34:29.784+0800	INFO	gin_web/2021_5_12_zap_定制_logger.go:87	test logger ...
2021-05-12T23:34:29.784+0800	INFO	gin_web/2021_5_12_zap_定制_logger.go:87	test logger ...
2021-05-12T23:34:29.784+0800	INFO	gin_web/2021_5_12_zap_定制_logger.go:87	test logger ...
2021-05-12T23:34:29.784+0800	INFO	gin_web/2021_5_12_zap_定制_logger.go:87	test logger ...
2021-05-12T23:34:29.784+0800	INFO	gin_web/2021_5_12_zap_定制_logger.go:87	test logger ...
2021-05-12T23:34:29.784+0800	INFO	gin_web/2021_5_12_zap_定制_logger.go:87	test logger ...
2021-05-12T23:34:29.784+0800	INFO	gin_web/2021_5_12_zap_定制_logger.go:87	test logger ...
2021-05-12T23:34:29.784+0800	INFO	gin_web/2021_5_12_zap_定制_logger.go:87	test logger ...
2021-05-12T23:34:29.784+0800	INFO	gin_web/2021_5_12_zap_定制_logger.go:87	test logger ...
2021-05-12T23:34:29.784+0800	INFO	gin_web/2021_5_12_zap_定制_logger.go:87	test logger ...
2021-05-12T23:34:29.784+0800	INFO	gin_web/2021_5_12_zap_定制_logger.go:87	test logger ...
2021-05-12T23:34:29.785+0800	INFO	gin_web/2021_5_12_zap_定制_logger.go:87	test logger ...
2021-05-12T23:34:29.785+0800	INFO	gin_web/2021_5_12_zap_定制_logger.go:87	test logger ...
2021-05-12T23:34:29.785+0800	INFO	gin_web/2021_5_12_zap_定制_logger.go:87	test logger ...
2021-05-12T23:34:29.785+0800	INFO	gin_web/2021_5_12_zap_定制_logger.go:87	test logger ...
2021-05-12T23:34:29.785+0800	INFO	gin_web/2021_5_12_zap_定制_logger.go:87	test logger ...
2021-05-12T23:34:29.785+0800	INFO	gin_web/2021_5_12_zap_定制_logger.go:87	test logger ...
2021-05-12T23:34:29.785+0800	INFO	gin_web/2021_5_12_zap_定制_logger.go:87	test logger ...
2021-05-12T23:34:29.785+0800	INFO	gin_web/2021_5_12_zap_定制_logger.go:87	test logger ...
2021-05-12T23:34:29.785+0800	INFO	gin_web/2021_5_12_zap_定制_logger.go:87	test logger ...
2021-05-12T23:34:29.785+0800	INFO	gin_web/2021_5_12_zap_定制_logger.go:87	test logger ...
2021-05-12T23:34:29.785+0800	INFO	gin_web/2021_5_12_zap_定制_logger.go:87	test logger ...
2021-05-12T23:34:29.785+0800	INFO	gin_web/2021_5_12_zap_定制_logger.go:87	test logger ...
2021-05-12T23:34:29.785+0800	INFO	gin_web/2021_5_12_zap_定制_logger.go:87	test logger ...
2021-05-12T23:34:29.785+0800	INFO	gin_web/2021_5_12_zap_定制_logger.go:87	test logger ...
2021-05-12T23:34:29.785+0800	INFO	gin_web/2021_5_12_zap_定制_logger.go:87	test logger ...
2021-05-12T23:34:29.785+0800	INFO	gin_web/2021_5_12_zap_定制_logger.go:87	test logger ...
2021-05-12T23:34:29.785+0800	INFO	gin_web/2021_5_12_zap_定制_logger.go:87	test logger ...
2021-05-12T23:34:29.785+0800	INFO	gin_web/2021_5_12_zap_定制_logger.go:87	test logger ...
2021-05-12T23:34:29.785+0800	INFO	gin_web/2021_5_12_zap_定制_logger.go:87	test logger ...
2021-05-12T23:34:29.785+0800	INFO	gin_web/2021_5_12_zap_定制_logger.go:87	test logger ...
2021-05-12T23:34:29.785+0800	INFO	gin_web/2021_5_12_zap_定制_logger.go:87	test logger ...
2021-05-12T23:34:29.785+0800	INFO	gin_web/2021_5_12_zap_定制_logger.go:87	test logger ...
2021-05-12T23:34:29.785+0800	INFO	gin_web/2021_5_12_zap_定制_logger.go:87	test logger ...
2021-05-12T23:34:29.785+0800	INFO	gin_web/2021_5_12_zap_定制_logger.go:87	test logger ...
2021-05-12T23:34:29.785+0800	INFO	gin_web/2021_5_12_zap_定制_logger.go:87	test logger ...
2021-05-12T23:34:29.785+0800	INFO	gin_web/2021_5_12_zap_定制_logger.go:87	test logger ...
2021-05-12T23:34:29.785+0800	INFO	gin_web/2021_5_12_zap_定制_logger.go:87	test logger ...
2021-05-12T23:34:29.785+0800	INFO	gin_web/2021_5_12_zap_定制_logger.go:87	test logger ...
2021-05-12T23:34:29.785+0800	INFO	gin_web/2021_5_12_zap_定制_logger.go:87	test logger ...
2021-05-12T23:34:29.785+0800	INFO	gin_web/2021_5_12_zap_定制_logger.go:87	test logger ...
2021-05-12T23:34:29.785+0800	INFO	gin_web/2021_5_12_zap_定制_logger.go:87	test logger ...
2021-05-12T23:34:29.785+0800	INFO	gin_web/2021_5_12_zap_定制_logger.go:87	test logger ...
2021-05-12T23:34:29.785+0800	INFO	gin_web/2021_5_12_zap_定制_logger.go:87	test logger ...
2021-05-12T23:34:29.785+0800	INFO	gin_web/2021_5_12_zap_定制_logger.go:87	test logger ...
2021-05-12T23:34:29.785+0800	INFO	gin_web/2021_5_12_zap_定制_logger.go:87	test logger ...
2021-05-12T23:34:29.785+0800	INFO	gin_web/2021_5_12_zap_定制_logger.go:87	test logger ...
2021-05-12T23:34:29.785+0800	INFO	gin_web/2021_5_12_zap_定制_logger.go:87	test logger ...
2021-05-12T23:34:29.785+0800	INFO	gin_web/2021_5_12_zap_定制_logger.go:87	test logger ...
2021-05-12T23:34:29.785+0800	INFO	gin_web/2021_5_12_zap_定制_logger.go:87	test logger ...
2021-05-12T23:34:29.785+0800	INFO	gin_web/2021_5_12_zap_定制_logger.go:87	test logger ...
2021-05-12T23:34:29.785+0800	INFO	gin_web/2021_5_12_zap_定制_logger.go:87	test logger ...
2021-05-12T23:34:29.785+0800	INFO	gin_web/2021_5_12_zap_定制_logger.go:87	test logger ...
2021-05-12T23:34:29.785+0800	INFO	gin_web/2021_5_12_zap_定制_logger.go:87	test logger ...
2021-05-12T23:34:29.785+0800	INFO	gin_web/2021_5_12_zap_定制_logger.go:87	test logger ...
2021-05-12T23:34:29.785+0800	INFO	gin_web/2021_5_12_zap_定制_logger.go:87	test logger ...
2021-05-12T23:34:29.785+0800	INFO	gin_web/2021_5_12_zap_定制_logger.go:87	test logger ...
2021-05-12T23:34:29.785+0800	INFO	gin_web/2021_5_12_zap_定制_logger.go:87	test logger ...
2021-05-12T23:34:29.785+0800	INFO	gin_web/2021_5_12_zap_定制_logger.go:87	test logger ...
2021-05-12T23:34:29.785+0800	INFO	gin_web/2021_5_12_zap_定制_logger.go:87	test logger ...
2021-05-12T23:34:29.785+0800	INFO	gin_web/2021_5_12_zap_定制_logger.go:87	test logger ...
2021-05-12T23:34:29.785+0800	INFO	gin_web/2021_5_12_zap_定制_logger.go:87	test logger ...
2021-05-12T23:34:29.785+0800	INFO	gin_web/2021_5_12_zap_定制_logger.go:87	test logger ...
2021-05-12T23:34:29.785+0800	INFO	gin_web/2021_5_12_zap_定制_logger.go:87	test logger ...
2021-05-12T23:34:29.785+0800	INFO	gin_web/2021_5_12_zap_定制_logger.go:87	test logger ...
2021-05-12T23:34:29.785+0800	INFO	gin_web/2021_5_12_zap_定制_logger.go:87	test logger ...
2021-05-12T23:34:29.785+0800	INFO	gin_web/2021_5_12_zap_定制_logger.go:87	test logger ...
2021-05-12T23:34:29.785+0800	INFO	gin_web/2021_5_12_zap_定制_logger.go:87	test logger ...
2021-05-12T23:34:29.785+0800	INFO	gin_web/2021_5_12_zap_定制_logger.go:87	test logger ...
2021-05-12T23:34:29.785+0800	INFO	gin_web/2021_5_12_zap_定制_logger.go:87	test logger ...
2021-05-12T23:34:29.785+0800	INFO	gin_web/2021_5_12_zap_定制_logger.go:87	test logger ...
2021-05-12T23:34:29.785+0800	INFO	gin_web/2021_5_12_zap_定制_logger.go:87	test logger ...
2021-05-12T23:34:29.785+0800	INFO	gin_web/2021_5_12_zap_定制_logger.go:87	test logger ...
2021-05-12T23:34:29.785+0800	INFO	gin_web/2021_5_12_zap_定制_logger.go:87	test logger ...
2021-05-12T23:34:29.785+0800	INFO	gin_web/2021_5_12_zap_定制_logger.go:87	test logger ...
2021-05-12T23:34:29.785+0800	INFO	gin_web/2021_5_12_zap_定制_logger.go:87	test logger ...
2021-05-12T23:34:29.785+0800	INFO	gin_web/2021_5_12_zap_定制_logger.go:87	test logger ...
2021-05-12T23:34:29.785+0800	INFO	gin_web/2021_5_12_zap_定制_logger.go:87	test logger ...
2021-05-12T23:34:29.785+0800	INFO	gin_web/2021_5_12_zap_定制_logger.go:87	test logger ...
2021-05-12T23:34:29.785+0800	INFO	gin_web/2021_5_12_zap_定制_logger.go:87	test logger ...
2021-05-12T23:34:29.785+0800	INFO	gin_web/2021_5_12_zap_定制_logger.go:87	test logger ...
2021-05-12T23:34:29.785+0800	INFO	gin_web/2021_5_12_zap_定制_logger.go:87	test logger ...
2021-05-12T23:34:29.785+0800	INFO	gin_web/2021_5_12_zap_定制_logger.go:87	test logger ...
2021-05-12T23:34:29.785+0800	INFO	gin_web/2021_5_12_zap_定制_logger.go:87	test logger ...
2021-05-12T23:34:29.785+0800	INFO	gin_web/2021_5_12_zap_定制_logger.go:87	test logger ...
2021-05-12T23:34:29.785+0800	INFO	gin_web/2021_5_12_zap_定制_logger.go:87	test logger ...
2021-05-12T23:34:29.785+0800	INFO	gin_web/2021_5_12_zap_定制_logger.go:87	test logger ...
2021-05-12T23:34:29.785+0800	INFO	gin_web/2021_5_12_zap_定制_logger.go:87	test logger ...
2021-05-12T23:34:29.785+0800	INFO	gin_web/2021_5_12_zap_定制_logger.go:87	test logger ...
2021-05-12T23:34:29.785+0800	INFO	gin_web/2021_5_12_zap_定制_logger.go:87	test logger ...
2021-05-12T23:34:29.785+0800	INFO	gin_web/2021_5_12_zap_定制_logger.go:87	test logger ...
2021-05-12T23:34:29.785+0800	INFO	gin_web/2021_5_12_zap_定制_logger.go:87	test logger ...
2021-05-12T23:34:29.785+0800	INFO	gin_web/2021_5_12_zap_定制_logger.go:87	test logger ...
2021-05-12T23:34:29.785+0800	INFO	gin_web/2021_5_12_zap_定制_logger.go:87	test logger ...
2021-05-12T23:34:29.785+0800	INFO	gin_web/2021_5_12_zap_定制_logger.go:87	test logger ...
2021-05-12T23:34:29.785+0800	INFO	gin_web/2021_5_12_zap_定制_logger.go:87	test logger ...
2021-05-12T23:34:29.785+0800	INFO	gin_web/2021_5_12_zap_定制_logger.go:87	test logger ...
2021-05-12T23:34:29.785+0800	INFO	gin_web/2021_5_12_zap_定制_logger.go:87	test logger ...
2021-05-12T23:34:29.785+0800	INFO	gin_web/2021_5_12_zap_定制_logger.go:87	test logger ...
2021-05-12T23:34:29.785+0800	INFO	gin_web/2021_5_12_zap_定制_logger.go:87	test logger ...
2021-05-12T23:34:29.785+0800	INFO	gin_web/2021_5_12_zap_定制_logger.go:87	test logger ...
2021-05-12T23:34:29.785+0800	INFO	gin_web/2021_5_12_zap_定制_logger.go:87	test logger ...
2021-05-12T23:34:29.785+0800	INFO	gin_web/2021_5_12_zap_定制_logger.go:87	test logger ...
2021-05-12T23:34:29.785+0800	INFO	gin_web/2021_5_12_zap_定制_logger.go:87	test logger ...
2021-05-12T23:34:29.785+0800	INFO	gin_web/2021_5_12_zap_定制_logger.go:87	test logger ...
2021-05-12T23:34:29.785+0800	INFO	gin_web/2021_5_12_zap_定制_logger.go:87	test logger ...
2021-05-12T23:34:29.785+0800	INFO	gin_web/2021_5_12_zap_定制_logger.go:87	test logger ...
2021-05-12T23:34:29.785+0800	INFO	gin_web/2021_5_12_zap_定制_logger.go:87	test logger ...
2021-05-12T23:34:29.785+0800	INFO	gin_web/2021_5_12_zap_定制_logger.go:87	test logger ...
2021-05-12T23:34:29.785+0800	INFO	gin_web/2021_5_12_zap_定制_logger.go:87	test logger ...
2021-05-12T23:34:29.785+0800	INFO	gin_web/2021_5_12_zap_定制_logger.go:87	test logger ...
2021-05-12T23:34:29.785+0800	INFO	gin_web/2021_5_12_zap_定制_logger.go:87	test logger ...
2021-05-12T23:34:29.785+0800	INFO	gin_web/2021_5_12_zap_定制_logger.go:87	test logger ...
2021-05-12T23:34:29.785+0800	INFO	gin_web/2021_5_12_zap_定制_logger.go:87	test logger ...
2021-05-12T23:34:29.785+0800	INFO	gin_web/2021_5_12_zap_定制_logger.go:87	test logger ...
2021-05-12T23:34:29.785+0800	INFO	gin_web/2021_5_12_zap_定制_logger.go:87	test logger ...
2021-05-12T23:34:29.785+0800	INFO	gin_web/2021_5_12_zap_定制_logger.go:87	test logger ...
2021-05-12T23:34:29.785+0800	INFO	gin_web/2021_5_12_zap_定制_logger.go:87	test logger ...
2021-05-12T23:34:29.785+0800	INFO	gin_web/2021_5_12_zap_定制_logger.go:87	test logger ...
2021-05-12T23:34:29.785+0800	INFO	gin_web/2021_5_12_zap_定制_logger.go:87	test logger ...
2021-05-12T23:34:29.786+0800	INFO	gin_web/2021_5_12_zap_定制_logger.go:87	test logger ...
2021-05-12T23:34:29.786+0800	INFO	gin_web/2021_5_12_zap_定制_logger.go:87	test logger ...
2021-05-12T23:34:29.786+0800	INFO	gin_web/2021_5_12_zap_定制_logger.go:87	test logger ...
2021-05-12T23:34:29.786+0800	INFO	gin_web/2021_5_12_zap_定制_logger.go:87	test logger ...
2021-05-12T23:34:29.786+0800	INFO	gin_web/2021_5_12_zap_定制_logger.go:87	test logger ...
2021-05-12T23:34:29.786+0800	INFO	gin_web/2021_5_12_zap_定制_logger.go:87	test logger ...
2021-05-12T23:34:29.786+0800	INFO	gin_web/2021_5_12_zap_定制_logger.go:87	test logger ...
2021-05-12T23:34:29.786+0800	INFO	gin_web/2021_5_12_zap_定制_logger.go:87	test logger ...
2021-05-12T23:34:29.786+0800	INFO	gin_web/2021_5_12_zap_定制_logger.go:87	test logger ...
2021-05-12T23:34:29.786+0800	INFO	gin_web/2021_5_12_zap_定制_logger.go:87	test logger ...
2021-05-12T23:34:29.786+0800	INFO	gin_web/2021_5_12_zap_定制_logger.go:87	test logger ...
2021-05-12T23:34:29.786+0800	INFO	gin_web/2021_5_12_zap_定制_logger.go:87	test logger ...
2021-05-12T23:34:29.786+0800	INFO	gin_web/2021_5_12_zap_定制_logger.go:87	test logger ...
2021-05-12T23:34:29.786+0800	INFO	gin_web/2021_5_12_zap_定制_logger.go:87	test logger ...
2021-05-12T23:34:29.786+0800	INFO	gin_web/2021_5_12_zap_定制_logger.go:87	test logger ...
2021-05-12T23:34:29.786+0800	INFO	gin_web/2021_5_12_zap_定制_logger.go:87	test logger ...
2021-05-12T23:34:29.786+0800	INFO	gin_web/2021_5_12_zap_定制_logger.go:87	test logger ...
2021-05-12T23:34:29.786+0800	INFO	gin_web/2021_5_12_zap_定制_logger.go:87	test logger ...
2021-05-12T23:34:29.786+0800	INFO	gin_web/2021_5_12_zap_定制_logger.go:87	test logger ...
2021-05-12T23:34:29.786+0800	INFO	gin_web/2021_5_12_zap_定制_logger.go:87	test logger ...
2021-05-12T23:34:29.786+0800	INFO	gin_web/2021_5_12_zap_定制_logger.go:87	test logger ...
2021-05-12T23:34:29.786+0800	INFO	gin_web/2021_5_12_zap_定制_logger.go:87	test logger ...
2021-05-12T23:34:29.786+0800	INFO	gin_web/2021_5_12_zap_定制_logger.go:87	test logger ...
2021-05-12T23:34:29.786+0800	INFO	gin_web/2021_5_12_zap_定制_logger.go:87	test logger ...
2021-05-12T23:34:29.786+0800	INFO	gin_web/2021_5_12_zap_定制_logger.go:87	test logger ...
2021-05-12T23:34:29.786+0800	INFO	gin_web/2021_5_12_zap_定制_logger.go:87	test logger ...
2021-05-12T23:34:29.786+0800	INFO	gin_web/2021_5_12_zap_定制_logger.go:87	test logger ...
2021-05-12T23:34:29.786+0800	INFO	gin_web/2021_5_12_zap_定制_logger.go:87	test logger ...
2021-05-12T23:34:29.786+0800	INFO	gin_web/2021_5_12_zap_定制_logger.go:87	test logger ...
2021-05-12T23:34:29.786+0800	INFO	gin_web/2021_5_12_zap_定制_logger.go:87	test logger ...
2021-05-12T23:34:29.786+0800	INFO	gin_web/2021_5_12_zap_定制_logger.go:87	test logger ...
2021-05-12T23:34:29.786+0800	INFO	gin_web/2021_5_12_zap_定制_logger.go:87	test logger ...
2021-05-12T23:34:29.786+0800	INFO	gin_web/2021_5_12_zap_定制_logger.go:87	test logger ...
2021-05-12T23:34:29.786+0800	INFO	gin_web/2021_5_12_zap_定制_logger.go:87	test logger ...
2021-05-12T23:34:29.786+0800	INFO	gin_web/2021_5_12_zap_定制_logger.go:87	test logger ...
2021-05-12T23:34:29.786+0800	INFO	gin_web/2021_5_12_zap_定制_logger.go:87	test logger ...
2021-05-12T23:34:29.786+0800	INFO	gin_web/2021_5_12_zap_定制_logger.go:87	test logger ...
2021-05-12T23:34:29.786+0800	INFO	gin_web/2021_5_12_zap_定制_logger.go:87	test logger ...
2021-05-12T23:34:29.786+0800	INFO	gin_web/2021_5_12_zap_定制_logger.go:87	test logger ...
2021-05-12T23:34:29.786+0800	INFO	gin_web/2021_5_12_zap_定制_logger.go:87	test logger ...
2021-05-12T23:34:29.786+0800	INFO	gin_web/2021_5_12_zap_定制_logger.go:87	test logger ...
2021-05-12T23:34:29.786+0800	INFO	gin_web/2021_5_12_zap_定制_logger.go:87	test logger ...
2021-05-12T23:34:29.786+0800	INFO	gin_web/2021_5_12_zap_定制_logger.go:87	test logger ...
2021-05-12T23:34:29.786+0800	INFO	gin_web/2021_5_12_zap_定制_logger.go:87	test logger ...
2021-05-12T23:34:29.786+0800	INFO	gin_web/2021_5_12_zap_定制_logger.go:87	test logger ...
2021-05-12T23:34:29.786+0800	INFO	gin_web/2021_5_12_zap_定制_logger.go:87	test logger ...
2021-05-12T23:34:29.786+0800	INFO	gin_web/2021_5_12_zap_定制_logger.go:87	test logger ...
2021-05-12T23:34:29.786+0800	INFO	gin_web/2021_5_12_zap_定制_logger.go:87	test logger ...
2021-05-12T23:34:29.786+0800	INFO	gin_web/2021_5_12_zap_定制_logger.go:87	test logger ...
2021-05-12T23:34:29.786+0800	INFO	gin_web/2021_5_12_zap_定制_logger.go:87	test logger ...
2021-05-12T23:34:29.786+0800	INFO	gin_web/2021_5_12_zap_定制_logger.go:87	test logger ...
2021-05-12T23:34:29.786+0800	INFO	gin_web/2021_5_12_zap_定制_logger.go:87	test logger ...
2021-05-12T23:34:29.786+0800	INFO	gin_web/2021_5_12_zap_定制_logger.go:87	test logger ...
2021-05-12T23:34:29.786+0800	INFO	gin_web/2021_5_12_zap_定制_logger.go:87	test logger ...
2021-05-12T23:34:29.786+0800	INFO	gin_web/2021_5_12_zap_定制_logger.go:87	test logger ...
2021-05-12T23:34:29.786+0800	INFO	gin_web/2021_5_12_zap_定制_logger.go:87	test logger ...
2021-05-12T23:34:29.786+0800	INFO	gin_web/2021_5_12_zap_定制_logger.go:87	test logger ...
2021-05-12T23:34:29.787+0800	INFO	gin_web/2021_5_12_zap_定制_logger.go:87	test logger ...
2021-05-12T23:34:29.787+0800	INFO	gin_web/2021_5_12_zap_定制_logger.go:87	test logger ...
2021-05-12T23:34:29.787+0800	INFO	gin_web/2021_5_12_zap_定制_logger.go:87	test logger ...
2021-05-12T23:34:29.787+0800	INFO	gin_web/2021_5_12_zap_定制_logger.go:87	test logger ...
2021-05-12T23:34:29.787+0800	INFO	gin_web/2021_5_12_zap_定制_logger.go:87	test logger ...
2021-05-12T23:34:29.787+0800	INFO	gin_web/2021_5_12_zap_定制_logger.go:87	test logger ...
2021-05-12T23:34:29.787+0800	INFO	gin_web/2021_5_12_zap_定制_logger.go:87	test logger ...
2021-05-12T23:34:29.787+0800	INFO	gin_web/2021_5_12_zap_定制_logger.go:87	test logger ...
2021-05-12T23:34:29.787+0800	INFO	gin_web/2021_5_12_zap_定制_logger.go:87	test logger ...
2021-05-12T23:34:29.787+0800	INFO	gin_web/2021_5_12_zap_定制_logger.go:87	test logger ...
2021-05-12T23:34:29.787+0800	INFO	gin_web/2021_5_12_zap_定制_logger.go:87	test logger ...
2021-05-12T23:34:29.787+0800	INFO	gin_web/2021_5_12_zap_定制_logger.go:87	test logger ...
2021-05-12T23:34:29.787+0800	INFO	gin_web/2021_5_12_zap_定制_logger.go:87	test logger ...
2021-05-12T23:34:29.787+0800	INFO	gin_web/2021_5_12_zap_定制_logger.go:87	test logger ...
2021-05-12T23:34:29.787+0800	INFO	gin_web/2021_5_12_zap_定制_logger.go:87	test logger ...
2021-05-12T23:34:29.787+0800	INFO	gin_web/2021_5_12_zap_定制_logger.go:87	test logger ...
2021-05-12T23:34:29.787+0800	INFO	gin_web/2021_5_12_zap_定制_logger.go:87	test logger ...
2021-05-12T23:34:29.787+0800	INFO	gin_web/2021_5_12_zap_定制_logger.go:87	test logger ...
2021-05-12T23:34:29.787+0800	INFO	gin_web/2021_5_12_zap_定制_logger.go:87	test logger ...
2021-05-12T23:34:29.787+0800	INFO	gin_web/2021_5_12_zap_定制_logger.go:87	test logger ...
2021-05-12T23:34:29.787+0800	INFO	gin_web/2021_5_12_zap_定制_logger.go:87	test logger ...
2021-05-12T23:34:29.787+0800	INFO	gin_web/2021_5_12_zap_定制_logger.go:87	test logger ...
2021-05-12T23:34:29.787+0800	INFO	gin_web/2021_5_12_zap_定制_logger.go:87	test logger ...
2021-05-12T23:34:29.787+0800	INFO	gin_web/2021_5_12_zap_定制_logger.go:87	test logger ...
2021-05-12T23:34:29.787+0800	INFO	gin_web/2021_5_12_zap_定制_logger.go:87	test logger ...
2021-05-12T23:34:29.787+0800	INFO	gin_web/2021_5_12_zap_定制_logger.go:87	test logger ...
2021-05-12T23:34:29.787+0800	INFO	gin_web/2021_5_12_zap_定制_logger.go:87	test logger ...
2021-05-12T23:34:29.787+0800	INFO	gin_web/2021_5_12_zap_定制_logger.go:87	test logger ...
2021-05-12T23:34:29.787+0800	INFO	gin_web/2021_5_12_zap_定制_logger.go:87	test logger ...
2021-05-12T23:34:29.787+0800	INFO	gin_web/2021_5_12_zap_定制_logger.go:87	test logger ...
2021-05-12T23:34:29.787+0800	INFO	gin_web/2021_5_12_zap_定制_logger.go:87	test logger ...
2021-05-12T23:34:29.787+0800	INFO	gin_web/2021_5_12_zap_定制_logger.go:87	test logger ...
2021-05-12T23:34:29.787+0800	INFO	gin_web/2021_5_12_zap_定制_logger.go:87	test logger ...
2021-05-12T23:34:29.787+0800	INFO	gin_web/2021_5_12_zap_定制_logger.go:87	test logger ...
2021-05-12T23:34:29.787+0800	INFO	gin_web/2021_5_12_zap_定制_logger.go:87	test logger ...
2021-05-12T23:34:29.787+0800	INFO	gin_web/2021_5_12_zap_定制_logger.go:87	test logger ...
2021-05-12T23:34:29.787+0800	INFO	gin_web/2021_5_12_zap_定制_logger.go:87	test logger ...
2021-05-12T23:34:29.787+0800	INFO	gin_web/2021_5_12_zap_定制_logger.go:87	test logger ...
2021-05-12T23:34:29.787+0800	INFO	gin_web/2021_5_12_zap_定制_logger.go:87	test logger ...
2021-05-12T23:34:29.787+0800	INFO	gin_web/2021_5_12_zap_定制_logger.go:87	test logger ...
2021-05-12T23:34:29.787+0800	INFO	gin_web/2021_5_12_zap_定制_logger.go:87	test logger ...
2021-05-12T23:34:29.787+0800	INFO	gin_web/2021_5_12_zap_定制_logger.go:87	test logger ...
2021-05-12T23:34:29.787+0800	INFO	gin_web/2021_5_12_zap_定制_logger.go:87	test logger ...
2021-05-12T23:34:29.787+0800	INFO	gin_web/2021_5_12_zap_定制_logger.go:87	test logger ...
2021-05-12T23:34:29.787+0800	INFO	gin_web/2021_5_12_zap_定制_logger.go:87	test logger ...
2021-05-12T23:34:29.787+0800	INFO	gin_web/2021_5_12_zap_定制_logger.go:87	test logger ...
2021-05-12T23:34:29.787+0800	INFO	gin_web/2021_5_12_zap_定制_logger.go:87	test logger ...
2021-05-12T23:34:29.787+0800	INFO	gin_web/2021_5_12_zap_定制_logger.go:87	test logger ...
2021-05-12T23:34:29.787+0800	INFO	gin_web/2021_5_12_zap_定制_logger.go:87	test logger ...
2021-05-12T23:34:29.787+0800	INFO	gin_web/2021_5_12_zap_定制_logger.go:87	test logger ...
2021-05-12T23:34:29.787+0800	INFO	gin_web/2021_5_12_zap_定制_logger.go:87	test logger ...
2021-05-12T23:34:29.787+0800	INFO	gin_web/2021_5_12_zap_定制_logger.go:87	test logger ...
2021-05-12T23:34:29.787+0800	INFO	gin_web/2021_5_12_zap_定制_logger.go:87	test logger ...
2021-05-12T23:34:29.787+0800	INFO	gin_web/2021_5_12_zap_定制_logger.go:87	test logger ...
2021-05-12T23:34:29.787+0800	INFO	gin_web/2021_5_12_zap_定制_logger.go:87	test logger ...
2021-05-12T23:34:29.787+0800	INFO	gin_web/2021_5_12_zap_定制_logger.go:87	test logger ...
2021-05-12T23:34:29.787+0800	INFO	gin_web/2021_5_12_zap_定制_logger.go:87	test logger ...
2021-05-12T23:34:29.787+0800	INFO	gin_web/2021_5_12_zap_定制_logger.go:87	test logger ...
2021-05-12T23:34:29.787+0800	INFO	gin_web/2021_5_12_zap_定制_logger.go:87	test logger ...
2021-05-12T23:34:29.787+0800	INFO	gin_web/2021_5_12_zap_定制_logger.go:87	test logger ...
2021-05-12T23:34:29.787+0800	INFO	gin_web/2021_5_12_zap_定制_logger.go:87	test logger ...
2021-05-12T23:34:29.787+0800	INFO	gin_web/2021_5_12_zap_定制_logger.go:87	test logger ...
2021-05-12T23:34:29.787+0800	INFO	gin_web/2021_5_12_zap_定制_logger.go:87	test logger ...
2021-05-12T23:34:29.787+0800	INFO	gin_web/2021_5_12_zap_定制_logger.go:87	test logger ...
2021-05-12T23:34:29.787+0800	INFO	gin_web/2021_5_12_zap_定制_logger.go:87	test logger ...
2021-05-12T23:34:29.787+0800	INFO	gin_web/2021_5_12_zap_定制_logger.go:87	test logger ...
2021-05-12T23:34:29.787+0800	INFO	gin_web/2021_5_12_zap_定制_logger.go:87	test logger ...
2021-05-12T23:34:29.787+0800	INFO	gin_web/2021_5_12_zap_定制_logger.go:87	test logger ...
2021-05-12T23:34:29.787+0800	INFO	gin_web/2021_5_12_zap_定制_logger.go:87	test logger ...
2021-05-12T23:34:29.787+0800	INFO	gin_web/2021_5_12_zap_定制_logger.go:87	test logger ...
2021-05-12T23:34:29.787+0800	INFO	gin_web/2021_5_12_zap_定制_logger.go:87	test logger ...
2021-05-12T23:34:29.787+0800	INFO	gin_web/2021_5_12_zap_定制_logger.go:87	test logger ...
2021-05-12T23:34:29.787+0800	INFO	gin_web/2021_5_12_zap_定制_logger.go:87	test logger ...
2021-05-12T23:34:29.787+0800	INFO	gin_web/2021_5_12_zap_定制_logger.go:87	test logger ...
2021-05-12T23:34:29.787+0800	INFO	gin_web/2021_5_12_zap_定制_logger.go:87	test logger ...
2021-05-12T23:34:29.787+0800	INFO	gin_web/2021_5_12_zap_定制_logger.go:87	test logger ...
2021-05-12T23:34:29.787+0800	INFO	gin_web/2021_5_12_zap_定制_logger.go:87	test logger ...
2021-05-12T23:34:29.787+0800	INFO	gin_web/2021_5_12_zap_定制_logger.go:87	test logger ...
2021-05-12T23:34:29.787+0800	INFO	gin_web/2021_5_12_zap_定制_logger.go:87	test logger ...
2021-05-12T23:34:29.787+0800	INFO	gin_web/2021_5_12_zap_定制_logger.go:87	test logger ...
2021-05-12T23:34:29.787+0800	INFO	gin_web/2021_5_12_zap_定制_logger.go:87	test logger ...
2021-05-12T23:34:29.787+0800	INFO	gin_web/2021_5_12_zap_定制_logger.go:87	test logger ...
2021-05-12T23:34:29.787+0800	INFO	gin_web/2021_5_12_zap_定制_logger.go:87	test logger ...
2021-05-12T23:34:29.787+0800	INFO	gin_web/2021_5_12_zap_定制_logger.go:87	test logger ...
2021-05-12T23:34:29.787+0800	INFO	gin_web/2021_5_12_zap_定制_logger.go:87	test logger ...
2021-05-12T23:34:29.787+0800	INFO	gin_web/2021_5_12_zap_定制_logger.go:87	test logger ...
2021-05-12T23:34:29.787+0800	INFO	gin_web/2021_5_12_zap_定制_logger.go:87	test logger ...
2021-05-12T23:34:29.787+0800	INFO	gin_web/2021_5_12_zap_定制_logger.go:87	test logger ...
2021-05-12T23:34:29.787+0800	INFO	gin_web/2021_5_12_zap_定制_logger.go:87	test logger ...
2021-05-12T23:34:29.787+0800	INFO	gin_web/2021_5_12_zap_定制_logger.go:87	test logger ...
2021-05-12T23:34:29.787+0800	INFO	gin_web/2021_5_12_zap_定制_logger.go:87	test logger ...
2021-05-12T23:34:29.787+0800	INFO	gin_web/2021_5_12_zap_定制_logger.go:87	test logger ...
2021-05-12T23:34:29.787+0800	INFO	gin_web/2021_5_12_zap_定制_logger.go:87	test logger ...
2021-05-12T23:34:29.787+0800	INFO	gin_web/2021_5_12_zap_定制_logger.go:87	test logger ...
2021-05-12T23:34:29.787+0800	INFO	gin_web/2021_5_12_zap_定制_logger.go:87	test logger ...
2021-05-12T23:34:29.787+0800	INFO	gin_web/2021_5_12_zap_定制_logger.go:87	test logger ...
2021-05-12T23:34:29.787+0800	INFO	gin_web/2021_5_12_zap_定制_logger.go:87	test logger ...
2021-05-12T23:34:29.787+0800	INFO	gin_web/2021_5_12_zap_定制_logger.go:87	test logger ...
2021-05-12T23:34:29.787+0800	INFO	gin_web/2021_5_12_zap_定制_logger.go:87	test logger ...
2021-05-12T23:34:29.787+0800	INFO	gin_web/2021_5_12_zap_定制_logger.go:87	test logger ...
2021-05-12T23:34:29.787+0800	INFO	gin_web/2021_5_12_zap_定制_logger.go:87	test logger ...
2021-05-12T23:34:29.787+0800	INFO	gin_web/2021_5_12_zap_定制_logger.go:87	test logger ...
2021-05-12T23:34:29.787+0800	INFO	gin_web/2021_5_12_zap_定制_logger.go:87	test logger ...
2021-05-12T23:34:29.787+0800	INFO	gin_web/2021_5_12_zap_定制_logger.go:87	test logger ...
2021-05-12T23:34:29.787+0800	INFO	gin_web/2021_5_12_zap_定制_logger.go:87	test logger ...
2021-05-12T23:34:29.787+0800	INFO	gin_web/2021_5_12_zap_定制_logger.go:87	test logger ...
2021-05-12T23:34:29.787+0800	INFO	gin_web/2021_5_12_zap_定制_logger.go:87	test logger ...
2021-05-12T23:34:29.788+0800	INFO	gin_web/2021_5_12_zap_定制_logger.go:87	test logger ...
2021-05-12T23:34:29.788+0800	INFO	gin_web/2021_5_12_zap_定制_logger.go:87	test logger ...
2021-05-12T23:34:29.788+0800	INFO	gin_web/2021_5_12_zap_定制_logger.go:87	test logger ...
2021-05-12T23:34:29.788+0800	INFO	gin_web/2021_5_12_zap_定制_logger.go:87	test logger ...
2021-05-12T23:34:29.788+0800	INFO	gin_web/2021_5_12_zap_定制_logger.go:87	test logger ...
2021-05-12T23:34:29.788+0800	INFO	gin_web/2021_5_12_zap_定制_logger.go:87	test logger ...
2021-05-12T23:34:29.788+0800	INFO	gin_web/2021_5_12_zap_定制_logger.go:87	test logger ...
2021-05-12T23:34:29.788+0800	INFO	gin_web/2021_5_12_zap_定制_logger.go:87	test logger ...
2021-05-12T23:34:29.788+0800	INFO	gin_web/2021_5_12_zap_定制_logger.go:87	test logger ...
2021-05-12T23:34:29.788+0800	INFO	gin_web/2021_5_12_zap_定制_logger.go:87	test logger ...
2021-05-12T23:34:29.788+0800	INFO	gin_web/2021_5_12_zap_定制_logger.go:87	test logger ...
2021-05-12T23:34:29.788+0800	INFO	gin_web/2021_5_12_zap_定制_logger.go:87	test logger ...
2021-05-12T23:34:29.788+0800	INFO	gin_web/2021_5_12_zap_定制_logger.go:87	test logger ...
2021-05-12T23:34:29.788+0800	INFO	gin_web/2021_5_12_zap_定制_logger.go:87	test logger ...
2021-05-12T23:34:29.788+0800	INFO	gin_web/2021_5_12_zap_定制_logger.go:87	test logger ...
2021-05-12T23:34:29.788+0800	INFO	gin_web/2021_5_12_zap_定制_logger.go:87	test logger ...
2021-05-12T23:34:29.788+0800	INFO	gin_web/2021_5_12_zap_定制_logger.go:87	test logger ...
2021-05-12T23:34:29.788+0800	INFO	gin_web/2021_5_12_zap_定制_logger.go:87	test logger ...
2021-05-12T23:34:29.788+0800	INFO	gin_web/2021_5_12_zap_定制_logger.go:87	test logger ...
2021-05-12T23:34:29.788+0800	INFO	gin_web/2021_5_12_zap_定制_logger.go:87	test logger ...
2021-05-12T23:34:29.788+0800	INFO	gin_web/2021_5_12_zap_定制_logger.go:87	test logger ...
2021-05-12T23:34:29.788+0800	INFO	gin_web/2021_5_12_zap_定制_logger.go:87	test logger ...
2021-05-12T23:34:29.788+0800	INFO	gin_web/2021_5_12_zap_定制_logger.go:87	test logger ...
2021-05-12T23:34:29.788+0800	INFO	gin_web/2021_5_12_zap_定制_logger.go:87	test logger ...
2021-05-12T23:34:29.788+0800	INFO	gin_web/2021_5_12_zap_定制_logger.go:87	test logger ...
2021-05-12T23:34:29.788+0800	INFO	gin_web/2021_5_12_zap_定制_logger.go:87	test logger ...
2021-05-12T23:34:29.788+0800	INFO	gin_web/2021_5_12_zap_定制_logger.go:87	test logger ...
2021-05-12T23:34:29.788+0800	INFO	gin_web/2021_5_12_zap_定制_logger.go:87	test logger ...
2021-05-12T23:34:29.788+0800	INFO	gin_web/2021_5_12_zap_定制_logger.go:87	test logger ...
2021-05-12T23:34:29.788+0800	INFO	gin_web/2021_5_12_zap_定制_logger.go:87	test logger ...
2021-05-12T23:34:29.788+0800	INFO	gin_web/2021_5_12_zap_定制_logger.go:87	test logger ...
2021-05-12T23:34:29.788+0800	INFO	gin_web/2021_5_12_zap_定制_logger.go:87	test logger ...
2021-05-12T23:34:29.788+0800	INFO	gin_web/2021_5_12_zap_定制_logger.go:87	test logger ...
2021-05-12T23:34:29.788+0800	INFO	gin_web/2021_5_12_zap_定制_logger.go:87	test logger ...
2021-05-12T23:34:29.788+0800	INFO	gin_web/2021_5_12_zap_定制_logger.go:87	test logger ...
2021-05-12T23:34:29.788+0800	INFO	gin_web/2021_5_12_zap_定制_logger.go:87	test logger ...
2021-05-12T23:34:29.788+0800	INFO	gin_web/2021_5_12_zap_定制_logger.go:87	test logger ...
2021-05-12T23:34:29.788+0800	INFO	gin_web/2021_5_12_zap_定制_logger.go:87	test logger ...
2021-05-12T23:34:29.788+0800	INFO	gin_web/2021_5_12_zap_定制_logger.go:87	test logger ...
2021-05-12T23:34:29.788+0800	INFO	gin_web/2021_5_12_zap_定制_logger.go:87	test logger ...
2021-05-12T23:34:29.788+0800	INFO	gin_web/2021_5_12_zap_定制_logger.go:87	test logger ...
2021-05-12T23:34:29.788+0800	INFO	gin_web/2021_5_12_zap_定制_logger.go:87	test logger ...
2021-05-12T23:34:29.788+0800	INFO	gin_web/2021_5_12_zap_定制_logger.go:87	test logger ...
2021-05-12T23:34:29.788+0800	INFO	gin_web/2021_5_12_zap_定制_logger.go:87	test logger ...
2021-05-12T23:34:29.788+0800	INFO	gin_web/2021_5_12_zap_定制_logger.go:87	test logger ...
2021-05-12T23:34:29.788+0800	INFO	gin_web/2021_5_12_zap_定制_logger.go:87	test logger ...
2021-05-12T23:34:29.788+0800	INFO	gin_web/2021_5_12_zap_定制_logger.go:87	test logger ...
2021-05-12T23:34:29.788+0800	INFO	gin_web/2021_5_12_zap_定制_logger.go:87	test logger ...
2021-05-12T23:34:29.788+0800	INFO	gin_web/2021_5_12_zap_定制_logger.go:87	test logger ...
2021-05-12T23:34:29.788+0800	INFO	gin_web/2021_5_12_zap_定制_logger.go:87	test logger ...
2021-05-12T23:34:29.788+0800	INFO	gin_web/2021_5_12_zap_定制_logger.go:87	test logger ...
2021-05-12T23:34:29.788+0800	INFO	gin_web/2021_5_12_zap_定制_logger.go:87	test logger ...
2021-05-12T23:34:29.788+0800	INFO	gin_web/2021_5_12_zap_定制_logger.go:87	test logger ...
2021-05-12T23:34:29.788+0800	INFO	gin_web/2021_5_12_zap_定制_logger.go:87	test logger ...
2021-05-12T23:34:29.788+0800	INFO	gin_web/2021_5_12_zap_定制_logger.go:87	test logger ...
2021-05-12T23:34:29.788+0800	INFO	gin_web/2021_5_12_zap_定制_logger.go:87	test logger ...
2021-05-12T23:34:29.788+0800	INFO	gin_web/2021_5_12_zap_定制_logger.go:87	test logger ...
2021-05-12T23:34:29.788+0800	INFO	gin_web/2021_5_12_zap_定制_logger.go:87	test logger ...
2021-05-12T23:34:29.788+0800	INFO	gin_web/2021_5_12_zap_定制_logger.go:87	test logger ...
2021-05-12T23:34:29.788+0800	INFO	gin_web/2021_5_12_zap_定制_logger.go:87	test logger ...
2021-05-12T23:34:29.788+0800	INFO	gin_web/2021_5_12_zap_定制_logger.go:87	test logger ...
2021-05-12T23:34:29.788+0800	INFO	gin_web/2021_5_12_zap_定制_logger.go:87	test logger ...
2021-05-12T23:34:29.788+0800	INFO	gin_web/2021_5_12_zap_定制_logger.go:87	test logger ...
2021-05-12T23:34:29.788+0800	INFO	gin_web/2021_5_12_zap_定制_logger.go:87	test logger ...
2021-05-12T23:34:29.788+0800	INFO	gin_web/2021_5_12_zap_定制_logger.go:87	test logger ...
2021-05-12T23:34:29.788+0800	INFO	gin_web/2021_5_12_zap_定制_logger.go:87	test logger ...
2021-05-12T23:34:29.788+0800	INFO	gin_web/2021_5_12_zap_定制_logger.go:87	test logger ...
2021-05-12T23:34:29.788+0800	INFO	gin_web/2021_5_12_zap_定制_logger.go:87	test logger ...
2021-05-12T23:34:29.788+0800	INFO	gin_web/2021_5_12_zap_定制_logger.go:87	test logger ...
2021-05-12T23:34:29.788+0800	INFO	gin_web/2021_5_12_zap_定制_logger.go:87	test logger ...
2021-05-12T23:34:29.788+0800	INFO	gin_web/2021_5_12_zap_定制_logger.go:87	test logger ...
2021-05-12T23:34:29.788+0800	INFO	gin_web/2021_5_12_zap_定制_logger.go:87	test logger ...
2021-05-12T23:34:29.788+0800	INFO	gin_web/2021_5_12_zap_定制_logger.go:87	test logger ...
2021-05-12T23:34:29.788+0800	INFO	gin_web/2021_5_12_zap_定制_logger.go:87	test logger ...
2021-05-12T23:34:29.788+0800	INFO	gin_web/2021_5_12_zap_定制_logger.go:87	test logger ...
2021-05-12T23:34:29.788+0800	INFO	gin_web/2021_5_12_zap_定制_logger.go:87	test logger ...
2021-05-12T23:34:29.788+0800	INFO	gin_web/2021_5_12_zap_定制_logger.go:87	test logger ...
2021-05-12T23:34:29.788+0800	INFO	gin_web/2021_5_12_zap_定制_logger.go:87	test logger ...
2021-05-12T23:34:29.788+0800	INFO	gin_web/2021_5_12_zap_定制_logger.go:87	test logger ...
2021-05-12T23:34:29.788+0800	INFO	gin_web/2021_5_12_zap_定制_logger.go:87	test logger ...
2021-05-12T23:34:29.788+0800	INFO	gin_web/2021_5_12_zap_定制_logger.go:87	test logger ...
2021-05-12T23:34:29.788+0800	INFO	gin_web/2021_5_12_zap_定制_logger.go:87	test logger ...
2021-05-12T23:34:29.788+0800	INFO	gin_web/2021_5_12_zap_定制_logger.go:87	test logger ...
2021-05-12T23:34:29.788+0800	INFO	gin_web/2021_5_12_zap_定制_logger.go:87	test logger ...
2021-05-12T23:34:29.788+0800	INFO	gin_web/2021_5_12_zap_定制_logger.go:87	test logger ...
2021-05-12T23:34:29.788+0800	INFO	gin_web/2021_5_12_zap_定制_logger.go:87	test logger ...
2021-05-12T23:34:29.788+0800	INFO	gin_web/2021_5_12_zap_定制_logger.go:87	test logger ...
2021-05-12T23:34:29.788+0800	INFO	gin_web/2021_5_12_zap_定制_logger.go:87	test logger ...
2021-05-12T23:34:29.788+0800	INFO	gin_web/2021_5_12_zap_定制_logger.go:87	test logger ...
2021-05-12T23:34:29.788+0800	INFO	gin_web/2021_5_12_zap_定制_logger.go:87	test logger ...
2021-05-12T23:34:29.788+0800	INFO	gin_web/2021_5_12_zap_定制_logger.go:87	test logger ...
2021-05-12T23:34:29.788+0800	INFO	gin_web/2021_5_12_zap_定制_logger.go:87	test logger ...
2021-05-12T23:34:29.788+0800	INFO	gin_web/2021_5_12_zap_定制_logger.go:87	test logger ...
2021-05-12T23:34:29.788+0800	INFO	gin_web/2021_5_12_zap_定制_logger.go:87	test logger ...
2021-05-12T23:34:29.788+0800	INFO	gin_web/2021_5_12_zap_定制_logger.go:87	test logger ...
2021-05-12T23:34:29.788+0800	INFO	gin_web/2021_5_12_zap_定制_logger.go:87	test logger ...
2021-05-12T23:34:29.788+0800	INFO	gin_web/2021_5_12_zap_定制_logger.go:87	test logger ...
2021-05-12T23:34:29.788+0800	INFO	gin_web/2021_5_12_zap_定制_logger.go:87	test logger ...
2021-05-12T23:34:29.788+0800	INFO	gin_web/2021_5_12_zap_定制_logger.go:87	test logger ...
2021-05-12T23:34:29.788+0800	INFO	gin_web/2021_5_12_zap_定制_logger.go:87	test logger ...
2021-05-12T23:34:29.788+0800	INFO	gin_web/2021_5_12_zap_定制_logger.go:87	test logger ...
2021-05-12T23:34:29.788+0800	INFO	gin_web/2021_5_12_zap_定制_logger.go:87	test logger ...
2021-05-12T23:34:29.788+0800	INFO	gin_web/2021_5_12_zap_定制_logger.go:87	test logger ...
2021-05-12T23:34:29.788+0800	INFO	gin_web/2021_5_12_zap_定制_logger.go:87	test logger ...
2021-05-12T23:34:29.788+0800	INFO	gin_web/2021_5_12_zap_定制_logger.go:87	test logger ...
2021-05-12T23:34:29.788+0800	INFO	gin_web/2021_5_12_zap_定制_logger.go:87	test logger ...
2021-05-12T23:34:29.788+0800	INFO	gin_web/2021_5_12_zap_定制_logger.go:87	test logger ...
2021-05-12T23:34:29.788+0800	INFO	gin_web/2021_5_12_zap_定制_logger.go:87	test logger ...
2021-05-12T23:34:29.789+0800	INFO	gin_web/2021_5_12_zap_定制_logger.go:87	test logger ...
2021-05-12T23:34:29.789+0800	INFO	gin_web/2021_5_12_zap_定制_logger.go:87	test logger ...
2021-05-12T23:34:29.789+0800	INFO	gin_web/2021_5_12_zap_定制_logger.go:87	test logger ...
2021-05-12T23:34:29.789+0800	INFO	gin_web/2021_5_12_zap_定制_logger.go:87	test logger ...
2021-05-12T23:34:29.789+0800	INFO	gin_web/2021_5_12_zap_定制_logger.go:87	test logger ...
2021-05-12T23:34:29.789+0800	INFO	gin_web/2021_5_12_zap_定制_logger.go:87	test logger ...
2021-05-12T23:34:29.789+0800	INFO	gin_web/2021_5_12_zap_定制_logger.go:87	test logger ...
2021-05-12T23:34:29.789+0800	INFO	gin_web/2021_5_12_zap_定制_logger.go:87	test logger ...
2021-05-12T23:34:29.789+0800	INFO	gin_web/2021_5_12_zap_定制_logger.go:87	test logger ...
2021-05-12T23:34:29.789+0800	INFO	gin_web/2021_5_12_zap_定制_logger.go:87	test logger ...
2021-05-12T23:34:29.789+0800	INFO	gin_web/2021_5_12_zap_定制_logger.go:87	test logger ...
2021-05-12T23:34:29.789+0800	INFO	gin_web/2021_5_12_zap_定制_logger.go:87	test logger ...
2021-05-12T23:34:29.789+0800	INFO	gin_web/2021_5_12_zap_定制_logger.go:87	test logger ...
2021-05-12T23:34:29.789+0800	INFO	gin_web/2021_5_12_zap_定制_logger.go:87	test logger ...
2021-05-12T23:34:29.789+0800	INFO	gin_web/2021_5_12_zap_定制_logger.go:87	test logger ...
2021-05-12T23:34:29.789+0800	INFO	gin_web/2021_5_12_zap_定制_logger.go:87	test logger ...
2021-05-12T23:34:29.789+0800	INFO	gin_web/2021_5_12_zap_定制_logger.go:87	test logger ...
2021-05-12T23:34:29.789+0800	INFO	gin_web/2021_5_12_zap_定制_logger.go:87	test logger ...
2021-05-12T23:34:29.789+0800	INFO	gin_web/2021_5_12_zap_定制_logger.go:87	test logger ...
2021-05-12T23:34:29.789+0800	INFO	gin_web/2021_5_12_zap_定制_logger.go:87	test logger ...
2021-05-12T23:34:29.789+0800	INFO	gin_web/2021_5_12_zap_定制_logger.go:87	test logger ...
2021-05-12T23:34:29.789+0800	INFO	gin_web/2021_5_12_zap_定制_logger.go:87	test logger ...
2021-05-12T23:34:29.789+0800	INFO	gin_web/2021_5_12_zap_定制_logger.go:87	test logger ...
2021-05-12T23:34:29.789+0800	INFO	gin_web/2021_5_12_zap_定制_logger.go:87	test logger ...
2021-05-12T23:34:29.789+0800	INFO	gin_web/2021_5_12_zap_定制_logger.go:87	test logger ...
2021-05-12T23:34:29.789+0800	INFO	gin_web/2021_5_12_zap_定制_logger.go:87	test logger ...
2021-05-12T23:34:29.789+0800	INFO	gin_web/2021_5_12_zap_定制_logger.go:87	test logger ...
2021-05-12T23:34:29.789+0800	INFO	gin_web/2021_5_12_zap_定制_logger.go:87	test logger ...
2021-05-12T23:34:29.789+0800	INFO	gin_web/2021_5_12_zap_定制_logger.go:87	test logger ...
2021-05-12T23:34:29.789+0800	INFO	gin_web/2021_5_12_zap_定制_logger.go:87	test logger ...
2021-05-12T23:34:29.789+0800	INFO	gin_web/2021_5_12_zap_定制_logger.go:87	test logger ...
2021-05-12T23:34:29.789+0800	INFO	gin_web/2021_5_12_zap_定制_logger.go:87	test logger ...
2021-05-12T23:34:29.789+0800	INFO	gin_web/2021_5_12_zap_定制_logger.go:87	test logger ...
2021-05-12T23:34:29.789+0800	INFO	gin_web/2021_5_12_zap_定制_logger.go:87	test logger ...
2021-05-12T23:34:29.789+0800	INFO	gin_web/2021_5_12_zap_定制_logger.go:87	test logger ...
2021-05-12T23:34:29.789+0800	INFO	gin_web/2021_5_12_zap_定制_logger.go:87	test logger ...
2021-05-12T23:34:29.789+0800	INFO	gin_web/2021_5_12_zap_定制_logger.go:87	test logger ...
2021-05-12T23:34:29.789+0800	INFO	gin_web/2021_5_12_zap_定制_logger.go:87	test logger ...
2021-05-12T23:34:29.789+0800	INFO	gin_web/2021_5_12_zap_定制_logger.go:87	test logger ...
2021-05-12T23:34:29.789+0800	INFO	gin_web/2021_5_12_zap_定制_logger.go:87	test logger ...
2021-05-12T23:34:29.789+0800	INFO	gin_web/2021_5_12_zap_定制_logger.go:87	test logger ...
2021-05-12T23:34:29.789+0800	INFO	gin_web/2021_5_12_zap_定制_logger.go:87	test logger ...
2021-05-12T23:34:29.789+0800	INFO	gin_web/2021_5_12_zap_定制_logger.go:87	test logger ...
2021-05-12T23:34:29.789+0800	INFO	gin_web/2021_5_12_zap_定制_logger.go:87	test logger ...
2021-05-12T23:34:29.789+0800	INFO	gin_web/2021_5_12_zap_定制_logger.go:87	test logger ...
2021-05-12T23:34:29.789+0800	INFO	gin_web/2021_5_12_zap_定制_logger.go:87	test logger ...
2021-05-12T23:34:29.789+0800	INFO	gin_web/2021_5_12_zap_定制_logger.go:87	test logger ...
2021-05-12T23:34:29.789+0800	INFO	gin_web/2021_5_12_zap_定制_logger.go:87	test logger ...
2021-05-12T23:34:29.789+0800	INFO	gin_web/2021_5_12_zap_定制_logger.go:87	test logger ...
2021-05-12T23:34:29.789+0800	INFO	gin_web/2021_5_12_zap_定制_logger.go:87	test logger ...
2021-05-12T23:34:29.789+0800	INFO	gin_web/2021_5_12_zap_定制_logger.go:87	test logger ...
2021-05-12T23:34:29.789+0800	INFO	gin_web/2021_5_12_zap_定制_logger.go:87	test logger ...
2021-05-12T23:34:29.789+0800	INFO	gin_web/2021_5_12_zap_定制_logger.go:87	test logger ...
2021-05-12T23:34:29.789+0800	INFO	gin_web/2021_5_12_zap_定制_logger.go:87	test logger ...
2021-05-12T23:34:29.789+0800	INFO	gin_web/2021_5_12_zap_定制_logger.go:87	test logger ...
2021-05-12T23:34:29.789+0800	INFO	gin_web/2021_5_12_zap_定制_logger.go:87	test logger ...
2021-05-12T23:34:29.789+0800	INFO	gin_web/2021_5_12_zap_定制_logger.go:87	test logger ...
2021-05-12T23:34:29.789+0800	INFO	gin_web/2021_5_12_zap_定制_logger.go:87	test logger ...
2021-05-12T23:34:29.789+0800	INFO	gin_web/2021_5_12_zap_定制_logger.go:87	test logger ...
2021-05-12T23:34:29.789+0800	INFO	gin_web/2021_5_12_zap_定制_logger.go:87	test logger ...
2021-05-12T23:34:29.789+0800	INFO	gin_web/2021_5_12_zap_定制_logger.go:87	test logger ...
2021-05-12T23:34:29.789+0800	INFO	gin_web/2021_5_12_zap_定制_logger.go:87	test logger ...
2021-05-12T23:34:29.789+0800	INFO	gin_web/2021_5_12_zap_定制_logger.go:87	test logger ...
2021-05-12T23:34:29.789+0800	INFO	gin_web/2021_5_12_zap_定制_logger.go:87	test logger ...
2021-05-12T23:34:29.789+0800	INFO	gin_web/2021_5_12_zap_定制_logger.go:87	test logger ...
2021-05-12T23:34:29.789+0800	INFO	gin_web/2021_5_12_zap_定制_logger.go:87	test logger ...
2021-05-12T23:34:29.789+0800	INFO	gin_web/2021_5_12_zap_定制_logger.go:87	test logger ...
2021-05-12T23:34:29.789+0800	INFO	gin_web/2021_5_12_zap_定制_logger.go:87	test logger ...
2021-05-12T23:34:29.789+0800	INFO	gin_web/2021_5_12_zap_定制_logger.go:87	test logger ...
2021-05-12T23:34:29.789+0800	INFO	gin_web/2021_5_12_zap_定制_logger.go:87	test logger ...
2021-05-12T23:34:29.789+0800	INFO	gin_web/2021_5_12_zap_定制_logger.go:87	test logger ...
2021-05-12T23:34:29.789+0800	INFO	gin_web/2021_5_12_zap_定制_logger.go:87	test logger ...
2021-05-12T23:34:29.789+0800	INFO	gin_web/2021_5_12_zap_定制_logger.go:87	test logger ...
2021-05-12T23:34:29.789+0800	INFO	gin_web/2021_5_12_zap_定制_logger.go:87	test logger ...
2021-05-12T23:34:29.789+0800	INFO	gin_web/2021_5_12_zap_定制_logger.go:87	test logger ...
2021-05-12T23:34:29.789+0800	INFO	gin_web/2021_5_12_zap_定制_logger.go:87	test logger ...
2021-05-12T23:34:29.789+0800	INFO	gin_web/2021_5_12_zap_定制_logger.go:87	test logger ...
2021-05-12T23:34:29.789+0800	INFO	gin_web/2021_5_12_zap_定制_logger.go:87	test logger ...
2021-05-12T23:34:29.789+0800	INFO	gin_web/2021_5_12_zap_定制_logger.go:87	test logger ...
2021-05-12T23:34:29.789+0800	INFO	gin_web/2021_5_12_zap_定制_logger.go:87	test logger ...
2021-05-12T23:34:29.789+0800	INFO	gin_web/2021_5_12_zap_定制_logger.go:87	test logger ...
2021-05-12T23:34:29.789+0800	INFO	gin_web/2021_5_12_zap_定制_logger.go:87	test logger ...
2021-05-12T23:34:29.789+0800	INFO	gin_web/2021_5_12_zap_定制_logger.go:87	test logger ...
2021-05-12T23:34:29.789+0800	INFO	gin_web/2021_5_12_zap_定制_logger.go:87	test logger ...
2021-05-12T23:34:29.789+0800	INFO	gin_web/2021_5_12_zap_定制_logger.go:87	test logger ...
2021-05-12T23:34:29.789+0800	INFO	gin_web/2021_5_12_zap_定制_logger.go:87	test logger ...
2021-05-12T23:34:29.789+0800	INFO	gin_web/2021_5_12_zap_定制_logger.go:87	test logger ...
2021-05-12T23:34:29.789+0800	INFO	gin_web/2021_5_12_zap_定制_logger.go:87	test logger ...
2021-05-12T23:34:29.789+0800	INFO	gin_web/2021_5_12_zap_定制_logger.go:87	test logger ...
2021-05-12T23:34:29.789+0800	INFO	gin_web/2021_5_12_zap_定制_logger.go:87	test logger ...
2021-05-12T23:34:29.789+0800	INFO	gin_web/2021_5_12_zap_定制_logger.go:87	test logger ...
2021-05-12T23:34:29.789+0800	INFO	gin_web/2021_5_12_zap_定制_logger.go:87	test logger ...
2021-05-12T23:34:29.789+0800	INFO	gin_web/2021_5_12_zap_定制_logger.go:87	test logger ...
2021-05-12T23:34:29.789+0800	INFO	gin_web/2021_5_12_zap_定制_logger.go:87	test logger ...
2021-05-12T23:34:29.789+0800	INFO	gin_web/2021_5_12_zap_定制_logger.go:87	test logger ...
2021-05-12T23:34:29.789+0800	INFO	gin_web/2021_5_12_zap_定制_logger.go:87	test logger ...
2021-05-12T23:34:29.789+0800	INFO	gin_web/2021_5_12_zap_定制_logger.go:87	test logger ...
2021-05-12T23:34:29.789+0800	INFO	gin_web/2021_5_12_zap_定制_logger.go:87	test logger ...
2021-05-12T23:34:29.789+0800	INFO	gin_web/2021_5_12_zap_定制_logger.go:87	test logger ...
2021-05-12T23:34:29.789+0800	INFO	gin_web/2021_5_12_zap_定制_logger.go:87	test logger ...
2021-05-12T23:34:29.789+0800	INFO	gin_web/2021_5_12_zap_定制_logger.go:87	test logger ...
2021-05-12T23:34:29.789+0800	INFO	gin_web/2021_5_12_zap_定制_logger.go:87	test logger ...
2021-05-12T23:34:29.789+0800	INFO	gin_web/2021_5_12_zap_定制_logger.go:87	test logger ...
2021-05-12T23:34:29.789+0800	INFO	gin_web/2021_5_12_zap_定制_logger.go:87	test logger ...
2021-05-12T23:34:29.789+0800	INFO	gin_web/2021_5_12_zap_定制_logger.go:87	test logger ...
2021-05-12T23:34:29.790+0800	INFO	gin_web/2021_5_12_zap_定制_logger.go:87	test logger ...
2021-05-12T23:34:29.790+0800	INFO	gin_web/2021_5_12_zap_定制_logger.go:87	test logger ...
2021-05-12T23:34:29.790+0800	INFO	gin_web/2021_5_12_zap_定制_logger.go:87	test logger ...
2021-05-12T23:34:29.790+0800	INFO	gin_web/2021_5_12_zap_定制_logger.go:87	test logger ...
2021-05-12T23:34:29.790+0800	INFO	gin_web/2021_5_12_zap_定制_logger.go:87	test logger ...
2021-05-12T23:34:29.790+0800	INFO	gin_web/2021_5_12_zap_定制_logger.go:87	test logger ...
2021-05-12T23:34:29.790+0800	INFO	gin_web/2021_5_12_zap_定制_logger.go:87	test logger ...
2021-05-12T23:34:29.790+0800	INFO	gin_web/2021_5_12_zap_定制_logger.go:87	test logger ...
2021-05-12T23:34:29.790+0800	INFO	gin_web/2021_5_12_zap_定制_logger.go:87	test logger ...
2021-05-12T23:34:29.790+0800	INFO	gin_web/2021_5_12_zap_定制_logger.go:87	test logger ...
2021-05-12T23:34:29.790+0800	INFO	gin_web/2021_5_12_zap_定制_logger.go:87	test logger ...
2021-05-12T23:34:29.790+0800	INFO	gin_web/2021_5_12_zap_定制_logger.go:87	test logger ...
2021-05-12T23:34:29.790+0800	INFO	gin_web/2021_5_12_zap_定制_logger.go:87	test logger ...
2021-05-12T23:34:29.790+0800	INFO	gin_web/2021_5_12_zap_定制_logger.go:87	test logger ...
2021-05-12T23:34:29.790+0800	INFO	gin_web/2021_5_12_zap_定制_logger.go:87	test logger ...
2021-05-12T23:34:29.790+0800	INFO	gin_web/2021_5_12_zap_定制_logger.go:87	test logger ...
2021-05-12T23:34:29.790+0800	INFO	gin_web/2021_5_12_zap_定制_logger.go:87	test logger ...
2021-05-12T23:34:29.790+0800	INFO	gin_web/2021_5_12_zap_定制_logger.go:87	test logger ...
2021-05-12T23:34:29.790+0800	INFO	gin_web/2021_5_12_zap_定制_logger.go:87	test logger ...
2021-05-12T23:34:29.790+0800	INFO	gin_web/2021_5_12_zap_定制_logger.go:87	test logger ...
2021-05-12T23:34:29.790+0800	INFO	gin_web/2021_5_12_zap_定制_logger.go:87	test logger ...
2021-05-12T23:34:29.790+0800	INFO	gin_web/2021_5_12_zap_定制_logger.go:87	test logger ...
2021-05-12T23:34:29.790+0800	INFO	gin_web/2021_5_12_zap_定制_logger.go:87	test logger ...
2021-05-12T23:34:29.790+0800	INFO	gin_web/2021_5_12_zap_定制_logger.go:87	test logger ...
2021-05-12T23:34:29.790+0800	INFO	gin_web/2021_5_12_zap_定制_logger.go:87	test logger ...
2021-05-12T23:34:29.790+0800	INFO	gin_web/2021_5_12_zap_定制_logger.go:87	test logger ...
2021-05-12T23:34:29.790+0800	INFO	gin_web/2021_5_12_zap_定制_logger.go:87	test logger ...
2021-05-12T23:34:29.790+0800	INFO	gin_web/2021_5_12_zap_定制_logger.go:87	test logger ...
2021-05-12T23:34:29.790+0800	INFO	gin_web/2021_5_12_zap_定制_logger.go:87	test logger ...
2021-05-12T23:34:29.790+0800	INFO	gin_web/2021_5_12_zap_定制_logger.go:87	test logger ...
2021-05-12T23:34:29.790+0800	INFO	gin_web/2021_5_12_zap_定制_logger.go:87	test logger ...
2021-05-12T23:34:29.790+0800	INFO	gin_web/2021_5_12_zap_定制_logger.go:87	test logger ...
2021-05-12T23:34:29.790+0800	INFO	gin_web/2021_5_12_zap_定制_logger.go:87	test logger ...
2021-05-12T23:34:29.790+0800	INFO	gin_web/2021_5_12_zap_定制_logger.go:87	test logger ...
2021-05-12T23:34:29.790+0800	INFO	gin_web/2021_5_12_zap_定制_logger.go:87	test logger ...
2021-05-12T23:34:29.790+0800	INFO	gin_web/2021_5_12_zap_定制_logger.go:87	test logger ...
2021-05-12T23:34:29.790+0800	INFO	gin_web/2021_5_12_zap_定制_logger.go:87	test logger ...
2021-05-12T23:34:29.790+0800	INFO	gin_web/2021_5_12_zap_定制_logger.go:87	test logger ...
2021-05-12T23:34:29.790+0800	INFO	gin_web/2021_5_12_zap_定制_logger.go:87	test logger ...
2021-05-12T23:34:29.790+0800	INFO	gin_web/2021_5_12_zap_定制_logger.go:87	test logger ...
2021-05-12T23:34:29.790+0800	INFO	gin_web/2021_5_12_zap_定制_logger.go:87	test logger ...
2021-05-12T23:34:29.790+0800	INFO	gin_web/2021_5_12_zap_定制_logger.go:87	test logger ...
2021-05-12T23:34:29.790+0800	INFO	gin_web/2021_5_12_zap_定制_logger.go:87	test logger ...
2021-05-12T23:34:29.790+0800	INFO	gin_web/2021_5_12_zap_定制_logger.go:87	test logger ...
2021-05-12T23:34:29.790+0800	INFO	gin_web/2021_5_12_zap_定制_logger.go:87	test logger ...
2021-05-12T23:34:29.790+0800	INFO	gin_web/2021_5_12_zap_定制_logger.go:87	test logger ...
2021-05-12T23:34:29.790+0800	INFO	gin_web/2021_5_12_zap_定制_logger.go:87	test logger ...
2021-05-12T23:34:29.790+0800	INFO	gin_web/2021_5_12_zap_定制_logger.go:87	test logger ...
2021-05-12T23:34:29.790+0800	INFO	gin_web/2021_5_12_zap_定制_logger.go:87	test logger ...
2021-05-12T23:34:29.790+0800	INFO	gin_web/2021_5_12_zap_定制_logger.go:87	test logger ...
2021-05-12T23:34:29.790+0800	INFO	gin_web/2021_5_12_zap_定制_logger.go:87	test logger ...
2021-05-12T23:34:29.790+0800	INFO	gin_web/2021_5_12_zap_定制_logger.go:87	test logger ...
2021-05-12T23:34:29.790+0800	INFO	gin_web/2021_5_12_zap_定制_logger.go:87	test logger ...
2021-05-12T23:34:29.790+0800	INFO	gin_web/2021_5_12_zap_定制_logger.go:87	test logger ...
2021-05-12T23:34:29.790+0800	INFO	gin_web/2021_5_12_zap_定制_logger.go:87	test logger ...
2021-05-12T23:34:29.790+0800	INFO	gin_web/2021_5_12_zap_定制_logger.go:87	test logger ...
2021-05-12T23:34:29.790+0800	INFO	gin_web/2021_5_12_zap_定制_logger.go:87	test logger ...
2021-05-12T23:34:29.790+0800	INFO	gin_web/2021_5_12_zap_定制_logger.go:87	test logger ...
2021-05-12T23:34:29.790+0800	INFO	gin_web/2021_5_12_zap_定制_logger.go:87	test logger ...
2021-05-12T23:34:29.790+0800	INFO	gin_web/2021_5_12_zap_定制_logger.go:87	test logger ...
2021-05-12T23:34:29.790+0800	INFO	gin_web/2021_5_12_zap_定制_logger.go:87	test logger ...
2021-05-12T23:34:29.790+0800	INFO	gin_web/2021_5_12_zap_定制_logger.go:87	test logger ...
2021-05-12T23:34:29.790+0800	INFO	gin_web/2021_5_12_zap_定制_logger.go:87	test logger ...
2021-05-12T23:34:29.790+0800	INFO	gin_web/2021_5_12_zap_定制_logger.go:87	test logger ...
2021-05-12T23:34:29.790+0800	INFO	gin_web/2021_5_12_zap_定制_logger.go:87	test logger ...
2021-05-12T23:34:29.790+0800	INFO	gin_web/2021_5_12_zap_定制_logger.go:87	test logger ...
2021-05-12T23:34:29.790+0800	INFO	gin_web/2021_5_12_zap_定制_logger.go:87	test logger ...
2021-05-12T23:34:29.790+0800	INFO	gin_web/2021_5_12_zap_定制_logger.go:87	test logger ...
2021-05-12T23:34:29.790+0800	INFO	gin_web/2021_5_12_zap_定制_logger.go:87	test logger ...
2021-05-12T23:34:29.790+0800	INFO	gin_web/2021_5_12_zap_定制_logger.go:87	test logger ...
2021-05-12T23:34:29.790+0800	INFO	gin_web/2021_5_12_zap_定制_logger.go:87	test logger ...
2021-05-12T23:34:29.790+0800	INFO	gin_web/2021_5_12_zap_定制_logger.go:87	test logger ...
2021-05-12T23:34:29.790+0800	INFO	gin_web/2021_5_12_zap_定制_logger.go:87	test logger ...
2021-05-12T23:34:29.790+0800	INFO	gin_web/2021_5_12_zap_定制_logger.go:87	test logger ...
2021-05-12T23:34:29.790+0800	INFO	gin_web/2021_5_12_zap_定制_logger.go:87	test logger ...
2021-05-12T23:34:29.790+0800	INFO	gin_web/2021_5_12_zap_定制_logger.go:87	test logger ...
2021-05-12T23:34:29.790+0800	INFO	gin_web/2021_5_12_zap_定制_logger.go:87	test logger ...
2021-05-12T23:34:29.790+0800	INFO	gin_web/2021_5_12_zap_定制_logger.go:87	test logger ...
2021-05-12T23:34:29.790+0800	INFO	gin_web/2021_5_12_zap_定制_logger.go:87	test logger ...
2021-05-12T23:34:29.790+0800	INFO	gin_web/2021_5_12_zap_定制_logger.go:87	test logger ...
2021-05-12T23:34:29.790+0800	INFO	gin_web/2021_5_12_zap_定制_logger.go:87	test logger ...
2021-05-12T23:34:29.790+0800	INFO	gin_web/2021_5_12_zap_定制_logger.go:87	test logger ...
2021-05-12T23:34:29.790+0800	INFO	gin_web/2021_5_12_zap_定制_logger.go:87	test logger ...
2021-05-12T23:34:29.790+0800	INFO	gin_web/2021_5_12_zap_定制_logger.go:87	test logger ...
2021-05-12T23:34:29.790+0800	INFO	gin_web/2021_5_12_zap_定制_logger.go:87	test logger ...
2021-05-12T23:34:29.790+0800	INFO	gin_web/2021_5_12_zap_定制_logger.go:87	test logger ...
2021-05-12T23:34:29.790+0800	INFO	gin_web/2021_5_12_zap_定制_logger.go:87	test logger ...
2021-05-12T23:34:29.790+0800	INFO	gin_web/2021_5_12_zap_定制_logger.go:87	test logger ...
2021-05-12T23:34:29.790+0800	INFO	gin_web/2021_5_12_zap_定制_logger.go:87	test logger ...
2021-05-12T23:34:29.790+0800	INFO	gin_web/2021_5_12_zap_定制_logger.go:87	test logger ...
2021-05-12T23:34:29.790+0800	INFO	gin_web/2021_5_12_zap_定制_logger.go:87	test logger ...
2021-05-12T23:34:29.790+0800	INFO	gin_web/2021_5_12_zap_定制_logger.go:87	test logger ...
2021-05-12T23:34:29.790+0800	INFO	gin_web/2021_5_12_zap_定制_logger.go:87	test logger ...
2021-05-12T23:34:29.790+0800	INFO	gin_web/2021_5_12_zap_定制_logger.go:87	test logger ...
2021-05-12T23:34:29.790+0800	INFO	gin_web/2021_5_12_zap_定制_logger.go:87	test logger ...
2021-05-12T23:34:29.790+0800	INFO	gin_web/2021_5_12_zap_定制_logger.go:87	test logger ...
2021-05-12T23:34:29.790+0800	INFO	gin_web/2021_5_12_zap_定制_logger.go:87	test logger ...
2021-05-12T23:34:29.790+0800	INFO	gin_web/2021_5_12_zap_定制_logger.go:87	test logger ...
2021-05-12T23:34:29.790+0800	INFO	gin_web/2021_5_12_zap_定制_logger.go:87	test logger ...
2021-05-12T23:34:29.790+0800	INFO	gin_web/2021_5_12_zap_定制_logger.go:87	test logger ...
2021-05-12T23:34:29.790+0800	INFO	gin_web/2021_5_12_zap_定制_logger.go:87	test logger ...
2021-05-12T23:34:29.790+0800	INFO	gin_web/2021_5_12_zap_定制_logger.go:87	test logger ...
2021-05-12T23:34:29.790+0800	INFO	gin_web/2021_5_12_zap_定制_logger.go:87	test logger ...
2021-05-12T23:34:29.790+0800	INFO	gin_web/2021_5_12_zap_定制_logger.go:87	test logger ...
2021-05-12T23:34:29.790+0800	INFO	gin_web/2021_5_12_zap_定制_logger.go:87	test logger ...
2021-05-12T23:34:29.790+0800	INFO	gin_web/2021_5_12_zap_定制_logger.go:87	test logger ...
2021-05-12T23:34:29.791+0800	INFO	gin_web/2021_5_12_zap_定制_logger.go:87	test logger ...
2021-05-12T23:34:29.791+0800	INFO	gin_web/2021_5_12_zap_定制_logger.go:87	test logger ...
2021-05-12T23:34:29.791+0800	INFO	gin_web/2021_5_12_zap_定制_logger.go:87	test logger ...
2021-05-12T23:34:29.791+0800	INFO	gin_web/2021_5_12_zap_定制_logger.go:87	test logger ...
2021-05-12T23:34:29.791+0800	INFO	gin_web/2021_5_12_zap_定制_logger.go:87	test logger ...
2021-05-12T23:34:29.791+0800	INFO	gin_web/2021_5_12_zap_定制_logger.go:87	test logger ...
2021-05-12T23:34:29.791+0800	INFO	gin_web/2021_5_12_zap_定制_logger.go:87	test logger ...
2021-05-12T23:34:29.791+0800	INFO	gin_web/2021_5_12_zap_定制_logger.go:87	test logger ...
2021-05-12T23:34:29.791+0800	INFO	gin_web/2021_5_12_zap_定制_logger.go:87	test logger ...
2021-05-12T23:34:29.791+0800	INFO	gin_web/2021_5_12_zap_定制_logger.go:87	test logger ...
2021-05-12T23:34:29.791+0800	INFO	gin_web/2021_5_12_zap_定制_logger.go:87	test logger ...
2021-05-12T23:34:29.791+0800	INFO	gin_web/2021_5_12_zap_定制_logger.go:87	test logger ...
2021-05-12T23:34:29.791+0800	INFO	gin_web/2021_5_12_zap_定制_logger.go:87	test logger ...
2021-05-12T23:34:29.791+0800	INFO	gin_web/2021_5_12_zap_定制_logger.go:87	test logger ...
2021-05-12T23:34:29.791+0800	INFO	gin_web/2021_5_12_zap_定制_logger.go:87	test logger ...
2021-05-12T23:34:29.791+0800	INFO	gin_web/2021_5_12_zap_定制_logger.go:87	test logger ...
2021-05-12T23:34:29.791+0800	INFO	gin_web/2021_5_12_zap_定制_logger.go:87	test logger ...
2021-05-12T23:34:29.791+0800	INFO	gin_web/2021_5_12_zap_定制_logger.go:87	test logger ...
2021-05-12T23:34:29.791+0800	INFO	gin_web/2021_5_12_zap_定制_logger.go:87	test logger ...
2021-05-12T23:34:29.791+0800	INFO	gin_web/2021_5_12_zap_定制_logger.go:87	test logger ...
2021-05-12T23:34:29.791+0800	INFO	gin_web/2021_5_12_zap_定制_logger.go:87	test logger ...
2021-05-12T23:34:29.791+0800	INFO	gin_web/2021_5_12_zap_定制_logger.go:87	test logger ...
2021-05-12T23:34:29.791+0800	INFO	gin_web/2021_5_12_zap_定制_logger.go:87	test logger ...
2021-05-12T23:34:29.791+0800	INFO	gin_web/2021_5_12_zap_定制_logger.go:87	test logger ...
2021-05-12T23:34:29.791+0800	INFO	gin_web/2021_5_12_zap_定制_logger.go:87	test logger ...
2021-05-12T23:34:29.791+0800	INFO	gin_web/2021_5_12_zap_定制_logger.go:87	test logger ...
2021-05-12T23:34:29.791+0800	INFO	gin_web/2021_5_12_zap_定制_logger.go:87	test logger ...
2021-05-12T23:34:29.791+0800	INFO	gin_web/2021_5_12_zap_定制_logger.go:87	test logger ...
2021-05-12T23:34:29.791+0800	INFO	gin_web/2021_5_12_zap_定制_logger.go:87	test logger ...
2021-05-12T23:34:29.791+0800	INFO	gin_web/2021_5_12_zap_定制_logger.go:87	test logger ...
2021-05-12T23:34:29.791+0800	INFO	gin_web/2021_5_12_zap_定制_logger.go:87	test logger ...
2021-05-12T23:34:29.791+0800	INFO	gin_web/2021_5_12_zap_定制_logger.go:87	test logger ...
2021-05-12T23:34:29.791+0800	INFO	gin_web/2021_5_12_zap_定制_logger.go:87	test logger ...
2021-05-12T23:34:29.791+0800	INFO	gin_web/2021_5_12_zap_定制_logger.go:87	test logger ...
2021-05-12T23:34:29.791+0800	INFO	gin_web/2021_5_12_zap_定制_logger.go:87	test logger ...
2021-05-12T23:34:29.791+0800	INFO	gin_web/2021_5_12_zap_定制_logger.go:87	test logger ...
2021-05-12T23:34:29.791+0800	INFO	gin_web/2021_5_12_zap_定制_logger.go:87	test logger ...
2021-05-12T23:34:29.791+0800	INFO	gin_web/2021_5_12_zap_定制_logger.go:87	test logger ...
2021-05-12T23:34:29.791+0800	INFO	gin_web/2021_5_12_zap_定制_logger.go:87	test logger ...
2021-05-12T23:34:29.791+0800	INFO	gin_web/2021_5_12_zap_定制_logger.go:87	test logger ...
2021-05-12T23:34:29.791+0800	INFO	gin_web/2021_5_12_zap_定制_logger.go:87	test logger ...
2021-05-12T23:34:29.791+0800	INFO	gin_web/2021_5_12_zap_定制_logger.go:87	test logger ...
2021-05-12T23:34:29.791+0800	INFO	gin_web/2021_5_12_zap_定制_logger.go:87	test logger ...
2021-05-12T23:34:29.791+0800	INFO	gin_web/2021_5_12_zap_定制_logger.go:87	test logger ...
2021-05-12T23:34:29.791+0800	INFO	gin_web/2021_5_12_zap_定制_logger.go:87	test logger ...
2021-05-12T23:34:29.791+0800	INFO	gin_web/2021_5_12_zap_定制_logger.go:87	test logger ...
2021-05-12T23:34:29.791+0800	INFO	gin_web/2021_5_12_zap_定制_logger.go:87	test logger ...
2021-05-12T23:34:29.791+0800	INFO	gin_web/2021_5_12_zap_定制_logger.go:87	test logger ...
2021-05-12T23:34:29.791+0800	INFO	gin_web/2021_5_12_zap_定制_logger.go:87	test logger ...
2021-05-12T23:34:29.791+0800	INFO	gin_web/2021_5_12_zap_定制_logger.go:87	test logger ...
2021-05-12T23:34:29.791+0800	INFO	gin_web/2021_5_12_zap_定制_logger.go:87	test logger ...
2021-05-12T23:34:29.791+0800	INFO	gin_web/2021_5_12_zap_定制_logger.go:87	test logger ...
2021-05-12T23:34:29.791+0800	INFO	gin_web/2021_5_12_zap_定制_logger.go:87	test logger ...
2021-05-12T23:34:29.791+0800	INFO	gin_web/2021_5_12_zap_定制_logger.go:87	test logger ...
2021-05-12T23:34:29.791+0800	INFO	gin_web/2021_5_12_zap_定制_logger.go:87	test logger ...
2021-05-12T23:34:29.791+0800	INFO	gin_web/2021_5_12_zap_定制_logger.go:87	test logger ...
2021-05-12T23:34:29.791+0800	INFO	gin_web/2021_5_12_zap_定制_logger.go:87	test logger ...
2021-05-12T23:34:29.791+0800	INFO	gin_web/2021_5_12_zap_定制_logger.go:87	test logger ...
2021-05-12T23:34:29.791+0800	INFO	gin_web/2021_5_12_zap_定制_logger.go:87	test logger ...
2021-05-12T23:34:29.791+0800	INFO	gin_web/2021_5_12_zap_定制_logger.go:87	test logger ...
2021-05-12T23:34:29.791+0800	INFO	gin_web/2021_5_12_zap_定制_logger.go:87	test logger ...
2021-05-12T23:34:29.791+0800	INFO	gin_web/2021_5_12_zap_定制_logger.go:87	test logger ...
2021-05-12T23:34:29.791+0800	INFO	gin_web/2021_5_12_zap_定制_logger.go:87	test logger ...
2021-05-12T23:34:29.791+0800	INFO	gin_web/2021_5_12_zap_定制_logger.go:87	test logger ...
2021-05-12T23:34:29.791+0800	INFO	gin_web/2021_5_12_zap_定制_logger.go:87	test logger ...
2021-05-12T23:34:29.791+0800	INFO	gin_web/2021_5_12_zap_定制_logger.go:87	test logger ...
2021-05-12T23:34:29.791+0800	INFO	gin_web/2021_5_12_zap_定制_logger.go:87	test logger ...
2021-05-12T23:34:29.791+0800	INFO	gin_web/2021_5_12_zap_定制_logger.go:87	test logger ...
2021-05-12T23:34:29.791+0800	INFO	gin_web/2021_5_12_zap_定制_logger.go:87	test logger ...
2021-05-12T23:34:29.791+0800	INFO	gin_web/2021_5_12_zap_定制_logger.go:87	test logger ...
2021-05-12T23:34:29.791+0800	INFO	gin_web/2021_5_12_zap_定制_logger.go:87	test logger ...
2021-05-12T23:34:29.791+0800	INFO	gin_web/2021_5_12_zap_定制_logger.go:87	test logger ...
2021-05-12T23:34:29.791+0800	INFO	gin_web/2021_5_12_zap_定制_logger.go:87	test logger ...
2021-05-12T23:34:29.791+0800	INFO	gin_web/2021_5_12_zap_定制_logger.go:87	test logger ...
2021-05-12T23:34:29.791+0800	INFO	gin_web/2021_5_12_zap_定制_logger.go:87	test logger ...
2021-05-12T23:34:29.791+0800	INFO	gin_web/2021_5_12_zap_定制_logger.go:87	test logger ...
2021-05-12T23:34:29.791+0800	INFO	gin_web/2021_5_12_zap_定制_logger.go:87	test logger ...
2021-05-12T23:34:29.791+0800	INFO	gin_web/2021_5_12_zap_定制_logger.go:87	test logger ...
2021-05-12T23:34:29.791+0800	INFO	gin_web/2021_5_12_zap_定制_logger.go:87	test logger ...
2021-05-12T23:34:29.791+0800	INFO	gin_web/2021_5_12_zap_定制_logger.go:87	test logger ...
2021-05-12T23:34:29.791+0800	INFO	gin_web/2021_5_12_zap_定制_logger.go:87	test logger ...
2021-05-12T23:34:29.791+0800	INFO	gin_web/2021_5_12_zap_定制_logger.go:87	test logger ...
2021-05-12T23:34:29.791+0800	INFO	gin_web/2021_5_12_zap_定制_logger.go:87	test logger ...
2021-05-12T23:34:29.791+0800	INFO	gin_web/2021_5_12_zap_定制_logger.go:87	test logger ...
2021-05-12T23:34:29.791+0800	INFO	gin_web/2021_5_12_zap_定制_logger.go:87	test logger ...
2021-05-12T23:34:29.791+0800	INFO	gin_web/2021_5_12_zap_定制_logger.go:87	test logger ...
2021-05-12T23:34:29.791+0800	INFO	gin_web/2021_5_12_zap_定制_logger.go:87	test logger ...
2021-05-12T23:34:29.791+0800	INFO	gin_web/2021_5_12_zap_定制_logger.go:87	test logger ...
2021-05-12T23:34:29.791+0800	INFO	gin_web/2021_5_12_zap_定制_logger.go:87	test logger ...
2021-05-12T23:34:29.791+0800	INFO	gin_web/2021_5_12_zap_定制_logger.go:87	test logger ...
2021-05-12T23:34:29.791+0800	INFO	gin_web/2021_5_12_zap_定制_logger.go:87	test logger ...
2021-05-12T23:34:29.791+0800	INFO	gin_web/2021_5_12_zap_定制_logger.go:87	test logger ...
2021-05-12T23:34:29.791+0800	INFO	gin_web/2021_5_12_zap_定制_logger.go:87	test logger ...
2021-05-12T23:34:29.791+0800	INFO	gin_web/2021_5_12_zap_定制_logger.go:87	test logger ...
2021-05-12T23:34:29.791+0800	INFO	gin_web/2021_5_12_zap_定制_logger.go:87	test logger ...
2021-05-12T23:34:29.791+0800	INFO	gin_web/2021_5_12_zap_定制_logger.go:87	test logger ...
2021-05-12T23:34:29.791+0800	INFO	gin_web/2021_5_12_zap_定制_logger.go:87	test logger ...
2021-05-12T23:34:29.791+0800	INFO	gin_web/2021_5_12_zap_定制_logger.go:87	test logger ...
2021-05-12T23:34:29.791+0800	INFO	gin_web/2021_5_12_zap_定制_logger.go:87	test logger ...
2021-05-12T23:34:29.791+0800	INFO	gin_web/2021_5_12_zap_定制_logger.go:87	test logger ...
2021-05-12T23:34:29.791+0800	INFO	gin_web/2021_5_12_zap_定制_logger.go:87	test logger ...
2021-05-12T23:34:29.791+0800	INFO	gin_web/2021_5_12_zap_定制_logger.go:87	test logger ...
2021-05-12T23:34:29.791+0800	INFO	gin_web/2021_5_12_zap_定制_logger.go:87	test logger ...
2021-05-12T23:34:29.791+0800	INFO	gin_web/2021_5_12_zap_定制_logger.go:87	test logger ...
2021-05-12T23:34:29.791+0800	INFO	gin_web/2021_5_12_zap_定制_logger.go:87	test logger ...
2021-05-12T23:34:29.791+0800	INFO	gin_web/2021_5_12_zap_定制_logger.go:87	test logger ...
2021-05-12T23:34:29.791+0800	INFO	gin_web/2021_5_12_zap_定制_logger.go:87	test logger ...
2021-05-12T23:34:29.792+0800	INFO	gin_web/2021_5_12_zap_定制_logger.go:87	test logger ...
2021-05-12T23:34:29.792+0800	INFO	gin_web/2021_5_12_zap_定制_logger.go:87	test logger ...
2021-05-12T23:34:29.792+0800	INFO	gin_web/2021_5_12_zap_定制_logger.go:87	test logger ...
2021-05-12T23:34:29.792+0800	INFO	gin_web/2021_5_12_zap_定制_logger.go:87	test logger ...
2021-05-12T23:34:29.792+0800	INFO	gin_web/2021_5_12_zap_定制_logger.go:87	test logger ...
2021-05-12T23:34:29.792+0800	INFO	gin_web/2021_5_12_zap_定制_logger.go:87	test logger ...
2021-05-12T23:34:29.792+0800	INFO	gin_web/2021_5_12_zap_定制_logger.go:87	test logger ...
2021-05-12T23:34:29.792+0800	INFO	gin_web/2021_5_12_zap_定制_logger.go:87	test logger ...
2021-05-12T23:34:29.792+0800	INFO	gin_web/2021_5_12_zap_定制_logger.go:87	test logger ...
2021-05-12T23:34:29.792+0800	INFO	gin_web/2021_5_12_zap_定制_logger.go:87	test logger ...
2021-05-12T23:34:29.792+0800	INFO	gin_web/2021_5_12_zap_定制_logger.go:87	test logger ...
2021-05-12T23:34:29.792+0800	INFO	gin_web/2021_5_12_zap_定制_logger.go:87	test logger ...
2021-05-12T23:34:29.792+0800	INFO	gin_web/2021_5_12_zap_定制_logger.go:87	test logger ...
2021-05-12T23:34:29.792+0800	INFO	gin_web/2021_5_12_zap_定制_logger.go:87	test logger ...
2021-05-12T23:34:29.792+0800	INFO	gin_web/2021_5_12_zap_定制_logger.go:87	test logger ...
2021-05-12T23:34:29.792+0800	INFO	gin_web/2021_5_12_zap_定制_logger.go:87	test logger ...
2021-05-12T23:34:29.792+0800	INFO	gin_web/2021_5_12_zap_定制_logger.go:87	test logger ...
2021-05-12T23:34:29.792+0800	INFO	gin_web/2021_5_12_zap_定制_logger.go:87	test logger ...
2021-05-12T23:34:29.792+0800	INFO	gin_web/2021_5_12_zap_定制_logger.go:87	test logger ...
2021-05-12T23:34:29.792+0800	INFO	gin_web/2021_5_12_zap_定制_logger.go:87	test logger ...
2021-05-12T23:34:29.792+0800	INFO	gin_web/2021_5_12_zap_定制_logger.go:87	test logger ...
2021-05-12T23:34:29.792+0800	INFO	gin_web/2021_5_12_zap_定制_logger.go:87	test logger ...
2021-05-12T23:34:29.792+0800	INFO	gin_web/2021_5_12_zap_定制_logger.go:87	test logger ...
2021-05-12T23:34:29.792+0800	INFO	gin_web/2021_5_12_zap_定制_logger.go:87	test logger ...
2021-05-12T23:34:29.792+0800	INFO	gin_web/2021_5_12_zap_定制_logger.go:87	test logger ...
2021-05-12T23:34:29.792+0800	INFO	gin_web/2021_5_12_zap_定制_logger.go:87	test logger ...
2021-05-12T23:34:29.792+0800	INFO	gin_web/2021_5_12_zap_定制_logger.go:87	test logger ...
2021-05-12T23:34:29.792+0800	INFO	gin_web/2021_5_12_zap_定制_logger.go:87	test logger ...
2021-05-12T23:34:29.792+0800	INFO	gin_web/2021_5_12_zap_定制_logger.go:87	test logger ...
2021-05-12T23:34:29.792+0800	INFO	gin_web/2021_5_12_zap_定制_logger.go:87	test logger ...
2021-05-12T23:34:29.792+0800	INFO	gin_web/2021_5_12_zap_定制_logger.go:87	test logger ...
2021-05-12T23:34:29.792+0800	INFO	gin_web/2021_5_12_zap_定制_logger.go:87	test logger ...
2021-05-12T23:34:29.792+0800	INFO	gin_web/2021_5_12_zap_定制_logger.go:87	test logger ...
2021-05-12T23:34:29.792+0800	INFO	gin_web/2021_5_12_zap_定制_logger.go:87	test logger ...
2021-05-12T23:34:29.792+0800	INFO	gin_web/2021_5_12_zap_定制_logger.go:87	test logger ...
2021-05-12T23:34:29.792+0800	INFO	gin_web/2021_5_12_zap_定制_logger.go:87	test logger ...
2021-05-12T23:34:29.792+0800	INFO	gin_web/2021_5_12_zap_定制_logger.go:87	test logger ...
2021-05-12T23:34:29.792+0800	INFO	gin_web/2021_5_12_zap_定制_logger.go:87	test logger ...
2021-05-12T23:34:29.792+0800	INFO	gin_web/2021_5_12_zap_定制_logger.go:87	test logger ...
2021-05-12T23:34:29.792+0800	INFO	gin_web/2021_5_12_zap_定制_logger.go:87	test logger ...
2021-05-12T23:34:29.792+0800	INFO	gin_web/2021_5_12_zap_定制_logger.go:87	test logger ...
2021-05-12T23:34:29.792+0800	INFO	gin_web/2021_5_12_zap_定制_logger.go:87	test logger ...
2021-05-12T23:34:29.792+0800	INFO	gin_web/2021_5_12_zap_定制_logger.go:87	test logger ...
2021-05-12T23:34:29.792+0800	INFO	gin_web/2021_5_12_zap_定制_logger.go:87	test logger ...
2021-05-12T23:34:29.792+0800	INFO	gin_web/2021_5_12_zap_定制_logger.go:87	test logger ...
2021-05-12T23:34:29.792+0800	INFO	gin_web/2021_5_12_zap_定制_logger.go:87	test logger ...
2021-05-12T23:34:29.792+0800	INFO	gin_web/2021_5_12_zap_定制_logger.go:87	test logger ...
2021-05-12T23:34:29.792+0800	INFO	gin_web/2021_5_12_zap_定制_logger.go:87	test logger ...
2021-05-12T23:34:29.792+0800	INFO	gin_web/2021_5_12_zap_定制_logger.go:87	test logger ...
2021-05-12T23:34:29.792+0800	INFO	gin_web/2021_5_12_zap_定制_logger.go:87	test logger ...
2021-05-12T23:34:29.792+0800	INFO	gin_web/2021_5_12_zap_定制_logger.go:87	test logger ...
2021-05-12T23:34:29.792+0800	INFO	gin_web/2021_5_12_zap_定制_logger.go:87	test logger ...
2021-05-12T23:34:29.792+0800	INFO	gin_web/2021_5_12_zap_定制_logger.go:87	test logger ...
2021-05-12T23:34:29.792+0800	INFO	gin_web/2021_5_12_zap_定制_logger.go:87	test logger ...
2021-05-12T23:34:29.792+0800	INFO	gin_web/2021_5_12_zap_定制_logger.go:87	test logger ...
2021-05-12T23:34:29.792+0800	INFO	gin_web/2021_5_12_zap_定制_logger.go:87	test logger ...
2021-05-12T23:34:29.792+0800	INFO	gin_web/2021_5_12_zap_定制_logger.go:87	test logger ...
2021-05-12T23:34:29.792+0800	INFO	gin_web/2021_5_12_zap_定制_logger.go:87	test logger ...
2021-05-12T23:34:29.792+0800	INFO	gin_web/2021_5_12_zap_定制_logger.go:87	test logger ...
2021-05-12T23:34:29.792+0800	INFO	gin_web/2021_5_12_zap_定制_logger.go:87	test logger ...
2021-05-12T23:34:29.792+0800	INFO	gin_web/2021_5_12_zap_定制_logger.go:87	test logger ...
2021-05-12T23:34:29.792+0800	INFO	gin_web/2021_5_12_zap_定制_logger.go:87	test logger ...
2021-05-12T23:34:29.792+0800	INFO	gin_web/2021_5_12_zap_定制_logger.go:87	test logger ...
2021-05-12T23:34:29.792+0800	INFO	gin_web/2021_5_12_zap_定制_logger.go:87	test logger ...
2021-05-12T23:34:29.792+0800	INFO	gin_web/2021_5_12_zap_定制_logger.go:87	test logger ...
2021-05-12T23:34:29.792+0800	INFO	gin_web/2021_5_12_zap_定制_logger.go:87	test logger ...
2021-05-12T23:34:29.792+0800	INFO	gin_web/2021_5_12_zap_定制_logger.go:87	test logger ...
2021-05-12T23:34:29.792+0800	INFO	gin_web/2021_5_12_zap_定制_logger.go:87	test logger ...
2021-05-12T23:34:29.792+0800	INFO	gin_web/2021_5_12_zap_定制_logger.go:87	test logger ...
2021-05-12T23:34:29.792+0800	INFO	gin_web/2021_5_12_zap_定制_logger.go:87	test logger ...
2021-05-12T23:34:29.792+0800	INFO	gin_web/2021_5_12_zap_定制_logger.go:87	test logger ...
2021-05-12T23:34:29.792+0800	INFO	gin_web/2021_5_12_zap_定制_logger.go:87	test logger ...
2021-05-12T23:34:29.792+0800	INFO	gin_web/2021_5_12_zap_定制_logger.go:87	test logger ...
2021-05-12T23:34:29.792+0800	INFO	gin_web/2021_5_12_zap_定制_logger.go:87	test logger ...
2021-05-12T23:34:29.792+0800	INFO	gin_web/2021_5_12_zap_定制_logger.go:87	test logger ...
2021-05-12T23:34:29.792+0800	INFO	gin_web/2021_5_12_zap_定制_logger.go:87	test logger ...
2021-05-12T23:34:29.792+0800	INFO	gin_web/2021_5_12_zap_定制_logger.go:87	test logger ...
2021-05-12T23:34:29.792+0800	INFO	gin_web/2021_5_12_zap_定制_logger.go:87	test logger ...
2021-05-12T23:34:29.792+0800	INFO	gin_web/2021_5_12_zap_定制_logger.go:87	test logger ...
2021-05-12T23:34:29.792+0800	INFO	gin_web/2021_5_12_zap_定制_logger.go:87	test logger ...
2021-05-12T23:34:29.792+0800	INFO	gin_web/2021_5_12_zap_定制_logger.go:87	test logger ...
2021-05-12T23:34:29.792+0800	INFO	gin_web/2021_5_12_zap_定制_logger.go:87	test logger ...
2021-05-12T23:34:29.792+0800	INFO	gin_web/2021_5_12_zap_定制_logger.go:87	test logger ...
2021-05-12T23:34:29.792+0800	INFO	gin_web/2021_5_12_zap_定制_logger.go:87	test logger ...
2021-05-12T23:34:29.792+0800	INFO	gin_web/2021_5_12_zap_定制_logger.go:87	test logger ...
2021-05-12T23:34:29.792+0800	INFO	gin_web/2021_5_12_zap_定制_logger.go:87	test logger ...
2021-05-12T23:34:29.792+0800	INFO	gin_web/2021_5_12_zap_定制_logger.go:87	test logger ...
2021-05-12T23:34:29.792+0800	INFO	gin_web/2021_5_12_zap_定制_logger.go:87	test logger ...
2021-05-12T23:34:29.792+0800	INFO	gin_web/2021_5_12_zap_定制_logger.go:87	test logger ...
2021-05-12T23:34:29.792+0800	INFO	gin_web/2021_5_12_zap_定制_logger.go:87	test logger ...
2021-05-12T23:34:29.792+0800	INFO	gin_web/2021_5_12_zap_定制_logger.go:87	test logger ...
2021-05-12T23:34:29.792+0800	INFO	gin_web/2021_5_12_zap_定制_logger.go:87	test logger ...
2021-05-12T23:34:29.792+0800	INFO	gin_web/2021_5_12_zap_定制_logger.go:87	test logger ...
2021-05-12T23:34:29.792+0800	INFO	gin_web/2021_5_12_zap_定制_logger.go:87	test logger ...
2021-05-12T23:34:29.792+0800	INFO	gin_web/2021_5_12_zap_定制_logger.go:87	test logger ...
2021-05-12T23:34:29.792+0800	INFO	gin_web/2021_5_12_zap_定制_logger.go:87	test logger ...
2021-05-12T23:34:29.792+0800	INFO	gin_web/2021_5_12_zap_定制_logger.go:87	test logger ...
2021-05-12T23:34:29.792+0800	INFO	gin_web/2021_5_12_zap_定制_logger.go:87	test logger ...
2021-05-12T23:34:29.792+0800	INFO	gin_web/2021_5_12_zap_定制_logger.go:87	test logger ...
2021-05-12T23:34:29.792+0800	INFO	gin_web/2021_5_12_zap_定制_logger.go:87	test logger ...
2021-05-12T23:34:29.792+0800	INFO	gin_web/2021_5_12_zap_定制_logger.go:87	test logger ...
2021-05-12T23:34:29.792+0800	INFO	gin_web/2021_5_12_zap_定制_logger.go:87	test logger ...
2021-05-12T23:34:29.792+0800	INFO	gin_web/2021_5_12_zap_定制_logger.go:87	test logger ...
2021-05-12T23:34:29.792+0800	INFO	gin_web/2021_5_12_zap_定制_logger.go:87	test logger ...
2021-05-12T23:34:29.792+0800	INFO	gin_web/2021_5_12_zap_定制_logger.go:87	test logger ...
2021-05-12T23:34:29.792+0800	INFO	gin_web/2021_5_12_zap_定制_logger.go:87	test logger ...
2021-05-12T23:34:29.792+0800	INFO	gin_web/2021_5_12_zap_定制_logger.go:87	test logger ...
2021-05-12T23:34:29.792+0800	INFO	gin_web/2021_5_12_zap_定制_logger.go:87	test logger ...
2021-05-12T23:34:29.792+0800	INFO	gin_web/2021_5_12_zap_定制_logger.go:87	test logger ...
2021-05-12T23:34:29.792+0800	INFO	gin_web/2021_5_12_zap_定制_logger.go:87	test logger ...
2021-05-12T23:34:29.793+0800	INFO	gin_web/2021_5_12_zap_定制_logger.go:87	test logger ...
2021-05-12T23:34:29.793+0800	INFO	gin_web/2021_5_12_zap_定制_logger.go:87	test logger ...
2021-05-12T23:34:29.793+0800	INFO	gin_web/2021_5_12_zap_定制_logger.go:87	test logger ...
2021-05-12T23:34:29.793+0800	INFO	gin_web/2021_5_12_zap_定制_logger.go:87	test logger ...
2021-05-12T23:34:29.793+0800	INFO	gin_web/2021_5_12_zap_定制_logger.go:87	test logger ...
2021-05-12T23:34:29.793+0800	INFO	gin_web/2021_5_12_zap_定制_logger.go:87	test logger ...
2021-05-12T23:34:29.793+0800	INFO	gin_web/2021_5_12_zap_定制_logger.go:87	test logger ...
2021-05-12T23:34:29.793+0800	INFO	gin_web/2021_5_12_zap_定制_logger.go:87	test logger ...
2021-05-12T23:34:29.793+0800	INFO	gin_web/2021_5_12_zap_定制_logger.go:87	test logger ...
2021-05-12T23:34:29.793+0800	INFO	gin_web/2021_5_12_zap_定制_logger.go:87	test logger ...
2021-05-12T23:34:29.793+0800	INFO	gin_web/2021_5_12_zap_定制_logger.go:87	test logger ...
2021-05-12T23:34:29.793+0800	INFO	gin_web/2021_5_12_zap_定制_logger.go:87	test logger ...
2021-05-12T23:34:29.793+0800	INFO	gin_web/2021_5_12_zap_定制_logger.go:87	test logger ...
2021-05-12T23:34:29.793+0800	INFO	gin_web/2021_5_12_zap_定制_logger.go:87	test logger ...
2021-05-12T23:34:29.793+0800	INFO	gin_web/2021_5_12_zap_定制_logger.go:87	test logger ...
2021-05-12T23:34:29.793+0800	INFO	gin_web/2021_5_12_zap_定制_logger.go:87	test logger ...
2021-05-12T23:34:29.793+0800	INFO	gin_web/2021_5_12_zap_定制_logger.go:87	test logger ...
2021-05-12T23:34:29.793+0800	INFO	gin_web/2021_5_12_zap_定制_logger.go:87	test logger ...
2021-05-12T23:34:29.793+0800	INFO	gin_web/2021_5_12_zap_定制_logger.go:87	test logger ...
2021-05-12T23:34:29.793+0800	INFO	gin_web/2021_5_12_zap_定制_logger.go:87	test logger ...
2021-05-12T23:34:29.793+0800	INFO	gin_web/2021_5_12_zap_定制_logger.go:87	test logger ...
2021-05-12T23:34:29.793+0800	INFO	gin_web/2021_5_12_zap_定制_logger.go:87	test logger ...
2021-05-12T23:34:29.793+0800	INFO	gin_web/2021_5_12_zap_定制_logger.go:87	test logger ...
2021-05-12T23:34:29.793+0800	INFO	gin_web/2021_5_12_zap_定制_logger.go:87	test logger ...
2021-05-12T23:34:29.793+0800	INFO	gin_web/2021_5_12_zap_定制_logger.go:87	test logger ...
2021-05-12T23:34:29.793+0800	INFO	gin_web/2021_5_12_zap_定制_logger.go:87	test logger ...
2021-05-12T23:34:29.793+0800	INFO	gin_web/2021_5_12_zap_定制_logger.go:87	test logger ...
2021-05-12T23:34:29.793+0800	INFO	gin_web/2021_5_12_zap_定制_logger.go:87	test logger ...
2021-05-12T23:34:29.793+0800	INFO	gin_web/2021_5_12_zap_定制_logger.go:87	test logger ...
2021-05-12T23:34:29.793+0800	INFO	gin_web/2021_5_12_zap_定制_logger.go:87	test logger ...
2021-05-12T23:34:29.793+0800	INFO	gin_web/2021_5_12_zap_定制_logger.go:87	test logger ...
2021-05-12T23:34:29.793+0800	INFO	gin_web/2021_5_12_zap_定制_logger.go:87	test logger ...
2021-05-12T23:34:29.793+0800	INFO	gin_web/2021_5_12_zap_定制_logger.go:87	test logger ...
2021-05-12T23:34:29.793+0800	INFO	gin_web/2021_5_12_zap_定制_logger.go:87	test logger ...
2021-05-12T23:34:29.793+0800	INFO	gin_web/2021_5_12_zap_定制_logger.go:87	test logger ...
2021-05-12T23:34:29.793+0800	INFO	gin_web/2021_5_12_zap_定制_logger.go:87	test logger ...
2021-05-12T23:34:29.793+0800	INFO	gin_web/2021_5_12_zap_定制_logger.go:87	test logger ...
2021-05-12T23:34:29.793+0800	INFO	gin_web/2021_5_12_zap_定制_logger.go:87	test logger ...
2021-05-12T23:34:29.793+0800	INFO	gin_web/2021_5_12_zap_定制_logger.go:87	test logger ...
2021-05-12T23:34:29.793+0800	INFO	gin_web/2021_5_12_zap_定制_logger.go:87	test logger ...
2021-05-12T23:34:29.793+0800	INFO	gin_web/2021_5_12_zap_定制_logger.go:87	test logger ...
2021-05-12T23:34:29.793+0800	INFO	gin_web/2021_5_12_zap_定制_logger.go:87	test logger ...
2021-05-12T23:34:29.793+0800	INFO	gin_web/2021_5_12_zap_定制_logger.go:87	test logger ...
2021-05-12T23:34:29.793+0800	INFO	gin_web/2021_5_12_zap_定制_logger.go:87	test logger ...
2021-05-12T23:34:29.793+0800	INFO	gin_web/2021_5_12_zap_定制_logger.go:87	test logger ...
2021-05-12T23:34:29.793+0800	INFO	gin_web/2021_5_12_zap_定制_logger.go:87	test logger ...
2021-05-12T23:34:29.793+0800	INFO	gin_web/2021_5_12_zap_定制_logger.go:87	test logger ...
2021-05-12T23:34:29.793+0800	INFO	gin_web/2021_5_12_zap_定制_logger.go:87	test logger ...
2021-05-12T23:34:29.793+0800	INFO	gin_web/2021_5_12_zap_定制_logger.go:87	test logger ...
2021-05-12T23:34:29.793+0800	INFO	gin_web/2021_5_12_zap_定制_logger.go:87	test logger ...
2021-05-12T23:34:29.793+0800	INFO	gin_web/2021_5_12_zap_定制_logger.go:87	test logger ...
2021-05-12T23:34:29.793+0800	INFO	gin_web/2021_5_12_zap_定制_logger.go:87	test logger ...
2021-05-12T23:34:29.793+0800	INFO	gin_web/2021_5_12_zap_定制_logger.go:87	test logger ...
2021-05-12T23:34:29.793+0800	INFO	gin_web/2021_5_12_zap_定制_logger.go:87	test logger ...
2021-05-12T23:34:29.793+0800	INFO	gin_web/2021_5_12_zap_定制_logger.go:87	test logger ...
2021-05-12T23:34:29.793+0800	INFO	gin_web/2021_5_12_zap_定制_logger.go:87	test logger ...
2021-05-12T23:34:29.794+0800	INFO	gin_web/2021_5_12_zap_定制_logger.go:87	test logger ...
2021-05-12T23:34:29.794+0800	INFO	gin_web/2021_5_12_zap_定制_logger.go:87	test logger ...
2021-05-12T23:34:29.794+0800	INFO	gin_web/2021_5_12_zap_定制_logger.go:87	test logger ...
2021-05-12T23:34:29.794+0800	INFO	gin_web/2021_5_12_zap_定制_logger.go:87	test logger ...
2021-05-12T23:34:29.794+0800	INFO	gin_web/2021_5_12_zap_定制_logger.go:87	test logger ...
2021-05-12T23:34:29.794+0800	INFO	gin_web/2021_5_12_zap_定制_logger.go:87	test logger ...
2021-05-12T23:34:29.794+0800	INFO	gin_web/2021_5_12_zap_定制_logger.go:87	test logger ...
2021-05-12T23:34:29.794+0800	INFO	gin_web/2021_5_12_zap_定制_logger.go:87	test logger ...
2021-05-12T23:34:29.794+0800	INFO	gin_web/2021_5_12_zap_定制_logger.go:87	test logger ...
2021-05-12T23:34:29.794+0800	INFO	gin_web/2021_5_12_zap_定制_logger.go:87	test logger ...
2021-05-12T23:34:29.794+0800	INFO	gin_web/2021_5_12_zap_定制_logger.go:87	test logger ...
2021-05-12T23:34:29.794+0800	INFO	gin_web/2021_5_12_zap_定制_logger.go:87	test logger ...
2021-05-12T23:34:29.794+0800	INFO	gin_web/2021_5_12_zap_定制_logger.go:87	test logger ...
2021-05-12T23:34:29.794+0800	INFO	gin_web/2021_5_12_zap_定制_logger.go:87	test logger ...
2021-05-12T23:34:29.794+0800	INFO	gin_web/2021_5_12_zap_定制_logger.go:87	test logger ...
2021-05-12T23:34:29.794+0800	INFO	gin_web/2021_5_12_zap_定制_logger.go:87	test logger ...
2021-05-12T23:34:29.794+0800	INFO	gin_web/2021_5_12_zap_定制_logger.go:87	test logger ...
2021-05-12T23:34:29.794+0800	INFO	gin_web/2021_5_12_zap_定制_logger.go:87	test logger ...
2021-05-12T23:34:29.794+0800	INFO	gin_web/2021_5_12_zap_定制_logger.go:87	test logger ...
2021-05-12T23:34:29.794+0800	INFO	gin_web/2021_5_12_zap_定制_logger.go:87	test logger ...
2021-05-12T23:34:29.794+0800	INFO	gin_web/2021_5_12_zap_定制_logger.go:87	test logger ...
2021-05-12T23:34:29.794+0800	INFO	gin_web/2021_5_12_zap_定制_logger.go:87	test logger ...
2021-05-12T23:34:29.794+0800	INFO	gin_web/2021_5_12_zap_定制_logger.go:87	test logger ...
2021-05-12T23:34:29.794+0800	INFO	gin_web/2021_5_12_zap_定制_logger.go:87	test logger ...
2021-05-12T23:34:29.794+0800	INFO	gin_web/2021_5_12_zap_定制_logger.go:87	test logger ...
2021-05-12T23:34:29.794+0800	INFO	gin_web/2021_5_12_zap_定制_logger.go:87	test logger ...
2021-05-12T23:34:29.794+0800	INFO	gin_web/2021_5_12_zap_定制_logger.go:87	test logger ...
2021-05-12T23:34:29.794+0800	INFO	gin_web/2021_5_12_zap_定制_logger.go:87	test logger ...
2021-05-12T23:34:29.794+0800	INFO	gin_web/2021_5_12_zap_定制_logger.go:87	test logger ...
2021-05-12T23:34:29.794+0800	INFO	gin_web/2021_5_12_zap_定制_logger.go:87	test logger ...
2021-05-12T23:34:29.794+0800	INFO	gin_web/2021_5_12_zap_定制_logger.go:87	test logger ...
2021-05-12T23:34:29.794+0800	INFO	gin_web/2021_5_12_zap_定制_logger.go:87	test logger ...
2021-05-12T23:34:29.794+0800	INFO	gin_web/2021_5_12_zap_定制_logger.go:87	test logger ...
2021-05-12T23:34:29.794+0800	INFO	gin_web/2021_5_12_zap_定制_logger.go:87	test logger ...
2021-05-12T23:34:29.794+0800	INFO	gin_web/2021_5_12_zap_定制_logger.go:87	test logger ...
2021-05-12T23:34:29.794+0800	INFO	gin_web/2021_5_12_zap_定制_logger.go:87	test logger ...
2021-05-12T23:34:29.794+0800	INFO	gin_web/2021_5_12_zap_定制_logger.go:87	test logger ...
2021-05-12T23:34:29.794+0800	INFO	gin_web/2021_5_12_zap_定制_logger.go:87	test logger ...
2021-05-12T23:34:29.794+0800	INFO	gin_web/2021_5_12_zap_定制_logger.go:87	test logger ...
2021-05-12T23:34:29.794+0800	INFO	gin_web/2021_5_12_zap_定制_logger.go:87	test logger ...
2021-05-12T23:34:29.794+0800	INFO	gin_web/2021_5_12_zap_定制_logger.go:87	test logger ...
2021-05-12T23:34:29.794+0800	INFO	gin_web/2021_5_12_zap_定制_logger.go:87	test logger ...
2021-05-12T23:34:29.794+0800	INFO	gin_web/2021_5_12_zap_定制_logger.go:87	test logger ...
2021-05-12T23:34:29.794+0800	INFO	gin_web/2021_5_12_zap_定制_logger.go:87	test logger ...
2021-05-12T23:34:29.794+0800	INFO	gin_web/2021_5_12_zap_定制_logger.go:87	test logger ...
2021-05-12T23:34:29.794+0800	INFO	gin_web/2021_5_12_zap_定制_logger.go:87	test logger ...
2021-05-12T23:34:29.794+0800	INFO	gin_web/2021_5_12_zap_定制_logger.go:87	test logger ...
2021-05-12T23:34:29.794+0800	INFO	gin_web/2021_5_12_zap_定制_logger.go:87	test logger ...
2021-05-12T23:34:29.794+0800	INFO	gin_web/2021_5_12_zap_定制_logger.go:87	test logger ...
2021-05-12T23:34:29.794+0800	INFO	gin_web/2021_5_12_zap_定制_logger.go:87	test logger ...
2021-05-12T23:34:29.794+0800	INFO	gin_web/2021_5_12_zap_定制_logger.go:87	test logger ...
2021-05-12T23:34:29.794+0800	INFO	gin_web/2021_5_12_zap_定制_logger.go:87	test logger ...
2021-05-12T23:34:29.794+0800	INFO	gin_web/2021_5_12_zap_定制_logger.go:87	test logger ...
2021-05-12T23:34:29.794+0800	INFO	gin_web/2021_5_12_zap_定制_logger.go:87	test logger ...
2021-05-12T23:34:29.794+0800	INFO	gin_web/2021_5_12_zap_定制_logger.go:87	test logger ...
2021-05-12T23:34:29.794+0800	INFO	gin_web/2021_5_12_zap_定制_logger.go:87	test logger ...
2021-05-12T23:34:29.794+0800	INFO	gin_web/2021_5_12_zap_定制_logger.go:87	test logger ...
2021-05-12T23:34:29.794+0800	INFO	gin_web/2021_5_12_zap_定制_logger.go:87	test logger ...
2021-05-12T23:34:29.794+0800	INFO	gin_web/2021_5_12_zap_定制_logger.go:87	test logger ...
2021-05-12T23:34:29.794+0800	INFO	gin_web/2021_5_12_zap_定制_logger.go:87	test logger ...
2021-05-12T23:34:29.794+0800	INFO	gin_web/2021_5_12_zap_定制_logger.go:87	test logger ...
2021-05-12T23:34:29.794+0800	INFO	gin_web/2021_5_12_zap_定制_logger.go:87	test logger ...
2021-05-12T23:34:29.794+0800	INFO	gin_web/2021_5_12_zap_定制_logger.go:87	test logger ...
2021-05-12T23:34:29.794+0800	INFO	gin_web/2021_5_12_zap_定制_logger.go:87	test logger ...
2021-05-12T23:34:29.794+0800	INFO	gin_web/2021_5_12_zap_定制_logger.go:87	test logger ...
2021-05-12T23:34:29.794+0800	INFO	gin_web/2021_5_12_zap_定制_logger.go:87	test logger ...
2021-05-12T23:34:29.794+0800	INFO	gin_web/2021_5_12_zap_定制_logger.go:87	test logger ...
2021-05-12T23:34:29.794+0800	INFO	gin_web/2021_5_12_zap_定制_logger.go:87	test logger ...
2021-05-12T23:34:29.794+0800	INFO	gin_web/2021_5_12_zap_定制_logger.go:87	test logger ...
2021-05-12T23:34:29.794+0800	INFO	gin_web/2021_5_12_zap_定制_logger.go:87	test logger ...
2021-05-12T23:34:29.794+0800	INFO	gin_web/2021_5_12_zap_定制_logger.go:87	test logger ...
2021-05-12T23:34:29.794+0800	INFO	gin_web/2021_5_12_zap_定制_logger.go:87	test logger ...
2021-05-12T23:34:29.794+0800	INFO	gin_web/2021_5_12_zap_定制_logger.go:87	test logger ...
2021-05-12T23:34:29.794+0800	INFO	gin_web/2021_5_12_zap_定制_logger.go:87	test logger ...
2021-05-12T23:34:29.794+0800	INFO	gin_web/2021_5_12_zap_定制_logger.go:87	test logger ...
2021-05-12T23:34:29.794+0800	INFO	gin_web/2021_5_12_zap_定制_logger.go:87	test logger ...
2021-05-12T23:34:29.794+0800	INFO	gin_web/2021_5_12_zap_定制_logger.go:87	test logger ...
2021-05-12T23:34:29.794+0800	INFO	gin_web/2021_5_12_zap_定制_logger.go:87	test logger ...
2021-05-12T23:34:29.794+0800	INFO	gin_web/2021_5_12_zap_定制_logger.go:87	test logger ...
2021-05-12T23:34:29.794+0800	INFO	gin_web/2021_5_12_zap_定制_logger.go:87	test logger ...
2021-05-12T23:34:29.794+0800	INFO	gin_web/2021_5_12_zap_定制_logger.go:87	test logger ...
2021-05-12T23:34:29.794+0800	INFO	gin_web/2021_5_12_zap_定制_logger.go:87	test logger ...
2021-05-12T23:34:29.794+0800	INFO	gin_web/2021_5_12_zap_定制_logger.go:87	test logger ...
2021-05-12T23:34:29.794+0800	INFO	gin_web/2021_5_12_zap_定制_logger.go:87	test logger ...
2021-05-12T23:34:29.794+0800	INFO	gin_web/2021_5_12_zap_定制_logger.go:87	test logger ...
2021-05-12T23:34:29.794+0800	INFO	gin_web/2021_5_12_zap_定制_logger.go:87	test logger ...
2021-05-12T23:34:29.794+0800	INFO	gin_web/2021_5_12_zap_定制_logger.go:87	test logger ...
2021-05-12T23:34:29.794+0800	INFO	gin_web/2021_5_12_zap_定制_logger.go:87	test logger ...
2021-05-12T23:34:29.794+0800	INFO	gin_web/2021_5_12_zap_定制_logger.go:87	test logger ...
2021-05-12T23:34:29.794+0800	INFO	gin_web/2021_5_12_zap_定制_logger.go:87	test logger ...
2021-05-12T23:34:29.794+0800	INFO	gin_web/2021_5_12_zap_定制_logger.go:87	test logger ...
2021-05-12T23:34:29.794+0800	INFO	gin_web/2021_5_12_zap_定制_logger.go:87	test logger ...
2021-05-12T23:34:29.794+0800	INFO	gin_web/2021_5_12_zap_定制_logger.go:87	test logger ...
2021-05-12T23:34:29.794+0800	INFO	gin_web/2021_5_12_zap_定制_logger.go:87	test logger ...
2021-05-12T23:34:29.794+0800	INFO	gin_web/2021_5_12_zap_定制_logger.go:87	test logger ...
2021-05-12T23:34:29.794+0800	INFO	gin_web/2021_5_12_zap_定制_logger.go:87	test logger ...
2021-05-12T23:34:29.794+0800	INFO	gin_web/2021_5_12_zap_定制_logger.go:87	test logger ...
2021-05-12T23:34:29.794+0800	INFO	gin_web/2021_5_12_zap_定制_logger.go:87	test logger ...
2021-05-12T23:34:29.794+0800	INFO	gin_web/2021_5_12_zap_定制_logger.go:87	test logger ...
2021-05-12T23:34:29.794+0800	INFO	gin_web/2021_5_12_zap_定制_logger.go:87	test logger ...
2021-05-12T23:34:29.794+0800	INFO	gin_web/2021_5_12_zap_定制_logger.go:87	test logger ...
2021-05-12T23:34:29.794+0800	INFO	gin_web/2021_5_12_zap_定制_logger.go:87	test logger ...
2021-05-12T23:34:29.795+0800	INFO	gin_web/2021_5_12_zap_定制_logger.go:87	test logger ...
2021-05-12T23:34:29.795+0800	INFO	gin_web/2021_5_12_zap_定制_logger.go:87	test logger ...
2021-05-12T23:34:29.795+0800	INFO	gin_web/2021_5_12_zap_定制_logger.go:87	test logger ...
2021-05-12T23:34:29.795+0800	INFO	gin_web/2021_5_12_zap_定制_logger.go:87	test logger ...
2021-05-12T23:34:29.795+0800	INFO	gin_web/2021_5_12_zap_定制_logger.go:87	test logger ...
2021-05-12T23:34:29.795+0800	INFO	gin_web/2021_5_12_zap_定制_logger.go:87	test logger ...
2021-05-12T23:34:29.795+0800	INFO	gin_web/2021_5_12_zap_定制_logger.go:87	test logger ...
2021-05-12T23:34:29.795+0800	INFO	gin_web/2021_5_12_zap_定制_logger.go:87	test logger ...
2021-05-12T23:34:29.795+0800	INFO	gin_web/2021_5_12_zap_定制_logger.go:87	test logger ...
2021-05-12T23:34:29.795+0800	INFO	gin_web/2021_5_12_zap_定制_logger.go:87	test logger ...
2021-05-12T23:34:29.795+0800	INFO	gin_web/2021_5_12_zap_定制_logger.go:87	test logger ...
2021-05-12T23:34:29.795+0800	INFO	gin_web/2021_5_12_zap_定制_logger.go:87	test logger ...
2021-05-12T23:34:29.795+0800	INFO	gin_web/2021_5_12_zap_定制_logger.go:87	test logger ...
2021-05-12T23:34:29.795+0800	INFO	gin_web/2021_5_12_zap_定制_logger.go:87	test logger ...
2021-05-12T23:34:29.795+0800	INFO	gin_web/2021_5_12_zap_定制_logger.go:87	test logger ...
2021-05-12T23:34:29.795+0800	INFO	gin_web/2021_5_12_zap_定制_logger.go:87	test logger ...
2021-05-12T23:34:29.795+0800	INFO	gin_web/2021_5_12_zap_定制_logger.go:87	test logger ...
2021-05-12T23:34:29.795+0800	INFO	gin_web/2021_5_12_zap_定制_logger.go:87	test logger ...
2021-05-12T23:34:29.795+0800	INFO	gin_web/2021_5_12_zap_定制_logger.go:87	test logger ...
2021-05-12T23:34:29.795+0800	INFO	gin_web/2021_5_12_zap_定制_logger.go:87	test logger ...
2021-05-12T23:34:29.795+0800	INFO	gin_web/2021_5_12_zap_定制_logger.go:87	test logger ...
2021-05-12T23:34:29.795+0800	INFO	gin_web/2021_5_12_zap_定制_logger.go:87	test logger ...
2021-05-12T23:34:29.795+0800	INFO	gin_web/2021_5_12_zap_定制_logger.go:87	test logger ...
2021-05-12T23:34:29.795+0800	INFO	gin_web/2021_5_12_zap_定制_logger.go:87	test logger ...
2021-05-12T23:34:29.795+0800	INFO	gin_web/2021_5_12_zap_定制_logger.go:87	test logger ...
2021-05-12T23:34:29.795+0800	INFO	gin_web/2021_5_12_zap_定制_logger.go:87	test logger ...
2021-05-12T23:34:29.795+0800	INFO	gin_web/2021_5_12_zap_定制_logger.go:87	test logger ...
2021-05-12T23:34:29.795+0800	INFO	gin_web/2021_5_12_zap_定制_logger.go:87	test logger ...
2021-05-12T23:34:29.795+0800	INFO	gin_web/2021_5_12_zap_定制_logger.go:87	test logger ...
2021-05-12T23:34:29.795+0800	INFO	gin_web/2021_5_12_zap_定制_logger.go:87	test logger ...
2021-05-12T23:34:29.795+0800	INFO	gin_web/2021_5_12_zap_定制_logger.go:87	test logger ...
2021-05-12T23:34:29.795+0800	INFO	gin_web/2021_5_12_zap_定制_logger.go:87	test logger ...
2021-05-12T23:34:29.795+0800	INFO	gin_web/2021_5_12_zap_定制_logger.go:87	test logger ...
2021-05-12T23:34:29.795+0800	INFO	gin_web/2021_5_12_zap_定制_logger.go:87	test logger ...
2021-05-12T23:34:29.795+0800	INFO	gin_web/2021_5_12_zap_定制_logger.go:87	test logger ...
2021-05-12T23:34:29.795+0800	INFO	gin_web/2021_5_12_zap_定制_logger.go:87	test logger ...
2021-05-12T23:34:29.795+0800	INFO	gin_web/2021_5_12_zap_定制_logger.go:87	test logger ...
2021-05-12T23:34:29.795+0800	INFO	gin_web/2021_5_12_zap_定制_logger.go:87	test logger ...
2021-05-12T23:34:29.795+0800	INFO	gin_web/2021_5_12_zap_定制_logger.go:87	test logger ...
2021-05-12T23:34:29.795+0800	INFO	gin_web/2021_5_12_zap_定制_logger.go:87	test logger ...
2021-05-12T23:34:29.795+0800	INFO	gin_web/2021_5_12_zap_定制_logger.go:87	test logger ...
2021-05-12T23:34:29.795+0800	INFO	gin_web/2021_5_12_zap_定制_logger.go:87	test logger ...
2021-05-12T23:34:29.795+0800	INFO	gin_web/2021_5_12_zap_定制_logger.go:87	test logger ...
2021-05-12T23:34:29.795+0800	INFO	gin_web/2021_5_12_zap_定制_logger.go:87	test logger ...
2021-05-12T23:34:29.795+0800	INFO	gin_web/2021_5_12_zap_定制_logger.go:87	test logger ...
2021-05-12T23:34:29.795+0800	INFO	gin_web/2021_5_12_zap_定制_logger.go:87	test logger ...
2021-05-12T23:34:29.795+0800	INFO	gin_web/2021_5_12_zap_定制_logger.go:87	test logger ...
2021-05-12T23:34:29.795+0800	INFO	gin_web/2021_5_12_zap_定制_logger.go:87	test logger ...
2021-05-12T23:34:29.795+0800	INFO	gin_web/2021_5_12_zap_定制_logger.go:87	test logger ...
2021-05-12T23:34:29.795+0800	INFO	gin_web/2021_5_12_zap_定制_logger.go:87	test logger ...
2021-05-12T23:34:29.795+0800	INFO	gin_web/2021_5_12_zap_定制_logger.go:87	test logger ...
2021-05-12T23:34:29.795+0800	INFO	gin_web/2021_5_12_zap_定制_logger.go:87	test logger ...
2021-05-12T23:34:29.795+0800	INFO	gin_web/2021_5_12_zap_定制_logger.go:87	test logger ...
2021-05-12T23:34:29.795+0800	INFO	gin_web/2021_5_12_zap_定制_logger.go:87	test logger ...
2021-05-12T23:34:29.795+0800	INFO	gin_web/2021_5_12_zap_定制_logger.go:87	test logger ...
2021-05-12T23:34:29.795+0800	INFO	gin_web/2021_5_12_zap_定制_logger.go:87	test logger ...
2021-05-12T23:34:29.795+0800	INFO	gin_web/2021_5_12_zap_定制_logger.go:87	test logger ...
2021-05-12T23:34:29.795+0800	INFO	gin_web/2021_5_12_zap_定制_logger.go:87	test logger ...
2021-05-12T23:34:29.795+0800	INFO	gin_web/2021_5_12_zap_定制_logger.go:87	test logger ...
2021-05-12T23:34:29.795+0800	INFO	gin_web/2021_5_12_zap_定制_logger.go:87	test logger ...
2021-05-12T23:34:29.795+0800	INFO	gin_web/2021_5_12_zap_定制_logger.go:87	test logger ...
2021-05-12T23:34:29.795+0800	INFO	gin_web/2021_5_12_zap_定制_logger.go:87	test logger ...
2021-05-12T23:34:29.795+0800	INFO	gin_web/2021_5_12_zap_定制_logger.go:87	test logger ...
2021-05-12T23:34:29.795+0800	INFO	gin_web/2021_5_12_zap_定制_logger.go:87	test logger ...
2021-05-12T23:34:29.795+0800	INFO	gin_web/2021_5_12_zap_定制_logger.go:87	test logger ...
2021-05-12T23:34:29.795+0800	INFO	gin_web/2021_5_12_zap_定制_logger.go:87	test logger ...
2021-05-12T23:34:29.795+0800	INFO	gin_web/2021_5_12_zap_定制_logger.go:87	test logger ...
2021-05-12T23:34:29.795+0800	INFO	gin_web/2021_5_12_zap_定制_logger.go:87	test logger ...
2021-05-12T23:34:29.795+0800	INFO	gin_web/2021_5_12_zap_定制_logger.go:87	test logger ...
2021-05-12T23:34:29.795+0800	INFO	gin_web/2021_5_12_zap_定制_logger.go:87	test logger ...
2021-05-12T23:34:29.795+0800	INFO	gin_web/2021_5_12_zap_定制_logger.go:87	test logger ...
2021-05-12T23:34:29.795+0800	INFO	gin_web/2021_5_12_zap_定制_logger.go:87	test logger ...
2021-05-12T23:34:29.795+0800	INFO	gin_web/2021_5_12_zap_定制_logger.go:87	test logger ...
2021-05-12T23:34:29.795+0800	INFO	gin_web/2021_5_12_zap_定制_logger.go:87	test logger ...
2021-05-12T23:34:29.795+0800	INFO	gin_web/2021_5_12_zap_定制_logger.go:87	test logger ...
2021-05-12T23:34:29.795+0800	INFO	gin_web/2021_5_12_zap_定制_logger.go:87	test logger ...
2021-05-12T23:34:29.795+0800	INFO	gin_web/2021_5_12_zap_定制_logger.go:87	test logger ...
2021-05-12T23:34:29.795+0800	INFO	gin_web/2021_5_12_zap_定制_logger.go:87	test logger ...
2021-05-12T23:34:29.795+0800	INFO	gin_web/2021_5_12_zap_定制_logger.go:87	test logger ...
2021-05-12T23:34:29.795+0800	INFO	gin_web/2021_5_12_zap_定制_logger.go:87	test logger ...
2021-05-12T23:34:29.795+0800	INFO	gin_web/2021_5_12_zap_定制_logger.go:87	test logger ...
2021-05-12T23:34:29.795+0800	INFO	gin_web/2021_5_12_zap_定制_logger.go:87	test logger ...
2021-05-12T23:34:29.795+0800	INFO	gin_web/2021_5_12_zap_定制_logger.go:87	test logger ...
2021-05-12T23:34:29.795+0800	INFO	gin_web/2021_5_12_zap_定制_logger.go:87	test logger ...
2021-05-12T23:34:29.795+0800	INFO	gin_web/2021_5_12_zap_定制_logger.go:87	test logger ...
2021-05-12T23:34:29.795+0800	INFO	gin_web/2021_5_12_zap_定制_logger.go:87	test logger ...
2021-05-12T23:34:29.795+0800	INFO	gin_web/2021_5_12_zap_定制_logger.go:87	test logger ...
2021-05-12T23:34:29.795+0800	INFO	gin_web/2021_5_12_zap_定制_logger.go:87	test logger ...
2021-05-12T23:34:29.795+0800	INFO	gin_web/2021_5_12_zap_定制_logger.go:87	test logger ...
2021-05-12T23:34:29.795+0800	INFO	gin_web/2021_5_12_zap_定制_logger.go:87	test logger ...
2021-05-12T23:34:29.795+0800	INFO	gin_web/2021_5_12_zap_定制_logger.go:87	test logger ...
2021-05-12T23:34:29.795+0800	INFO	gin_web/2021_5_12_zap_定制_logger.go:87	test logger ...
2021-05-12T23:34:29.795+0800	INFO	gin_web/2021_5_12_zap_定制_logger.go:87	test logger ...
2021-05-12T23:34:29.795+0800	INFO	gin_web/2021_5_12_zap_定制_logger.go:87	test logger ...
2021-05-12T23:34:29.795+0800	INFO	gin_web/2021_5_12_zap_定制_logger.go:87	test logger ...
2021-05-12T23:34:29.795+0800	INFO	gin_web/2021_5_12_zap_定制_logger.go:87	test logger ...
2021-05-12T23:34:29.795+0800	INFO	gin_web/2021_5_12_zap_定制_logger.go:87	test logger ...
2021-05-12T23:34:29.795+0800	INFO	gin_web/2021_5_12_zap_定制_logger.go:87	test logger ...
2021-05-12T23:34:29.795+0800	INFO	gin_web/2021_5_12_zap_定制_logger.go:87	test logger ...
2021-05-12T23:34:29.795+0800	INFO	gin_web/2021_5_12_zap_定制_logger.go:87	test logger ...
2021-05-12T23:34:29.795+0800	INFO	gin_web/2021_5_12_zap_定制_logger.go:87	test logger ...
2021-05-12T23:34:29.795+0800	INFO	gin_web/2021_5_12_zap_定制_logger.go:87	test logger ...
2021-05-12T23:34:29.796+0800	INFO	gin_web/2021_5_12_zap_定制_logger.go:87	test logger ...
2021-05-12T23:34:29.796+0800	INFO	gin_web/2021_5_12_zap_定制_logger.go:87	test logger ...
2021-05-12T23:34:29.796+0800	INFO	gin_web/2021_5_12_zap_定制_logger.go:87	test logger ...
2021-05-12T23:34:29.796+0800	INFO	gin_web/2021_5_12_zap_定制_logger.go:87	test logger ...
2021-05-12T23:34:29.796+0800	INFO	gin_web/2021_5_12_zap_定制_logger.go:87	test logger ...
2021-05-12T23:34:29.796+0800	INFO	gin_web/2021_5_12_zap_定制_logger.go:87	test logger ...
2021-05-12T23:34:29.796+0800	INFO	gin_web/2021_5_12_zap_定制_logger.go:87	test logger ...
2021-05-12T23:34:29.796+0800	INFO	gin_web/2021_5_12_zap_定制_logger.go:87	test logger ...
2021-05-12T23:34:29.796+0800	INFO	gin_web/2021_5_12_zap_定制_logger.go:87	test logger ...
2021-05-12T23:34:29.796+0800	INFO	gin_web/2021_5_12_zap_定制_logger.go:87	test logger ...
2021-05-12T23:34:29.796+0800	INFO	gin_web/2021_5_12_zap_定制_logger.go:87	test logger ...
2021-05-12T23:34:29.796+0800	INFO	gin_web/2021_5_12_zap_定制_logger.go:87	test logger ...
2021-05-12T23:34:29.796+0800	INFO	gin_web/2021_5_12_zap_定制_logger.go:87	test logger ...
2021-05-12T23:34:29.796+0800	INFO	gin_web/2021_5_12_zap_定制_logger.go:87	test logger ...
2021-05-12T23:34:29.796+0800	INFO	gin_web/2021_5_12_zap_定制_logger.go:87	test logger ...
2021-05-12T23:34:29.796+0800	INFO	gin_web/2021_5_12_zap_定制_logger.go:87	test logger ...
2021-05-12T23:34:29.796+0800	INFO	gin_web/2021_5_12_zap_定制_logger.go:87	test logger ...
2021-05-12T23:34:29.796+0800	INFO	gin_web/2021_5_12_zap_定制_logger.go:87	test logger ...
2021-05-12T23:34:29.796+0800	INFO	gin_web/2021_5_12_zap_定制_logger.go:87	test logger ...
2021-05-12T23:34:29.796+0800	INFO	gin_web/2021_5_12_zap_定制_logger.go:87	test logger ...
2021-05-12T23:34:29.796+0800	INFO	gin_web/2021_5_12_zap_定制_logger.go:87	test logger ...
2021-05-12T23:34:29.796+0800	INFO	gin_web/2021_5_12_zap_定制_logger.go:87	test logger ...
2021-05-12T23:34:29.796+0800	INFO	gin_web/2021_5_12_zap_定制_logger.go:87	test logger ...
2021-05-12T23:34:29.796+0800	INFO	gin_web/2021_5_12_zap_定制_logger.go:87	test logger ...
2021-05-12T23:34:29.796+0800	INFO	gin_web/2021_5_12_zap_定制_logger.go:87	test logger ...
2021-05-12T23:34:29.796+0800	INFO	gin_web/2021_5_12_zap_定制_logger.go:87	test logger ...
2021-05-12T23:34:29.796+0800	INFO	gin_web/2021_5_12_zap_定制_logger.go:87	test logger ...
2021-05-12T23:34:29.796+0800	INFO	gin_web/2021_5_12_zap_定制_logger.go:87	test logger ...
2021-05-12T23:34:29.796+0800	INFO	gin_web/2021_5_12_zap_定制_logger.go:87	test logger ...
2021-05-12T23:34:29.796+0800	INFO	gin_web/2021_5_12_zap_定制_logger.go:87	test logger ...
2021-05-12T23:34:29.796+0800	INFO	gin_web/2021_5_12_zap_定制_logger.go:87	test logger ...
2021-05-12T23:34:29.796+0800	INFO	gin_web/2021_5_12_zap_定制_logger.go:87	test logger ...
2021-05-12T23:34:29.796+0800	INFO	gin_web/2021_5_12_zap_定制_logger.go:87	test logger ...
2021-05-12T23:34:29.796+0800	INFO	gin_web/2021_5_12_zap_定制_logger.go:87	test logger ...
2021-05-12T23:34:29.796+0800	INFO	gin_web/2021_5_12_zap_定制_logger.go:87	test logger ...
2021-05-12T23:34:29.796+0800	INFO	gin_web/2021_5_12_zap_定制_logger.go:87	test logger ...
2021-05-12T23:34:29.796+0800	INFO	gin_web/2021_5_12_zap_定制_logger.go:87	test logger ...
2021-05-12T23:34:29.796+0800	INFO	gin_web/2021_5_12_zap_定制_logger.go:87	test logger ...
2021-05-12T23:34:29.796+0800	INFO	gin_web/2021_5_12_zap_定制_logger.go:87	test logger ...
2021-05-12T23:34:29.796+0800	INFO	gin_web/2021_5_12_zap_定制_logger.go:87	test logger ...
2021-05-12T23:34:29.796+0800	INFO	gin_web/2021_5_12_zap_定制_logger.go:87	test logger ...
2021-05-12T23:34:29.796+0800	INFO	gin_web/2021_5_12_zap_定制_logger.go:87	test logger ...
2021-05-12T23:34:29.796+0800	INFO	gin_web/2021_5_12_zap_定制_logger.go:87	test logger ...
2021-05-12T23:34:29.796+0800	INFO	gin_web/2021_5_12_zap_定制_logger.go:87	test logger ...
2021-05-12T23:34:29.796+0800	INFO	gin_web/2021_5_12_zap_定制_logger.go:87	test logger ...
2021-05-12T23:34:29.796+0800	INFO	gin_web/2021_5_12_zap_定制_logger.go:87	test logger ...
2021-05-12T23:34:29.796+0800	INFO	gin_web/2021_5_12_zap_定制_logger.go:87	test logger ...
2021-05-12T23:34:29.796+0800	INFO	gin_web/2021_5_12_zap_定制_logger.go:87	test logger ...
2021-05-12T23:34:29.796+0800	INFO	gin_web/2021_5_12_zap_定制_logger.go:87	test logger ...
2021-05-12T23:34:29.796+0800	INFO	gin_web/2021_5_12_zap_定制_logger.go:87	test logger ...
2021-05-12T23:34:29.796+0800	INFO	gin_web/2021_5_12_zap_定制_logger.go:87	test logger ...
2021-05-12T23:34:29.796+0800	INFO	gin_web/2021_5_12_zap_定制_logger.go:87	test logger ...
2021-05-12T23:34:29.796+0800	INFO	gin_web/2021_5_12_zap_定制_logger.go:87	test logger ...
2021-05-12T23:34:29.796+0800	INFO	gin_web/2021_5_12_zap_定制_logger.go:87	test logger ...
2021-05-12T23:34:29.796+0800	INFO	gin_web/2021_5_12_zap_定制_logger.go:87	test logger ...
2021-05-12T23:34:29.796+0800	INFO	gin_web/2021_5_12_zap_定制_logger.go:87	test logger ...
2021-05-12T23:34:29.796+0800	INFO	gin_web/2021_5_12_zap_定制_logger.go:87	test logger ...
2021-05-12T23:34:29.796+0800	INFO	gin_web/2021_5_12_zap_定制_logger.go:87	test logger ...
2021-05-12T23:34:29.796+0800	INFO	gin_web/2021_5_12_zap_定制_logger.go:87	test logger ...
2021-05-12T23:34:29.796+0800	INFO	gin_web/2021_5_12_zap_定制_logger.go:87	test logger ...
2021-05-12T23:34:29.796+0800	INFO	gin_web/2021_5_12_zap_定制_logger.go:87	test logger ...
2021-05-12T23:34:29.796+0800	INFO	gin_web/2021_5_12_zap_定制_logger.go:87	test logger ...
2021-05-12T23:34:29.796+0800	INFO	gin_web/2021_5_12_zap_定制_logger.go:87	test logger ...
2021-05-12T23:34:29.796+0800	INFO	gin_web/2021_5_12_zap_定制_logger.go:87	test logger ...
2021-05-12T23:34:29.796+0800	INFO	gin_web/2021_5_12_zap_定制_logger.go:87	test logger ...
2021-05-12T23:34:29.796+0800	INFO	gin_web/2021_5_12_zap_定制_logger.go:87	test logger ...
2021-05-12T23:34:29.796+0800	INFO	gin_web/2021_5_12_zap_定制_logger.go:87	test logger ...
2021-05-12T23:34:29.796+0800	INFO	gin_web/2021_5_12_zap_定制_logger.go:87	test logger ...
2021-05-12T23:34:29.796+0800	INFO	gin_web/2021_5_12_zap_定制_logger.go:87	test logger ...
2021-05-12T23:34:29.796+0800	INFO	gin_web/2021_5_12_zap_定制_logger.go:87	test logger ...
2021-05-12T23:34:29.796+0800	INFO	gin_web/2021_5_12_zap_定制_logger.go:87	test logger ...
2021-05-12T23:34:29.796+0800	INFO	gin_web/2021_5_12_zap_定制_logger.go:87	test logger ...
2021-05-12T23:34:29.796+0800	INFO	gin_web/2021_5_12_zap_定制_logger.go:87	test logger ...
2021-05-12T23:34:29.796+0800	INFO	gin_web/2021_5_12_zap_定制_logger.go:87	test logger ...
2021-05-12T23:34:29.796+0800	INFO	gin_web/2021_5_12_zap_定制_logger.go:87	test logger ...
2021-05-12T23:34:29.796+0800	INFO	gin_web/2021_5_12_zap_定制_logger.go:87	test logger ...
2021-05-12T23:34:29.796+0800	INFO	gin_web/2021_5_12_zap_定制_logger.go:87	test logger ...
2021-05-12T23:34:29.796+0800	INFO	gin_web/2021_5_12_zap_定制_logger.go:87	test logger ...
2021-05-12T23:34:29.796+0800	INFO	gin_web/2021_5_12_zap_定制_logger.go:87	test logger ...
2021-05-12T23:34:29.796+0800	INFO	gin_web/2021_5_12_zap_定制_logger.go:87	test logger ...
2021-05-12T23:34:29.796+0800	INFO	gin_web/2021_5_12_zap_定制_logger.go:87	test logger ...
2021-05-12T23:34:29.796+0800	INFO	gin_web/2021_5_12_zap_定制_logger.go:87	test logger ...
2021-05-12T23:34:29.796+0800	INFO	gin_web/2021_5_12_zap_定制_logger.go:87	test logger ...
2021-05-12T23:34:29.796+0800	INFO	gin_web/2021_5_12_zap_定制_logger.go:87	test logger ...
2021-05-12T23:34:29.796+0800	INFO	gin_web/2021_5_12_zap_定制_logger.go:87	test logger ...
2021-05-12T23:34:29.796+0800	INFO	gin_web/2021_5_12_zap_定制_logger.go:87	test logger ...
2021-05-12T23:34:29.796+0800	INFO	gin_web/2021_5_12_zap_定制_logger.go:87	test logger ...
2021-05-12T23:34:29.796+0800	INFO	gin_web/2021_5_12_zap_定制_logger.go:87	test logger ...
2021-05-12T23:34:29.796+0800	INFO	gin_web/2021_5_12_zap_定制_logger.go:87	test logger ...
2021-05-12T23:34:29.796+0800	INFO	gin_web/2021_5_12_zap_定制_logger.go:87	test logger ...
2021-05-12T23:34:29.796+0800	INFO	gin_web/2021_5_12_zap_定制_logger.go:87	test logger ...
2021-05-12T23:34:29.796+0800	INFO	gin_web/2021_5_12_zap_定制_logger.go:87	test logger ...
2021-05-12T23:34:29.796+0800	INFO	gin_web/2021_5_12_zap_定制_logger.go:87	test logger ...
2021-05-12T23:34:29.796+0800	INFO	gin_web/2021_5_12_zap_定制_logger.go:87	test logger ...
2021-05-12T23:34:29.796+0800	INFO	gin_web/2021_5_12_zap_定制_logger.go:87	test logger ...
2021-05-12T23:34:29.796+0800	INFO	gin_web/2021_5_12_zap_定制_logger.go:87	test logger ...
2021-05-12T23:34:29.796+0800	INFO	gin_web/2021_5_12_zap_定制_logger.go:87	test logger ...
2021-05-12T23:34:29.796+0800	INFO	gin_web/2021_5_12_zap_定制_logger.go:87	test logger ...
2021-05-12T23:34:29.796+0800	INFO	gin_web/2021_5_12_zap_定制_logger.go:87	test logger ...
2021-05-12T23:34:29.796+0800	INFO	gin_web/2021_5_12_zap_定制_logger.go:87	test logger ...
2021-05-12T23:34:29.796+0800	INFO	gin_web/2021_5_12_zap_定制_logger.go:87	test logger ...
2021-05-12T23:34:29.796+0800	INFO	gin_web/2021_5_12_zap_定制_logger.go:87	test logger ...
2021-05-12T23:34:29.796+0800	INFO	gin_web/2021_5_12_zap_定制_logger.go:87	test logger ...
2021-05-12T23:34:29.796+0800	INFO	gin_web/2021_5_12_zap_定制_logger.go:87	test logger ...
2021-05-12T23:34:29.797+0800	INFO	gin_web/2021_5_12_zap_定制_logger.go:87	test logger ...
2021-05-12T23:34:29.797+0800	INFO	gin_web/2021_5_12_zap_定制_logger.go:87	test logger ...
2021-05-12T23:34:29.797+0800	INFO	gin_web/2021_5_12_zap_定制_logger.go:87	test logger ...
2021-05-12T23:34:29.797+0800	INFO	gin_web/2021_5_12_zap_定制_logger.go:87	test logger ...
2021-05-12T23:34:29.797+0800	INFO	gin_web/2021_5_12_zap_定制_logger.go:87	test logger ...
2021-05-12T23:34:29.797+0800	INFO	gin_web/2021_5_12_zap_定制_logger.go:87	test logger ...
2021-05-12T23:34:29.797+0800	INFO	gin_web/2021_5_12_zap_定制_logger.go:87	test logger ...
2021-05-12T23:34:29.797+0800	INFO	gin_web/2021_5_12_zap_定制_logger.go:87	test logger ...
2021-05-12T23:34:29.797+0800	INFO	gin_web/2021_5_12_zap_定制_logger.go:87	test logger ...
2021-05-12T23:34:29.797+0800	INFO	gin_web/2021_5_12_zap_定制_logger.go:87	test logger ...
2021-05-12T23:34:29.797+0800	INFO	gin_web/2021_5_12_zap_定制_logger.go:87	test logger ...
2021-05-12T23:34:29.797+0800	INFO	gin_web/2021_5_12_zap_定制_logger.go:87	test logger ...
2021-05-12T23:34:29.797+0800	INFO	gin_web/2021_5_12_zap_定制_logger.go:87	test logger ...
2021-05-12T23:34:29.797+0800	INFO	gin_web/2021_5_12_zap_定制_logger.go:87	test logger ...
2021-05-12T23:34:29.797+0800	INFO	gin_web/2021_5_12_zap_定制_logger.go:87	test logger ...
2021-05-12T23:34:29.797+0800	INFO	gin_web/2021_5_12_zap_定制_logger.go:87	test logger ...
2021-05-12T23:34:29.797+0800	INFO	gin_web/2021_5_12_zap_定制_logger.go:87	test logger ...
2021-05-12T23:34:29.797+0800	INFO	gin_web/2021_5_12_zap_定制_logger.go:87	test logger ...
2021-05-12T23:34:29.797+0800	INFO	gin_web/2021_5_12_zap_定制_logger.go:87	test logger ...
2021-05-12T23:34:29.797+0800	INFO	gin_web/2021_5_12_zap_定制_logger.go:87	test logger ...
2021-05-12T23:34:29.797+0800	INFO	gin_web/2021_5_12_zap_定制_logger.go:87	test logger ...
2021-05-12T23:34:29.797+0800	INFO	gin_web/2021_5_12_zap_定制_logger.go:87	test logger ...
2021-05-12T23:34:29.797+0800	INFO	gin_web/2021_5_12_zap_定制_logger.go:87	test logger ...
2021-05-12T23:34:29.797+0800	INFO	gin_web/2021_5_12_zap_定制_logger.go:87	test logger ...
2021-05-12T23:34:29.797+0800	INFO	gin_web/2021_5_12_zap_定制_logger.go:87	test logger ...
2021-05-12T23:34:29.797+0800	INFO	gin_web/2021_5_12_zap_定制_logger.go:87	test logger ...
2021-05-12T23:34:29.797+0800	INFO	gin_web/2021_5_12_zap_定制_logger.go:87	test logger ...
2021-05-12T23:34:29.797+0800	INFO	gin_web/2021_5_12_zap_定制_logger.go:87	test logger ...
2021-05-12T23:34:29.797+0800	INFO	gin_web/2021_5_12_zap_定制_logger.go:87	test logger ...
2021-05-12T23:34:29.797+0800	INFO	gin_web/2021_5_12_zap_定制_logger.go:87	test logger ...
2021-05-12T23:34:29.797+0800	INFO	gin_web/2021_5_12_zap_定制_logger.go:87	test logger ...
2021-05-12T23:34:29.797+0800	INFO	gin_web/2021_5_12_zap_定制_logger.go:87	test logger ...
2021-05-12T23:34:29.797+0800	INFO	gin_web/2021_5_12_zap_定制_logger.go:87	test logger ...
2021-05-12T23:34:29.797+0800	INFO	gin_web/2021_5_12_zap_定制_logger.go:87	test logger ...
2021-05-12T23:34:29.797+0800	INFO	gin_web/2021_5_12_zap_定制_logger.go:87	test logger ...
2021-05-12T23:34:29.797+0800	INFO	gin_web/2021_5_12_zap_定制_logger.go:87	test logger ...
2021-05-12T23:34:29.797+0800	INFO	gin_web/2021_5_12_zap_定制_logger.go:87	test logger ...
2021-05-12T23:34:29.797+0800	INFO	gin_web/2021_5_12_zap_定制_logger.go:87	test logger ...
2021-05-12T23:34:29.797+0800	INFO	gin_web/2021_5_12_zap_定制_logger.go:87	test logger ...
2021-05-12T23:34:29.797+0800	INFO	gin_web/2021_5_12_zap_定制_logger.go:87	test logger ...
2021-05-12T23:34:29.797+0800	INFO	gin_web/2021_5_12_zap_定制_logger.go:87	test logger ...
2021-05-12T23:34:29.797+0800	INFO	gin_web/2021_5_12_zap_定制_logger.go:87	test logger ...
2021-05-12T23:34:29.797+0800	INFO	gin_web/2021_5_12_zap_定制_logger.go:87	test logger ...
2021-05-12T23:34:29.797+0800	INFO	gin_web/2021_5_12_zap_定制_logger.go:87	test logger ...
2021-05-12T23:34:29.797+0800	INFO	gin_web/2021_5_12_zap_定制_logger.go:87	test logger ...
2021-05-12T23:34:29.797+0800	INFO	gin_web/2021_5_12_zap_定制_logger.go:87	test logger ...
2021-05-12T23:34:29.797+0800	INFO	gin_web/2021_5_12_zap_定制_logger.go:87	test logger ...
2021-05-12T23:34:29.797+0800	INFO	gin_web/2021_5_12_zap_定制_logger.go:87	test logger ...
2021-05-12T23:34:29.797+0800	INFO	gin_web/2021_5_12_zap_定制_logger.go:87	test logger ...
2021-05-12T23:34:29.797+0800	INFO	gin_web/2021_5_12_zap_定制_logger.go:87	test logger ...
2021-05-12T23:34:29.797+0800	INFO	gin_web/2021_5_12_zap_定制_logger.go:87	test logger ...
2021-05-12T23:34:29.797+0800	INFO	gin_web/2021_5_12_zap_定制_logger.go:87	test logger ...
2021-05-12T23:34:29.797+0800	INFO	gin_web/2021_5_12_zap_定制_logger.go:87	test logger ...
2021-05-12T23:34:29.797+0800	INFO	gin_web/2021_5_12_zap_定制_logger.go:87	test logger ...
2021-05-12T23:34:29.797+0800	INFO	gin_web/2021_5_12_zap_定制_logger.go:87	test logger ...
2021-05-12T23:34:29.797+0800	INFO	gin_web/2021_5_12_zap_定制_logger.go:87	test logger ...
2021-05-12T23:34:29.797+0800	INFO	gin_web/2021_5_12_zap_定制_logger.go:87	test logger ...
2021-05-12T23:34:29.797+0800	INFO	gin_web/2021_5_12_zap_定制_logger.go:87	test logger ...
2021-05-12T23:34:29.797+0800	INFO	gin_web/2021_5_12_zap_定制_logger.go:87	test logger ...
2021-05-12T23:34:29.797+0800	INFO	gin_web/2021_5_12_zap_定制_logger.go:87	test logger ...
2021-05-12T23:34:29.797+0800	INFO	gin_web/2021_5_12_zap_定制_logger.go:87	test logger ...
2021-05-12T23:34:29.797+0800	INFO	gin_web/2021_5_12_zap_定制_logger.go:87	test logger ...
2021-05-12T23:34:29.797+0800	INFO	gin_web/2021_5_12_zap_定制_logger.go:87	test logger ...
2021-05-12T23:34:29.797+0800	INFO	gin_web/2021_5_12_zap_定制_logger.go:87	test logger ...
2021-05-12T23:34:29.797+0800	INFO	gin_web/2021_5_12_zap_定制_logger.go:87	test logger ...
2021-05-12T23:34:29.797+0800	INFO	gin_web/2021_5_12_zap_定制_logger.go:87	test logger ...
2021-05-12T23:34:29.797+0800	INFO	gin_web/2021_5_12_zap_定制_logger.go:87	test logger ...
2021-05-12T23:34:29.797+0800	INFO	gin_web/2021_5_12_zap_定制_logger.go:87	test logger ...
2021-05-12T23:34:29.797+0800	INFO	gin_web/2021_5_12_zap_定制_logger.go:87	test logger ...
2021-05-12T23:34:29.797+0800	INFO	gin_web/2021_5_12_zap_定制_logger.go:87	test logger ...
2021-05-12T23:34:29.797+0800	INFO	gin_web/2021_5_12_zap_定制_logger.go:87	test logger ...
2021-05-12T23:34:29.797+0800	INFO	gin_web/2021_5_12_zap_定制_logger.go:87	test logger ...
2021-05-12T23:34:29.797+0800	INFO	gin_web/2021_5_12_zap_定制_logger.go:87	test logger ...
2021-05-12T23:34:29.797+0800	INFO	gin_web/2021_5_12_zap_定制_logger.go:87	test logger ...
2021-05-12T23:34:29.797+0800	INFO	gin_web/2021_5_12_zap_定制_logger.go:87	test logger ...
2021-05-12T23:34:29.797+0800	INFO	gin_web/2021_5_12_zap_定制_logger.go:87	test logger ...
2021-05-12T23:34:29.797+0800	INFO	gin_web/2021_5_12_zap_定制_logger.go:87	test logger ...
2021-05-12T23:34:29.797+0800	INFO	gin_web/2021_5_12_zap_定制_logger.go:87	test logger ...
2021-05-12T23:34:29.797+0800	INFO	gin_web/2021_5_12_zap_定制_logger.go:87	test logger ...
2021-05-12T23:34:29.797+0800	INFO	gin_web/2021_5_12_zap_定制_logger.go:87	test logger ...
2021-05-12T23:34:29.797+0800	INFO	gin_web/2021_5_12_zap_定制_logger.go:87	test logger ...
2021-05-12T23:34:29.797+0800	INFO	gin_web/2021_5_12_zap_定制_logger.go:87	test logger ...
2021-05-12T23:34:29.797+0800	INFO	gin_web/2021_5_12_zap_定制_logger.go:87	test logger ...
2021-05-12T23:34:29.797+0800	INFO	gin_web/2021_5_12_zap_定制_logger.go:87	test logger ...
2021-05-12T23:34:29.797+0800	INFO	gin_web/2021_5_12_zap_定制_logger.go:87	test logger ...
2021-05-12T23:34:29.797+0800	INFO	gin_web/2021_5_12_zap_定制_logger.go:87	test logger ...
2021-05-12T23:34:29.797+0800	INFO	gin_web/2021_5_12_zap_定制_logger.go:87	test logger ...
2021-05-12T23:34:29.797+0800	INFO	gin_web/2021_5_12_zap_定制_logger.go:87	test logger ...
2021-05-12T23:34:29.797+0800	INFO	gin_web/2021_5_12_zap_定制_logger.go:87	test logger ...
2021-05-12T23:34:29.797+0800	INFO	gin_web/2021_5_12_zap_定制_logger.go:87	test logger ...
2021-05-12T23:34:29.797+0800	INFO	gin_web/2021_5_12_zap_定制_logger.go:87	test logger ...
2021-05-12T23:34:29.797+0800	INFO	gin_web/2021_5_12_zap_定制_logger.go:87	test logger ...
2021-05-12T23:34:29.797+0800	INFO	gin_web/2021_5_12_zap_定制_logger.go:87	test logger ...
2021-05-12T23:34:29.797+0800	INFO	gin_web/2021_5_12_zap_定制_logger.go:87	test logger ...
2021-05-12T23:34:29.797+0800	INFO	gin_web/2021_5_12_zap_定制_logger.go:87	test logger ...
2021-05-12T23:34:29.797+0800	INFO	gin_web/2021_5_12_zap_定制_logger.go:87	test logger ...
2021-05-12T23:34:29.797+0800	INFO	gin_web/2021_5_12_zap_定制_logger.go:87	test logger ...
2021-05-12T23:34:29.797+0800	INFO	gin_web/2021_5_12_zap_定制_logger.go:87	test logger ...
2021-05-12T23:34:29.797+0800	INFO	gin_web/2021_5_12_zap_定制_logger.go:87	test logger ...
2021-05-12T23:34:29.797+0800	INFO	gin_web/2021_5_12_zap_定制_logger.go:87	test logger ...
2021-05-12T23:34:29.797+0800	INFO	gin_web/2021_5_12_zap_定制_logger.go:87	test logger ...
2021-05-12T23:34:29.797+0800	INFO	gin_web/2021_5_12_zap_定制_logger.go:87	test logger ...
2021-05-12T23:34:29.798+0800	INFO	gin_web/2021_5_12_zap_定制_logger.go:87	test logger ...
2021-05-12T23:34:29.798+0800	INFO	gin_web/2021_5_12_zap_定制_logger.go:87	test logger ...
2021-05-12T23:34:29.798+0800	INFO	gin_web/2021_5_12_zap_定制_logger.go:87	test logger ...
2021-05-12T23:34:29.798+0800	INFO	gin_web/2021_5_12_zap_定制_logger.go:87	test logger ...
2021-05-12T23:34:29.798+0800	INFO	gin_web/2021_5_12_zap_定制_logger.go:87	test logger ...
2021-05-12T23:34:29.798+0800	INFO	gin_web/2021_5_12_zap_定制_logger.go:87	test logger ...
2021-05-12T23:34:29.798+0800	INFO	gin_web/2021_5_12_zap_定制_logger.go:87	test logger ...
2021-05-12T23:34:29.798+0800	INFO	gin_web/2021_5_12_zap_定制_logger.go:87	test logger ...
2021-05-12T23:34:29.798+0800	INFO	gin_web/2021_5_12_zap_定制_logger.go:87	test logger ...
2021-05-12T23:34:29.798+0800	INFO	gin_web/2021_5_12_zap_定制_logger.go:87	test logger ...
2021-05-12T23:34:29.798+0800	INFO	gin_web/2021_5_12_zap_定制_logger.go:87	test logger ...
2021-05-12T23:34:29.798+0800	INFO	gin_web/2021_5_12_zap_定制_logger.go:87	test logger ...
2021-05-12T23:34:29.798+0800	INFO	gin_web/2021_5_12_zap_定制_logger.go:87	test logger ...
2021-05-12T23:34:29.798+0800	INFO	gin_web/2021_5_12_zap_定制_logger.go:87	test logger ...
2021-05-12T23:34:29.798+0800	INFO	gin_web/2021_5_12_zap_定制_logger.go:87	test logger ...
2021-05-12T23:34:29.798+0800	INFO	gin_web/2021_5_12_zap_定制_logger.go:87	test logger ...
2021-05-12T23:34:29.798+0800	INFO	gin_web/2021_5_12_zap_定制_logger.go:87	test logger ...
2021-05-12T23:34:29.798+0800	INFO	gin_web/2021_5_12_zap_定制_logger.go:87	test logger ...
2021-05-12T23:34:29.798+0800	INFO	gin_web/2021_5_12_zap_定制_logger.go:87	test logger ...
2021-05-12T23:34:29.798+0800	INFO	gin_web/2021_5_12_zap_定制_logger.go:87	test logger ...
2021-05-12T23:34:29.798+0800	INFO	gin_web/2021_5_12_zap_定制_logger.go:87	test logger ...
2021-05-12T23:34:29.798+0800	INFO	gin_web/2021_5_12_zap_定制_logger.go:87	test logger ...
2021-05-12T23:34:29.798+0800	INFO	gin_web/2021_5_12_zap_定制_logger.go:87	test logger ...
2021-05-12T23:34:29.798+0800	INFO	gin_web/2021_5_12_zap_定制_logger.go:87	test logger ...
2021-05-12T23:34:29.798+0800	INFO	gin_web/2021_5_12_zap_定制_logger.go:87	test logger ...
2021-05-12T23:34:29.798+0800	INFO	gin_web/2021_5_12_zap_定制_logger.go:87	test logger ...
2021-05-12T23:34:29.798+0800	INFO	gin_web/2021_5_12_zap_定制_logger.go:87	test logger ...
2021-05-12T23:34:29.798+0800	INFO	gin_web/2021_5_12_zap_定制_logger.go:87	test logger ...
2021-05-12T23:34:29.798+0800	INFO	gin_web/2021_5_12_zap_定制_logger.go:87	test logger ...
2021-05-12T23:34:29.798+0800	INFO	gin_web/2021_5_12_zap_定制_logger.go:87	test logger ...
2021-05-12T23:34:29.798+0800	INFO	gin_web/2021_5_12_zap_定制_logger.go:87	test logger ...
2021-05-12T23:34:29.798+0800	INFO	gin_web/2021_5_12_zap_定制_logger.go:87	test logger ...
2021-05-12T23:34:29.798+0800	INFO	gin_web/2021_5_12_zap_定制_logger.go:87	test logger ...
2021-05-12T23:34:29.798+0800	INFO	gin_web/2021_5_12_zap_定制_logger.go:87	test logger ...
2021-05-12T23:34:29.798+0800	INFO	gin_web/2021_5_12_zap_定制_logger.go:87	test logger ...
2021-05-12T23:34:29.798+0800	INFO	gin_web/2021_5_12_zap_定制_logger.go:87	test logger ...
2021-05-12T23:34:29.798+0800	INFO	gin_web/2021_5_12_zap_定制_logger.go:87	test logger ...
2021-05-12T23:34:29.798+0800	INFO	gin_web/2021_5_12_zap_定制_logger.go:87	test logger ...
2021-05-12T23:34:29.798+0800	INFO	gin_web/2021_5_12_zap_定制_logger.go:87	test logger ...
2021-05-12T23:34:29.798+0800	INFO	gin_web/2021_5_12_zap_定制_logger.go:87	test logger ...
2021-05-12T23:34:29.798+0800	INFO	gin_web/2021_5_12_zap_定制_logger.go:87	test logger ...
2021-05-12T23:34:29.798+0800	INFO	gin_web/2021_5_12_zap_定制_logger.go:87	test logger ...
2021-05-12T23:34:29.798+0800	INFO	gin_web/2021_5_12_zap_定制_logger.go:87	test logger ...
2021-05-12T23:34:29.798+0800	INFO	gin_web/2021_5_12_zap_定制_logger.go:87	test logger ...
2021-05-12T23:34:29.798+0800	INFO	gin_web/2021_5_12_zap_定制_logger.go:87	test logger ...
2021-05-12T23:34:29.798+0800	INFO	gin_web/2021_5_12_zap_定制_logger.go:87	test logger ...
2021-05-12T23:34:29.798+0800	INFO	gin_web/2021_5_12_zap_定制_logger.go:87	test logger ...
2021-05-12T23:34:29.798+0800	INFO	gin_web/2021_5_12_zap_定制_logger.go:87	test logger ...
2021-05-12T23:34:29.798+0800	INFO	gin_web/2021_5_12_zap_定制_logger.go:87	test logger ...
2021-05-12T23:34:29.798+0800	INFO	gin_web/2021_5_12_zap_定制_logger.go:87	test logger ...
2021-05-12T23:34:29.798+0800	INFO	gin_web/2021_5_12_zap_定制_logger.go:87	test logger ...
2021-05-12T23:34:29.798+0800	INFO	gin_web/2021_5_12_zap_定制_logger.go:87	test logger ...
2021-05-12T23:34:29.798+0800	INFO	gin_web/2021_5_12_zap_定制_logger.go:87	test logger ...
2021-05-12T23:34:29.798+0800	INFO	gin_web/2021_5_12_zap_定制_logger.go:87	test logger ...
2021-05-12T23:34:29.798+0800	INFO	gin_web/2021_5_12_zap_定制_logger.go:87	test logger ...
2021-05-12T23:34:29.798+0800	INFO	gin_web/2021_5_12_zap_定制_logger.go:87	test logger ...
2021-05-12T23:34:29.798+0800	INFO	gin_web/2021_5_12_zap_定制_logger.go:87	test logger ...
2021-05-12T23:34:29.798+0800	INFO	gin_web/2021_5_12_zap_定制_logger.go:87	test logger ...
2021-05-12T23:34:29.798+0800	INFO	gin_web/2021_5_12_zap_定制_logger.go:87	test logger ...
2021-05-12T23:34:29.798+0800	INFO	gin_web/2021_5_12_zap_定制_logger.go:87	test logger ...
2021-05-12T23:34:29.798+0800	INFO	gin_web/2021_5_12_zap_定制_logger.go:87	test logger ...
2021-05-12T23:34:29.798+0800	INFO	gin_web/2021_5_12_zap_定制_logger.go:87	test logger ...
2021-05-12T23:34:29.798+0800	INFO	gin_web/2021_5_12_zap_定制_logger.go:87	test logger ...
2021-05-12T23:34:29.798+0800	INFO	gin_web/2021_5_12_zap_定制_logger.go:87	test logger ...
2021-05-12T23:34:29.798+0800	INFO	gin_web/2021_5_12_zap_定制_logger.go:87	test logger ...
2021-05-12T23:34:29.798+0800	INFO	gin_web/2021_5_12_zap_定制_logger.go:87	test logger ...
2021-05-12T23:34:29.798+0800	INFO	gin_web/2021_5_12_zap_定制_logger.go:87	test logger ...
2021-05-12T23:34:29.798+0800	INFO	gin_web/2021_5_12_zap_定制_logger.go:87	test logger ...
2021-05-12T23:34:29.798+0800	INFO	gin_web/2021_5_12_zap_定制_logger.go:87	test logger ...
2021-05-12T23:34:29.798+0800	INFO	gin_web/2021_5_12_zap_定制_logger.go:87	test logger ...
2021-05-12T23:34:29.798+0800	INFO	gin_web/2021_5_12_zap_定制_logger.go:87	test logger ...
2021-05-12T23:34:29.798+0800	INFO	gin_web/2021_5_12_zap_定制_logger.go:87	test logger ...
2021-05-12T23:34:29.798+0800	INFO	gin_web/2021_5_12_zap_定制_logger.go:87	test logger ...
2021-05-12T23:34:29.798+0800	INFO	gin_web/2021_5_12_zap_定制_logger.go:87	test logger ...
2021-05-12T23:34:29.798+0800	INFO	gin_web/2021_5_12_zap_定制_logger.go:87	test logger ...
2021-05-12T23:34:29.798+0800	INFO	gin_web/2021_5_12_zap_定制_logger.go:87	test logger ...
2021-05-12T23:34:29.798+0800	INFO	gin_web/2021_5_12_zap_定制_logger.go:87	test logger ...
2021-05-12T23:34:29.798+0800	INFO	gin_web/2021_5_12_zap_定制_logger.go:87	test logger ...
2021-05-12T23:34:29.798+0800	INFO	gin_web/2021_5_12_zap_定制_logger.go:87	test logger ...
2021-05-12T23:34:29.798+0800	INFO	gin_web/2021_5_12_zap_定制_logger.go:87	test logger ...
2021-05-12T23:34:29.798+0800	INFO	gin_web/2021_5_12_zap_定制_logger.go:87	test logger ...
2021-05-12T23:34:29.798+0800	INFO	gin_web/2021_5_12_zap_定制_logger.go:87	test logger ...
2021-05-12T23:34:29.798+0800	INFO	gin_web/2021_5_12_zap_定制_logger.go:87	test logger ...
2021-05-12T23:34:29.798+0800	INFO	gin_web/2021_5_12_zap_定制_logger.go:87	test logger ...
2021-05-12T23:34:29.798+0800	INFO	gin_web/2021_5_12_zap_定制_logger.go:87	test logger ...
2021-05-12T23:34:29.798+0800	INFO	gin_web/2021_5_12_zap_定制_logger.go:87	test logger ...
2021-05-12T23:34:29.798+0800	INFO	gin_web/2021_5_12_zap_定制_logger.go:87	test logger ...
2021-05-12T23:34:29.798+0800	INFO	gin_web/2021_5_12_zap_定制_logger.go:87	test logger ...
2021-05-12T23:34:29.798+0800	INFO	gin_web/2021_5_12_zap_定制_logger.go:87	test logger ...
2021-05-12T23:34:29.798+0800	INFO	gin_web/2021_5_12_zap_定制_logger.go:87	test logger ...
2021-05-12T23:34:29.798+0800	INFO	gin_web/2021_5_12_zap_定制_logger.go:87	test logger ...
2021-05-12T23:34:29.798+0800	INFO	gin_web/2021_5_12_zap_定制_logger.go:87	test logger ...
2021-05-12T23:34:29.798+0800	INFO	gin_web/2021_5_12_zap_定制_logger.go:87	test logger ...
2021-05-12T23:34:29.798+0800	INFO	gin_web/2021_5_12_zap_定制_logger.go:87	test logger ...
2021-05-12T23:34:29.798+0800	INFO	gin_web/2021_5_12_zap_定制_logger.go:87	test logger ...
2021-05-12T23:34:29.798+0800	INFO	gin_web/2021_5_12_zap_定制_logger.go:87	test logger ...
2021-05-12T23:34:29.798+0800	INFO	gin_web/2021_5_12_zap_定制_logger.go:87	test logger ...
2021-05-12T23:34:29.798+0800	INFO	gin_web/2021_5_12_zap_定制_logger.go:87	test logger ...
2021-05-12T23:34:29.798+0800	INFO	gin_web/2021_5_12_zap_定制_logger.go:87	test logger ...
2021-05-12T23:34:29.798+0800	INFO	gin_web/2021_5_12_zap_定制_logger.go:87	test logger ...
2021-05-12T23:34:29.798+0800	INFO	gin_web/2021_5_12_zap_定制_logger.go:87	test logger ...
2021-05-12T23:34:29.798+0800	INFO	gin_web/2021_5_12_zap_定制_logger.go:87	test logger ...
2021-05-12T23:34:29.799+0800	INFO	gin_web/2021_5_12_zap_定制_logger.go:87	test logger ...
2021-05-12T23:34:29.799+0800	INFO	gin_web/2021_5_12_zap_定制_logger.go:87	test logger ...
2021-05-12T23:34:29.799+0800	INFO	gin_web/2021_5_12_zap_定制_logger.go:87	test logger ...
2021-05-12T23:34:29.799+0800	INFO	gin_web/2021_5_12_zap_定制_logger.go:87	test logger ...
2021-05-12T23:34:29.799+0800	INFO	gin_web/2021_5_12_zap_定制_logger.go:87	test logger ...
2021-05-12T23:34:29.799+0800	INFO	gin_web/2021_5_12_zap_定制_logger.go:87	test logger ...
2021-05-12T23:34:29.799+0800	INFO	gin_web/2021_5_12_zap_定制_logger.go:87	test logger ...
2021-05-12T23:34:29.799+0800	INFO	gin_web/2021_5_12_zap_定制_logger.go:87	test logger ...
2021-05-12T23:34:29.799+0800	INFO	gin_web/2021_5_12_zap_定制_logger.go:87	test logger ...
2021-05-12T23:34:29.799+0800	INFO	gin_web/2021_5_12_zap_定制_logger.go:87	test logger ...
2021-05-12T23:34:29.799+0800	INFO	gin_web/2021_5_12_zap_定制_logger.go:87	test logger ...
2021-05-12T23:34:29.799+0800	INFO	gin_web/2021_5_12_zap_定制_logger.go:87	test logger ...
2021-05-12T23:34:29.799+0800	INFO	gin_web/2021_5_12_zap_定制_logger.go:87	test logger ...
2021-05-12T23:34:29.799+0800	INFO	gin_web/2021_5_12_zap_定制_logger.go:87	test logger ...
2021-05-12T23:34:29.799+0800	INFO	gin_web/2021_5_12_zap_定制_logger.go:87	test logger ...
2021-05-12T23:34:29.799+0800	INFO	gin_web/2021_5_12_zap_定制_logger.go:87	test logger ...
2021-05-12T23:34:29.799+0800	INFO	gin_web/2021_5_12_zap_定制_logger.go:87	test logger ...
2021-05-12T23:34:29.799+0800	INFO	gin_web/2021_5_12_zap_定制_logger.go:87	test logger ...
2021-05-12T23:34:29.799+0800	INFO	gin_web/2021_5_12_zap_定制_logger.go:87	test logger ...
2021-05-12T23:34:29.799+0800	INFO	gin_web/2021_5_12_zap_定制_logger.go:87	test logger ...
2021-05-12T23:34:29.799+0800	INFO	gin_web/2021_5_12_zap_定制_logger.go:87	test logger ...
2021-05-12T23:34:29.799+0800	INFO	gin_web/2021_5_12_zap_定制_logger.go:87	test logger ...
2021-05-12T23:34:29.799+0800	INFO	gin_web/2021_5_12_zap_定制_logger.go:87	test logger ...
2021-05-12T23:34:29.799+0800	INFO	gin_web/2021_5_12_zap_定制_logger.go:87	test logger ...
2021-05-12T23:34:29.799+0800	INFO	gin_web/2021_5_12_zap_定制_logger.go:87	test logger ...
2021-05-12T23:34:29.799+0800	INFO	gin_web/2021_5_12_zap_定制_logger.go:87	test logger ...
2021-05-12T23:34:29.799+0800	INFO	gin_web/2021_5_12_zap_定制_logger.go:87	test logger ...
2021-05-12T23:34:29.799+0800	INFO	gin_web/2021_5_12_zap_定制_logger.go:87	test logger ...
2021-05-12T23:34:29.799+0800	INFO	gin_web/2021_5_12_zap_定制_logger.go:87	test logger ...
2021-05-12T23:34:29.799+0800	INFO	gin_web/2021_5_12_zap_定制_logger.go:87	test logger ...
2021-05-12T23:34:29.799+0800	INFO	gin_web/2021_5_12_zap_定制_logger.go:87	test logger ...
2021-05-12T23:34:29.799+0800	INFO	gin_web/2021_5_12_zap_定制_logger.go:87	test logger ...
2021-05-12T23:34:29.799+0800	INFO	gin_web/2021_5_12_zap_定制_logger.go:87	test logger ...
2021-05-12T23:34:29.799+0800	INFO	gin_web/2021_5_12_zap_定制_logger.go:87	test logger ...
2021-05-12T23:34:29.799+0800	INFO	gin_web/2021_5_12_zap_定制_logger.go:87	test logger ...
2021-05-12T23:34:29.799+0800	INFO	gin_web/2021_5_12_zap_定制_logger.go:87	test logger ...
2021-05-12T23:34:29.799+0800	INFO	gin_web/2021_5_12_zap_定制_logger.go:87	test logger ...
2021-05-12T23:34:29.799+0800	INFO	gin_web/2021_5_12_zap_定制_logger.go:87	test logger ...
2021-05-12T23:34:29.799+0800	INFO	gin_web/2021_5_12_zap_定制_logger.go:87	test logger ...
2021-05-12T23:34:29.799+0800	INFO	gin_web/2021_5_12_zap_定制_logger.go:87	test logger ...
2021-05-12T23:34:29.799+0800	INFO	gin_web/2021_5_12_zap_定制_logger.go:87	test logger ...
2021-05-12T23:34:29.799+0800	INFO	gin_web/2021_5_12_zap_定制_logger.go:87	test logger ...
2021-05-12T23:34:29.799+0800	INFO	gin_web/2021_5_12_zap_定制_logger.go:87	test logger ...
2021-05-12T23:34:29.799+0800	INFO	gin_web/2021_5_12_zap_定制_logger.go:87	test logger ...
2021-05-12T23:34:29.799+0800	INFO	gin_web/2021_5_12_zap_定制_logger.go:87	test logger ...
2021-05-12T23:34:29.799+0800	INFO	gin_web/2021_5_12_zap_定制_logger.go:87	test logger ...
2021-05-12T23:34:29.799+0800	INFO	gin_web/2021_5_12_zap_定制_logger.go:87	test logger ...
2021-05-12T23:34:29.799+0800	INFO	gin_web/2021_5_12_zap_定制_logger.go:87	test logger ...
2021-05-12T23:34:29.799+0800	INFO	gin_web/2021_5_12_zap_定制_logger.go:87	test logger ...
2021-05-12T23:34:29.799+0800	INFO	gin_web/2021_5_12_zap_定制_logger.go:87	test logger ...
2021-05-12T23:34:29.799+0800	INFO	gin_web/2021_5_12_zap_定制_logger.go:87	test logger ...
2021-05-12T23:34:29.799+0800	INFO	gin_web/2021_5_12_zap_定制_logger.go:87	test logger ...
2021-05-12T23:34:29.799+0800	INFO	gin_web/2021_5_12_zap_定制_logger.go:87	test logger ...
2021-05-12T23:34:29.799+0800	INFO	gin_web/2021_5_12_zap_定制_logger.go:87	test logger ...
2021-05-12T23:34:29.799+0800	INFO	gin_web/2021_5_12_zap_定制_logger.go:87	test logger ...
2021-05-12T23:34:29.799+0800	INFO	gin_web/2021_5_12_zap_定制_logger.go:87	test logger ...
2021-05-12T23:34:29.799+0800	INFO	gin_web/2021_5_12_zap_定制_logger.go:87	test logger ...
2021-05-12T23:34:29.799+0800	INFO	gin_web/2021_5_12_zap_定制_logger.go:87	test logger ...
2021-05-12T23:34:29.799+0800	INFO	gin_web/2021_5_12_zap_定制_logger.go:87	test logger ...
2021-05-12T23:34:29.799+0800	INFO	gin_web/2021_5_12_zap_定制_logger.go:87	test logger ...
2021-05-12T23:34:29.799+0800	INFO	gin_web/2021_5_12_zap_定制_logger.go:87	test logger ...
2021-05-12T23:34:29.799+0800	INFO	gin_web/2021_5_12_zap_定制_logger.go:87	test logger ...
2021-05-12T23:34:29.799+0800	INFO	gin_web/2021_5_12_zap_定制_logger.go:87	test logger ...
2021-05-12T23:34:29.799+0800	INFO	gin_web/2021_5_12_zap_定制_logger.go:87	test logger ...
2021-05-12T23:34:29.799+0800	INFO	gin_web/2021_5_12_zap_定制_logger.go:87	test logger ...
2021-05-12T23:34:29.799+0800	INFO	gin_web/2021_5_12_zap_定制_logger.go:87	test logger ...
2021-05-12T23:34:29.799+0800	INFO	gin_web/2021_5_12_zap_定制_logger.go:87	test logger ...
2021-05-12T23:34:29.799+0800	INFO	gin_web/2021_5_12_zap_定制_logger.go:87	test logger ...
2021-05-12T23:34:29.799+0800	INFO	gin_web/2021_5_12_zap_定制_logger.go:87	test logger ...
2021-05-12T23:34:29.799+0800	INFO	gin_web/2021_5_12_zap_定制_logger.go:87	test logger ...
2021-05-12T23:34:29.799+0800	INFO	gin_web/2021_5_12_zap_定制_logger.go:87	test logger ...
2021-05-12T23:34:29.799+0800	INFO	gin_web/2021_5_12_zap_定制_logger.go:87	test logger ...
2021-05-12T23:34:29.799+0800	INFO	gin_web/2021_5_12_zap_定制_logger.go:87	test logger ...
2021-05-12T23:34:29.799+0800	INFO	gin_web/2021_5_12_zap_定制_logger.go:87	test logger ...
2021-05-12T23:34:29.799+0800	INFO	gin_web/2021_5_12_zap_定制_logger.go:87	test logger ...
2021-05-12T23:34:29.799+0800	INFO	gin_web/2021_5_12_zap_定制_logger.go:87	test logger ...
2021-05-12T23:34:29.799+0800	INFO	gin_web/2021_5_12_zap_定制_logger.go:87	test logger ...
2021-05-12T23:34:29.799+0800	INFO	gin_web/2021_5_12_zap_定制_logger.go:87	test logger ...
2021-05-12T23:34:29.799+0800	INFO	gin_web/2021_5_12_zap_定制_logger.go:87	test logger ...
2021-05-12T23:34:29.799+0800	INFO	gin_web/2021_5_12_zap_定制_logger.go:87	test logger ...
2021-05-12T23:34:29.799+0800	INFO	gin_web/2021_5_12_zap_定制_logger.go:87	test logger ...
2021-05-12T23:34:29.799+0800	INFO	gin_web/2021_5_12_zap_定制_logger.go:87	test logger ...
2021-05-12T23:34:29.799+0800	INFO	gin_web/2021_5_12_zap_定制_logger.go:87	test logger ...
2021-05-12T23:34:29.799+0800	INFO	gin_web/2021_5_12_zap_定制_logger.go:87	test logger ...
2021-05-12T23:34:29.799+0800	INFO	gin_web/2021_5_12_zap_定制_logger.go:87	test logger ...
2021-05-12T23:34:29.799+0800	INFO	gin_web/2021_5_12_zap_定制_logger.go:87	test logger ...
2021-05-12T23:34:29.799+0800	INFO	gin_web/2021_5_12_zap_定制_logger.go:87	test logger ...
2021-05-12T23:34:29.799+0800	INFO	gin_web/2021_5_12_zap_定制_logger.go:87	test logger ...
2021-05-12T23:34:29.799+0800	INFO	gin_web/2021_5_12_zap_定制_logger.go:87	test logger ...
2021-05-12T23:34:29.799+0800	INFO	gin_web/2021_5_12_zap_定制_logger.go:87	test logger ...
2021-05-12T23:34:29.799+0800	INFO	gin_web/2021_5_12_zap_定制_logger.go:87	test logger ...
2021-05-12T23:34:29.799+0800	INFO	gin_web/2021_5_12_zap_定制_logger.go:87	test logger ...
2021-05-12T23:34:29.799+0800	INFO	gin_web/2021_5_12_zap_定制_logger.go:87	test logger ...
2021-05-12T23:34:29.799+0800	INFO	gin_web/2021_5_12_zap_定制_logger.go:87	test logger ...
2021-05-12T23:34:29.799+0800	INFO	gin_web/2021_5_12_zap_定制_logger.go:87	test logger ...
2021-05-12T23:34:29.799+0800	INFO	gin_web/2021_5_12_zap_定制_logger.go:87	test logger ...
2021-05-12T23:34:29.799+0800	INFO	gin_web/2021_5_12_zap_定制_logger.go:87	test logger ...
2021-05-12T23:34:29.799+0800	INFO	gin_web/2021_5_12_zap_定制_logger.go:87	test logger ...
2021-05-12T23:34:29.799+0800	INFO	gin_web/2021_5_12_zap_定制_logger.go:87	test logger ...
2021-05-12T23:34:29.799+0800	INFO	gin_web/2021_5_12_zap_定制_logger.go:87	test logger ...
2021-05-12T23:34:29.799+0800	INFO	gin_web/2021_5_12_zap_定制_logger.go:87	test logger ...
2021-05-12T23:34:29.799+0800	INFO	gin_web/2021_5_12_zap_定制_logger.go:87	test logger ...
2021-05-12T23:34:29.800+0800	INFO	gin_web/2021_5_12_zap_定制_logger.go:87	test logger ...
2021-05-12T23:34:29.800+0800	INFO	gin_web/2021_5_12_zap_定制_logger.go:87	test logger ...
2021-05-12T23:34:29.800+0800	INFO	gin_web/2021_5_12_zap_定制_logger.go:87	test logger ...
2021-05-12T23:34:29.800+0800	INFO	gin_web/2021_5_12_zap_定制_logger.go:87	test logger ...
2021-05-12T23:34:29.800+0800	INFO	gin_web/2021_5_12_zap_定制_logger.go:87	test logger ...
2021-05-12T23:34:29.800+0800	INFO	gin_web/2021_5_12_zap_定制_logger.go:87	test logger ...
2021-05-12T23:34:29.800+0800	INFO	gin_web/2021_5_12_zap_定制_logger.go:87	test logger ...
2021-05-12T23:34:29.800+0800	INFO	gin_web/2021_5_12_zap_定制_logger.go:87	test logger ...
2021-05-12T23:34:29.800+0800	INFO	gin_web/2021_5_12_zap_定制_logger.go:87	test logger ...
2021-05-12T23:34:29.800+0800	INFO	gin_web/2021_5_12_zap_定制_logger.go:87	test logger ...
2021-05-12T23:34:29.800+0800	INFO	gin_web/2021_5_12_zap_定制_logger.go:87	test logger ...
2021-05-12T23:34:29.800+0800	INFO	gin_web/2021_5_12_zap_定制_logger.go:87	test logger ...
2021-05-12T23:34:29.800+0800	INFO	gin_web/2021_5_12_zap_定制_logger.go:87	test logger ...
2021-05-12T23:34:29.800+0800	INFO	gin_web/2021_5_12_zap_定制_logger.go:87	test logger ...
2021-05-12T23:34:29.800+0800	INFO	gin_web/2021_5_12_zap_定制_logger.go:87	test logger ...
2021-05-12T23:34:29.800+0800	INFO	gin_web/2021_5_12_zap_定制_logger.go:87	test logger ...
2021-05-12T23:34:29.800+0800	INFO	gin_web/2021_5_12_zap_定制_logger.go:87	test logger ...
2021-05-12T23:34:29.800+0800	INFO	gin_web/2021_5_12_zap_定制_logger.go:87	test logger ...
2021-05-12T23:34:29.800+0800	INFO	gin_web/2021_5_12_zap_定制_logger.go:87	test logger ...
2021-05-12T23:34:29.800+0800	INFO	gin_web/2021_5_12_zap_定制_logger.go:87	test logger ...
2021-05-12T23:34:29.800+0800	INFO	gin_web/2021_5_12_zap_定制_logger.go:87	test logger ...
2021-05-12T23:34:29.800+0800	INFO	gin_web/2021_5_12_zap_定制_logger.go:87	test logger ...
2021-05-12T23:34:29.800+0800	INFO	gin_web/2021_5_12_zap_定制_logger.go:87	test logger ...
2021-05-12T23:34:29.800+0800	INFO	gin_web/2021_5_12_zap_定制_logger.go:87	test logger ...
2021-05-12T23:34:29.800+0800	INFO	gin_web/2021_5_12_zap_定制_logger.go:87	test logger ...
2021-05-12T23:34:29.800+0800	INFO	gin_web/2021_5_12_zap_定制_logger.go:87	test logger ...
2021-05-12T23:34:29.800+0800	INFO	gin_web/2021_5_12_zap_定制_logger.go:87	test logger ...
2021-05-12T23:34:29.800+0800	INFO	gin_web/2021_5_12_zap_定制_logger.go:87	test logger ...
2021-05-12T23:34:29.800+0800	INFO	gin_web/2021_5_12_zap_定制_logger.go:87	test logger ...
2021-05-12T23:34:29.800+0800	INFO	gin_web/2021_5_12_zap_定制_logger.go:87	test logger ...
2021-05-12T23:34:29.800+0800	INFO	gin_web/2021_5_12_zap_定制_logger.go:87	test logger ...
2021-05-12T23:34:29.800+0800	INFO	gin_web/2021_5_12_zap_定制_logger.go:87	test logger ...
2021-05-12T23:34:29.800+0800	INFO	gin_web/2021_5_12_zap_定制_logger.go:87	test logger ...
2021-05-12T23:34:29.800+0800	INFO	gin_web/2021_5_12_zap_定制_logger.go:87	test logger ...
2021-05-12T23:34:29.800+0800	INFO	gin_web/2021_5_12_zap_定制_logger.go:87	test logger ...
2021-05-12T23:34:29.800+0800	INFO	gin_web/2021_5_12_zap_定制_logger.go:87	test logger ...
2021-05-12T23:34:29.800+0800	INFO	gin_web/2021_5_12_zap_定制_logger.go:87	test logger ...
2021-05-12T23:34:29.800+0800	INFO	gin_web/2021_5_12_zap_定制_logger.go:87	test logger ...
2021-05-12T23:34:29.800+0800	INFO	gin_web/2021_5_12_zap_定制_logger.go:87	test logger ...
2021-05-12T23:34:29.800+0800	INFO	gin_web/2021_5_12_zap_定制_logger.go:87	test logger ...
2021-05-12T23:34:29.800+0800	INFO	gin_web/2021_5_12_zap_定制_logger.go:87	test logger ...
2021-05-12T23:34:29.800+0800	INFO	gin_web/2021_5_12_zap_定制_logger.go:87	test logger ...
2021-05-12T23:34:29.800+0800	INFO	gin_web/2021_5_12_zap_定制_logger.go:87	test logger ...
2021-05-12T23:34:29.800+0800	INFO	gin_web/2021_5_12_zap_定制_logger.go:87	test logger ...
2021-05-12T23:34:29.800+0800	INFO	gin_web/2021_5_12_zap_定制_logger.go:87	test logger ...
2021-05-12T23:34:29.800+0800	INFO	gin_web/2021_5_12_zap_定制_logger.go:87	test logger ...
2021-05-12T23:34:29.800+0800	INFO	gin_web/2021_5_12_zap_定制_logger.go:87	test logger ...
2021-05-12T23:34:29.800+0800	INFO	gin_web/2021_5_12_zap_定制_logger.go:87	test logger ...
2021-05-12T23:34:29.800+0800	INFO	gin_web/2021_5_12_zap_定制_logger.go:87	test logger ...
2021-05-12T23:34:29.800+0800	INFO	gin_web/2021_5_12_zap_定制_logger.go:87	test logger ...
2021-05-12T23:34:29.800+0800	INFO	gin_web/2021_5_12_zap_定制_logger.go:87	test logger ...
2021-05-12T23:34:29.800+0800	INFO	gin_web/2021_5_12_zap_定制_logger.go:87	test logger ...
2021-05-12T23:34:29.800+0800	INFO	gin_web/2021_5_12_zap_定制_logger.go:87	test logger ...
2021-05-12T23:34:29.800+0800	INFO	gin_web/2021_5_12_zap_定制_logger.go:87	test logger ...
2021-05-12T23:34:29.800+0800	INFO	gin_web/2021_5_12_zap_定制_logger.go:87	test logger ...
2021-05-12T23:34:29.800+0800	INFO	gin_web/2021_5_12_zap_定制_logger.go:87	test logger ...
2021-05-12T23:34:29.800+0800	INFO	gin_web/2021_5_12_zap_定制_logger.go:87	test logger ...
2021-05-12T23:34:29.800+0800	INFO	gin_web/2021_5_12_zap_定制_logger.go:87	test logger ...
2021-05-12T23:34:29.800+0800	INFO	gin_web/2021_5_12_zap_定制_logger.go:87	test logger ...
2021-05-12T23:34:29.800+0800	INFO	gin_web/2021_5_12_zap_定制_logger.go:87	test logger ...
2021-05-12T23:34:29.800+0800	INFO	gin_web/2021_5_12_zap_定制_logger.go:87	test logger ...
2021-05-12T23:34:29.800+0800	INFO	gin_web/2021_5_12_zap_定制_logger.go:87	test logger ...
2021-05-12T23:34:29.800+0800	INFO	gin_web/2021_5_12_zap_定制_logger.go:87	test logger ...
2021-05-12T23:34:29.800+0800	INFO	gin_web/2021_5_12_zap_定制_logger.go:87	test logger ...
2021-05-12T23:34:29.800+0800	INFO	gin_web/2021_5_12_zap_定制_logger.go:87	test logger ...
2021-05-12T23:34:29.800+0800	INFO	gin_web/2021_5_12_zap_定制_logger.go:87	test logger ...
2021-05-12T23:34:29.800+0800	INFO	gin_web/2021_5_12_zap_定制_logger.go:87	test logger ...
2021-05-12T23:34:29.800+0800	INFO	gin_web/2021_5_12_zap_定制_logger.go:87	test logger ...
2021-05-12T23:34:29.800+0800	INFO	gin_web/2021_5_12_zap_定制_logger.go:87	test logger ...
2021-05-12T23:34:29.800+0800	INFO	gin_web/2021_5_12_zap_定制_logger.go:87	test logger ...
2021-05-12T23:34:29.800+0800	INFO	gin_web/2021_5_12_zap_定制_logger.go:87	test logger ...
2021-05-12T23:34:29.800+0800	INFO	gin_web/2021_5_12_zap_定制_logger.go:87	test logger ...
2021-05-12T23:34:29.800+0800	INFO	gin_web/2021_5_12_zap_定制_logger.go:87	test logger ...
2021-05-12T23:34:29.800+0800	INFO	gin_web/2021_5_12_zap_定制_logger.go:87	test logger ...
2021-05-12T23:34:29.800+0800	INFO	gin_web/2021_5_12_zap_定制_logger.go:87	test logger ...
2021-05-12T23:34:29.800+0800	INFO	gin_web/2021_5_12_zap_定制_logger.go:87	test logger ...
2021-05-12T23:34:29.800+0800	INFO	gin_web/2021_5_12_zap_定制_logger.go:87	test logger ...
2021-05-12T23:34:29.800+0800	INFO	gin_web/2021_5_12_zap_定制_logger.go:87	test logger ...
2021-05-12T23:34:29.800+0800	INFO	gin_web/2021_5_12_zap_定制_logger.go:87	test logger ...
2021-05-12T23:34:29.800+0800	INFO	gin_web/2021_5_12_zap_定制_logger.go:87	test logger ...
2021-05-12T23:34:29.800+0800	INFO	gin_web/2021_5_12_zap_定制_logger.go:87	test logger ...
2021-05-12T23:34:29.800+0800	INFO	gin_web/2021_5_12_zap_定制_logger.go:87	test logger ...
2021-05-12T23:34:29.800+0800	INFO	gin_web/2021_5_12_zap_定制_logger.go:87	test logger ...
2021-05-12T23:34:29.800+0800	INFO	gin_web/2021_5_12_zap_定制_logger.go:87	test logger ...
2021-05-12T23:34:29.800+0800	INFO	gin_web/2021_5_12_zap_定制_logger.go:87	test logger ...
2021-05-12T23:34:29.800+0800	INFO	gin_web/2021_5_12_zap_定制_logger.go:87	test logger ...
2021-05-12T23:34:29.800+0800	INFO	gin_web/2021_5_12_zap_定制_logger.go:87	test logger ...
2021-05-12T23:34:29.800+0800	INFO	gin_web/2021_5_12_zap_定制_logger.go:87	test logger ...
2021-05-12T23:34:29.800+0800	INFO	gin_web/2021_5_12_zap_定制_logger.go:87	test logger ...
2021-05-12T23:34:29.800+0800	INFO	gin_web/2021_5_12_zap_定制_logger.go:87	test logger ...
2021-05-12T23:34:29.800+0800	INFO	gin_web/2021_5_12_zap_定制_logger.go:87	test logger ...
2021-05-12T23:34:29.800+0800	INFO	gin_web/2021_5_12_zap_定制_logger.go:87	test logger ...
2021-05-12T23:34:29.800+0800	INFO	gin_web/2021_5_12_zap_定制_logger.go:87	test logger ...
2021-05-12T23:34:29.800+0800	INFO	gin_web/2021_5_12_zap_定制_logger.go:87	test logger ...
2021-05-12T23:34:29.800+0800	INFO	gin_web/2021_5_12_zap_定制_logger.go:87	test logger ...
2021-05-12T23:34:29.800+0800	INFO	gin_web/2021_5_12_zap_定制_logger.go:87	test logger ...
2021-05-12T23:34:29.800+0800	INFO	gin_web/2021_5_12_zap_定制_logger.go:87	test logger ...
2021-05-12T23:34:29.800+0800	INFO	gin_web/2021_5_12_zap_定制_logger.go:87	test logger ...
2021-05-12T23:34:29.800+0800	INFO	gin_web/2021_5_12_zap_定制_logger.go:87	test logger ...
2021-05-12T23:34:29.800+0800	INFO	gin_web/2021_5_12_zap_定制_logger.go:87	test logger ...
2021-05-12T23:34:29.800+0800	INFO	gin_web/2021_5_12_zap_定制_logger.go:87	test logger ...
2021-05-12T23:34:29.800+0800	INFO	gin_web/2021_5_12_zap_定制_logger.go:87	test logger ...
2021-05-12T23:34:29.800+0800	INFO	gin_web/2021_5_12_zap_定制_logger.go:87	test logger ...
2021-05-12T23:34:29.801+0800	INFO	gin_web/2021_5_12_zap_定制_logger.go:87	test logger ...
2021-05-12T23:34:29.801+0800	INFO	gin_web/2021_5_12_zap_定制_logger.go:87	test logger ...
2021-05-12T23:34:29.801+0800	INFO	gin_web/2021_5_12_zap_定制_logger.go:87	test logger ...
2021-05-12T23:34:29.801+0800	INFO	gin_web/2021_5_12_zap_定制_logger.go:87	test logger ...
2021-05-12T23:34:29.801+0800	INFO	gin_web/2021_5_12_zap_定制_logger.go:87	test logger ...
2021-05-12T23:34:29.801+0800	INFO	gin_web/2021_5_12_zap_定制_logger.go:87	test logger ...
2021-05-12T23:34:29.801+0800	INFO	gin_web/2021_5_12_zap_定制_logger.go:87	test logger ...
2021-05-12T23:34:29.801+0800	INFO	gin_web/2021_5_12_zap_定制_logger.go:87	test logger ...
2021-05-12T23:34:29.801+0800	INFO	gin_web/2021_5_12_zap_定制_logger.go:87	test logger ...
2021-05-12T23:34:29.801+0800	INFO	gin_web/2021_5_12_zap_定制_logger.go:87	test logger ...
2021-05-12T23:34:29.801+0800	INFO	gin_web/2021_5_12_zap_定制_logger.go:87	test logger ...
2021-05-12T23:34:29.801+0800	INFO	gin_web/2021_5_12_zap_定制_logger.go:87	test logger ...
2021-05-12T23:34:29.801+0800	INFO	gin_web/2021_5_12_zap_定制_logger.go:87	test logger ...
2021-05-12T23:34:29.801+0800	INFO	gin_web/2021_5_12_zap_定制_logger.go:87	test logger ...
2021-05-12T23:34:29.801+0800	INFO	gin_web/2021_5_12_zap_定制_logger.go:87	test logger ...
2021-05-12T23:34:29.801+0800	INFO	gin_web/2021_5_12_zap_定制_logger.go:87	test logger ...
2021-05-12T23:34:29.801+0800	INFO	gin_web/2021_5_12_zap_定制_logger.go:87	test logger ...
2021-05-12T23:34:29.801+0800	INFO	gin_web/2021_5_12_zap_定制_logger.go:87	test logger ...
2021-05-12T23:34:29.801+0800	INFO	gin_web/2021_5_12_zap_定制_logger.go:87	test logger ...
2021-05-12T23:34:29.801+0800	INFO	gin_web/2021_5_12_zap_定制_logger.go:87	test logger ...
2021-05-12T23:34:29.801+0800	INFO	gin_web/2021_5_12_zap_定制_logger.go:87	test logger ...
2021-05-12T23:34:29.801+0800	INFO	gin_web/2021_5_12_zap_定制_logger.go:87	test logger ...
2021-05-12T23:34:29.801+0800	INFO	gin_web/2021_5_12_zap_定制_logger.go:87	test logger ...
2021-05-12T23:34:29.801+0800	INFO	gin_web/2021_5_12_zap_定制_logger.go:87	test logger ...
2021-05-12T23:34:29.801+0800	INFO	gin_web/2021_5_12_zap_定制_logger.go:87	test logger ...
2021-05-12T23:34:29.801+0800	INFO	gin_web/2021_5_12_zap_定制_logger.go:87	test logger ...
2021-05-12T23:34:29.801+0800	INFO	gin_web/2021_5_12_zap_定制_logger.go:87	test logger ...
2021-05-12T23:34:29.801+0800	INFO	gin_web/2021_5_12_zap_定制_logger.go:87	test logger ...
2021-05-12T23:34:29.801+0800	INFO	gin_web/2021_5_12_zap_定制_logger.go:87	test logger ...
2021-05-12T23:34:29.801+0800	INFO	gin_web/2021_5_12_zap_定制_logger.go:87	test logger ...
2021-05-12T23:34:29.801+0800	INFO	gin_web/2021_5_12_zap_定制_logger.go:87	test logger ...
2021-05-12T23:34:29.801+0800	INFO	gin_web/2021_5_12_zap_定制_logger.go:87	test logger ...
2021-05-12T23:34:29.801+0800	INFO	gin_web/2021_5_12_zap_定制_logger.go:87	test logger ...
2021-05-12T23:34:29.801+0800	INFO	gin_web/2021_5_12_zap_定制_logger.go:87	test logger ...
2021-05-12T23:34:29.801+0800	INFO	gin_web/2021_5_12_zap_定制_logger.go:87	test logger ...
2021-05-12T23:34:29.801+0800	INFO	gin_web/2021_5_12_zap_定制_logger.go:87	test logger ...
2021-05-12T23:34:29.801+0800	INFO	gin_web/2021_5_12_zap_定制_logger.go:87	test logger ...
2021-05-12T23:34:29.801+0800	INFO	gin_web/2021_5_12_zap_定制_logger.go:87	test logger ...
2021-05-12T23:34:29.801+0800	INFO	gin_web/2021_5_12_zap_定制_logger.go:87	test logger ...
2021-05-12T23:34:29.801+0800	INFO	gin_web/2021_5_12_zap_定制_logger.go:87	test logger ...
2021-05-12T23:34:29.801+0800	INFO	gin_web/2021_5_12_zap_定制_logger.go:87	test logger ...
2021-05-12T23:34:29.801+0800	INFO	gin_web/2021_5_12_zap_定制_logger.go:87	test logger ...
2021-05-12T23:34:29.801+0800	INFO	gin_web/2021_5_12_zap_定制_logger.go:87	test logger ...
2021-05-12T23:34:29.801+0800	INFO	gin_web/2021_5_12_zap_定制_logger.go:87	test logger ...
2021-05-12T23:34:29.801+0800	INFO	gin_web/2021_5_12_zap_定制_logger.go:87	test logger ...
2021-05-12T23:34:29.801+0800	INFO	gin_web/2021_5_12_zap_定制_logger.go:87	test logger ...
2021-05-12T23:34:29.801+0800	INFO	gin_web/2021_5_12_zap_定制_logger.go:87	test logger ...
2021-05-12T23:34:29.801+0800	INFO	gin_web/2021_5_12_zap_定制_logger.go:87	test logger ...
2021-05-12T23:34:29.801+0800	INFO	gin_web/2021_5_12_zap_定制_logger.go:87	test logger ...
2021-05-12T23:34:29.801+0800	INFO	gin_web/2021_5_12_zap_定制_logger.go:87	test logger ...
2021-05-12T23:34:29.801+0800	INFO	gin_web/2021_5_12_zap_定制_logger.go:87	test logger ...
2021-05-12T23:34:29.801+0800	INFO	gin_web/2021_5_12_zap_定制_logger.go:87	test logger ...
2021-05-12T23:34:29.801+0800	INFO	gin_web/2021_5_12_zap_定制_logger.go:87	test logger ...
2021-05-12T23:34:29.801+0800	INFO	gin_web/2021_5_12_zap_定制_logger.go:87	test logger ...
2021-05-12T23:34:29.801+0800	INFO	gin_web/2021_5_12_zap_定制_logger.go:87	test logger ...
2021-05-12T23:34:29.801+0800	INFO	gin_web/2021_5_12_zap_定制_logger.go:87	test logger ...
2021-05-12T23:34:29.801+0800	INFO	gin_web/2021_5_12_zap_定制_logger.go:87	test logger ...
2021-05-12T23:34:29.801+0800	INFO	gin_web/2021_5_12_zap_定制_logger.go:87	test logger ...
2021-05-12T23:34:29.801+0800	INFO	gin_web/2021_5_12_zap_定制_logger.go:87	test logger ...
2021-05-12T23:34:29.801+0800	INFO	gin_web/2021_5_12_zap_定制_logger.go:87	test logger ...
2021-05-12T23:34:29.801+0800	INFO	gin_web/2021_5_12_zap_定制_logger.go:87	test logger ...
2021-05-12T23:34:29.801+0800	INFO	gin_web/2021_5_12_zap_定制_logger.go:87	test logger ...
2021-05-12T23:34:29.801+0800	INFO	gin_web/2021_5_12_zap_定制_logger.go:87	test logger ...
2021-05-12T23:34:29.801+0800	INFO	gin_web/2021_5_12_zap_定制_logger.go:87	test logger ...
2021-05-12T23:34:29.801+0800	INFO	gin_web/2021_5_12_zap_定制_logger.go:87	test logger ...
2021-05-12T23:34:29.801+0800	INFO	gin_web/2021_5_12_zap_定制_logger.go:87	test logger ...
2021-05-12T23:34:29.801+0800	INFO	gin_web/2021_5_12_zap_定制_logger.go:87	test logger ...
2021-05-12T23:34:29.801+0800	INFO	gin_web/2021_5_12_zap_定制_logger.go:87	test logger ...
2021-05-12T23:34:29.801+0800	INFO	gin_web/2021_5_12_zap_定制_logger.go:87	test logger ...
2021-05-12T23:34:29.801+0800	INFO	gin_web/2021_5_12_zap_定制_logger.go:87	test logger ...
2021-05-12T23:34:29.801+0800	INFO	gin_web/2021_5_12_zap_定制_logger.go:87	test logger ...
2021-05-12T23:34:29.801+0800	INFO	gin_web/2021_5_12_zap_定制_logger.go:87	test logger ...
2021-05-12T23:34:29.801+0800	INFO	gin_web/2021_5_12_zap_定制_logger.go:87	test logger ...
2021-05-12T23:34:29.801+0800	INFO	gin_web/2021_5_12_zap_定制_logger.go:87	test logger ...
2021-05-12T23:34:29.801+0800	INFO	gin_web/2021_5_12_zap_定制_logger.go:87	test logger ...
2021-05-12T23:34:29.801+0800	INFO	gin_web/2021_5_12_zap_定制_logger.go:87	test logger ...
2021-05-12T23:34:29.801+0800	INFO	gin_web/2021_5_12_zap_定制_logger.go:87	test logger ...
2021-05-12T23:34:29.801+0800	INFO	gin_web/2021_5_12_zap_定制_logger.go:87	test logger ...
2021-05-12T23:34:29.801+0800	INFO	gin_web/2021_5_12_zap_定制_logger.go:87	test logger ...
2021-05-12T23:34:29.801+0800	INFO	gin_web/2021_5_12_zap_定制_logger.go:87	test logger ...
2021-05-12T23:34:29.801+0800	INFO	gin_web/2021_5_12_zap_定制_logger.go:87	test logger ...
2021-05-12T23:34:29.801+0800	INFO	gin_web/2021_5_12_zap_定制_logger.go:87	test logger ...
2021-05-12T23:34:29.801+0800	INFO	gin_web/2021_5_12_zap_定制_logger.go:87	test logger ...
2021-05-12T23:34:29.801+0800	INFO	gin_web/2021_5_12_zap_定制_logger.go:87	test logger ...
2021-05-12T23:34:29.801+0800	INFO	gin_web/2021_5_12_zap_定制_logger.go:87	test logger ...
2021-05-12T23:34:29.801+0800	INFO	gin_web/2021_5_12_zap_定制_logger.go:87	test logger ...
2021-05-12T23:34:29.801+0800	INFO	gin_web/2021_5_12_zap_定制_logger.go:87	test logger ...
2021-05-12T23:34:29.801+0800	INFO	gin_web/2021_5_12_zap_定制_logger.go:87	test logger ...
2021-05-12T23:34:29.801+0800	INFO	gin_web/2021_5_12_zap_定制_logger.go:87	test logger ...
2021-05-12T23:34:29.801+0800	INFO	gin_web/2021_5_12_zap_定制_logger.go:87	test logger ...
2021-05-12T23:34:29.801+0800	INFO	gin_web/2021_5_12_zap_定制_logger.go:87	test logger ...
2021-05-12T23:34:29.801+0800	INFO	gin_web/2021_5_12_zap_定制_logger.go:87	test logger ...
2021-05-12T23:34:29.801+0800	INFO	gin_web/2021_5_12_zap_定制_logger.go:87	test logger ...
2021-05-12T23:34:29.801+0800	INFO	gin_web/2021_5_12_zap_定制_logger.go:87	test logger ...
2021-05-12T23:34:29.801+0800	INFO	gin_web/2021_5_12_zap_定制_logger.go:87	test logger ...
2021-05-12T23:34:29.801+0800	INFO	gin_web/2021_5_12_zap_定制_logger.go:87	test logger ...
2021-05-12T23:34:29.801+0800	INFO	gin_web/2021_5_12_zap_定制_logger.go:87	test logger ...
2021-05-12T23:34:29.801+0800	INFO	gin_web/2021_5_12_zap_定制_logger.go:87	test logger ...
2021-05-12T23:34:29.801+0800	INFO	gin_web/2021_5_12_zap_定制_logger.go:87	test logger ...
2021-05-12T23:34:29.802+0800	INFO	gin_web/2021_5_12_zap_定制_logger.go:87	test logger ...
2021-05-12T23:34:29.802+0800	INFO	gin_web/2021_5_12_zap_定制_logger.go:87	test logger ...
2021-05-12T23:34:29.802+0800	INFO	gin_web/2021_5_12_zap_定制_logger.go:87	test logger ...
2021-05-12T23:34:29.802+0800	INFO	gin_web/2021_5_12_zap_定制_logger.go:87	test logger ...
2021-05-12T23:34:29.802+0800	INFO	gin_web/2021_5_12_zap_定制_logger.go:87	test logger ...
2021-05-12T23:34:29.802+0800	INFO	gin_web/2021_5_12_zap_定制_logger.go:87	test logger ...
2021-05-12T23:34:29.802+0800	INFO	gin_web/2021_5_12_zap_定制_logger.go:87	test logger ...
2021-05-12T23:34:29.802+0800	INFO	gin_web/2021_5_12_zap_定制_logger.go:87	test logger ...
2021-05-12T23:34:29.802+0800	INFO	gin_web/2021_5_12_zap_定制_logger.go:87	test logger ...
2021-05-12T23:34:29.802+0800	INFO	gin_web/2021_5_12_zap_定制_logger.go:87	test logger ...
2021-05-12T23:34:29.802+0800	INFO	gin_web/2021_5_12_zap_定制_logger.go:87	test logger ...
2021-05-12T23:34:29.802+0800	INFO	gin_web/2021_5_12_zap_定制_logger.go:87	test logger ...
2021-05-12T23:34:29.802+0800	INFO	gin_web/2021_5_12_zap_定制_logger.go:87	test logger ...
2021-05-12T23:34:29.802+0800	INFO	gin_web/2021_5_12_zap_定制_logger.go:87	test logger ...
2021-05-12T23:34:29.802+0800	INFO	gin_web/2021_5_12_zap_定制_logger.go:87	test logger ...
2021-05-12T23:34:29.802+0800	INFO	gin_web/2021_5_12_zap_定制_logger.go:87	test logger ...
2021-05-12T23:34:29.802+0800	INFO	gin_web/2021_5_12_zap_定制_logger.go:87	test logger ...
2021-05-12T23:34:29.802+0800	INFO	gin_web/2021_5_12_zap_定制_logger.go:87	test logger ...
2021-05-12T23:34:29.802+0800	INFO	gin_web/2021_5_12_zap_定制_logger.go:87	test logger ...
2021-05-12T23:34:29.802+0800	INFO	gin_web/2021_5_12_zap_定制_logger.go:87	test logger ...
2021-05-12T23:34:29.802+0800	INFO	gin_web/2021_5_12_zap_定制_logger.go:87	test logger ...
2021-05-12T23:34:29.802+0800	INFO	gin_web/2021_5_12_zap_定制_logger.go:87	test logger ...
2021-05-12T23:34:29.802+0800	INFO	gin_web/2021_5_12_zap_定制_logger.go:87	test logger ...
2021-05-12T23:34:29.802+0800	INFO	gin_web/2021_5_12_zap_定制_logger.go:87	test logger ...
2021-05-12T23:34:29.802+0800	INFO	gin_web/2021_5_12_zap_定制_logger.go:87	test logger ...
2021-05-12T23:34:29.802+0800	INFO	gin_web/2021_5_12_zap_定制_logger.go:87	test logger ...
2021-05-12T23:34:29.802+0800	INFO	gin_web/2021_5_12_zap_定制_logger.go:87	test logger ...
2021-05-12T23:34:29.802+0800	INFO	gin_web/2021_5_12_zap_定制_logger.go:87	test logger ...
2021-05-12T23:34:29.802+0800	INFO	gin_web/2021_5_12_zap_定制_logger.go:87	test logger ...
2021-05-12T23:34:29.802+0800	INFO	gin_web/2021_5_12_zap_定制_logger.go:87	test logger ...
2021-05-12T23:34:29.802+0800	INFO	gin_web/2021_5_12_zap_定制_logger.go:87	test logger ...
2021-05-12T23:34:29.802+0800	INFO	gin_web/2021_5_12_zap_定制_logger.go:87	test logger ...
2021-05-12T23:34:29.802+0800	INFO	gin_web/2021_5_12_zap_定制_logger.go:87	test logger ...
2021-05-12T23:34:29.802+0800	INFO	gin_web/2021_5_12_zap_定制_logger.go:87	test logger ...
2021-05-12T23:34:29.802+0800	INFO	gin_web/2021_5_12_zap_定制_logger.go:87	test logger ...
2021-05-12T23:34:29.802+0800	INFO	gin_web/2021_5_12_zap_定制_logger.go:87	test logger ...
2021-05-12T23:34:29.802+0800	INFO	gin_web/2021_5_12_zap_定制_logger.go:87	test logger ...
2021-05-12T23:34:29.802+0800	INFO	gin_web/2021_5_12_zap_定制_logger.go:87	test logger ...
2021-05-12T23:34:29.802+0800	INFO	gin_web/2021_5_12_zap_定制_logger.go:87	test logger ...
2021-05-12T23:34:29.802+0800	INFO	gin_web/2021_5_12_zap_定制_logger.go:87	test logger ...
2021-05-12T23:34:29.802+0800	INFO	gin_web/2021_5_12_zap_定制_logger.go:87	test logger ...
2021-05-12T23:34:29.802+0800	INFO	gin_web/2021_5_12_zap_定制_logger.go:87	test logger ...
2021-05-12T23:34:29.802+0800	INFO	gin_web/2021_5_12_zap_定制_logger.go:87	test logger ...
2021-05-12T23:34:29.802+0800	INFO	gin_web/2021_5_12_zap_定制_logger.go:87	test logger ...
2021-05-12T23:34:29.802+0800	INFO	gin_web/2021_5_12_zap_定制_logger.go:87	test logger ...
2021-05-12T23:34:29.802+0800	INFO	gin_web/2021_5_12_zap_定制_logger.go:87	test logger ...
2021-05-12T23:34:29.802+0800	INFO	gin_web/2021_5_12_zap_定制_logger.go:87	test logger ...
2021-05-12T23:34:29.802+0800	INFO	gin_web/2021_5_12_zap_定制_logger.go:87	test logger ...
2021-05-12T23:34:29.802+0800	INFO	gin_web/2021_5_12_zap_定制_logger.go:87	test logger ...
2021-05-12T23:34:29.802+0800	INFO	gin_web/2021_5_12_zap_定制_logger.go:87	test logger ...
2021-05-12T23:34:29.802+0800	INFO	gin_web/2021_5_12_zap_定制_logger.go:87	test logger ...
2021-05-12T23:34:29.802+0800	INFO	gin_web/2021_5_12_zap_定制_logger.go:87	test logger ...
2021-05-12T23:34:29.803+0800	INFO	gin_web/2021_5_12_zap_定制_logger.go:87	test logger ...
2021-05-12T23:34:29.803+0800	INFO	gin_web/2021_5_12_zap_定制_logger.go:87	test logger ...
2021-05-12T23:34:29.803+0800	INFO	gin_web/2021_5_12_zap_定制_logger.go:87	test logger ...
2021-05-12T23:34:29.803+0800	INFO	gin_web/2021_5_12_zap_定制_logger.go:87	test logger ...
2021-05-12T23:34:29.803+0800	INFO	gin_web/2021_5_12_zap_定制_logger.go:87	test logger ...
2021-05-12T23:34:29.803+0800	INFO	gin_web/2021_5_12_zap_定制_logger.go:87	test logger ...
2021-05-12T23:34:29.803+0800	INFO	gin_web/2021_5_12_zap_定制_logger.go:87	test logger ...
2021-05-12T23:34:29.803+0800	INFO	gin_web/2021_5_12_zap_定制_logger.go:87	test logger ...
2021-05-12T23:34:29.803+0800	INFO	gin_web/2021_5_12_zap_定制_logger.go:87	test logger ...
2021-05-12T23:34:29.803+0800	INFO	gin_web/2021_5_12_zap_定制_logger.go:87	test logger ...
2021-05-12T23:34:29.803+0800	INFO	gin_web/2021_5_12_zap_定制_logger.go:87	test logger ...
2021-05-12T23:34:29.803+0800	INFO	gin_web/2021_5_12_zap_定制_logger.go:87	test logger ...
2021-05-12T23:34:29.803+0800	INFO	gin_web/2021_5_12_zap_定制_logger.go:87	test logger ...
2021-05-12T23:34:29.803+0800	INFO	gin_web/2021_5_12_zap_定制_logger.go:87	test logger ...
2021-05-12T23:34:29.803+0800	INFO	gin_web/2021_5_12_zap_定制_logger.go:87	test logger ...
2021-05-12T23:34:29.803+0800	INFO	gin_web/2021_5_12_zap_定制_logger.go:87	test logger ...
2021-05-12T23:34:29.803+0800	INFO	gin_web/2021_5_12_zap_定制_logger.go:87	test logger ...
2021-05-12T23:34:29.803+0800	INFO	gin_web/2021_5_12_zap_定制_logger.go:87	test logger ...
2021-05-12T23:34:29.803+0800	INFO	gin_web/2021_5_12_zap_定制_logger.go:87	test logger ...
2021-05-12T23:34:29.803+0800	INFO	gin_web/2021_5_12_zap_定制_logger.go:87	test logger ...
2021-05-12T23:34:29.803+0800	INFO	gin_web/2021_5_12_zap_定制_logger.go:87	test logger ...
2021-05-12T23:34:29.803+0800	INFO	gin_web/2021_5_12_zap_定制_logger.go:87	test logger ...
2021-05-12T23:34:29.803+0800	INFO	gin_web/2021_5_12_zap_定制_logger.go:87	test logger ...
2021-05-12T23:34:29.803+0800	INFO	gin_web/2021_5_12_zap_定制_logger.go:87	test logger ...
2021-05-12T23:34:29.803+0800	INFO	gin_web/2021_5_12_zap_定制_logger.go:87	test logger ...
2021-05-12T23:34:29.803+0800	INFO	gin_web/2021_5_12_zap_定制_logger.go:87	test logger ...
2021-05-12T23:34:29.803+0800	INFO	gin_web/2021_5_12_zap_定制_logger.go:87	test logger ...
2021-05-12T23:34:29.803+0800	INFO	gin_web/2021_5_12_zap_定制_logger.go:87	test logger ...
2021-05-12T23:34:29.803+0800	INFO	gin_web/2021_5_12_zap_定制_logger.go:87	test logger ...
2021-05-12T23:34:29.803+0800	INFO	gin_web/2021_5_12_zap_定制_logger.go:87	test logger ...
2021-05-12T23:34:29.803+0800	INFO	gin_web/2021_5_12_zap_定制_logger.go:87	test logger ...
2021-05-12T23:34:29.803+0800	INFO	gin_web/2021_5_12_zap_定制_logger.go:87	test logger ...
2021-05-12T23:34:29.803+0800	INFO	gin_web/2021_5_12_zap_定制_logger.go:87	test logger ...
2021-05-12T23:34:29.803+0800	INFO	gin_web/2021_5_12_zap_定制_logger.go:87	test logger ...
2021-05-12T23:34:29.803+0800	INFO	gin_web/2021_5_12_zap_定制_logger.go:87	test logger ...
2021-05-12T23:34:29.803+0800	INFO	gin_web/2021_5_12_zap_定制_logger.go:87	test logger ...
2021-05-12T23:34:29.803+0800	INFO	gin_web/2021_5_12_zap_定制_logger.go:87	test logger ...
2021-05-12T23:34:29.803+0800	INFO	gin_web/2021_5_12_zap_定制_logger.go:87	test logger ...
2021-05-12T23:34:29.803+0800	INFO	gin_web/2021_5_12_zap_定制_logger.go:87	test logger ...
2021-05-12T23:34:29.803+0800	INFO	gin_web/2021_5_12_zap_定制_logger.go:87	test logger ...
2021-05-12T23:34:29.803+0800	INFO	gin_web/2021_5_12_zap_定制_logger.go:87	test logger ...
2021-05-12T23:34:29.803+0800	INFO	gin_web/2021_5_12_zap_定制_logger.go:87	test logger ...
2021-05-12T23:34:29.803+0800	INFO	gin_web/2021_5_12_zap_定制_logger.go:87	test logger ...
2021-05-12T23:34:29.803+0800	INFO	gin_web/2021_5_12_zap_定制_logger.go:87	test logger ...
2021-05-12T23:34:29.803+0800	INFO	gin_web/2021_5_12_zap_定制_logger.go:87	test logger ...
2021-05-12T23:34:29.803+0800	INFO	gin_web/2021_5_12_zap_定制_logger.go:87	test logger ...
2021-05-12T23:34:29.803+0800	INFO	gin_web/2021_5_12_zap_定制_logger.go:87	test logger ...
2021-05-12T23:34:29.803+0800	INFO	gin_web/2021_5_12_zap_定制_logger.go:87	test logger ...
2021-05-12T23:34:29.803+0800	INFO	gin_web/2021_5_12_zap_定制_logger.go:87	test logger ...
2021-05-12T23:34:29.803+0800	INFO	gin_web/2021_5_12_zap_定制_logger.go:87	test logger ...
2021-05-12T23:34:29.803+0800	INFO	gin_web/2021_5_12_zap_定制_logger.go:87	test logger ...
2021-05-12T23:34:29.803+0800	INFO	gin_web/2021_5_12_zap_定制_logger.go:87	test logger ...
2021-05-12T23:34:29.803+0800	INFO	gin_web/2021_5_12_zap_定制_logger.go:87	test logger ...
2021-05-12T23:34:29.803+0800	INFO	gin_web/2021_5_12_zap_定制_logger.go:87	test logger ...
2021-05-12T23:34:29.803+0800	INFO	gin_web/2021_5_12_zap_定制_logger.go:87	test logger ...
2021-05-12T23:34:29.803+0800	INFO	gin_web/2021_5_12_zap_定制_logger.go:87	test logger ...
2021-05-12T23:34:29.803+0800	INFO	gin_web/2021_5_12_zap_定制_logger.go:87	test logger ...
2021-05-12T23:34:29.803+0800	INFO	gin_web/2021_5_12_zap_定制_logger.go:87	test logger ...
2021-05-12T23:34:29.803+0800	INFO	gin_web/2021_5_12_zap_定制_logger.go:87	test logger ...
2021-05-12T23:34:29.803+0800	INFO	gin_web/2021_5_12_zap_定制_logger.go:87	test logger ...
2021-05-12T23:34:29.803+0800	INFO	gin_web/2021_5_12_zap_定制_logger.go:87	test logger ...
2021-05-12T23:34:29.803+0800	INFO	gin_web/2021_5_12_zap_定制_logger.go:87	test logger ...
2021-05-12T23:34:29.803+0800	INFO	gin_web/2021_5_12_zap_定制_logger.go:87	test logger ...
2021-05-12T23:34:29.803+0800	INFO	gin_web/2021_5_12_zap_定制_logger.go:87	test logger ...
2021-05-12T23:34:29.803+0800	INFO	gin_web/2021_5_12_zap_定制_logger.go:87	test logger ...
2021-05-12T23:34:29.803+0800	INFO	gin_web/2021_5_12_zap_定制_logger.go:87	test logger ...
2021-05-12T23:34:29.803+0800	INFO	gin_web/2021_5_12_zap_定制_logger.go:87	test logger ...
2021-05-12T23:34:29.803+0800	INFO	gin_web/2021_5_12_zap_定制_logger.go:87	test logger ...
2021-05-12T23:34:29.803+0800	INFO	gin_web/2021_5_12_zap_定制_logger.go:87	test logger ...
2021-05-12T23:34:29.803+0800	INFO	gin_web/2021_5_12_zap_定制_logger.go:87	test logger ...
2021-05-12T23:34:29.803+0800	INFO	gin_web/2021_5_12_zap_定制_logger.go:87	test logger ...
2021-05-12T23:34:29.803+0800	INFO	gin_web/2021_5_12_zap_定制_logger.go:87	test logger ...
2021-05-12T23:34:29.803+0800	INFO	gin_web/2021_5_12_zap_定制_logger.go:87	test logger ...
2021-05-12T23:34:29.803+0800	INFO	gin_web/2021_5_12_zap_定制_logger.go:87	test logger ...
2021-05-12T23:34:29.803+0800	INFO	gin_web/2021_5_12_zap_定制_logger.go:87	test logger ...
2021-05-12T23:34:29.803+0800	INFO	gin_web/2021_5_12_zap_定制_logger.go:87	test logger ...
2021-05-12T23:34:29.803+0800	INFO	gin_web/2021_5_12_zap_定制_logger.go:87	test logger ...
2021-05-12T23:34:29.803+0800	INFO	gin_web/2021_5_12_zap_定制_logger.go:87	test logger ...
2021-05-12T23:34:29.803+0800	INFO	gin_web/2021_5_12_zap_定制_logger.go:87	test logger ...
2021-05-12T23:34:29.803+0800	INFO	gin_web/2021_5_12_zap_定制_logger.go:87	test logger ...
2021-05-12T23:34:29.803+0800	INFO	gin_web/2021_5_12_zap_定制_logger.go:87	test logger ...
2021-05-12T23:34:29.803+0800	INFO	gin_web/2021_5_12_zap_定制_logger.go:87	test logger ...
2021-05-12T23:34:29.803+0800	INFO	gin_web/2021_5_12_zap_定制_logger.go:87	test logger ...
2021-05-12T23:34:29.803+0800	INFO	gin_web/2021_5_12_zap_定制_logger.go:87	test logger ...
2021-05-12T23:34:29.803+0800	INFO	gin_web/2021_5_12_zap_定制_logger.go:87	test logger ...
2021-05-12T23:34:29.803+0800	INFO	gin_web/2021_5_12_zap_定制_logger.go:87	test logger ...
2021-05-12T23:34:29.803+0800	INFO	gin_web/2021_5_12_zap_定制_logger.go:87	test logger ...
2021-05-12T23:34:29.803+0800	INFO	gin_web/2021_5_12_zap_定制_logger.go:87	test logger ...
2021-05-12T23:34:29.803+0800	INFO	gin_web/2021_5_12_zap_定制_logger.go:87	test logger ...
2021-05-12T23:34:29.803+0800	INFO	gin_web/2021_5_12_zap_定制_logger.go:87	test logger ...
2021-05-12T23:34:29.803+0800	INFO	gin_web/2021_5_12_zap_定制_logger.go:87	test logger ...
2021-05-12T23:34:29.803+0800	INFO	gin_web/2021_5_12_zap_定制_logger.go:87	test logger ...
2021-05-12T23:34:29.803+0800	INFO	gin_web/2021_5_12_zap_定制_logger.go:87	test logger ...
2021-05-12T23:34:29.803+0800	INFO	gin_web/2021_5_12_zap_定制_logger.go:87	test logger ...
2021-05-12T23:34:29.803+0800	INFO	gin_web/2021_5_12_zap_定制_logger.go:87	test logger ...
2021-05-12T23:34:29.803+0800	INFO	gin_web/2021_5_12_zap_定制_logger.go:87	test logger ...
2021-05-12T23:34:29.803+0800	INFO	gin_web/2021_5_12_zap_定制_logger.go:87	test logger ...
2021-05-12T23:34:29.803+0800	INFO	gin_web/2021_5_12_zap_定制_logger.go:87	test logger ...
2021-05-12T23:34:29.803+0800	INFO	gin_web/2021_5_12_zap_定制_logger.go:87	test logger ...
2021-05-12T23:34:29.803+0800	INFO	gin_web/2021_5_12_zap_定制_logger.go:87	test logger ...
2021-05-12T23:34:29.803+0800	INFO	gin_web/2021_5_12_zap_定制_logger.go:87	test logger ...
2021-05-12T23:34:29.803+0800	INFO	gin_web/2021_5_12_zap_定制_logger.go:87	test logger ...
2021-05-12T23:34:29.803+0800	INFO	gin_web/2021_5_12_zap_定制_logger.go:87	test logger ...
2021-05-12T23:34:29.803+0800	INFO	gin_web/2021_5_12_zap_定制_logger.go:87	test logger ...
2021-05-12T23:34:29.804+0800	INFO	gin_web/2021_5_12_zap_定制_logger.go:87	test logger ...
2021-05-12T23:34:29.804+0800	INFO	gin_web/2021_5_12_zap_定制_logger.go:87	test logger ...
2021-05-12T23:34:29.804+0800	INFO	gin_web/2021_5_12_zap_定制_logger.go:87	test logger ...
2021-05-12T23:34:29.804+0800	INFO	gin_web/2021_5_12_zap_定制_logger.go:87	test logger ...
2021-05-12T23:34:29.804+0800	INFO	gin_web/2021_5_12_zap_定制_logger.go:87	test logger ...
2021-05-12T23:34:29.804+0800	INFO	gin_web/2021_5_12_zap_定制_logger.go:87	test logger ...
2021-05-12T23:34:29.804+0800	INFO	gin_web/2021_5_12_zap_定制_logger.go:87	test logger ...
2021-05-12T23:34:29.804+0800	INFO	gin_web/2021_5_12_zap_定制_logger.go:87	test logger ...
2021-05-12T23:34:29.804+0800	INFO	gin_web/2021_5_12_zap_定制_logger.go:87	test logger ...
2021-05-12T23:34:29.804+0800	INFO	gin_web/2021_5_12_zap_定制_logger.go:87	test logger ...
2021-05-12T23:34:29.804+0800	INFO	gin_web/2021_5_12_zap_定制_logger.go:87	test logger ...
2021-05-12T23:34:29.804+0800	INFO	gin_web/2021_5_12_zap_定制_logger.go:87	test logger ...
2021-05-12T23:34:29.804+0800	INFO	gin_web/2021_5_12_zap_定制_logger.go:87	test logger ...
2021-05-12T23:34:29.804+0800	INFO	gin_web/2021_5_12_zap_定制_logger.go:87	test logger ...
2021-05-12T23:34:29.804+0800	INFO	gin_web/2021_5_12_zap_定制_logger.go:87	test logger ...
2021-05-12T23:34:29.804+0800	INFO	gin_web/2021_5_12_zap_定制_logger.go:87	test logger ...
2021-05-12T23:34:29.804+0800	INFO	gin_web/2021_5_12_zap_定制_logger.go:87	test logger ...
2021-05-12T23:34:29.804+0800	INFO	gin_web/2021_5_12_zap_定制_logger.go:87	test logger ...
2021-05-12T23:34:29.804+0800	INFO	gin_web/2021_5_12_zap_定制_logger.go:87	test logger ...
2021-05-12T23:34:29.804+0800	INFO	gin_web/2021_5_12_zap_定制_logger.go:87	test logger ...
2021-05-12T23:34:29.804+0800	INFO	gin_web/2021_5_12_zap_定制_logger.go:87	test logger ...
2021-05-12T23:34:29.804+0800	INFO	gin_web/2021_5_12_zap_定制_logger.go:87	test logger ...
2021-05-12T23:34:29.804+0800	INFO	gin_web/2021_5_12_zap_定制_logger.go:87	test logger ...
2021-05-12T23:34:29.804+0800	INFO	gin_web/2021_5_12_zap_定制_logger.go:87	test logger ...
2021-05-12T23:34:29.804+0800	INFO	gin_web/2021_5_12_zap_定制_logger.go:87	test logger ...
2021-05-12T23:34:29.804+0800	INFO	gin_web/2021_5_12_zap_定制_logger.go:87	test logger ...
2021-05-12T23:34:29.804+0800	INFO	gin_web/2021_5_12_zap_定制_logger.go:87	test logger ...
2021-05-12T23:34:29.804+0800	INFO	gin_web/2021_5_12_zap_定制_logger.go:87	test logger ...
2021-05-12T23:34:29.804+0800	INFO	gin_web/2021_5_12_zap_定制_logger.go:87	test logger ...
2021-05-12T23:34:29.804+0800	INFO	gin_web/2021_5_12_zap_定制_logger.go:87	test logger ...
2021-05-12T23:34:29.804+0800	INFO	gin_web/2021_5_12_zap_定制_logger.go:87	test logger ...
2021-05-12T23:34:29.804+0800	INFO	gin_web/2021_5_12_zap_定制_logger.go:87	test logger ...
2021-05-12T23:34:29.804+0800	INFO	gin_web/2021_5_12_zap_定制_logger.go:87	test logger ...
2021-05-12T23:34:29.804+0800	INFO	gin_web/2021_5_12_zap_定制_logger.go:87	test logger ...
2021-05-12T23:34:29.804+0800	INFO	gin_web/2021_5_12_zap_定制_logger.go:87	test logger ...
2021-05-12T23:34:29.804+0800	INFO	gin_web/2021_5_12_zap_定制_logger.go:87	test logger ...
2021-05-12T23:34:29.804+0800	INFO	gin_web/2021_5_12_zap_定制_logger.go:87	test logger ...
2021-05-12T23:34:29.804+0800	INFO	gin_web/2021_5_12_zap_定制_logger.go:87	test logger ...
2021-05-12T23:34:29.804+0800	INFO	gin_web/2021_5_12_zap_定制_logger.go:87	test logger ...
2021-05-12T23:34:29.804+0800	INFO	gin_web/2021_5_12_zap_定制_logger.go:87	test logger ...
2021-05-12T23:34:29.804+0800	INFO	gin_web/2021_5_12_zap_定制_logger.go:87	test logger ...
2021-05-12T23:34:29.804+0800	INFO	gin_web/2021_5_12_zap_定制_logger.go:87	test logger ...
2021-05-12T23:34:29.804+0800	INFO	gin_web/2021_5_12_zap_定制_logger.go:87	test logger ...
2021-05-12T23:34:29.804+0800	INFO	gin_web/2021_5_12_zap_定制_logger.go:87	test logger ...
2021-05-12T23:34:29.804+0800	INFO	gin_web/2021_5_12_zap_定制_logger.go:87	test logger ...
2021-05-12T23:34:29.804+0800	INFO	gin_web/2021_5_12_zap_定制_logger.go:87	test logger ...
2021-05-12T23:34:29.804+0800	INFO	gin_web/2021_5_12_zap_定制_logger.go:87	test logger ...
2021-05-12T23:34:29.804+0800	INFO	gin_web/2021_5_12_zap_定制_logger.go:87	test logger ...
2021-05-12T23:34:29.804+0800	INFO	gin_web/2021_5_12_zap_定制_logger.go:87	test logger ...
2021-05-12T23:34:29.804+0800	INFO	gin_web/2021_5_12_zap_定制_logger.go:87	test logger ...
2021-05-12T23:34:29.804+0800	INFO	gin_web/2021_5_12_zap_定制_logger.go:87	test logger ...
2021-05-12T23:34:29.804+0800	INFO	gin_web/2021_5_12_zap_定制_logger.go:87	test logger ...
2021-05-12T23:34:29.804+0800	INFO	gin_web/2021_5_12_zap_定制_logger.go:87	test logger ...
2021-05-12T23:34:29.804+0800	INFO	gin_web/2021_5_12_zap_定制_logger.go:87	test logger ...
2021-05-12T23:34:29.804+0800	INFO	gin_web/2021_5_12_zap_定制_logger.go:87	test logger ...
2021-05-12T23:34:29.804+0800	INFO	gin_web/2021_5_12_zap_定制_logger.go:87	test logger ...
2021-05-12T23:34:29.804+0800	INFO	gin_web/2021_5_12_zap_定制_logger.go:87	test logger ...
2021-05-12T23:34:29.804+0800	INFO	gin_web/2021_5_12_zap_定制_logger.go:87	test logger ...
2021-05-12T23:34:29.804+0800	INFO	gin_web/2021_5_12_zap_定制_logger.go:87	test logger ...
2021-05-12T23:34:29.804+0800	INFO	gin_web/2021_5_12_zap_定制_logger.go:87	test logger ...
2021-05-12T23:34:29.804+0800	INFO	gin_web/2021_5_12_zap_定制_logger.go:87	test logger ...
2021-05-12T23:34:29.804+0800	INFO	gin_web/2021_5_12_zap_定制_logger.go:87	test logger ...
2021-05-12T23:34:29.804+0800	INFO	gin_web/2021_5_12_zap_定制_logger.go:87	test logger ...
2021-05-12T23:34:29.804+0800	INFO	gin_web/2021_5_12_zap_定制_logger.go:87	test logger ...
2021-05-12T23:34:29.804+0800	INFO	gin_web/2021_5_12_zap_定制_logger.go:87	test logger ...
2021-05-12T23:34:29.804+0800	INFO	gin_web/2021_5_12_zap_定制_logger.go:87	test logger ...
2021-05-12T23:34:29.804+0800	INFO	gin_web/2021_5_12_zap_定制_logger.go:87	test logger ...
2021-05-12T23:34:29.804+0800	INFO	gin_web/2021_5_12_zap_定制_logger.go:87	test logger ...
2021-05-12T23:34:29.804+0800	INFO	gin_web/2021_5_12_zap_定制_logger.go:87	test logger ...
2021-05-12T23:34:29.804+0800	INFO	gin_web/2021_5_12_zap_定制_logger.go:87	test logger ...
2021-05-12T23:34:29.804+0800	INFO	gin_web/2021_5_12_zap_定制_logger.go:87	test logger ...
2021-05-12T23:34:29.804+0800	INFO	gin_web/2021_5_12_zap_定制_logger.go:87	test logger ...
2021-05-12T23:34:29.804+0800	INFO	gin_web/2021_5_12_zap_定制_logger.go:87	test logger ...
2021-05-12T23:34:29.804+0800	INFO	gin_web/2021_5_12_zap_定制_logger.go:87	test logger ...
2021-05-12T23:34:29.804+0800	INFO	gin_web/2021_5_12_zap_定制_logger.go:87	test logger ...
2021-05-12T23:34:29.804+0800	INFO	gin_web/2021_5_12_zap_定制_logger.go:87	test logger ...
2021-05-12T23:34:29.804+0800	INFO	gin_web/2021_5_12_zap_定制_logger.go:87	test logger ...
2021-05-12T23:34:29.804+0800	INFO	gin_web/2021_5_12_zap_定制_logger.go:87	test logger ...
2021-05-12T23:34:29.804+0800	INFO	gin_web/2021_5_12_zap_定制_logger.go:87	test logger ...
2021-05-12T23:34:29.804+0800	INFO	gin_web/2021_5_12_zap_定制_logger.go:87	test logger ...
2021-05-12T23:34:29.804+0800	INFO	gin_web/2021_5_12_zap_定制_logger.go:87	test logger ...
2021-05-12T23:34:29.804+0800	INFO	gin_web/2021_5_12_zap_定制_logger.go:87	test logger ...
2021-05-12T23:34:29.804+0800	INFO	gin_web/2021_5_12_zap_定制_logger.go:87	test logger ...
2021-05-12T23:34:29.804+0800	INFO	gin_web/2021_5_12_zap_定制_logger.go:87	test logger ...
2021-05-12T23:34:29.804+0800	INFO	gin_web/2021_5_12_zap_定制_logger.go:87	test logger ...
2021-05-12T23:34:29.804+0800	INFO	gin_web/2021_5_12_zap_定制_logger.go:87	test logger ...
2021-05-12T23:34:29.804+0800	INFO	gin_web/2021_5_12_zap_定制_logger.go:87	test logger ...
2021-05-12T23:34:29.804+0800	INFO	gin_web/2021_5_12_zap_定制_logger.go:87	test logger ...
2021-05-12T23:34:29.804+0800	INFO	gin_web/2021_5_12_zap_定制_logger.go:87	test logger ...
2021-05-12T23:34:29.804+0800	INFO	gin_web/2021_5_12_zap_定制_logger.go:87	test logger ...
2021-05-12T23:34:29.804+0800	INFO	gin_web/2021_5_12_zap_定制_logger.go:87	test logger ...
2021-05-12T23:34:29.804+0800	INFO	gin_web/2021_5_12_zap_定制_logger.go:87	test logger ...
2021-05-12T23:34:29.804+0800	INFO	gin_web/2021_5_12_zap_定制_logger.go:87	test logger ...
2021-05-12T23:34:29.804+0800	INFO	gin_web/2021_5_12_zap_定制_logger.go:87	test logger ...
2021-05-12T23:34:29.804+0800	INFO	gin_web/2021_5_12_zap_定制_logger.go:87	test logger ...
2021-05-12T23:34:29.804+0800	INFO	gin_web/2021_5_12_zap_定制_logger.go:87	test logger ...
2021-05-12T23:34:29.804+0800	INFO	gin_web/2021_5_12_zap_定制_logger.go:87	test logger ...
2021-05-12T23:34:29.804+0800	INFO	gin_web/2021_5_12_zap_定制_logger.go:87	test logger ...
2021-05-12T23:34:29.804+0800	INFO	gin_web/2021_5_12_zap_定制_logger.go:87	test logger ...
2021-05-12T23:34:29.804+0800	INFO	gin_web/2021_5_12_zap_定制_logger.go:87	test logger ...
2021-05-12T23:34:29.804+0800	INFO	gin_web/2021_5_12_zap_定制_logger.go:87	test logger ...
2021-05-12T23:34:29.804+0800	INFO	gin_web/2021_5_12_zap_定制_logger.go:87	test logger ...
2021-05-12T23:34:29.804+0800	INFO	gin_web/2021_5_12_zap_定制_logger.go:87	test logger ...
2021-05-12T23:34:29.804+0800	INFO	gin_web/2021_5_12_zap_定制_logger.go:87	test logger ...
2021-05-12T23:34:29.804+0800	INFO	gin_web/2021_5_12_zap_定制_logger.go:87	test logger ...
2021-05-12T23:34:29.805+0800	INFO	gin_web/2021_5_12_zap_定制_logger.go:87	test logger ...
2021-05-12T23:34:29.805+0800	INFO	gin_web/2021_5_12_zap_定制_logger.go:87	test logger ...
2021-05-12T23:34:29.805+0800	INFO	gin_web/2021_5_12_zap_定制_logger.go:87	test logger ...
2021-05-12T23:34:29.805+0800	INFO	gin_web/2021_5_12_zap_定制_logger.go:87	test logger ...
2021-05-12T23:34:29.805+0800	INFO	gin_web/2021_5_12_zap_定制_logger.go:87	test logger ...
2021-05-12T23:34:29.805+0800	INFO	gin_web/2021_5_12_zap_定制_logger.go:87	test logger ...
2021-05-12T23:34:29.805+0800	INFO	gin_web/2021_5_12_zap_定制_logger.go:87	test logger ...
2021-05-12T23:34:29.805+0800	INFO	gin_web/2021_5_12_zap_定制_logger.go:87	test logger ...
2021-05-12T23:34:29.805+0800	INFO	gin_web/2021_5_12_zap_定制_logger.go:87	test logger ...
2021-05-12T23:34:29.805+0800	INFO	gin_web/2021_5_12_zap_定制_logger.go:87	test logger ...
2021-05-12T23:34:29.805+0800	INFO	gin_web/2021_5_12_zap_定制_logger.go:87	test logger ...
2021-05-12T23:34:29.805+0800	INFO	gin_web/2021_5_12_zap_定制_logger.go:87	test logger ...
2021-05-12T23:34:29.805+0800	INFO	gin_web/2021_5_12_zap_定制_logger.go:87	test logger ...
2021-05-12T23:34:29.805+0800	INFO	gin_web/2021_5_12_zap_定制_logger.go:87	test logger ...
2021-05-12T23:34:29.805+0800	INFO	gin_web/2021_5_12_zap_定制_logger.go:87	test logger ...
2021-05-12T23:34:29.805+0800	INFO	gin_web/2021_5_12_zap_定制_logger.go:87	test logger ...
2021-05-12T23:34:29.805+0800	INFO	gin_web/2021_5_12_zap_定制_logger.go:87	test logger ...
2021-05-12T23:34:29.805+0800	INFO	gin_web/2021_5_12_zap_定制_logger.go:87	test logger ...
2021-05-12T23:34:29.805+0800	INFO	gin_web/2021_5_12_zap_定制_logger.go:87	test logger ...
2021-05-12T23:34:29.805+0800	INFO	gin_web/2021_5_12_zap_定制_logger.go:87	test logger ...
2021-05-12T23:34:29.805+0800	INFO	gin_web/2021_5_12_zap_定制_logger.go:87	test logger ...
2021-05-12T23:34:29.805+0800	INFO	gin_web/2021_5_12_zap_定制_logger.go:87	test logger ...
2021-05-12T23:34:29.805+0800	INFO	gin_web/2021_5_12_zap_定制_logger.go:87	test logger ...
2021-05-12T23:34:29.805+0800	INFO	gin_web/2021_5_12_zap_定制_logger.go:87	test logger ...
2021-05-12T23:34:29.805+0800	INFO	gin_web/2021_5_12_zap_定制_logger.go:87	test logger ...
2021-05-12T23:34:29.805+0800	INFO	gin_web/2021_5_12_zap_定制_logger.go:87	test logger ...
2021-05-12T23:34:29.805+0800	INFO	gin_web/2021_5_12_zap_定制_logger.go:87	test logger ...
2021-05-12T23:34:29.805+0800	INFO	gin_web/2021_5_12_zap_定制_logger.go:87	test logger ...
2021-05-12T23:34:29.805+0800	INFO	gin_web/2021_5_12_zap_定制_logger.go:87	test logger ...
2021-05-12T23:34:29.805+0800	INFO	gin_web/2021_5_12_zap_定制_logger.go:87	test logger ...
2021-05-12T23:34:29.805+0800	INFO	gin_web/2021_5_12_zap_定制_logger.go:87	test logger ...
2021-05-12T23:34:29.805+0800	INFO	gin_web/2021_5_12_zap_定制_logger.go:87	test logger ...
2021-05-12T23:34:29.805+0800	INFO	gin_web/2021_5_12_zap_定制_logger.go:87	test logger ...
2021-05-12T23:34:29.805+0800	INFO	gin_web/2021_5_12_zap_定制_logger.go:87	test logger ...
2021-05-12T23:34:29.805+0800	INFO	gin_web/2021_5_12_zap_定制_logger.go:87	test logger ...
2021-05-12T23:34:29.805+0800	INFO	gin_web/2021_5_12_zap_定制_logger.go:87	test logger ...
2021-05-12T23:34:29.805+0800	INFO	gin_web/2021_5_12_zap_定制_logger.go:87	test logger ...
2021-05-12T23:34:29.805+0800	INFO	gin_web/2021_5_12_zap_定制_logger.go:87	test logger ...
2021-05-12T23:34:29.805+0800	INFO	gin_web/2021_5_12_zap_定制_logger.go:87	test logger ...
2021-05-12T23:34:29.805+0800	INFO	gin_web/2021_5_12_zap_定制_logger.go:87	test logger ...
2021-05-12T23:34:29.805+0800	INFO	gin_web/2021_5_12_zap_定制_logger.go:87	test logger ...
2021-05-12T23:34:29.805+0800	INFO	gin_web/2021_5_12_zap_定制_logger.go:87	test logger ...
2021-05-12T23:34:29.805+0800	INFO	gin_web/2021_5_12_zap_定制_logger.go:87	test logger ...
2021-05-12T23:34:29.805+0800	INFO	gin_web/2021_5_12_zap_定制_logger.go:87	test logger ...
2021-05-12T23:34:29.805+0800	INFO	gin_web/2021_5_12_zap_定制_logger.go:87	test logger ...
2021-05-12T23:34:29.805+0800	INFO	gin_web/2021_5_12_zap_定制_logger.go:87	test logger ...
2021-05-12T23:34:29.805+0800	INFO	gin_web/2021_5_12_zap_定制_logger.go:87	test logger ...
2021-05-12T23:34:29.805+0800	INFO	gin_web/2021_5_12_zap_定制_logger.go:87	test logger ...
2021-05-12T23:34:29.805+0800	INFO	gin_web/2021_5_12_zap_定制_logger.go:87	test logger ...
2021-05-12T23:34:29.805+0800	INFO	gin_web/2021_5_12_zap_定制_logger.go:87	test logger ...
2021-05-12T23:34:29.805+0800	INFO	gin_web/2021_5_12_zap_定制_logger.go:87	test logger ...
2021-05-12T23:34:29.805+0800	INFO	gin_web/2021_5_12_zap_定制_logger.go:87	test logger ...
2021-05-12T23:34:29.805+0800	INFO	gin_web/2021_5_12_zap_定制_logger.go:87	test logger ...
2021-05-12T23:34:29.805+0800	INFO	gin_web/2021_5_12_zap_定制_logger.go:87	test logger ...
2021-05-12T23:34:29.805+0800	INFO	gin_web/2021_5_12_zap_定制_logger.go:87	test logger ...
2021-05-12T23:34:29.805+0800	INFO	gin_web/2021_5_12_zap_定制_logger.go:87	test logger ...
2021-05-12T23:34:29.805+0800	INFO	gin_web/2021_5_12_zap_定制_logger.go:87	test logger ...
2021-05-12T23:34:29.805+0800	INFO	gin_web/2021_5_12_zap_定制_logger.go:87	test logger ...
2021-05-12T23:34:29.805+0800	INFO	gin_web/2021_5_12_zap_定制_logger.go:87	test logger ...
2021-05-12T23:34:29.805+0800	INFO	gin_web/2021_5_12_zap_定制_logger.go:87	test logger ...
2021-05-12T23:34:29.805+0800	INFO	gin_web/2021_5_12_zap_定制_logger.go:87	test logger ...
2021-05-12T23:34:29.805+0800	INFO	gin_web/2021_5_12_zap_定制_logger.go:87	test logger ...
2021-05-12T23:34:29.805+0800	INFO	gin_web/2021_5_12_zap_定制_logger.go:87	test logger ...
2021-05-12T23:34:29.805+0800	INFO	gin_web/2021_5_12_zap_定制_logger.go:87	test logger ...
2021-05-12T23:34:29.805+0800	INFO	gin_web/2021_5_12_zap_定制_logger.go:87	test logger ...
2021-05-12T23:34:29.805+0800	INFO	gin_web/2021_5_12_zap_定制_logger.go:87	test logger ...
2021-05-12T23:34:29.805+0800	INFO	gin_web/2021_5_12_zap_定制_logger.go:87	test logger ...
2021-05-12T23:34:29.805+0800	INFO	gin_web/2021_5_12_zap_定制_logger.go:87	test logger ...
2021-05-12T23:34:29.805+0800	INFO	gin_web/2021_5_12_zap_定制_logger.go:87	test logger ...
2021-05-12T23:34:29.805+0800	INFO	gin_web/2021_5_12_zap_定制_logger.go:87	test logger ...
2021-05-12T23:34:29.805+0800	INFO	gin_web/2021_5_12_zap_定制_logger.go:87	test logger ...
2021-05-12T23:34:29.805+0800	INFO	gin_web/2021_5_12_zap_定制_logger.go:87	test logger ...
2021-05-12T23:34:29.805+0800	INFO	gin_web/2021_5_12_zap_定制_logger.go:87	test logger ...
2021-05-12T23:34:29.805+0800	INFO	gin_web/2021_5_12_zap_定制_logger.go:87	test logger ...
2021-05-12T23:34:29.805+0800	INFO	gin_web/2021_5_12_zap_定制_logger.go:87	test logger ...
2021-05-12T23:34:29.805+0800	INFO	gin_web/2021_5_12_zap_定制_logger.go:87	test logger ...
2021-05-12T23:34:29.805+0800	INFO	gin_web/2021_5_12_zap_定制_logger.go:87	test logger ...
2021-05-12T23:34:29.805+0800	INFO	gin_web/2021_5_12_zap_定制_logger.go:87	test logger ...
2021-05-12T23:34:29.805+0800	INFO	gin_web/2021_5_12_zap_定制_logger.go:87	test logger ...
2021-05-12T23:34:29.805+0800	INFO	gin_web/2021_5_12_zap_定制_logger.go:87	test logger ...
2021-05-12T23:34:29.805+0800	INFO	gin_web/2021_5_12_zap_定制_logger.go:87	test logger ...
2021-05-12T23:34:29.805+0800	INFO	gin_web/2021_5_12_zap_定制_logger.go:87	test logger ...
2021-05-12T23:34:29.805+0800	INFO	gin_web/2021_5_12_zap_定制_logger.go:87	test logger ...
2021-05-12T23:34:29.805+0800	INFO	gin_web/2021_5_12_zap_定制_logger.go:87	test logger ...
2021-05-12T23:34:29.805+0800	INFO	gin_web/2021_5_12_zap_定制_logger.go:87	test logger ...
2021-05-12T23:34:29.805+0800	INFO	gin_web/2021_5_12_zap_定制_logger.go:87	test logger ...
2021-05-12T23:34:29.805+0800	INFO	gin_web/2021_5_12_zap_定制_logger.go:87	test logger ...
2021-05-12T23:34:29.805+0800	INFO	gin_web/2021_5_12_zap_定制_logger.go:87	test logger ...
2021-05-12T23:34:29.805+0800	INFO	gin_web/2021_5_12_zap_定制_logger.go:87	test logger ...
2021-05-12T23:34:29.805+0800	INFO	gin_web/2021_5_12_zap_定制_logger.go:87	test logger ...
2021-05-12T23:34:29.805+0800	INFO	gin_web/2021_5_12_zap_定制_logger.go:87	test logger ...
2021-05-12T23:34:29.805+0800	INFO	gin_web/2021_5_12_zap_定制_logger.go:87	test logger ...
2021-05-12T23:34:29.805+0800	INFO	gin_web/2021_5_12_zap_定制_logger.go:87	test logger ...
2021-05-12T23:34:29.805+0800	INFO	gin_web/2021_5_12_zap_定制_logger.go:87	test logger ...
2021-05-12T23:34:29.805+0800	INFO	gin_web/2021_5_12_zap_定制_logger.go:87	test logger ...
2021-05-12T23:34:29.805+0800	INFO	gin_web/2021_5_12_zap_定制_logger.go:87	test logger ...
2021-05-12T23:34:29.805+0800	INFO	gin_web/2021_5_12_zap_定制_logger.go:87	test logger ...
2021-05-12T23:34:29.805+0800	INFO	gin_web/2021_5_12_zap_定制_logger.go:87	test logger ...
2021-05-12T23:34:29.805+0800	INFO	gin_web/2021_5_12_zap_定制_logger.go:87	test logger ...
2021-05-12T23:34:29.805+0800	INFO	gin_web/2021_5_12_zap_定制_logger.go:87	test logger ...
2021-05-12T23:34:29.806+0800	INFO	gin_web/2021_5_12_zap_定制_logger.go:87	test logger ...
2021-05-12T23:34:29.806+0800	INFO	gin_web/2021_5_12_zap_定制_logger.go:87	test logger ...
2021-05-12T23:34:29.806+0800	INFO	gin_web/2021_5_12_zap_定制_logger.go:87	test logger ...
2021-05-12T23:34:29.806+0800	INFO	gin_web/2021_5_12_zap_定制_logger.go:87	test logger ...
2021-05-12T23:34:29.806+0800	INFO	gin_web/2021_5_12_zap_定制_logger.go:87	test logger ...
2021-05-12T23:34:29.806+0800	INFO	gin_web/2021_5_12_zap_定制_logger.go:87	test logger ...
2021-05-12T23:34:29.806+0800	INFO	gin_web/2021_5_12_zap_定制_logger.go:87	test logger ...
2021-05-12T23:34:29.806+0800	INFO	gin_web/2021_5_12_zap_定制_logger.go:87	test logger ...
2021-05-12T23:34:29.806+0800	INFO	gin_web/2021_5_12_zap_定制_logger.go:87	test logger ...
2021-05-12T23:34:29.806+0800	INFO	gin_web/2021_5_12_zap_定制_logger.go:87	test logger ...
2021-05-12T23:34:29.806+0800	INFO	gin_web/2021_5_12_zap_定制_logger.go:87	test logger ...
2021-05-12T23:34:29.806+0800	INFO	gin_web/2021_5_12_zap_定制_logger.go:87	test logger ...
2021-05-12T23:34:29.806+0800	INFO	gin_web/2021_5_12_zap_定制_logger.go:87	test logger ...
2021-05-12T23:34:29.806+0800	INFO	gin_web/2021_5_12_zap_定制_logger.go:87	test logger ...
2021-05-12T23:34:29.806+0800	INFO	gin_web/2021_5_12_zap_定制_logger.go:87	test logger ...
2021-05-12T23:34:29.806+0800	INFO	gin_web/2021_5_12_zap_定制_logger.go:87	test logger ...
2021-05-12T23:34:29.806+0800	INFO	gin_web/2021_5_12_zap_定制_logger.go:87	test logger ...
2021-05-12T23:34:29.806+0800	INFO	gin_web/2021_5_12_zap_定制_logger.go:87	test logger ...
2021-05-12T23:34:29.806+0800	INFO	gin_web/2021_5_12_zap_定制_logger.go:87	test logger ...
2021-05-12T23:34:29.806+0800	INFO	gin_web/2021_5_12_zap_定制_logger.go:87	test logger ...
2021-05-12T23:34:29.806+0800	INFO	gin_web/2021_5_12_zap_定制_logger.go:87	test logger ...
2021-05-12T23:34:29.806+0800	INFO	gin_web/2021_5_12_zap_定制_logger.go:87	test logger ...
2021-05-12T23:34:29.806+0800	INFO	gin_web/2021_5_12_zap_定制_logger.go:87	test logger ...
2021-05-12T23:34:29.806+0800	INFO	gin_web/2021_5_12_zap_定制_logger.go:87	test logger ...
2021-05-12T23:34:29.806+0800	INFO	gin_web/2021_5_12_zap_定制_logger.go:87	test logger ...
2021-05-12T23:34:29.806+0800	INFO	gin_web/2021_5_12_zap_定制_logger.go:87	test logger ...
2021-05-12T23:34:29.806+0800	INFO	gin_web/2021_5_12_zap_定制_logger.go:87	test logger ...
2021-05-12T23:34:29.806+0800	INFO	gin_web/2021_5_12_zap_定制_logger.go:87	test logger ...
2021-05-12T23:34:29.806+0800	INFO	gin_web/2021_5_12_zap_定制_logger.go:87	test logger ...
2021-05-12T23:34:29.806+0800	INFO	gin_web/2021_5_12_zap_定制_logger.go:87	test logger ...
2021-05-12T23:34:29.806+0800	INFO	gin_web/2021_5_12_zap_定制_logger.go:87	test logger ...
2021-05-12T23:34:29.806+0800	INFO	gin_web/2021_5_12_zap_定制_logger.go:87	test logger ...
2021-05-12T23:34:29.806+0800	INFO	gin_web/2021_5_12_zap_定制_logger.go:87	test logger ...
2021-05-12T23:34:29.806+0800	INFO	gin_web/2021_5_12_zap_定制_logger.go:87	test logger ...
2021-05-12T23:34:29.806+0800	INFO	gin_web/2021_5_12_zap_定制_logger.go:87	test logger ...
2021-05-12T23:34:29.806+0800	INFO	gin_web/2021_5_12_zap_定制_logger.go:87	test logger ...
2021-05-12T23:34:29.806+0800	INFO	gin_web/2021_5_12_zap_定制_logger.go:87	test logger ...
2021-05-12T23:34:29.806+0800	INFO	gin_web/2021_5_12_zap_定制_logger.go:87	test logger ...
2021-05-12T23:34:29.806+0800	INFO	gin_web/2021_5_12_zap_定制_logger.go:87	test logger ...
2021-05-12T23:34:29.806+0800	INFO	gin_web/2021_5_12_zap_定制_logger.go:87	test logger ...
2021-05-12T23:34:29.806+0800	INFO	gin_web/2021_5_12_zap_定制_logger.go:87	test logger ...
2021-05-12T23:34:29.806+0800	INFO	gin_web/2021_5_12_zap_定制_logger.go:87	test logger ...
2021-05-12T23:34:29.806+0800	INFO	gin_web/2021_5_12_zap_定制_logger.go:87	test logger ...
2021-05-12T23:34:29.806+0800	INFO	gin_web/2021_5_12_zap_定制_logger.go:87	test logger ...
2021-05-12T23:34:29.806+0800	INFO	gin_web/2021_5_12_zap_定制_logger.go:87	test logger ...
2021-05-12T23:34:29.806+0800	INFO	gin_web/2021_5_12_zap_定制_logger.go:87	test logger ...
2021-05-12T23:34:29.806+0800	INFO	gin_web/2021_5_12_zap_定制_logger.go:87	test logger ...
2021-05-12T23:34:29.806+0800	INFO	gin_web/2021_5_12_zap_定制_logger.go:87	test logger ...
2021-05-12T23:34:29.806+0800	INFO	gin_web/2021_5_12_zap_定制_logger.go:87	test logger ...
2021-05-12T23:34:29.806+0800	INFO	gin_web/2021_5_12_zap_定制_logger.go:87	test logger ...
2021-05-12T23:34:29.806+0800	INFO	gin_web/2021_5_12_zap_定制_logger.go:87	test logger ...
2021-05-12T23:34:29.806+0800	INFO	gin_web/2021_5_12_zap_定制_logger.go:87	test logger ...
2021-05-12T23:34:29.806+0800	INFO	gin_web/2021_5_12_zap_定制_logger.go:87	test logger ...
2021-05-12T23:34:29.806+0800	INFO	gin_web/2021_5_12_zap_定制_logger.go:87	test logger ...
2021-05-12T23:34:29.806+0800	INFO	gin_web/2021_5_12_zap_定制_logger.go:87	test logger ...
2021-05-12T23:34:29.806+0800	INFO	gin_web/2021_5_12_zap_定制_logger.go:87	test logger ...
2021-05-12T23:34:29.806+0800	INFO	gin_web/2021_5_12_zap_定制_logger.go:87	test logger ...
2021-05-12T23:34:29.806+0800	INFO	gin_web/2021_5_12_zap_定制_logger.go:87	test logger ...
2021-05-12T23:34:29.806+0800	INFO	gin_web/2021_5_12_zap_定制_logger.go:87	test logger ...
2021-05-12T23:34:29.806+0800	INFO	gin_web/2021_5_12_zap_定制_logger.go:87	test logger ...
2021-05-12T23:34:29.806+0800	INFO	gin_web/2021_5_12_zap_定制_logger.go:87	test logger ...
2021-05-12T23:34:29.806+0800	INFO	gin_web/2021_5_12_zap_定制_logger.go:87	test logger ...
2021-05-12T23:34:29.806+0800	INFO	gin_web/2021_5_12_zap_定制_logger.go:87	test logger ...
2021-05-12T23:34:29.806+0800	INFO	gin_web/2021_5_12_zap_定制_logger.go:87	test logger ...
2021-05-12T23:34:29.806+0800	INFO	gin_web/2021_5_12_zap_定制_logger.go:87	test logger ...
2021-05-12T23:34:29.806+0800	INFO	gin_web/2021_5_12_zap_定制_logger.go:87	test logger ...
2021-05-12T23:34:29.806+0800	INFO	gin_web/2021_5_12_zap_定制_logger.go:87	test logger ...
2021-05-12T23:34:29.806+0800	INFO	gin_web/2021_5_12_zap_定制_logger.go:87	test logger ...
2021-05-12T23:34:29.806+0800	INFO	gin_web/2021_5_12_zap_定制_logger.go:87	test logger ...
2021-05-12T23:34:29.806+0800	INFO	gin_web/2021_5_12_zap_定制_logger.go:87	test logger ...
2021-05-12T23:34:29.806+0800	INFO	gin_web/2021_5_12_zap_定制_logger.go:87	test logger ...
2021-05-12T23:34:29.806+0800	INFO	gin_web/2021_5_12_zap_定制_logger.go:87	test logger ...
2021-05-12T23:34:29.806+0800	INFO	gin_web/2021_5_12_zap_定制_logger.go:87	test logger ...
2021-05-12T23:34:29.806+0800	INFO	gin_web/2021_5_12_zap_定制_logger.go:87	test logger ...
2021-05-12T23:34:29.806+0800	INFO	gin_web/2021_5_12_zap_定制_logger.go:87	test logger ...
2021-05-12T23:34:29.806+0800	INFO	gin_web/2021_5_12_zap_定制_logger.go:87	test logger ...
2021-05-12T23:34:29.806+0800	INFO	gin_web/2021_5_12_zap_定制_logger.go:87	test logger ...
2021-05-12T23:34:29.806+0800	INFO	gin_web/2021_5_12_zap_定制_logger.go:87	test logger ...
2021-05-12T23:34:29.806+0800	INFO	gin_web/2021_5_12_zap_定制_logger.go:87	test logger ...
2021-05-12T23:34:29.806+0800	INFO	gin_web/2021_5_12_zap_定制_logger.go:87	test logger ...
2021-05-12T23:34:29.806+0800	INFO	gin_web/2021_5_12_zap_定制_logger.go:87	test logger ...
2021-05-12T23:34:29.806+0800	INFO	gin_web/2021_5_12_zap_定制_logger.go:87	test logger ...
2021-05-12T23:34:29.806+0800	INFO	gin_web/2021_5_12_zap_定制_logger.go:87	test logger ...
2021-05-12T23:34:29.806+0800	INFO	gin_web/2021_5_12_zap_定制_logger.go:87	test logger ...
2021-05-12T23:34:29.806+0800	INFO	gin_web/2021_5_12_zap_定制_logger.go:87	test logger ...
2021-05-12T23:34:29.806+0800	INFO	gin_web/2021_5_12_zap_定制_logger.go:87	test logger ...
2021-05-12T23:34:29.806+0800	INFO	gin_web/2021_5_12_zap_定制_logger.go:87	test logger ...
2021-05-12T23:34:29.806+0800	INFO	gin_web/2021_5_12_zap_定制_logger.go:87	test logger ...
2021-05-12T23:34:29.806+0800	INFO	gin_web/2021_5_12_zap_定制_logger.go:87	test logger ...
2021-05-12T23:34:29.806+0800	INFO	gin_web/2021_5_12_zap_定制_logger.go:87	test logger ...
2021-05-12T23:34:29.806+0800	INFO	gin_web/2021_5_12_zap_定制_logger.go:87	test logger ...
2021-05-12T23:34:29.806+0800	INFO	gin_web/2021_5_12_zap_定制_logger.go:87	test logger ...
2021-05-12T23:34:29.806+0800	INFO	gin_web/2021_5_12_zap_定制_logger.go:87	test logger ...
2021-05-12T23:34:29.806+0800	INFO	gin_web/2021_5_12_zap_定制_logger.go:87	test logger ...
2021-05-12T23:34:29.806+0800	INFO	gin_web/2021_5_12_zap_定制_logger.go:87	test logger ...
2021-05-12T23:34:29.806+0800	INFO	gin_web/2021_5_12_zap_定制_logger.go:87	test logger ...
2021-05-12T23:34:29.806+0800	INFO	gin_web/2021_5_12_zap_定制_logger.go:87	test logger ...
2021-05-12T23:34:29.806+0800	INFO	gin_web/2021_5_12_zap_定制_logger.go:87	test logger ...
2021-05-12T23:34:29.806+0800	INFO	gin_web/2021_5_12_zap_定制_logger.go:87	test logger ...
2021-05-12T23:34:29.806+0800	INFO	gin_web/2021_5_12_zap_定制_logger.go:87	test logger ...
2021-05-12T23:34:29.806+0800	INFO	gin_web/2021_5_12_zap_定制_logger.go:87	test logger ...
2021-05-12T23:34:29.806+0800	INFO	gin_web/2021_5_12_zap_定制_logger.go:87	test logger ...
2021-05-12T23:34:29.806+0800	INFO	gin_web/2021_5_12_zap_定制_logger.go:87	test logger ...
2021-05-12T23:34:29.807+0800	INFO	gin_web/2021_5_12_zap_定制_logger.go:87	test logger ...
2021-05-12T23:34:29.807+0800	INFO	gin_web/2021_5_12_zap_定制_logger.go:87	test logger ...
2021-05-12T23:34:29.807+0800	INFO	gin_web/2021_5_12_zap_定制_logger.go:87	test logger ...
2021-05-12T23:34:29.807+0800	INFO	gin_web/2021_5_12_zap_定制_logger.go:87	test logger ...
2021-05-12T23:34:29.807+0800	INFO	gin_web/2021_5_12_zap_定制_logger.go:87	test logger ...
2021-05-12T23:34:29.807+0800	INFO	gin_web/2021_5_12_zap_定制_logger.go:87	test logger ...
2021-05-12T23:34:29.807+0800	INFO	gin_web/2021_5_12_zap_定制_logger.go:87	test logger ...
2021-05-12T23:34:29.807+0800	INFO	gin_web/2021_5_12_zap_定制_logger.go:87	test logger ...
2021-05-12T23:34:29.807+0800	INFO	gin_web/2021_5_12_zap_定制_logger.go:87	test logger ...
2021-05-12T23:34:29.807+0800	INFO	gin_web/2021_5_12_zap_定制_logger.go:87	test logger ...
2021-05-12T23:34:29.807+0800	INFO	gin_web/2021_5_12_zap_定制_logger.go:87	test logger ...
2021-05-12T23:34:29.807+0800	INFO	gin_web/2021_5_12_zap_定制_logger.go:87	test logger ...
2021-05-12T23:34:29.807+0800	INFO	gin_web/2021_5_12_zap_定制_logger.go:87	test logger ...
2021-05-12T23:34:29.807+0800	INFO	gin_web/2021_5_12_zap_定制_logger.go:87	test logger ...
2021-05-12T23:34:29.807+0800	INFO	gin_web/2021_5_12_zap_定制_logger.go:87	test logger ...
2021-05-12T23:34:29.807+0800	INFO	gin_web/2021_5_12_zap_定制_logger.go:87	test logger ...
2021-05-12T23:34:29.807+0800	INFO	gin_web/2021_5_12_zap_定制_logger.go:87	test logger ...
2021-05-12T23:34:29.807+0800	INFO	gin_web/2021_5_12_zap_定制_logger.go:87	test logger ...
2021-05-12T23:34:29.807+0800	INFO	gin_web/2021_5_12_zap_定制_logger.go:87	test logger ...
2021-05-12T23:34:29.807+0800	INFO	gin_web/2021_5_12_zap_定制_logger.go:87	test logger ...
2021-05-12T23:34:29.807+0800	INFO	gin_web/2021_5_12_zap_定制_logger.go:87	test logger ...
2021-05-12T23:34:29.807+0800	INFO	gin_web/2021_5_12_zap_定制_logger.go:87	test logger ...
2021-05-12T23:34:29.807+0800	INFO	gin_web/2021_5_12_zap_定制_logger.go:87	test logger ...
2021-05-12T23:34:29.807+0800	INFO	gin_web/2021_5_12_zap_定制_logger.go:87	test logger ...
2021-05-12T23:34:29.807+0800	INFO	gin_web/2021_5_12_zap_定制_logger.go:87	test logger ...
2021-05-12T23:34:29.807+0800	INFO	gin_web/2021_5_12_zap_定制_logger.go:87	test logger ...
2021-05-12T23:34:29.807+0800	INFO	gin_web/2021_5_12_zap_定制_logger.go:87	test logger ...
2021-05-12T23:34:29.807+0800	INFO	gin_web/2021_5_12_zap_定制_logger.go:87	test logger ...
2021-05-12T23:34:29.807+0800	INFO	gin_web/2021_5_12_zap_定制_logger.go:87	test logger ...
2021-05-12T23:34:29.807+0800	INFO	gin_web/2021_5_12_zap_定制_logger.go:87	test logger ...
2021-05-12T23:34:29.807+0800	INFO	gin_web/2021_5_12_zap_定制_logger.go:87	test logger ...
2021-05-12T23:34:29.807+0800	INFO	gin_web/2021_5_12_zap_定制_logger.go:87	test logger ...
2021-05-12T23:34:29.807+0800	INFO	gin_web/2021_5_12_zap_定制_logger.go:87	test logger ...
2021-05-12T23:34:29.807+0800	INFO	gin_web/2021_5_12_zap_定制_logger.go:87	test logger ...
2021-05-12T23:34:29.807+0800	INFO	gin_web/2021_5_12_zap_定制_logger.go:87	test logger ...
2021-05-12T23:34:29.807+0800	INFO	gin_web/2021_5_12_zap_定制_logger.go:87	test logger ...
2021-05-12T23:34:29.807+0800	INFO	gin_web/2021_5_12_zap_定制_logger.go:87	test logger ...
2021-05-12T23:34:29.807+0800	INFO	gin_web/2021_5_12_zap_定制_logger.go:87	test logger ...
2021-05-12T23:34:29.807+0800	INFO	gin_web/2021_5_12_zap_定制_logger.go:87	test logger ...
2021-05-12T23:34:29.807+0800	INFO	gin_web/2021_5_12_zap_定制_logger.go:87	test logger ...
2021-05-12T23:34:29.807+0800	INFO	gin_web/2021_5_12_zap_定制_logger.go:87	test logger ...
2021-05-12T23:34:29.807+0800	INFO	gin_web/2021_5_12_zap_定制_logger.go:87	test logger ...
2021-05-12T23:34:29.807+0800	INFO	gin_web/2021_5_12_zap_定制_logger.go:87	test logger ...
2021-05-12T23:34:29.807+0800	INFO	gin_web/2021_5_12_zap_定制_logger.go:87	test logger ...
2021-05-12T23:34:29.807+0800	INFO	gin_web/2021_5_12_zap_定制_logger.go:87	test logger ...
2021-05-12T23:34:29.807+0800	INFO	gin_web/2021_5_12_zap_定制_logger.go:87	test logger ...
2021-05-12T23:34:29.807+0800	INFO	gin_web/2021_5_12_zap_定制_logger.go:87	test logger ...
2021-05-12T23:34:29.807+0800	INFO	gin_web/2021_5_12_zap_定制_logger.go:87	test logger ...
2021-05-12T23:34:29.807+0800	INFO	gin_web/2021_5_12_zap_定制_logger.go:87	test logger ...
2021-05-12T23:34:29.807+0800	INFO	gin_web/2021_5_12_zap_定制_logger.go:87	test logger ...
2021-05-12T23:34:29.807+0800	INFO	gin_web/2021_5_12_zap_定制_logger.go:87	test logger ...
2021-05-12T23:34:29.807+0800	INFO	gin_web/2021_5_12_zap_定制_logger.go:87	test logger ...
2021-05-12T23:34:29.807+0800	INFO	gin_web/2021_5_12_zap_定制_logger.go:87	test logger ...
2021-05-12T23:34:29.807+0800	INFO	gin_web/2021_5_12_zap_定制_logger.go:87	test logger ...
2021-05-12T23:34:29.807+0800	INFO	gin_web/2021_5_12_zap_定制_logger.go:87	test logger ...
2021-05-12T23:34:29.807+0800	INFO	gin_web/2021_5_12_zap_定制_logger.go:87	test logger ...
2021-05-12T23:34:29.807+0800	INFO	gin_web/2021_5_12_zap_定制_logger.go:87	test logger ...
2021-05-12T23:34:29.807+0800	INFO	gin_web/2021_5_12_zap_定制_logger.go:87	test logger ...
2021-05-12T23:34:29.807+0800	INFO	gin_web/2021_5_12_zap_定制_logger.go:87	test logger ...
2021-05-12T23:34:29.807+0800	INFO	gin_web/2021_5_12_zap_定制_logger.go:87	test logger ...
2021-05-12T23:34:29.807+0800	INFO	gin_web/2021_5_12_zap_定制_logger.go:87	test logger ...
2021-05-12T23:34:29.807+0800	INFO	gin_web/2021_5_12_zap_定制_logger.go:87	test logger ...
2021-05-12T23:34:29.807+0800	INFO	gin_web/2021_5_12_zap_定制_logger.go:87	test logger ...
2021-05-12T23:34:29.807+0800	INFO	gin_web/2021_5_12_zap_定制_logger.go:87	test logger ...
2021-05-12T23:34:29.807+0800	INFO	gin_web/2021_5_12_zap_定制_logger.go:87	test logger ...
2021-05-12T23:34:29.807+0800	INFO	gin_web/2021_5_12_zap_定制_logger.go:87	test logger ...
2021-05-12T23:34:29.807+0800	INFO	gin_web/2021_5_12_zap_定制_logger.go:87	test logger ...
2021-05-12T23:34:29.807+0800	INFO	gin_web/2021_5_12_zap_定制_logger.go:87	test logger ...
2021-05-12T23:34:29.807+0800	INFO	gin_web/2021_5_12_zap_定制_logger.go:87	test logger ...
2021-05-12T23:34:29.807+0800	INFO	gin_web/2021_5_12_zap_定制_logger.go:87	test logger ...
2021-05-12T23:34:29.807+0800	INFO	gin_web/2021_5_12_zap_定制_logger.go:87	test logger ...
2021-05-12T23:34:29.807+0800	INFO	gin_web/2021_5_12_zap_定制_logger.go:87	test logger ...
2021-05-12T23:34:29.807+0800	INFO	gin_web/2021_5_12_zap_定制_logger.go:87	test logger ...
2021-05-12T23:34:29.807+0800	INFO	gin_web/2021_5_12_zap_定制_logger.go:87	test logger ...
2021-05-12T23:34:29.807+0800	INFO	gin_web/2021_5_12_zap_定制_logger.go:87	test logger ...
2021-05-12T23:34:29.807+0800	INFO	gin_web/2021_5_12_zap_定制_logger.go:87	test logger ...
2021-05-12T23:34:29.807+0800	INFO	gin_web/2021_5_12_zap_定制_logger.go:87	test logger ...
2021-05-12T23:34:29.807+0800	INFO	gin_web/2021_5_12_zap_定制_logger.go:87	test logger ...
2021-05-12T23:34:29.807+0800	INFO	gin_web/2021_5_12_zap_定制_logger.go:87	test logger ...
2021-05-12T23:34:29.807+0800	INFO	gin_web/2021_5_12_zap_定制_logger.go:87	test logger ...
2021-05-12T23:34:29.807+0800	INFO	gin_web/2021_5_12_zap_定制_logger.go:87	test logger ...
2021-05-12T23:34:29.807+0800	INFO	gin_web/2021_5_12_zap_定制_logger.go:87	test logger ...
2021-05-12T23:34:29.807+0800	INFO	gin_web/2021_5_12_zap_定制_logger.go:87	test logger ...
2021-05-12T23:34:29.807+0800	INFO	gin_web/2021_5_12_zap_定制_logger.go:87	test logger ...
2021-05-12T23:34:29.807+0800	INFO	gin_web/2021_5_12_zap_定制_logger.go:87	test logger ...
2021-05-12T23:34:29.807+0800	INFO	gin_web/2021_5_12_zap_定制_logger.go:87	test logger ...
2021-05-12T23:34:29.807+0800	INFO	gin_web/2021_5_12_zap_定制_logger.go:87	test logger ...
2021-05-12T23:34:29.807+0800	INFO	gin_web/2021_5_12_zap_定制_logger.go:87	test logger ...
2021-05-12T23:34:29.807+0800	INFO	gin_web/2021_5_12_zap_定制_logger.go:87	test logger ...
2021-05-12T23:34:29.807+0800	INFO	gin_web/2021_5_12_zap_定制_logger.go:87	test logger ...
2021-05-12T23:34:29.807+0800	INFO	gin_web/2021_5_12_zap_定制_logger.go:87	test logger ...
2021-05-12T23:34:29.807+0800	INFO	gin_web/2021_5_12_zap_定制_logger.go:87	test logger ...
2021-05-12T23:34:29.807+0800	INFO	gin_web/2021_5_12_zap_定制_logger.go:87	test logger ...
2021-05-12T23:34:29.807+0800	INFO	gin_web/2021_5_12_zap_定制_logger.go:87	test logger ...
2021-05-12T23:34:29.807+0800	INFO	gin_web/2021_5_12_zap_定制_logger.go:87	test logger ...
2021-05-12T23:34:29.807+0800	INFO	gin_web/2021_5_12_zap_定制_logger.go:87	test logger ...
2021-05-12T23:34:29.807+0800	INFO	gin_web/2021_5_12_zap_定制_logger.go:87	test logger ...
2021-05-12T23:34:29.807+0800	INFO	gin_web/2021_5_12_zap_定制_logger.go:87	test logger ...
2021-05-12T23:34:29.807+0800	INFO	gin_web/2021_5_12_zap_定制_logger.go:87	test logger ...
2021-05-12T23:34:29.807+0800	INFO	gin_web/2021_5_12_zap_定制_logger.go:87	test logger ...
2021-05-12T23:34:29.807+0800	INFO	gin_web/2021_5_12_zap_定制_logger.go:87	test logger ...
2021-05-12T23:34:29.807+0800	INFO	gin_web/2021_5_12_zap_定制_logger.go:87	test logger ...
2021-05-12T23:34:29.807+0800	INFO	gin_web/2021_5_12_zap_定制_logger.go:87	test logger ...
2021-05-12T23:34:29.807+0800	INFO	gin_web/2021_5_12_zap_定制_logger.go:87	test logger ...
2021-05-12T23:34:29.808+0800	INFO	gin_web/2021_5_12_zap_定制_logger.go:87	test logger ...
2021-05-12T23:34:29.808+0800	INFO	gin_web/2021_5_12_zap_定制_logger.go:87	test logger ...
2021-05-12T23:34:29.808+0800	INFO	gin_web/2021_5_12_zap_定制_logger.go:87	test logger ...
2021-05-12T23:34:29.808+0800	INFO	gin_web/2021_5_12_zap_定制_logger.go:87	test logger ...
2021-05-12T23:34:29.808+0800	INFO	gin_web/2021_5_12_zap_定制_logger.go:87	test logger ...
2021-05-12T23:34:29.808+0800	INFO	gin_web/2021_5_12_zap_定制_logger.go:87	test logger ...
2021-05-12T23:34:29.808+0800	INFO	gin_web/2021_5_12_zap_定制_logger.go:87	test logger ...
2021-05-12T23:34:29.808+0800	INFO	gin_web/2021_5_12_zap_定制_logger.go:87	test logger ...
2021-05-12T23:34:29.808+0800	INFO	gin_web/2021_5_12_zap_定制_logger.go:87	test logger ...
2021-05-12T23:34:29.808+0800	INFO	gin_web/2021_5_12_zap_定制_logger.go:87	test logger ...
2021-05-12T23:34:29.808+0800	INFO	gin_web/2021_5_12_zap_定制_logger.go:87	test logger ...
2021-05-12T23:34:29.808+0800	INFO	gin_web/2021_5_12_zap_定制_logger.go:87	test logger ...
2021-05-12T23:34:29.808+0800	INFO	gin_web/2021_5_12_zap_定制_logger.go:87	test logger ...
2021-05-12T23:34:29.808+0800	INFO	gin_web/2021_5_12_zap_定制_logger.go:87	test logger ...
2021-05-12T23:34:29.808+0800	INFO	gin_web/2021_5_12_zap_定制_logger.go:87	test logger ...
2021-05-12T23:34:29.808+0800	INFO	gin_web/2021_5_12_zap_定制_logger.go:87	test logger ...
2021-05-12T23:34:29.808+0800	INFO	gin_web/2021_5_12_zap_定制_logger.go:87	test logger ...
2021-05-12T23:34:29.808+0800	INFO	gin_web/2021_5_12_zap_定制_logger.go:87	test logger ...
2021-05-12T23:34:29.808+0800	INFO	gin_web/2021_5_12_zap_定制_logger.go:87	test logger ...
2021-05-12T23:34:29.808+0800	INFO	gin_web/2021_5_12_zap_定制_logger.go:87	test logger ...
2021-05-12T23:34:29.808+0800	INFO	gin_web/2021_5_12_zap_定制_logger.go:87	test logger ...
2021-05-12T23:34:29.808+0800	INFO	gin_web/2021_5_12_zap_定制_logger.go:87	test logger ...
2021-05-12T23:34:29.808+0800	INFO	gin_web/2021_5_12_zap_定制_logger.go:87	test logger ...
2021-05-12T23:34:29.808+0800	INFO	gin_web/2021_5_12_zap_定制_logger.go:87	test logger ...
2021-05-12T23:34:29.808+0800	INFO	gin_web/2021_5_12_zap_定制_logger.go:87	test logger ...
2021-05-12T23:34:29.808+0800	INFO	gin_web/2021_5_12_zap_定制_logger.go:87	test logger ...
2021-05-12T23:34:29.808+0800	INFO	gin_web/2021_5_12_zap_定制_logger.go:87	test logger ...
2021-05-12T23:34:29.808+0800	INFO	gin_web/2021_5_12_zap_定制_logger.go:87	test logger ...
2021-05-12T23:34:29.808+0800	INFO	gin_web/2021_5_12_zap_定制_logger.go:87	test logger ...
2021-05-12T23:34:29.808+0800	INFO	gin_web/2021_5_12_zap_定制_logger.go:87	test logger ...
2021-05-12T23:34:29.808+0800	INFO	gin_web/2021_5_12_zap_定制_logger.go:87	test logger ...
2021-05-12T23:34:29.808+0800	INFO	gin_web/2021_5_12_zap_定制_logger.go:87	test logger ...
2021-05-12T23:34:29.808+0800	INFO	gin_web/2021_5_12_zap_定制_logger.go:87	test logger ...
2021-05-12T23:34:29.808+0800	INFO	gin_web/2021_5_12_zap_定制_logger.go:87	test logger ...
2021-05-12T23:34:29.808+0800	INFO	gin_web/2021_5_12_zap_定制_logger.go:87	test logger ...
2021-05-12T23:34:29.808+0800	INFO	gin_web/2021_5_12_zap_定制_logger.go:87	test logger ...
2021-05-12T23:34:29.808+0800	INFO	gin_web/2021_5_12_zap_定制_logger.go:87	test logger ...
2021-05-12T23:34:29.808+0800	INFO	gin_web/2021_5_12_zap_定制_logger.go:87	test logger ...
2021-05-12T23:34:29.808+0800	INFO	gin_web/2021_5_12_zap_定制_logger.go:87	test logger ...
2021-05-12T23:34:29.808+0800	INFO	gin_web/2021_5_12_zap_定制_logger.go:87	test logger ...
2021-05-12T23:34:29.808+0800	INFO	gin_web/2021_5_12_zap_定制_logger.go:87	test logger ...
2021-05-12T23:34:29.808+0800	INFO	gin_web/2021_5_12_zap_定制_logger.go:87	test logger ...
2021-05-12T23:34:29.808+0800	INFO	gin_web/2021_5_12_zap_定制_logger.go:87	test logger ...
2021-05-12T23:34:29.808+0800	INFO	gin_web/2021_5_12_zap_定制_logger.go:87	test logger ...
2021-05-12T23:34:29.808+0800	INFO	gin_web/2021_5_12_zap_定制_logger.go:87	test logger ...
2021-05-12T23:34:29.808+0800	INFO	gin_web/2021_5_12_zap_定制_logger.go:87	test logger ...
2021-05-12T23:34:29.808+0800	INFO	gin_web/2021_5_12_zap_定制_logger.go:87	test logger ...
2021-05-12T23:34:29.808+0800	INFO	gin_web/2021_5_12_zap_定制_logger.go:87	test logger ...
2021-05-12T23:34:29.808+0800	INFO	gin_web/2021_5_12_zap_定制_logger.go:87	test logger ...
2021-05-12T23:34:29.808+0800	INFO	gin_web/2021_5_12_zap_定制_logger.go:87	test logger ...
2021-05-12T23:34:29.808+0800	INFO	gin_web/2021_5_12_zap_定制_logger.go:87	test logger ...
2021-05-12T23:34:29.808+0800	INFO	gin_web/2021_5_12_zap_定制_logger.go:87	test logger ...
2021-05-12T23:34:29.808+0800	INFO	gin_web/2021_5_12_zap_定制_logger.go:87	test logger ...
2021-05-12T23:34:29.808+0800	INFO	gin_web/2021_5_12_zap_定制_logger.go:87	test logger ...
2021-05-12T23:34:29.808+0800	INFO	gin_web/2021_5_12_zap_定制_logger.go:87	test logger ...
2021-05-12T23:34:29.808+0800	INFO	gin_web/2021_5_12_zap_定制_logger.go:87	test logger ...
2021-05-12T23:34:29.808+0800	INFO	gin_web/2021_5_12_zap_定制_logger.go:87	test logger ...
2021-05-12T23:34:29.808+0800	INFO	gin_web/2021_5_12_zap_定制_logger.go:87	test logger ...
2021-05-12T23:34:29.808+0800	INFO	gin_web/2021_5_12_zap_定制_logger.go:87	test logger ...
2021-05-12T23:34:29.808+0800	INFO	gin_web/2021_5_12_zap_定制_logger.go:87	test logger ...
2021-05-12T23:34:29.808+0800	INFO	gin_web/2021_5_12_zap_定制_logger.go:87	test logger ...
2021-05-12T23:34:29.808+0800	INFO	gin_web/2021_5_12_zap_定制_logger.go:87	test logger ...
2021-05-12T23:34:29.808+0800	INFO	gin_web/2021_5_12_zap_定制_logger.go:87	test logger ...
2021-05-12T23:34:29.808+0800	INFO	gin_web/2021_5_12_zap_定制_logger.go:87	test logger ...
2021-05-12T23:34:29.808+0800	INFO	gin_web/2021_5_12_zap_定制_logger.go:87	test logger ...
2021-05-12T23:34:29.808+0800	INFO	gin_web/2021_5_12_zap_定制_logger.go:87	test logger ...
2021-05-12T23:34:29.808+0800	INFO	gin_web/2021_5_12_zap_定制_logger.go:87	test logger ...
2021-05-12T23:34:29.808+0800	INFO	gin_web/2021_5_12_zap_定制_logger.go:87	test logger ...
2021-05-12T23:34:29.808+0800	INFO	gin_web/2021_5_12_zap_定制_logger.go:87	test logger ...
2021-05-12T23:34:29.808+0800	INFO	gin_web/2021_5_12_zap_定制_logger.go:87	test logger ...
2021-05-12T23:34:29.808+0800	INFO	gin_web/2021_5_12_zap_定制_logger.go:87	test logger ...
2021-05-12T23:34:29.808+0800	INFO	gin_web/2021_5_12_zap_定制_logger.go:87	test logger ...
2021-05-12T23:34:29.808+0800	INFO	gin_web/2021_5_12_zap_定制_logger.go:87	test logger ...
2021-05-12T23:34:29.808+0800	INFO	gin_web/2021_5_12_zap_定制_logger.go:87	test logger ...
2021-05-12T23:34:29.808+0800	INFO	gin_web/2021_5_12_zap_定制_logger.go:87	test logger ...
2021-05-12T23:34:29.808+0800	INFO	gin_web/2021_5_12_zap_定制_logger.go:87	test logger ...
2021-05-12T23:34:29.808+0800	INFO	gin_web/2021_5_12_zap_定制_logger.go:87	test logger ...
2021-05-12T23:34:29.808+0800	INFO	gin_web/2021_5_12_zap_定制_logger.go:87	test logger ...
2021-05-12T23:34:29.808+0800	INFO	gin_web/2021_5_12_zap_定制_logger.go:87	test logger ...
2021-05-12T23:34:29.808+0800	INFO	gin_web/2021_5_12_zap_定制_logger.go:87	test logger ...
2021-05-12T23:34:29.808+0800	INFO	gin_web/2021_5_12_zap_定制_logger.go:87	test logger ...
2021-05-12T23:34:29.808+0800	INFO	gin_web/2021_5_12_zap_定制_logger.go:87	test logger ...
2021-05-12T23:34:29.808+0800	INFO	gin_web/2021_5_12_zap_定制_logger.go:87	test logger ...
2021-05-12T23:34:29.808+0800	INFO	gin_web/2021_5_12_zap_定制_logger.go:87	test logger ...
2021-05-12T23:34:29.808+0800	INFO	gin_web/2021_5_12_zap_定制_logger.go:87	test logger ...
2021-05-12T23:34:29.808+0800	INFO	gin_web/2021_5_12_zap_定制_logger.go:87	test logger ...
2021-05-12T23:34:29.808+0800	INFO	gin_web/2021_5_12_zap_定制_logger.go:87	test logger ...
2021-05-12T23:34:29.808+0800	INFO	gin_web/2021_5_12_zap_定制_logger.go:87	test logger ...
2021-05-12T23:34:29.808+0800	INFO	gin_web/2021_5_12_zap_定制_logger.go:87	test logger ...
2021-05-12T23:34:29.808+0800	INFO	gin_web/2021_5_12_zap_定制_logger.go:87	test logger ...
2021-05-12T23:34:29.808+0800	INFO	gin_web/2021_5_12_zap_定制_logger.go:87	test logger ...
2021-05-12T23:34:29.808+0800	INFO	gin_web/2021_5_12_zap_定制_logger.go:87	test logger ...
2021-05-12T23:34:29.808+0800	INFO	gin_web/2021_5_12_zap_定制_logger.go:87	test logger ...
2021-05-12T23:34:29.808+0800	INFO	gin_web/2021_5_12_zap_定制_logger.go:87	test logger ...
2021-05-12T23:34:29.809+0800	INFO	gin_web/2021_5_12_zap_定制_logger.go:87	test logger ...
2021-05-12T23:34:29.809+0800	INFO	gin_web/2021_5_12_zap_定制_logger.go:87	test logger ...
2021-05-12T23:34:29.809+0800	INFO	gin_web/2021_5_12_zap_定制_logger.go:87	test logger ...
2021-05-12T23:34:29.809+0800	INFO	gin_web/2021_5_12_zap_定制_logger.go:87	test logger ...
2021-05-12T23:34:29.809+0800	INFO	gin_web/2021_5_12_zap_定制_logger.go:87	test logger ...
2021-05-12T23:34:29.809+0800	INFO	gin_web/2021_5_12_zap_定制_logger.go:87	test logger ...
2021-05-12T23:34:29.809+0800	INFO	gin_web/2021_5_12_zap_定制_logger.go:87	test logger ...
2021-05-12T23:34:29.809+0800	INFO	gin_web/2021_5_12_zap_定制_logger.go:87	test logger ...
2021-05-12T23:34:29.809+0800	INFO	gin_web/2021_5_12_zap_定制_logger.go:87	test logger ...
2021-05-12T23:34:29.809+0800	INFO	gin_web/2021_5_12_zap_定制_logger.go:87	test logger ...
2021-05-12T23:34:29.809+0800	INFO	gin_web/2021_5_12_zap_定制_logger.go:87	test logger ...
2021-05-12T23:34:29.809+0800	INFO	gin_web/2021_5_12_zap_定制_logger.go:87	test logger ...
2021-05-12T23:34:29.809+0800	INFO	gin_web/2021_5_12_zap_定制_logger.go:87	test logger ...
2021-05-12T23:34:29.809+0800	INFO	gin_web/2021_5_12_zap_定制_logger.go:87	test logger ...
2021-05-12T23:34:29.809+0800	INFO	gin_web/2021_5_12_zap_定制_logger.go:87	test logger ...
2021-05-12T23:34:29.809+0800	INFO	gin_web/2021_5_12_zap_定制_logger.go:87	test logger ...
2021-05-12T23:34:29.809+0800	INFO	gin_web/2021_5_12_zap_定制_logger.go:87	test logger ...
2021-05-12T23:34:29.809+0800	INFO	gin_web/2021_5_12_zap_定制_logger.go:87	test logger ...
2021-05-12T23:34:29.809+0800	INFO	gin_web/2021_5_12_zap_定制_logger.go:87	test logger ...
2021-05-12T23:34:29.809+0800	INFO	gin_web/2021_5_12_zap_定制_logger.go:87	test logger ...
2021-05-12T23:34:29.809+0800	INFO	gin_web/2021_5_12_zap_定制_logger.go:87	test logger ...
2021-05-12T23:34:29.809+0800	INFO	gin_web/2021_5_12_zap_定制_logger.go:87	test logger ...
2021-05-12T23:34:29.809+0800	INFO	gin_web/2021_5_12_zap_定制_logger.go:87	test logger ...
2021-05-12T23:34:29.809+0800	INFO	gin_web/2021_5_12_zap_定制_logger.go:87	test logger ...
2021-05-12T23:34:29.809+0800	INFO	gin_web/2021_5_12_zap_定制_logger.go:87	test logger ...
2021-05-12T23:34:29.809+0800	INFO	gin_web/2021_5_12_zap_定制_logger.go:87	test logger ...
2021-05-12T23:34:29.809+0800	INFO	gin_web/2021_5_12_zap_定制_logger.go:87	test logger ...
2021-05-12T23:34:29.809+0800	INFO	gin_web/2021_5_12_zap_定制_logger.go:87	test logger ...
2021-05-12T23:34:29.809+0800	INFO	gin_web/2021_5_12_zap_定制_logger.go:87	test logger ...
2021-05-12T23:34:29.809+0800	INFO	gin_web/2021_5_12_zap_定制_logger.go:87	test logger ...
2021-05-12T23:34:29.809+0800	INFO	gin_web/2021_5_12_zap_定制_logger.go:87	test logger ...
2021-05-12T23:34:29.809+0800	INFO	gin_web/2021_5_12_zap_定制_logger.go:87	test logger ...
2021-05-12T23:34:29.809+0800	INFO	gin_web/2021_5_12_zap_定制_logger.go:87	test logger ...
2021-05-12T23:34:29.809+0800	INFO	gin_web/2021_5_12_zap_定制_logger.go:87	test logger ...
2021-05-12T23:34:29.809+0800	INFO	gin_web/2021_5_12_zap_定制_logger.go:87	test logger ...
2021-05-12T23:34:29.809+0800	INFO	gin_web/2021_5_12_zap_定制_logger.go:87	test logger ...
2021-05-12T23:34:29.809+0800	INFO	gin_web/2021_5_12_zap_定制_logger.go:87	test logger ...
2021-05-12T23:34:29.809+0800	INFO	gin_web/2021_5_12_zap_定制_logger.go:87	test logger ...
2021-05-12T23:34:29.809+0800	INFO	gin_web/2021_5_12_zap_定制_logger.go:87	test logger ...
2021-05-12T23:34:29.809+0800	INFO	gin_web/2021_5_12_zap_定制_logger.go:87	test logger ...
2021-05-12T23:34:29.809+0800	INFO	gin_web/2021_5_12_zap_定制_logger.go:87	test logger ...
2021-05-12T23:34:29.809+0800	INFO	gin_web/2021_5_12_zap_定制_logger.go:87	test logger ...
2021-05-12T23:34:29.809+0800	INFO	gin_web/2021_5_12_zap_定制_logger.go:87	test logger ...
2021-05-12T23:34:29.809+0800	INFO	gin_web/2021_5_12_zap_定制_logger.go:87	test logger ...
2021-05-12T23:34:29.809+0800	INFO	gin_web/2021_5_12_zap_定制_logger.go:87	test logger ...
2021-05-12T23:34:29.809+0800	INFO	gin_web/2021_5_12_zap_定制_logger.go:87	test logger ...
2021-05-12T23:34:29.809+0800	INFO	gin_web/2021_5_12_zap_定制_logger.go:87	test logger ...
2021-05-12T23:34:29.809+0800	INFO	gin_web/2021_5_12_zap_定制_logger.go:87	test logger ...
2021-05-12T23:34:29.809+0800	INFO	gin_web/2021_5_12_zap_定制_logger.go:87	test logger ...
2021-05-12T23:34:29.809+0800	INFO	gin_web/2021_5_12_zap_定制_logger.go:87	test logger ...
2021-05-12T23:34:29.809+0800	INFO	gin_web/2021_5_12_zap_定制_logger.go:87	test logger ...
2021-05-12T23:34:29.809+0800	INFO	gin_web/2021_5_12_zap_定制_logger.go:87	test logger ...
2021-05-12T23:34:29.809+0800	INFO	gin_web/2021_5_12_zap_定制_logger.go:87	test logger ...
2021-05-12T23:34:29.809+0800	INFO	gin_web/2021_5_12_zap_定制_logger.go:87	test logger ...
2021-05-12T23:34:29.809+0800	INFO	gin_web/2021_5_12_zap_定制_logger.go:87	test logger ...
2021-05-12T23:34:29.809+0800	INFO	gin_web/2021_5_12_zap_定制_logger.go:87	test logger ...
2021-05-12T23:34:29.809+0800	INFO	gin_web/2021_5_12_zap_定制_logger.go:87	test logger ...
2021-05-12T23:34:29.809+0800	INFO	gin_web/2021_5_12_zap_定制_logger.go:87	test logger ...
2021-05-12T23:34:29.809+0800	INFO	gin_web/2021_5_12_zap_定制_logger.go:87	test logger ...
2021-05-12T23:34:29.809+0800	INFO	gin_web/2021_5_12_zap_定制_logger.go:87	test logger ...
2021-05-12T23:34:29.809+0800	INFO	gin_web/2021_5_12_zap_定制_logger.go:87	test logger ...
2021-05-12T23:34:29.809+0800	INFO	gin_web/2021_5_12_zap_定制_logger.go:87	test logger ...
2021-05-12T23:34:29.809+0800	INFO	gin_web/2021_5_12_zap_定制_logger.go:87	test logger ...
2021-05-12T23:34:29.809+0800	INFO	gin_web/2021_5_12_zap_定制_logger.go:87	test logger ...
2021-05-12T23:34:29.809+0800	INFO	gin_web/2021_5_12_zap_定制_logger.go:87	test logger ...
2021-05-12T23:34:29.809+0800	INFO	gin_web/2021_5_12_zap_定制_logger.go:87	test logger ...
2021-05-12T23:34:29.809+0800	INFO	gin_web/2021_5_12_zap_定制_logger.go:87	test logger ...
2021-05-12T23:34:29.809+0800	INFO	gin_web/2021_5_12_zap_定制_logger.go:87	test logger ...
2021-05-12T23:34:29.809+0800	INFO	gin_web/2021_5_12_zap_定制_logger.go:87	test logger ...
2021-05-12T23:34:29.809+0800	INFO	gin_web/2021_5_12_zap_定制_logger.go:87	test logger ...
2021-05-12T23:34:29.809+0800	INFO	gin_web/2021_5_12_zap_定制_logger.go:87	test logger ...
2021-05-12T23:34:29.809+0800	INFO	gin_web/2021_5_12_zap_定制_logger.go:87	test logger ...
2021-05-12T23:34:29.809+0800	INFO	gin_web/2021_5_12_zap_定制_logger.go:87	test logger ...
2021-05-12T23:34:29.809+0800	INFO	gin_web/2021_5_12_zap_定制_logger.go:87	test logger ...
2021-05-12T23:34:29.809+0800	INFO	gin_web/2021_5_12_zap_定制_logger.go:87	test logger ...
2021-05-12T23:34:29.809+0800	INFO	gin_web/2021_5_12_zap_定制_logger.go:87	test logger ...
2021-05-12T23:34:29.809+0800	INFO	gin_web/2021_5_12_zap_定制_logger.go:87	test logger ...
2021-05-12T23:34:29.809+0800	INFO	gin_web/2021_5_12_zap_定制_logger.go:87	test logger ...
2021-05-12T23:34:29.809+0800	INFO	gin_web/2021_5_12_zap_定制_logger.go:87	test logger ...
2021-05-12T23:34:29.809+0800	INFO	gin_web/2021_5_12_zap_定制_logger.go:87	test logger ...
2021-05-12T23:34:29.809+0800	INFO	gin_web/2021_5_12_zap_定制_logger.go:87	test logger ...
2021-05-12T23:34:29.809+0800	INFO	gin_web/2021_5_12_zap_定制_logger.go:87	test logger ...
2021-05-12T23:34:29.809+0800	INFO	gin_web/2021_5_12_zap_定制_logger.go:87	test logger ...
2021-05-12T23:34:29.809+0800	INFO	gin_web/2021_5_12_zap_定制_logger.go:87	test logger ...
2021-05-12T23:34:29.809+0800	INFO	gin_web/2021_5_12_zap_定制_logger.go:87	test logger ...
2021-05-12T23:34:29.809+0800	INFO	gin_web/2021_5_12_zap_定制_logger.go:87	test logger ...
2021-05-12T23:34:29.809+0800	INFO	gin_web/2021_5_12_zap_定制_logger.go:87	test logger ...
2021-05-12T23:34:29.809+0800	INFO	gin_web/2021_5_12_zap_定制_logger.go:87	test logger ...
2021-05-12T23:34:29.809+0800	INFO	gin_web/2021_5_12_zap_定制_logger.go:87	test logger ...
2021-05-12T23:34:29.809+0800	INFO	gin_web/2021_5_12_zap_定制_logger.go:87	test logger ...
2021-05-12T23:34:29.809+0800	INFO	gin_web/2021_5_12_zap_定制_logger.go:87	test logger ...
2021-05-12T23:34:29.809+0800	INFO	gin_web/2021_5_12_zap_定制_logger.go:87	test logger ...
2021-05-12T23:34:29.809+0800	INFO	gin_web/2021_5_12_zap_定制_logger.go:87	test logger ...
2021-05-12T23:34:29.809+0800	INFO	gin_web/2021_5_12_zap_定制_logger.go:87	test logger ...
2021-05-12T23:34:29.809+0800	INFO	gin_web/2021_5_12_zap_定制_logger.go:87	test logger ...
2021-05-12T23:34:29.809+0800	INFO	gin_web/2021_5_12_zap_定制_logger.go:87	test logger ...
2021-05-12T23:34:29.809+0800	INFO	gin_web/2021_5_12_zap_定制_logger.go:87	test logger ...
2021-05-12T23:34:29.809+0800	INFO	gin_web/2021_5_12_zap_定制_logger.go:87	test logger ...
2021-05-12T23:34:29.809+0800	INFO	gin_web/2021_5_12_zap_定制_logger.go:87	test logger ...
2021-05-12T23:34:29.809+0800	INFO	gin_web/2021_5_12_zap_定制_logger.go:87	test logger ...
2021-05-12T23:34:29.809+0800	INFO	gin_web/2021_5_12_zap_定制_logger.go:87	test logger ...
2021-05-12T23:34:29.809+0800	INFO	gin_web/2021_5_12_zap_定制_logger.go:87	test logger ...
2021-05-12T23:34:29.809+0800	INFO	gin_web/2021_5_12_zap_定制_logger.go:87	test logger ...
2021-05-12T23:34:29.809+0800	INFO	gin_web/2021_5_12_zap_定制_logger.go:87	test logger ...
2021-05-12T23:34:29.810+0800	INFO	gin_web/2021_5_12_zap_定制_logger.go:87	test logger ...
2021-05-12T23:34:29.810+0800	INFO	gin_web/2021_5_12_zap_定制_logger.go:87	test logger ...
2021-05-12T23:34:29.810+0800	INFO	gin_web/2021_5_12_zap_定制_logger.go:87	test logger ...
2021-05-12T23:34:29.810+0800	INFO	gin_web/2021_5_12_zap_定制_logger.go:87	test logger ...
2021-05-12T23:34:29.810+0800	INFO	gin_web/2021_5_12_zap_定制_logger.go:87	test logger ...
2021-05-12T23:34:29.810+0800	INFO	gin_web/2021_5_12_zap_定制_logger.go:87	test logger ...
2021-05-12T23:34:29.810+0800	INFO	gin_web/2021_5_12_zap_定制_logger.go:87	test logger ...
2021-05-12T23:34:29.810+0800	INFO	gin_web/2021_5_12_zap_定制_logger.go:87	test logger ...
2021-05-12T23:34:29.810+0800	INFO	gin_web/2021_5_12_zap_定制_logger.go:87	test logger ...
2021-05-12T23:34:29.810+0800	INFO	gin_web/2021_5_12_zap_定制_logger.go:87	test logger ...
2021-05-12T23:34:29.810+0800	INFO	gin_web/2021_5_12_zap_定制_logger.go:87	test logger ...
2021-05-12T23:34:29.810+0800	INFO	gin_web/2021_5_12_zap_定制_logger.go:87	test logger ...
2021-05-12T23:34:29.810+0800	INFO	gin_web/2021_5_12_zap_定制_logger.go:87	test logger ...
2021-05-12T23:34:29.810+0800	INFO	gin_web/2021_5_12_zap_定制_logger.go:87	test logger ...
2021-05-12T23:34:29.810+0800	INFO	gin_web/2021_5_12_zap_定制_logger.go:87	test logger ...
2021-05-12T23:34:29.810+0800	INFO	gin_web/2021_5_12_zap_定制_logger.go:87	test logger ...
2021-05-12T23:34:29.810+0800	INFO	gin_web/2021_5_12_zap_定制_logger.go:87	test logger ...
2021-05-12T23:34:29.810+0800	INFO	gin_web/2021_5_12_zap_定制_logger.go:87	test logger ...
2021-05-12T23:34:29.810+0800	INFO	gin_web/2021_5_12_zap_定制_logger.go:87	test logger ...
2021-05-12T23:34:29.810+0800	INFO	gin_web/2021_5_12_zap_定制_logger.go:87	test logger ...
2021-05-12T23:34:29.810+0800	INFO	gin_web/2021_5_12_zap_定制_logger.go:87	test logger ...
2021-05-12T23:34:29.810+0800	INFO	gin_web/2021_5_12_zap_定制_logger.go:87	test logger ...
2021-05-12T23:34:29.810+0800	INFO	gin_web/2021_5_12_zap_定制_logger.go:87	test logger ...
2021-05-12T23:34:29.810+0800	INFO	gin_web/2021_5_12_zap_定制_logger.go:87	test logger ...
2021-05-12T23:34:29.810+0800	INFO	gin_web/2021_5_12_zap_定制_logger.go:87	test logger ...
2021-05-12T23:34:29.810+0800	INFO	gin_web/2021_5_12_zap_定制_logger.go:87	test logger ...
2021-05-12T23:34:29.810+0800	INFO	gin_web/2021_5_12_zap_定制_logger.go:87	test logger ...
2021-05-12T23:34:29.810+0800	INFO	gin_web/2021_5_12_zap_定制_logger.go:87	test logger ...
2021-05-12T23:34:29.810+0800	INFO	gin_web/2021_5_12_zap_定制_logger.go:87	test logger ...
2021-05-12T23:34:29.810+0800	INFO	gin_web/2021_5_12_zap_定制_logger.go:87	test logger ...
2021-05-12T23:34:29.810+0800	INFO	gin_web/2021_5_12_zap_定制_logger.go:87	test logger ...
2021-05-12T23:34:29.810+0800	INFO	gin_web/2021_5_12_zap_定制_logger.go:87	test logger ...
2021-05-12T23:34:29.810+0800	INFO	gin_web/2021_5_12_zap_定制_logger.go:87	test logger ...
2021-05-12T23:34:29.810+0800	INFO	gin_web/2021_5_12_zap_定制_logger.go:87	test logger ...
2021-05-12T23:34:29.810+0800	INFO	gin_web/2021_5_12_zap_定制_logger.go:87	test logger ...
2021-05-12T23:34:29.810+0800	INFO	gin_web/2021_5_12_zap_定制_logger.go:87	test logger ...
2021-05-12T23:34:29.810+0800	INFO	gin_web/2021_5_12_zap_定制_logger.go:87	test logger ...
2021-05-12T23:34:29.810+0800	INFO	gin_web/2021_5_12_zap_定制_logger.go:87	test logger ...
2021-05-12T23:34:29.810+0800	INFO	gin_web/2021_5_12_zap_定制_logger.go:87	test logger ...
2021-05-12T23:34:29.810+0800	INFO	gin_web/2021_5_12_zap_定制_logger.go:87	test logger ...
2021-05-12T23:34:29.810+0800	INFO	gin_web/2021_5_12_zap_定制_logger.go:87	test logger ...
2021-05-12T23:34:29.810+0800	INFO	gin_web/2021_5_12_zap_定制_logger.go:87	test logger ...
2021-05-12T23:34:29.810+0800	INFO	gin_web/2021_5_12_zap_定制_logger.go:87	test logger ...
2021-05-12T23:34:29.810+0800	INFO	gin_web/2021_5_12_zap_定制_logger.go:87	test logger ...
2021-05-12T23:34:29.810+0800	INFO	gin_web/2021_5_12_zap_定制_logger.go:87	test logger ...
2021-05-12T23:34:29.810+0800	INFO	gin_web/2021_5_12_zap_定制_logger.go:87	test logger ...
2021-05-12T23:34:29.810+0800	INFO	gin_web/2021_5_12_zap_定制_logger.go:87	test logger ...
2021-05-12T23:34:29.810+0800	INFO	gin_web/2021_5_12_zap_定制_logger.go:87	test logger ...
2021-05-12T23:34:29.810+0800	INFO	gin_web/2021_5_12_zap_定制_logger.go:87	test logger ...
2021-05-12T23:34:29.810+0800	INFO	gin_web/2021_5_12_zap_定制_logger.go:87	test logger ...
2021-05-12T23:34:29.810+0800	INFO	gin_web/2021_5_12_zap_定制_logger.go:87	test logger ...
2021-05-12T23:34:29.810+0800	INFO	gin_web/2021_5_12_zap_定制_logger.go:87	test logger ...
2021-05-12T23:34:29.810+0800	INFO	gin_web/2021_5_12_zap_定制_logger.go:87	test logger ...
2021-05-12T23:34:29.810+0800	INFO	gin_web/2021_5_12_zap_定制_logger.go:87	test logger ...
2021-05-12T23:34:29.810+0800	INFO	gin_web/2021_5_12_zap_定制_logger.go:87	test logger ...
2021-05-12T23:34:29.810+0800	INFO	gin_web/2021_5_12_zap_定制_logger.go:87	test logger ...
2021-05-12T23:34:29.810+0800	INFO	gin_web/2021_5_12_zap_定制_logger.go:87	test logger ...
2021-05-12T23:34:29.810+0800	INFO	gin_web/2021_5_12_zap_定制_logger.go:87	test logger ...
2021-05-12T23:34:29.810+0800	INFO	gin_web/2021_5_12_zap_定制_logger.go:87	test logger ...
2021-05-12T23:34:29.810+0800	INFO	gin_web/2021_5_12_zap_定制_logger.go:87	test logger ...
2021-05-12T23:34:29.810+0800	INFO	gin_web/2021_5_12_zap_定制_logger.go:87	test logger ...
2021-05-12T23:34:29.810+0800	INFO	gin_web/2021_5_12_zap_定制_logger.go:87	test logger ...
2021-05-12T23:34:29.810+0800	INFO	gin_web/2021_5_12_zap_定制_logger.go:87	test logger ...
2021-05-12T23:34:29.810+0800	INFO	gin_web/2021_5_12_zap_定制_logger.go:87	test logger ...
2021-05-12T23:34:29.810+0800	INFO	gin_web/2021_5_12_zap_定制_logger.go:87	test logger ...
2021-05-12T23:34:29.810+0800	INFO	gin_web/2021_5_12_zap_定制_logger.go:87	test logger ...
2021-05-12T23:34:29.810+0800	INFO	gin_web/2021_5_12_zap_定制_logger.go:87	test logger ...
2021-05-12T23:34:29.810+0800	INFO	gin_web/2021_5_12_zap_定制_logger.go:87	test logger ...
2021-05-12T23:34:29.810+0800	INFO	gin_web/2021_5_12_zap_定制_logger.go:87	test logger ...
2021-05-12T23:34:29.810+0800	INFO	gin_web/2021_5_12_zap_定制_logger.go:87	test logger ...
2021-05-12T23:34:29.810+0800	INFO	gin_web/2021_5_12_zap_定制_logger.go:87	test logger ...
2021-05-12T23:34:29.810+0800	INFO	gin_web/2021_5_12_zap_定制_logger.go:87	test logger ...
2021-05-12T23:34:29.810+0800	INFO	gin_web/2021_5_12_zap_定制_logger.go:87	test logger ...
2021-05-12T23:34:29.810+0800	INFO	gin_web/2021_5_12_zap_定制_logger.go:87	test logger ...
2021-05-12T23:34:29.810+0800	INFO	gin_web/2021_5_12_zap_定制_logger.go:87	test logger ...
2021-05-12T23:34:29.810+0800	INFO	gin_web/2021_5_12_zap_定制_logger.go:87	test logger ...
2021-05-12T23:34:29.810+0800	INFO	gin_web/2021_5_12_zap_定制_logger.go:87	test logger ...
2021-05-12T23:34:29.810+0800	INFO	gin_web/2021_5_12_zap_定制_logger.go:87	test logger ...
2021-05-12T23:34:29.810+0800	INFO	gin_web/2021_5_12_zap_定制_logger.go:87	test logger ...
2021-05-12T23:34:29.810+0800	INFO	gin_web/2021_5_12_zap_定制_logger.go:87	test logger ...
2021-05-12T23:34:29.810+0800	INFO	gin_web/2021_5_12_zap_定制_logger.go:87	test logger ...
2021-05-12T23:34:29.810+0800	INFO	gin_web/2021_5_12_zap_定制_logger.go:87	test logger ...
2021-05-12T23:34:29.810+0800	INFO	gin_web/2021_5_12_zap_定制_logger.go:87	test logger ...
2021-05-12T23:34:29.810+0800	INFO	gin_web/2021_5_12_zap_定制_logger.go:87	test logger ...
2021-05-12T23:34:29.810+0800	INFO	gin_web/2021_5_12_zap_定制_logger.go:87	test logger ...
2021-05-12T23:34:29.810+0800	INFO	gin_web/2021_5_12_zap_定制_logger.go:87	test logger ...
2021-05-12T23:34:29.810+0800	INFO	gin_web/2021_5_12_zap_定制_logger.go:87	test logger ...
2021-05-12T23:34:29.810+0800	INFO	gin_web/2021_5_12_zap_定制_logger.go:87	test logger ...
2021-05-12T23:34:29.810+0800	INFO	gin_web/2021_5_12_zap_定制_logger.go:87	test logger ...
2021-05-12T23:34:29.810+0800	INFO	gin_web/2021_5_12_zap_定制_logger.go:87	test logger ...
2021-05-12T23:34:29.810+0800	INFO	gin_web/2021_5_12_zap_定制_logger.go:87	test logger ...
2021-05-12T23:34:29.810+0800	INFO	gin_web/2021_5_12_zap_定制_logger.go:87	test logger ...
2021-05-12T23:34:29.810+0800	INFO	gin_web/2021_5_12_zap_定制_logger.go:87	test logger ...
2021-05-12T23:34:29.810+0800	INFO	gin_web/2021_5_12_zap_定制_logger.go:87	test logger ...
2021-05-12T23:34:29.810+0800	INFO	gin_web/2021_5_12_zap_定制_logger.go:87	test logger ...
2021-05-12T23:34:29.810+0800	INFO	gin_web/2021_5_12_zap_定制_logger.go:87	test logger ...
2021-05-12T23:34:29.810+0800	INFO	gin_web/2021_5_12_zap_定制_logger.go:87	test logger ...
2021-05-12T23:34:29.810+0800	INFO	gin_web/2021_5_12_zap_定制_logger.go:87	test logger ...
2021-05-12T23:34:29.810+0800	INFO	gin_web/2021_5_12_zap_定制_logger.go:87	test logger ...
2021-05-12T23:34:29.810+0800	INFO	gin_web/2021_5_12_zap_定制_logger.go:87	test logger ...
2021-05-12T23:34:29.810+0800	INFO	gin_web/2021_5_12_zap_定制_logger.go:87	test logger ...
2021-05-12T23:34:29.810+0800	INFO	gin_web/2021_5_12_zap_定制_logger.go:87	test logger ...
2021-05-12T23:34:29.811+0800	INFO	gin_web/2021_5_12_zap_定制_logger.go:87	test logger ...
2021-05-12T23:34:29.811+0800	INFO	gin_web/2021_5_12_zap_定制_logger.go:87	test logger ...
2021-05-12T23:34:29.811+0800	INFO	gin_web/2021_5_12_zap_定制_logger.go:87	test logger ...
2021-05-12T23:34:29.811+0800	INFO	gin_web/2021_5_12_zap_定制_logger.go:87	test logger ...
2021-05-12T23:34:29.811+0800	INFO	gin_web/2021_5_12_zap_定制_logger.go:87	test logger ...
2021-05-12T23:34:29.811+0800	INFO	gin_web/2021_5_12_zap_定制_logger.go:87	test logger ...
2021-05-12T23:34:29.811+0800	INFO	gin_web/2021_5_12_zap_定制_logger.go:87	test logger ...
2021-05-12T23:34:29.811+0800	INFO	gin_web/2021_5_12_zap_定制_logger.go:87	test logger ...
2021-05-12T23:34:29.811+0800	INFO	gin_web/2021_5_12_zap_定制_logger.go:87	test logger ...
2021-05-12T23:34:29.811+0800	INFO	gin_web/2021_5_12_zap_定制_logger.go:87	test logger ...
2021-05-12T23:34:29.811+0800	INFO	gin_web/2021_5_12_zap_定制_logger.go:87	test logger ...
2021-05-12T23:34:29.811+0800	INFO	gin_web/2021_5_12_zap_定制_logger.go:87	test logger ...
2021-05-12T23:34:29.811+0800	INFO	gin_web/2021_5_12_zap_定制_logger.go:87	test logger ...
2021-05-12T23:34:29.811+0800	INFO	gin_web/2021_5_12_zap_定制_logger.go:87	test logger ...
2021-05-12T23:34:29.811+0800	INFO	gin_web/2021_5_12_zap_定制_logger.go:87	test logger ...
2021-05-12T23:34:29.811+0800	INFO	gin_web/2021_5_12_zap_定制_logger.go:87	test logger ...
2021-05-12T23:34:29.811+0800	INFO	gin_web/2021_5_12_zap_定制_logger.go:87	test logger ...
2021-05-12T23:34:29.811+0800	INFO	gin_web/2021_5_12_zap_定制_logger.go:87	test logger ...
2021-05-12T23:34:29.811+0800	INFO	gin_web/2021_5_12_zap_定制_logger.go:87	test logger ...
2021-05-12T23:34:29.811+0800	INFO	gin_web/2021_5_12_zap_定制_logger.go:87	test logger ...
2021-05-12T23:34:29.811+0800	INFO	gin_web/2021_5_12_zap_定制_logger.go:87	test logger ...
2021-05-12T23:34:29.811+0800	INFO	gin_web/2021_5_12_zap_定制_logger.go:87	test logger ...
2021-05-12T23:34:29.811+0800	INFO	gin_web/2021_5_12_zap_定制_logger.go:87	test logger ...
2021-05-12T23:34:29.811+0800	INFO	gin_web/2021_5_12_zap_定制_logger.go:87	test logger ...
2021-05-12T23:34:29.811+0800	INFO	gin_web/2021_5_12_zap_定制_logger.go:87	test logger ...
2021-05-12T23:34:29.811+0800	INFO	gin_web/2021_5_12_zap_定制_logger.go:87	test logger ...
2021-05-12T23:34:29.811+0800	INFO	gin_web/2021_5_12_zap_定制_logger.go:87	test logger ...
2021-05-12T23:34:29.811+0800	INFO	gin_web/2021_5_12_zap_定制_logger.go:87	test logger ...
2021-05-12T23:34:29.811+0800	INFO	gin_web/2021_5_12_zap_定制_logger.go:87	test logger ...
2021-05-12T23:34:29.811+0800	INFO	gin_web/2021_5_12_zap_定制_logger.go:87	test logger ...
2021-05-12T23:34:29.811+0800	INFO	gin_web/2021_5_12_zap_定制_logger.go:87	test logger ...
2021-05-12T23:34:29.811+0800	INFO	gin_web/2021_5_12_zap_定制_logger.go:87	test logger ...
2021-05-12T23:34:29.811+0800	INFO	gin_web/2021_5_12_zap_定制_logger.go:87	test logger ...
2021-05-12T23:34:29.811+0800	INFO	gin_web/2021_5_12_zap_定制_logger.go:87	test logger ...
2021-05-12T23:34:29.811+0800	INFO	gin_web/2021_5_12_zap_定制_logger.go:87	test logger ...
2021-05-12T23:34:29.811+0800	INFO	gin_web/2021_5_12_zap_定制_logger.go:87	test logger ...
2021-05-12T23:34:29.811+0800	INFO	gin_web/2021_5_12_zap_定制_logger.go:87	test logger ...
2021-05-12T23:34:29.811+0800	INFO	gin_web/2021_5_12_zap_定制_logger.go:87	test logger ...
2021-05-12T23:34:29.811+0800	INFO	gin_web/2021_5_12_zap_定制_logger.go:87	test logger ...
2021-05-12T23:34:29.811+0800	INFO	gin_web/2021_5_12_zap_定制_logger.go:87	test logger ...
2021-05-12T23:34:29.811+0800	INFO	gin_web/2021_5_12_zap_定制_logger.go:87	test logger ...
2021-05-12T23:34:29.811+0800	INFO	gin_web/2021_5_12_zap_定制_logger.go:87	test logger ...
2021-05-12T23:34:29.811+0800	INFO	gin_web/2021_5_12_zap_定制_logger.go:87	test logger ...
2021-05-12T23:34:29.811+0800	INFO	gin_web/2021_5_12_zap_定制_logger.go:87	test logger ...
2021-05-12T23:34:29.811+0800	INFO	gin_web/2021_5_12_zap_定制_logger.go:87	test logger ...
2021-05-12T23:34:29.811+0800	INFO	gin_web/2021_5_12_zap_定制_logger.go:87	test logger ...
2021-05-12T23:34:29.811+0800	INFO	gin_web/2021_5_12_zap_定制_logger.go:87	test logger ...
2021-05-12T23:34:29.811+0800	INFO	gin_web/2021_5_12_zap_定制_logger.go:87	test logger ...
2021-05-12T23:34:29.811+0800	INFO	gin_web/2021_5_12_zap_定制_logger.go:87	test logger ...
2021-05-12T23:34:29.811+0800	INFO	gin_web/2021_5_12_zap_定制_logger.go:87	test logger ...
2021-05-12T23:34:29.811+0800	INFO	gin_web/2021_5_12_zap_定制_logger.go:87	test logger ...
2021-05-12T23:34:29.811+0800	INFO	gin_web/2021_5_12_zap_定制_logger.go:87	test logger ...
2021-05-12T23:34:29.811+0800	INFO	gin_web/2021_5_12_zap_定制_logger.go:87	test logger ...
2021-05-12T23:34:29.811+0800	INFO	gin_web/2021_5_12_zap_定制_logger.go:87	test logger ...
2021-05-12T23:34:29.811+0800	INFO	gin_web/2021_5_12_zap_定制_logger.go:87	test logger ...
2021-05-12T23:34:29.811+0800	INFO	gin_web/2021_5_12_zap_定制_logger.go:87	test logger ...
2021-05-12T23:34:29.811+0800	INFO	gin_web/2021_5_12_zap_定制_logger.go:87	test logger ...
2021-05-12T23:34:29.811+0800	INFO	gin_web/2021_5_12_zap_定制_logger.go:87	test logger ...
2021-05-12T23:34:29.811+0800	INFO	gin_web/2021_5_12_zap_定制_logger.go:87	test logger ...
2021-05-12T23:34:29.811+0800	INFO	gin_web/2021_5_12_zap_定制_logger.go:87	test logger ...
2021-05-12T23:34:29.811+0800	INFO	gin_web/2021_5_12_zap_定制_logger.go:87	test logger ...
2021-05-12T23:34:29.811+0800	INFO	gin_web/2021_5_12_zap_定制_logger.go:87	test logger ...
2021-05-12T23:34:29.811+0800	INFO	gin_web/2021_5_12_zap_定制_logger.go:87	test logger ...
2021-05-12T23:34:29.811+0800	INFO	gin_web/2021_5_12_zap_定制_logger.go:87	test logger ...
2021-05-12T23:34:29.811+0800	INFO	gin_web/2021_5_12_zap_定制_logger.go:87	test logger ...
2021-05-12T23:34:29.811+0800	INFO	gin_web/2021_5_12_zap_定制_logger.go:87	test logger ...
2021-05-12T23:34:29.811+0800	INFO	gin_web/2021_5_12_zap_定制_logger.go:87	test logger ...
2021-05-12T23:34:29.811+0800	INFO	gin_web/2021_5_12_zap_定制_logger.go:87	test logger ...
2021-05-12T23:34:29.811+0800	INFO	gin_web/2021_5_12_zap_定制_logger.go:87	test logger ...
2021-05-12T23:34:29.811+0800	INFO	gin_web/2021_5_12_zap_定制_logger.go:87	test logger ...
2021-05-12T23:34:29.811+0800	INFO	gin_web/2021_5_12_zap_定制_logger.go:87	test logger ...
2021-05-12T23:34:29.811+0800	INFO	gin_web/2021_5_12_zap_定制_logger.go:87	test logger ...
2021-05-12T23:34:29.811+0800	INFO	gin_web/2021_5_12_zap_定制_logger.go:87	test logger ...
2021-05-12T23:34:29.811+0800	INFO	gin_web/2021_5_12_zap_定制_logger.go:87	test logger ...
2021-05-12T23:34:29.811+0800	INFO	gin_web/2021_5_12_zap_定制_logger.go:87	test logger ...
2021-05-12T23:34:29.811+0800	INFO	gin_web/2021_5_12_zap_定制_logger.go:87	test logger ...
2021-05-12T23:34:29.811+0800	INFO	gin_web/2021_5_12_zap_定制_logger.go:87	test logger ...
2021-05-12T23:34:29.811+0800	INFO	gin_web/2021_5_12_zap_定制_logger.go:87	test logger ...
2021-05-12T23:34:29.811+0800	INFO	gin_web/2021_5_12_zap_定制_logger.go:87	test logger ...
2021-05-12T23:34:29.811+0800	INFO	gin_web/2021_5_12_zap_定制_logger.go:87	test logger ...
2021-05-12T23:34:29.811+0800	INFO	gin_web/2021_5_12_zap_定制_logger.go:87	test logger ...
2021-05-12T23:34:29.811+0800	INFO	gin_web/2021_5_12_zap_定制_logger.go:87	test logger ...
2021-05-12T23:34:29.811+0800	INFO	gin_web/2021_5_12_zap_定制_logger.go:87	test logger ...
2021-05-12T23:34:29.811+0800	INFO	gin_web/2021_5_12_zap_定制_logger.go:87	test logger ...
2021-05-12T23:34:29.811+0800	INFO	gin_web/2021_5_12_zap_定制_logger.go:87	test logger ...
2021-05-12T23:34:29.811+0800	INFO	gin_web/2021_5_12_zap_定制_logger.go:87	test logger ...
2021-05-12T23:34:29.811+0800	INFO	gin_web/2021_5_12_zap_定制_logger.go:87	test logger ...
2021-05-12T23:34:29.811+0800	INFO	gin_web/2021_5_12_zap_定制_logger.go:87	test logger ...
2021-05-12T23:34:29.811+0800	INFO	gin_web/2021_5_12_zap_定制_logger.go:87	test logger ...
2021-05-12T23:34:29.811+0800	INFO	gin_web/2021_5_12_zap_定制_logger.go:87	test logger ...
2021-05-12T23:34:29.811+0800	INFO	gin_web/2021_5_12_zap_定制_logger.go:87	test logger ...
2021-05-12T23:34:29.811+0800	INFO	gin_web/2021_5_12_zap_定制_logger.go:87	test logger ...
2021-05-12T23:34:29.811+0800	INFO	gin_web/2021_5_12_zap_定制_logger.go:87	test logger ...
2021-05-12T23:34:29.811+0800	INFO	gin_web/2021_5_12_zap_定制_logger.go:87	test logger ...
2021-05-12T23:34:29.811+0800	INFO	gin_web/2021_5_12_zap_定制_logger.go:87	test logger ...
2021-05-12T23:34:29.811+0800	INFO	gin_web/2021_5_12_zap_定制_logger.go:87	test logger ...
2021-05-12T23:34:29.811+0800	INFO	gin_web/2021_5_12_zap_定制_logger.go:87	test logger ...
2021-05-12T23:34:29.811+0800	INFO	gin_web/2021_5_12_zap_定制_logger.go:87	test logger ...
2021-05-12T23:34:29.811+0800	INFO	gin_web/2021_5_12_zap_定制_logger.go:87	test logger ...
2021-05-12T23:34:29.811+0800	INFO	gin_web/2021_5_12_zap_定制_logger.go:87	test logger ...
2021-05-12T23:34:29.811+0800	INFO	gin_web/2021_5_12_zap_定制_logger.go:87	test logger ...
2021-05-12T23:34:29.811+0800	INFO	gin_web/2021_5_12_zap_定制_logger.go:87	test logger ...
2021-05-12T23:34:29.811+0800	INFO	gin_web/2021_5_12_zap_定制_logger.go:87	test logger ...
2021-05-12T23:34:29.811+0800	INFO	gin_web/2021_5_12_zap_定制_logger.go:87	test logger ...
2021-05-12T23:34:29.811+0800	INFO	gin_web/2021_5_12_zap_定制_logger.go:87	test logger ...
2021-05-12T23:34:29.811+0800	INFO	gin_web/2021_5_12_zap_定制_logger.go:87	test logger ...
2021-05-12T23:34:29.811+0800	INFO	gin_web/2021_5_12_zap_定制_logger.go:87	test logger ...
2021-05-12T23:34:29.811+0800	INFO	gin_web/2021_5_12_zap_定制_logger.go:87	test logger ...
2021-05-12T23:34:29.811+0800	INFO	gin_web/2021_5_12_zap_定制_logger.go:87	test logger ...
2021-05-12T23:34:29.811+0800	INFO	gin_web/2021_5_12_zap_定制_logger.go:87	test logger ...
2021-05-12T23:34:29.811+0800	INFO	gin_web/2021_5_12_zap_定制_logger.go:87	test logger ...
2021-05-12T23:34:29.811+0800	INFO	gin_web/2021_5_12_zap_定制_logger.go:87	test logger ...
2021-05-12T23:34:29.811+0800	INFO	gin_web/2021_5_12_zap_定制_logger.go:87	test logger ...
2021-05-12T23:34:29.811+0800	INFO	gin_web/2021_5_12_zap_定制_logger.go:87	test logger ...
2021-05-12T23:34:29.811+0800	INFO	gin_web/2021_5_12_zap_定制_logger.go:87	test logger ...
2021-05-12T23:34:29.811+0800	INFO	gin_web/2021_5_12_zap_定制_logger.go:87	test logger ...
2021-05-12T23:34:29.811+0800	INFO	gin_web/2021_5_12_zap_定制_logger.go:87	test logger ...
2021-05-12T23:34:29.811+0800	INFO	gin_web/2021_5_12_zap_定制_logger.go:87	test logger ...
2021-05-12T23:34:29.811+0800	INFO	gin_web/2021_5_12_zap_定制_logger.go:87	test logger ...
2021-05-12T23:34:29.811+0800	INFO	gin_web/2021_5_12_zap_定制_logger.go:87	test logger ...
2021-05-12T23:34:29.811+0800	INFO	gin_web/2021_5_12_zap_定制_logger.go:87	test logger ...
2021-05-12T23:34:29.811+0800	INFO	gin_web/2021_5_12_zap_定制_logger.go:87	test logger ...
2021-05-12T23:34:29.811+0800	INFO	gin_web/2021_5_12_zap_定制_logger.go:87	test logger ...
2021-05-12T23:34:29.811+0800	INFO	gin_web/2021_5_12_zap_定制_logger.go:87	test logger ...
2021-05-12T23:34:29.811+0800	INFO	gin_web/2021_5_12_zap_定制_logger.go:87	test logger ...
2021-05-12T23:34:29.811+0800	INFO	gin_web/2021_5_12_zap_定制_logger.go:87	test logger ...
2021-05-12T23:34:29.811+0800	INFO	gin_web/2021_5_12_zap_定制_logger.go:87	test logger ...
2021-05-12T23:34:29.811+0800	INFO	gin_web/2021_5_12_zap_定制_logger.go:87	test logger ...
2021-05-12T23:34:29.811+0800	INFO	gin_web/2021_5_12_zap_定制_logger.go:87	test logger ...
2021-05-12T23:34:29.811+0800	INFO	gin_web/2021_5_12_zap_定制_logger.go:87	test logger ...
2021-05-12T23:34:29.811+0800	INFO	gin_web/2021_5_12_zap_定制_logger.go:87	test logger ...
2021-05-12T23:34:29.811+0800	INFO	gin_web/2021_5_12_zap_定制_logger.go:87	test logger ...
2021-05-12T23:34:29.811+0800	INFO	gin_web/2021_5_12_zap_定制_logger.go:87	test logger ...
2021-05-12T23:34:29.811+0800	INFO	gin_web/2021_5_12_zap_定制_logger.go:87	test logger ...
2021-05-12T23:34:29.811+0800	INFO	gin_web/2021_5_12_zap_定制_logger.go:87	test logger ...
2021-05-12T23:34:29.811+0800	INFO	gin_web/2021_5_12_zap_定制_logger.go:87	test logger ...
2021-05-12T23:34:29.811+0800	INFO	gin_web/2021_5_12_zap_定制_logger.go:87	test logger ...
2021-05-12T23:34:29.811+0800	INFO	gin_web/2021_5_12_zap_定制_logger.go:87	test logger ...
2021-05-12T23:34:29.811+0800	INFO	gin_web/2021_5_12_zap_定制_logger.go:87	test logger ...
2021-05-12T23:34:29.811+0800	INFO	gin_web/2021_5_12_zap_定制_logger.go:87	test logger ...
2021-05-12T23:34:29.811+0800	INFO	gin_web/2021_5_12_zap_定制_logger.go:87	test logger ...
2021-05-12T23:34:29.811+0800	INFO	gin_web/2021_5_12_zap_定制_logger.go:87	test logger ...
2021-05-12T23:34:29.811+0800	INFO	gin_web/2021_5_12_zap_定制_logger.go:87	test logger ...
2021-05-12T23:34:29.811+0800	INFO	gin_web/2021_5_12_zap_定制_logger.go:87	test logger ...
2021-05-12T23:34:29.811+0800	INFO	gin_web/2021_5_12_zap_定制_logger.go:87	test logger ...
2021-05-12T23:34:29.811+0800	INFO	gin_web/2021_5_12_zap_定制_logger.go:87	test logger ...
2021-05-12T23:34:29.811+0800	INFO	gin_web/2021_5_12_zap_定制_logger.go:87	test logger ...
2021-05-12T23:34:29.811+0800	INFO	gin_web/2021_5_12_zap_定制_logger.go:87	test logger ...
2021-05-12T23:34:29.811+0800	INFO	gin_web/2021_5_12_zap_定制_logger.go:87	test logger ...
2021-05-12T23:34:29.811+0800	INFO	gin_web/2021_5_12_zap_定制_logger.go:87	test logger ...
2021-05-12T23:34:29.811+0800	INFO	gin_web/2021_5_12_zap_定制_logger.go:87	test logger ...
2021-05-12T23:34:29.811+0800	INFO	gin_web/2021_5_12_zap_定制_logger.go:87	test logger ...
2021-05-12T23:34:29.811+0800	INFO	gin_web/2021_5_12_zap_定制_logger.go:87	test logger ...
2021-05-12T23:34:29.811+0800	INFO	gin_web/2021_5_12_zap_定制_logger.go:87	test logger ...
2021-05-12T23:34:29.811+0800	INFO	gin_web/2021_5_12_zap_定制_logger.go:87	test logger ...
2021-05-12T23:34:29.811+0800	INFO	gin_web/2021_5_12_zap_定制_logger.go:87	test logger ...
2021-05-12T23:34:29.811+0800	INFO	gin_web/2021_5_12_zap_定制_logger.go:87	test logger ...
2021-05-12T23:34:29.811+0800	INFO	gin_web/2021_5_12_zap_定制_logger.go:87	test logger ...
2021-05-12T23:34:29.811+0800	INFO	gin_web/2021_5_12_zap_定制_logger.go:87	test logger ...
2021-05-12T23:34:29.811+0800	INFO	gin_web/2021_5_12_zap_定制_logger.go:87	test logger ...
2021-05-12T23:34:29.811+0800	INFO	gin_web/2021_5_12_zap_定制_logger.go:87	test logger ...
2021-05-12T23:34:29.812+0800	INFO	gin_web/2021_5_12_zap_定制_logger.go:87	test logger ...
2021-05-12T23:34:29.812+0800	INFO	gin_web/2021_5_12_zap_定制_logger.go:87	test logger ...
2021-05-12T23:34:29.812+0800	INFO	gin_web/2021_5_12_zap_定制_logger.go:87	test logger ...
2021-05-12T23:34:29.812+0800	INFO	gin_web/2021_5_12_zap_定制_logger.go:87	test logger ...
2021-05-12T23:34:29.812+0800	INFO	gin_web/2021_5_12_zap_定制_logger.go:87	test logger ...
2021-05-12T23:34:29.812+0800	INFO	gin_web/2021_5_12_zap_定制_logger.go:87	test logger ...
2021-05-12T23:34:29.812+0800	INFO	gin_web/2021_5_12_zap_定制_logger.go:87	test logger ...
2021-05-12T23:34:29.812+0800	INFO	gin_web/2021_5_12_zap_定制_logger.go:87	test logger ...
2021-05-12T23:34:29.812+0800	INFO	gin_web/2021_5_12_zap_定制_logger.go:87	test logger ...
2021-05-12T23:34:29.812+0800	INFO	gin_web/2021_5_12_zap_定制_logger.go:87	test logger ...
2021-05-12T23:34:29.812+0800	INFO	gin_web/2021_5_12_zap_定制_logger.go:87	test logger ...
2021-05-12T23:34:29.812+0800	INFO	gin_web/2021_5_12_zap_定制_logger.go:87	test logger ...
2021-05-12T23:34:29.812+0800	INFO	gin_web/2021_5_12_zap_定制_logger.go:87	test logger ...
2021-05-12T23:34:29.812+0800	INFO	gin_web/2021_5_12_zap_定制_logger.go:87	test logger ...
2021-05-12T23:34:29.812+0800	INFO	gin_web/2021_5_12_zap_定制_logger.go:87	test logger ...
2021-05-12T23:34:29.812+0800	INFO	gin_web/2021_5_12_zap_定制_logger.go:87	test logger ...
2021-05-12T23:34:29.812+0800	INFO	gin_web/2021_5_12_zap_定制_logger.go:87	test logger ...
2021-05-12T23:34:29.812+0800	INFO	gin_web/2021_5_12_zap_定制_logger.go:87	test logger ...
2021-05-12T23:34:29.812+0800	INFO	gin_web/2021_5_12_zap_定制_logger.go:87	test logger ...
2021-05-12T23:34:29.812+0800	INFO	gin_web/2021_5_12_zap_定制_logger.go:87	test logger ...
2021-05-12T23:34:29.812+0800	INFO	gin_web/2021_5_12_zap_定制_logger.go:87	test logger ...
2021-05-12T23:34:29.812+0800	INFO	gin_web/2021_5_12_zap_定制_logger.go:87	test logger ...
2021-05-12T23:34:29.812+0800	INFO	gin_web/2021_5_12_zap_定制_logger.go:87	test logger ...
2021-05-12T23:34:29.812+0800	INFO	gin_web/2021_5_12_zap_定制_logger.go:87	test logger ...
2021-05-12T23:34:29.812+0800	INFO	gin_web/2021_5_12_zap_定制_logger.go:87	test logger ...
2021-05-12T23:34:29.812+0800	INFO	gin_web/2021_5_12_zap_定制_logger.go:87	test logger ...
2021-05-12T23:34:29.812+0800	INFO	gin_web/2021_5_12_zap_定制_logger.go:87	test logger ...
2021-05-12T23:34:29.812+0800	INFO	gin_web/2021_5_12_zap_定制_logger.go:87	test logger ...
2021-05-12T23:34:29.812+0800	INFO	gin_web/2021_5_12_zap_定制_logger.go:87	test logger ...
2021-05-12T23:34:29.812+0800	INFO	gin_web/2021_5_12_zap_定制_logger.go:87	test logger ...
2021-05-12T23:34:29.812+0800	INFO	gin_web/2021_5_12_zap_定制_logger.go:87	test logger ...
2021-05-12T23:34:29.812+0800	INFO	gin_web/2021_5_12_zap_定制_logger.go:87	test logger ...
2021-05-12T23:34:29.812+0800	INFO	gin_web/2021_5_12_zap_定制_logger.go:87	test logger ...
2021-05-12T23:34:29.812+0800	INFO	gin_web/2021_5_12_zap_定制_logger.go:87	test logger ...
2021-05-12T23:34:29.812+0800	INFO	gin_web/2021_5_12_zap_定制_logger.go:87	test logger ...
2021-05-12T23:34:29.812+0800	INFO	gin_web/2021_5_12_zap_定制_logger.go:87	test logger ...
2021-05-12T23:34:29.812+0800	INFO	gin_web/2021_5_12_zap_定制_logger.go:87	test logger ...
2021-05-12T23:34:29.812+0800	INFO	gin_web/2021_5_12_zap_定制_logger.go:87	test logger ...
2021-05-12T23:34:29.812+0800	INFO	gin_web/2021_5_12_zap_定制_logger.go:87	test logger ...
2021-05-12T23:34:29.812+0800	INFO	gin_web/2021_5_12_zap_定制_logger.go:87	test logger ...
2021-05-12T23:34:29.812+0800	INFO	gin_web/2021_5_12_zap_定制_logger.go:87	test logger ...
2021-05-12T23:34:29.812+0800	INFO	gin_web/2021_5_12_zap_定制_logger.go:87	test logger ...
2021-05-12T23:34:29.812+0800	INFO	gin_web/2021_5_12_zap_定制_logger.go:87	test logger ...
2021-05-12T23:34:29.812+0800	INFO	gin_web/2021_5_12_zap_定制_logger.go:87	test logger ...
2021-05-12T23:34:29.812+0800	INFO	gin_web/2021_5_12_zap_定制_logger.go:87	test logger ...
2021-05-12T23:34:29.812+0800	INFO	gin_web/2021_5_12_zap_定制_logger.go:87	test logger ...
2021-05-12T23:34:29.812+0800	INFO	gin_web/2021_5_12_zap_定制_logger.go:87	test logger ...
2021-05-12T23:34:29.812+0800	INFO	gin_web/2021_5_12_zap_定制_logger.go:87	test logger ...
2021-05-12T23:34:29.812+0800	INFO	gin_web/2021_5_12_zap_定制_logger.go:87	test logger ...
2021-05-12T23:34:29.812+0800	INFO	gin_web/2021_5_12_zap_定制_logger.go:87	test logger ...
2021-05-12T23:34:29.812+0800	INFO	gin_web/2021_5_12_zap_定制_logger.go:87	test logger ...
2021-05-12T23:34:29.812+0800	INFO	gin_web/2021_5_12_zap_定制_logger.go:87	test logger ...
2021-05-12T23:34:29.812+0800	INFO	gin_web/2021_5_12_zap_定制_logger.go:87	test logger ...
2021-05-12T23:34:29.812+0800	INFO	gin_web/2021_5_12_zap_定制_logger.go:87	test logger ...
2021-05-12T23:34:29.812+0800	INFO	gin_web/2021_5_12_zap_定制_logger.go:87	test logger ...
2021-05-12T23:34:29.812+0800	INFO	gin_web/2021_5_12_zap_定制_logger.go:87	test logger ...
2021-05-12T23:34:29.812+0800	INFO	gin_web/2021_5_12_zap_定制_logger.go:87	test logger ...
2021-05-12T23:34:29.812+0800	INFO	gin_web/2021_5_12_zap_定制_logger.go:87	test logger ...
2021-05-12T23:34:29.812+0800	INFO	gin_web/2021_5_12_zap_定制_logger.go:87	test logger ...
2021-05-12T23:34:29.812+0800	INFO	gin_web/2021_5_12_zap_定制_logger.go:87	test logger ...
2021-05-12T23:34:29.812+0800	INFO	gin_web/2021_5_12_zap_定制_logger.go:87	test logger ...
2021-05-12T23:34:29.812+0800	INFO	gin_web/2021_5_12_zap_定制_logger.go:87	test logger ...
2021-05-12T23:34:29.812+0800	INFO	gin_web/2021_5_12_zap_定制_logger.go:87	test logger ...
2021-05-12T23:34:29.812+0800	INFO	gin_web/2021_5_12_zap_定制_logger.go:87	test logger ...
2021-05-12T23:34:29.812+0800	INFO	gin_web/2021_5_12_zap_定制_logger.go:87	test logger ...
2021-05-12T23:34:29.812+0800	INFO	gin_web/2021_5_12_zap_定制_logger.go:87	test logger ...
2021-05-12T23:34:29.812+0800	INFO	gin_web/2021_5_12_zap_定制_logger.go:87	test logger ...
2021-05-12T23:34:29.812+0800	INFO	gin_web/2021_5_12_zap_定制_logger.go:87	test logger ...
2021-05-12T23:34:29.812+0800	INFO	gin_web/2021_5_12_zap_定制_logger.go:87	test logger ...
2021-05-12T23:34:29.812+0800	INFO	gin_web/2021_5_12_zap_定制_logger.go:87	test logger ...
2021-05-12T23:34:29.812+0800	INFO	gin_web/2021_5_12_zap_定制_logger.go:87	test logger ...
2021-05-12T23:34:29.812+0800	INFO	gin_web/2021_5_12_zap_定制_logger.go:87	test logger ...
2021-05-12T23:34:29.812+0800	INFO	gin_web/2021_5_12_zap_定制_logger.go:87	test logger ...
2021-05-12T23:34:29.812+0800	INFO	gin_web/2021_5_12_zap_定制_logger.go:87	test logger ...
2021-05-12T23:34:29.812+0800	INFO	gin_web/2021_5_12_zap_定制_logger.go:87	test logger ...
2021-05-12T23:34:29.812+0800	INFO	gin_web/2021_5_12_zap_定制_logger.go:87	test logger ...
2021-05-12T23:34:29.812+0800	INFO	gin_web/2021_5_12_zap_定制_logger.go:87	test logger ...
2021-05-12T23:34:29.812+0800	INFO	gin_web/2021_5_12_zap_定制_logger.go:87	test logger ...
2021-05-12T23:34:29.812+0800	INFO	gin_web/2021_5_12_zap_定制_logger.go:87	test logger ...
2021-05-12T23:34:29.812+0800	INFO	gin_web/2021_5_12_zap_定制_logger.go:87	test logger ...
2021-05-12T23:34:29.812+0800	INFO	gin_web/2021_5_12_zap_定制_logger.go:87	test logger ...
2021-05-12T23:34:29.812+0800	INFO	gin_web/2021_5_12_zap_定制_logger.go:87	test logger ...
2021-05-12T23:34:29.812+0800	INFO	gin_web/2021_5_12_zap_定制_logger.go:87	test logger ...
2021-05-12T23:34:29.812+0800	INFO	gin_web/2021_5_12_zap_定制_logger.go:87	test logger ...
2021-05-12T23:34:29.812+0800	INFO	gin_web/2021_5_12_zap_定制_logger.go:87	test logger ...
2021-05-12T23:34:29.812+0800	INFO	gin_web/2021_5_12_zap_定制_logger.go:87	test logger ...
2021-05-12T23:34:29.812+0800	INFO	gin_web/2021_5_12_zap_定制_logger.go:87	test logger ...
2021-05-12T23:34:29.812+0800	INFO	gin_web/2021_5_12_zap_定制_logger.go:87	test logger ...
2021-05-12T23:34:29.812+0800	INFO	gin_web/2021_5_12_zap_定制_logger.go:87	test logger ...
2021-05-12T23:34:29.812+0800	INFO	gin_web/2021_5_12_zap_定制_logger.go:87	test logger ...
2021-05-12T23:34:29.812+0800	INFO	gin_web/2021_5_12_zap_定制_logger.go:87	test logger ...
2021-05-12T23:34:29.812+0800	INFO	gin_web/2021_5_12_zap_定制_logger.go:87	test logger ...
2021-05-12T23:34:29.812+0800	INFO	gin_web/2021_5_12_zap_定制_logger.go:87	test logger ...
2021-05-12T23:34:29.812+0800	INFO	gin_web/2021_5_12_zap_定制_logger.go:87	test logger ...
2021-05-12T23:34:29.812+0800	INFO	gin_web/2021_5_12_zap_定制_logger.go:87	test logger ...
2021-05-12T23:34:29.812+0800	INFO	gin_web/2021_5_12_zap_定制_logger.go:87	test logger ...
2021-05-12T23:34:29.812+0800	INFO	gin_web/2021_5_12_zap_定制_logger.go:87	test logger ...
2021-05-12T23:34:29.812+0800	INFO	gin_web/2021_5_12_zap_定制_logger.go:87	test logger ...
2021-05-12T23:34:29.812+0800	INFO	gin_web/2021_5_12_zap_定制_logger.go:87	test logger ...
2021-05-12T23:34:29.812+0800	INFO	gin_web/2021_5_12_zap_定制_logger.go:87	test logger ...
2021-05-12T23:34:29.813+0800	INFO	gin_web/2021_5_12_zap_定制_logger.go:87	test logger ...
2021-05-12T23:34:29.813+0800	INFO	gin_web/2021_5_12_zap_定制_logger.go:87	test logger ...
2021-05-12T23:34:29.813+0800	INFO	gin_web/2021_5_12_zap_定制_logger.go:87	test logger ...
2021-05-12T23:34:29.813+0800	INFO	gin_web/2021_5_12_zap_定制_logger.go:87	test logger ...
2021-05-12T23:34:29.813+0800	INFO	gin_web/2021_5_12_zap_定制_logger.go:87	test logger ...
2021-05-12T23:34:29.813+0800	INFO	gin_web/2021_5_12_zap_定制_logger.go:87	test logger ...
2021-05-12T23:34:29.813+0800	INFO	gin_web/2021_5_12_zap_定制_logger.go:87	test logger ...
2021-05-12T23:34:29.813+0800	INFO	gin_web/2021_5_12_zap_定制_logger.go:87	test logger ...
2021-05-12T23:34:29.813+0800	INFO	gin_web/2021_5_12_zap_定制_logger.go:87	test logger ...
2021-05-12T23:34:29.813+0800	INFO	gin_web/2021_5_12_zap_定制_logger.go:87	test logger ...
2021-05-12T23:34:29.813+0800	INFO	gin_web/2021_5_12_zap_定制_logger.go:87	test logger ...
2021-05-12T23:34:29.813+0800	INFO	gin_web/2021_5_12_zap_定制_logger.go:87	test logger ...
2021-05-12T23:34:29.813+0800	INFO	gin_web/2021_5_12_zap_定制_logger.go:87	test logger ...
2021-05-12T23:34:29.813+0800	INFO	gin_web/2021_5_12_zap_定制_logger.go:87	test logger ...
2021-05-12T23:34:29.813+0800	INFO	gin_web/2021_5_12_zap_定制_logger.go:87	test logger ...
2021-05-12T23:34:29.813+0800	INFO	gin_web/2021_5_12_zap_定制_logger.go:87	test logger ...
2021-05-12T23:34:29.813+0800	INFO	gin_web/2021_5_12_zap_定制_logger.go:87	test logger ...
2021-05-12T23:34:29.813+0800	INFO	gin_web/2021_5_12_zap_定制_logger.go:87	test logger ...
2021-05-12T23:34:29.813+0800	INFO	gin_web/2021_5_12_zap_定制_logger.go:87	test logger ...
2021-05-12T23:34:29.813+0800	INFO	gin_web/2021_5_12_zap_定制_logger.go:87	test logger ...
2021-05-12T23:34:29.813+0800	INFO	gin_web/2021_5_12_zap_定制_logger.go:87	test logger ...
2021-05-12T23:34:29.813+0800	INFO	gin_web/2021_5_12_zap_定制_logger.go:87	test logger ...
2021-05-12T23:34:29.813+0800	INFO	gin_web/2021_5_12_zap_定制_logger.go:87	test logger ...
2021-05-12T23:34:29.813+0800	INFO	gin_web/2021_5_12_zap_定制_logger.go:87	test logger ...
2021-05-12T23:34:29.813+0800	INFO	gin_web/2021_5_12_zap_定制_logger.go:87	test logger ...
2021-05-12T23:34:29.813+0800	INFO	gin_web/2021_5_12_zap_定制_logger.go:87	test logger ...
2021-05-12T23:34:29.813+0800	INFO	gin_web/2021_5_12_zap_定制_logger.go:87	test logger ...
2021-05-12T23:34:29.813+0800	INFO	gin_web/2021_5_12_zap_定制_logger.go:87	test logger ...
2021-05-12T23:34:29.813+0800	INFO	gin_web/2021_5_12_zap_定制_logger.go:87	test logger ...
2021-05-12T23:34:29.813+0800	INFO	gin_web/2021_5_12_zap_定制_logger.go:87	test logger ...
2021-05-12T23:34:29.813+0800	INFO	gin_web/2021_5_12_zap_定制_logger.go:87	test logger ...
2021-05-12T23:34:29.813+0800	INFO	gin_web/2021_5_12_zap_定制_logger.go:87	test logger ...
2021-05-12T23:34:29.813+0800	INFO	gin_web/2021_5_12_zap_定制_logger.go:87	test logger ...
2021-05-12T23:34:29.813+0800	INFO	gin_web/2021_5_12_zap_定制_logger.go:87	test logger ...
2021-05-12T23:34:29.813+0800	INFO	gin_web/2021_5_12_zap_定制_logger.go:87	test logger ...
2021-05-12T23:34:29.813+0800	INFO	gin_web/2021_5_12_zap_定制_logger.go:87	test logger ...
2021-05-12T23:34:29.813+0800	INFO	gin_web/2021_5_12_zap_定制_logger.go:87	test logger ...
2021-05-12T23:34:29.813+0800	INFO	gin_web/2021_5_12_zap_定制_logger.go:87	test logger ...
2021-05-12T23:34:29.813+0800	INFO	gin_web/2021_5_12_zap_定制_logger.go:87	test logger ...
2021-05-12T23:34:29.813+0800	INFO	gin_web/2021_5_12_zap_定制_logger.go:87	test logger ...
2021-05-12T23:34:29.813+0800	INFO	gin_web/2021_5_12_zap_定制_logger.go:87	test logger ...
2021-05-12T23:34:29.813+0800	INFO	gin_web/2021_5_12_zap_定制_logger.go:87	test logger ...
2021-05-12T23:34:29.813+0800	INFO	gin_web/2021_5_12_zap_定制_logger.go:87	test logger ...
2021-05-12T23:34:29.813+0800	INFO	gin_web/2021_5_12_zap_定制_logger.go:87	test logger ...
2021-05-12T23:34:29.813+0800	INFO	gin_web/2021_5_12_zap_定制_logger.go:87	test logger ...
2021-05-12T23:34:29.813+0800	INFO	gin_web/2021_5_12_zap_定制_logger.go:87	test logger ...
2021-05-12T23:34:29.813+0800	INFO	gin_web/2021_5_12_zap_定制_logger.go:87	test logger ...
2021-05-12T23:34:29.813+0800	INFO	gin_web/2021_5_12_zap_定制_logger.go:87	test logger ...
2021-05-12T23:34:29.813+0800	INFO	gin_web/2021_5_12_zap_定制_logger.go:87	test logger ...
2021-05-12T23:34:29.813+0800	INFO	gin_web/2021_5_12_zap_定制_logger.go:87	test logger ...
2021-05-12T23:34:29.813+0800	INFO	gin_web/2021_5_12_zap_定制_logger.go:87	test logger ...
2021-05-12T23:34:29.813+0800	INFO	gin_web/2021_5_12_zap_定制_logger.go:87	test logger ...
2021-05-12T23:34:29.813+0800	INFO	gin_web/2021_5_12_zap_定制_logger.go:87	test logger ...
2021-05-12T23:34:29.813+0800	INFO	gin_web/2021_5_12_zap_定制_logger.go:87	test logger ...
2021-05-12T23:34:29.813+0800	INFO	gin_web/2021_5_12_zap_定制_logger.go:87	test logger ...
2021-05-12T23:34:29.813+0800	INFO	gin_web/2021_5_12_zap_定制_logger.go:87	test logger ...
2021-05-12T23:34:29.813+0800	INFO	gin_web/2021_5_12_zap_定制_logger.go:87	test logger ...
2021-05-12T23:34:29.813+0800	INFO	gin_web/2021_5_12_zap_定制_logger.go:87	test logger ...
2021-05-12T23:34:29.813+0800	INFO	gin_web/2021_5_12_zap_定制_logger.go:87	test logger ...
2021-05-12T23:34:29.813+0800	INFO	gin_web/2021_5_12_zap_定制_logger.go:87	test logger ...
2021-05-12T23:34:29.813+0800	INFO	gin_web/2021_5_12_zap_定制_logger.go:87	test logger ...
2021-05-12T23:34:29.813+0800	INFO	gin_web/2021_5_12_zap_定制_logger.go:87	test logger ...
2021-05-12T23:34:29.813+0800	INFO	gin_web/2021_5_12_zap_定制_logger.go:87	test logger ...
2021-05-12T23:34:29.813+0800	INFO	gin_web/2021_5_12_zap_定制_logger.go:87	test logger ...
2021-05-12T23:34:29.813+0800	INFO	gin_web/2021_5_12_zap_定制_logger.go:87	test logger ...
2021-05-12T23:34:29.813+0800	INFO	gin_web/2021_5_12_zap_定制_logger.go:87	test logger ...
2021-05-12T23:34:29.813+0800	INFO	gin_web/2021_5_12_zap_定制_logger.go:87	test logger ...
2021-05-12T23:34:29.813+0800	INFO	gin_web/2021_5_12_zap_定制_logger.go:87	test logger ...
2021-05-12T23:34:29.813+0800	INFO	gin_web/2021_5_12_zap_定制_logger.go:87	test logger ...
2021-05-12T23:34:29.813+0800	INFO	gin_web/2021_5_12_zap_定制_logger.go:87	test logger ...
2021-05-12T23:34:29.813+0800	INFO	gin_web/2021_5_12_zap_定制_logger.go:87	test logger ...
2021-05-12T23:34:29.813+0800	INFO	gin_web/2021_5_12_zap_定制_logger.go:87	test logger ...
2021-05-12T23:34:29.813+0800	INFO	gin_web/2021_5_12_zap_定制_logger.go:87	test logger ...
2021-05-12T23:34:29.813+0800	INFO	gin_web/2021_5_12_zap_定制_logger.go:87	test logger ...
2021-05-12T23:34:29.813+0800	INFO	gin_web/2021_5_12_zap_定制_logger.go:87	test logger ...
2021-05-12T23:34:29.813+0800	INFO	gin_web/2021_5_12_zap_定制_logger.go:87	test logger ...
2021-05-12T23:34:29.813+0800	INFO	gin_web/2021_5_12_zap_定制_logger.go:87	test logger ...
2021-05-12T23:34:29.813+0800	INFO	gin_web/2021_5_12_zap_定制_logger.go:87	test logger ...
2021-05-12T23:34:29.813+0800	INFO	gin_web/2021_5_12_zap_定制_logger.go:87	test logger ...
2021-05-12T23:34:29.813+0800	INFO	gin_web/2021_5_12_zap_定制_logger.go:87	test logger ...
2021-05-12T23:34:29.813+0800	INFO	gin_web/2021_5_12_zap_定制_logger.go:87	test logger ...
2021-05-12T23:34:29.813+0800	INFO	gin_web/2021_5_12_zap_定制_logger.go:87	test logger ...
2021-05-12T23:34:29.813+0800	INFO	gin_web/2021_5_12_zap_定制_logger.go:87	test logger ...
2021-05-12T23:34:29.813+0800	INFO	gin_web/2021_5_12_zap_定制_logger.go:87	test logger ...
2021-05-12T23:34:29.813+0800	INFO	gin_web/2021_5_12_zap_定制_logger.go:87	test logger ...
2021-05-12T23:34:29.813+0800	INFO	gin_web/2021_5_12_zap_定制_logger.go:87	test logger ...
2021-05-12T23:34:29.813+0800	INFO	gin_web/2021_5_12_zap_定制_logger.go:87	test logger ...
2021-05-12T23:34:29.813+0800	INFO	gin_web/2021_5_12_zap_定制_logger.go:87	test logger ...
2021-05-12T23:34:29.813+0800	INFO	gin_web/2021_5_12_zap_定制_logger.go:87	test logger ...
2021-05-12T23:34:29.813+0800	INFO	gin_web/2021_5_12_zap_定制_logger.go:87	test logger ...
2021-05-12T23:34:29.813+0800	INFO	gin_web/2021_5_12_zap_定制_logger.go:87	test logger ...
2021-05-12T23:34:29.813+0800	INFO	gin_web/2021_5_12_zap_定制_logger.go:87	test logger ...
2021-05-12T23:34:29.813+0800	INFO	gin_web/2021_5_12_zap_定制_logger.go:87	test logger ...
2021-05-12T23:34:29.813+0800	INFO	gin_web/2021_5_12_zap_定制_logger.go:87	test logger ...
2021-05-12T23:34:29.813+0800	INFO	gin_web/2021_5_12_zap_定制_logger.go:87	test logger ...
2021-05-12T23:34:29.813+0800	INFO	gin_web/2021_5_12_zap_定制_logger.go:87	test logger ...
2021-05-12T23:34:29.813+0800	INFO	gin_web/2021_5_12_zap_定制_logger.go:87	test logger ...
2021-05-12T23:34:29.813+0800	INFO	gin_web/2021_5_12_zap_定制_logger.go:87	test logger ...
2021-05-12T23:34:29.813+0800	INFO	gin_web/2021_5_12_zap_定制_logger.go:87	test logger ...
2021-05-12T23:34:29.813+0800	INFO	gin_web/2021_5_12_zap_定制_logger.go:87	test logger ...
2021-05-12T23:34:29.813+0800	INFO	gin_web/2021_5_12_zap_定制_logger.go:87	test logger ...
2021-05-12T23:34:29.814+0800	INFO	gin_web/2021_5_12_zap_定制_logger.go:87	test logger ...
2021-05-12T23:34:29.814+0800	INFO	gin_web/2021_5_12_zap_定制_logger.go:87	test logger ...
2021-05-12T23:34:29.814+0800	INFO	gin_web/2021_5_12_zap_定制_logger.go:87	test logger ...
2021-05-12T23:34:29.814+0800	INFO	gin_web/2021_5_12_zap_定制_logger.go:87	test logger ...
2021-05-12T23:34:29.814+0800	INFO	gin_web/2021_5_12_zap_定制_logger.go:87	test logger ...
2021-05-12T23:34:29.814+0800	INFO	gin_web/2021_5_12_zap_定制_logger.go:87	test logger ...
2021-05-12T23:34:29.814+0800	INFO	gin_web/2021_5_12_zap_定制_logger.go:87	test logger ...
2021-05-12T23:34:29.814+0800	INFO	gin_web/2021_5_12_zap_定制_logger.go:87	test logger ...
2021-05-12T23:34:29.814+0800	INFO	gin_web/2021_5_12_zap_定制_logger.go:87	test logger ...
2021-05-12T23:34:29.814+0800	INFO	gin_web/2021_5_12_zap_定制_logger.go:87	test logger ...
2021-05-12T23:34:29.814+0800	INFO	gin_web/2021_5_12_zap_定制_logger.go:87	test logger ...
2021-05-12T23:34:29.814+0800	INFO	gin_web/2021_5_12_zap_定制_logger.go:87	test logger ...
2021-05-12T23:34:29.814+0800	INFO	gin_web/2021_5_12_zap_定制_logger.go:87	test logger ...
2021-05-12T23:34:29.814+0800	INFO	gin_web/2021_5_12_zap_定制_logger.go:87	test logger ...
2021-05-12T23:34:29.814+0800	INFO	gin_web/2021_5_12_zap_定制_logger.go:87	test logger ...
2021-05-12T23:34:29.814+0800	INFO	gin_web/2021_5_12_zap_定制_logger.go:87	test logger ...
2021-05-12T23:34:29.814+0800	INFO	gin_web/2021_5_12_zap_定制_logger.go:87	test logger ...
2021-05-12T23:34:29.814+0800	INFO	gin_web/2021_5_12_zap_定制_logger.go:87	test logger ...
2021-05-12T23:34:29.814+0800	INFO	gin_web/2021_5_12_zap_定制_logger.go:87	test logger ...
2021-05-12T23:34:29.814+0800	INFO	gin_web/2021_5_12_zap_定制_logger.go:87	test logger ...
2021-05-12T23:34:29.814+0800	INFO	gin_web/2021_5_12_zap_定制_logger.go:87	test logger ...
2021-05-12T23:34:29.814+0800	INFO	gin_web/2021_5_12_zap_定制_logger.go:87	test logger ...
2021-05-12T23:34:29.814+0800	INFO	gin_web/2021_5_12_zap_定制_logger.go:87	test logger ...
2021-05-12T23:34:29.814+0800	INFO	gin_web/2021_5_12_zap_定制_logger.go:87	test logger ...
2021-05-12T23:34:29.814+0800	INFO	gin_web/2021_5_12_zap_定制_logger.go:87	test logger ...
2021-05-12T23:34:29.814+0800	INFO	gin_web/2021_5_12_zap_定制_logger.go:87	test logger ...
2021-05-12T23:34:29.814+0800	INFO	gin_web/2021_5_12_zap_定制_logger.go:87	test logger ...
2021-05-12T23:34:29.814+0800	INFO	gin_web/2021_5_12_zap_定制_logger.go:87	test logger ...
2021-05-12T23:34:29.814+0800	INFO	gin_web/2021_5_12_zap_定制_logger.go:87	test logger ...
2021-05-12T23:34:29.814+0800	INFO	gin_web/2021_5_12_zap_定制_logger.go:87	test logger ...
2021-05-12T23:34:29.814+0800	INFO	gin_web/2021_5_12_zap_定制_logger.go:87	test logger ...
2021-05-12T23:34:29.814+0800	INFO	gin_web/2021_5_12_zap_定制_logger.go:87	test logger ...
2021-05-12T23:34:29.814+0800	INFO	gin_web/2021_5_12_zap_定制_logger.go:87	test logger ...
2021-05-12T23:34:29.814+0800	INFO	gin_web/2021_5_12_zap_定制_logger.go:87	test logger ...
2021-05-12T23:34:29.814+0800	INFO	gin_web/2021_5_12_zap_定制_logger.go:87	test logger ...
2021-05-12T23:34:29.814+0800	INFO	gin_web/2021_5_12_zap_定制_logger.go:87	test logger ...
2021-05-12T23:34:29.814+0800	INFO	gin_web/2021_5_12_zap_定制_logger.go:87	test logger ...
2021-05-12T23:34:29.814+0800	INFO	gin_web/2021_5_12_zap_定制_logger.go:87	test logger ...
2021-05-12T23:34:29.814+0800	INFO	gin_web/2021_5_12_zap_定制_logger.go:87	test logger ...
2021-05-12T23:34:29.814+0800	INFO	gin_web/2021_5_12_zap_定制_logger.go:87	test logger ...
2021-05-12T23:34:29.814+0800	INFO	gin_web/2021_5_12_zap_定制_logger.go:87	test logger ...
2021-05-12T23:34:29.814+0800	INFO	gin_web/2021_5_12_zap_定制_logger.go:87	test logger ...
2021-05-12T23:34:29.814+0800	INFO	gin_web/2021_5_12_zap_定制_logger.go:87	test logger ...
2021-05-12T23:34:29.814+0800	INFO	gin_web/2021_5_12_zap_定制_logger.go:87	test logger ...
2021-05-12T23:34:29.814+0800	INFO	gin_web/2021_5_12_zap_定制_logger.go:87	test logger ...
2021-05-12T23:34:29.814+0800	INFO	gin_web/2021_5_12_zap_定制_logger.go:87	test logger ...
2021-05-12T23:34:29.814+0800	INFO	gin_web/2021_5_12_zap_定制_logger.go:87	test logger ...
2021-05-12T23:34:29.814+0800	INFO	gin_web/2021_5_12_zap_定制_logger.go:87	test logger ...
2021-05-12T23:34:29.814+0800	INFO	gin_web/2021_5_12_zap_定制_logger.go:87	test logger ...
2021-05-12T23:34:29.814+0800	INFO	gin_web/2021_5_12_zap_定制_logger.go:87	test logger ...
2021-05-12T23:34:29.814+0800	INFO	gin_web/2021_5_12_zap_定制_logger.go:87	test logger ...
2021-05-12T23:34:29.814+0800	INFO	gin_web/2021_5_12_zap_定制_logger.go:87	test logger ...
2021-05-12T23:34:29.814+0800	INFO	gin_web/2021_5_12_zap_定制_logger.go:87	test logger ...
2021-05-12T23:34:29.814+0800	INFO	gin_web/2021_5_12_zap_定制_logger.go:87	test logger ...
2021-05-12T23:34:29.814+0800	INFO	gin_web/2021_5_12_zap_定制_logger.go:87	test logger ...
2021-05-12T23:34:29.814+0800	INFO	gin_web/2021_5_12_zap_定制_logger.go:87	test logger ...
2021-05-12T23:34:29.814+0800	INFO	gin_web/2021_5_12_zap_定制_logger.go:87	test logger ...
2021-05-12T23:34:29.814+0800	INFO	gin_web/2021_5_12_zap_定制_logger.go:87	test logger ...
2021-05-12T23:34:29.814+0800	INFO	gin_web/2021_5_12_zap_定制_logger.go:87	test logger ...
2021-05-12T23:34:29.814+0800	INFO	gin_web/2021_5_12_zap_定制_logger.go:87	test logger ...
2021-05-12T23:34:29.814+0800	INFO	gin_web/2021_5_12_zap_定制_logger.go:87	test logger ...
2021-05-12T23:34:29.814+0800	INFO	gin_web/2021_5_12_zap_定制_logger.go:87	test logger ...
2021-05-12T23:34:29.814+0800	INFO	gin_web/2021_5_12_zap_定制_logger.go:87	test logger ...
2021-05-12T23:34:29.814+0800	INFO	gin_web/2021_5_12_zap_定制_logger.go:87	test logger ...
2021-05-12T23:34:29.814+0800	INFO	gin_web/2021_5_12_zap_定制_logger.go:87	test logger ...
2021-05-12T23:34:29.814+0800	INFO	gin_web/2021_5_12_zap_定制_logger.go:87	test logger ...
2021-05-12T23:34:29.814+0800	INFO	gin_web/2021_5_12_zap_定制_logger.go:87	test logger ...
2021-05-12T23:34:29.814+0800	INFO	gin_web/2021_5_12_zap_定制_logger.go:87	test logger ...
2021-05-12T23:34:29.814+0800	INFO	gin_web/2021_5_12_zap_定制_logger.go:87	test logger ...
2021-05-12T23:34:29.814+0800	INFO	gin_web/2021_5_12_zap_定制_logger.go:87	test logger ...
2021-05-12T23:34:29.814+0800	INFO	gin_web/2021_5_12_zap_定制_logger.go:87	test logger ...
2021-05-12T23:34:29.814+0800	INFO	gin_web/2021_5_12_zap_定制_logger.go:87	test logger ...
2021-05-12T23:34:29.814+0800	INFO	gin_web/2021_5_12_zap_定制_logger.go:87	test logger ...
2021-05-12T23:34:29.814+0800	INFO	gin_web/2021_5_12_zap_定制_logger.go:87	test logger ...
2021-05-12T23:34:29.814+0800	INFO	gin_web/2021_5_12_zap_定制_logger.go:87	test logger ...
2021-05-12T23:34:29.814+0800	INFO	gin_web/2021_5_12_zap_定制_logger.go:87	test logger ...
2021-05-12T23:34:29.814+0800	INFO	gin_web/2021_5_12_zap_定制_logger.go:87	test logger ...
2021-05-12T23:34:29.814+0800	INFO	gin_web/2021_5_12_zap_定制_logger.go:87	test logger ...
2021-05-12T23:34:29.814+0800	INFO	gin_web/2021_5_12_zap_定制_logger.go:87	test logger ...
2021-05-12T23:34:29.814+0800	INFO	gin_web/2021_5_12_zap_定制_logger.go:87	test logger ...
2021-05-12T23:34:29.814+0800	INFO	gin_web/2021_5_12_zap_定制_logger.go:87	test logger ...
2021-05-12T23:34:29.814+0800	INFO	gin_web/2021_5_12_zap_定制_logger.go:87	test logger ...
2021-05-12T23:34:29.814+0800	INFO	gin_web/2021_5_12_zap_定制_logger.go:87	test logger ...
2021-05-12T23:34:29.814+0800	INFO	gin_web/2021_5_12_zap_定制_logger.go:87	test logger ...
2021-05-12T23:34:29.814+0800	INFO	gin_web/2021_5_12_zap_定制_logger.go:87	test logger ...
2021-05-12T23:34:29.814+0800	INFO	gin_web/2021_5_12_zap_定制_logger.go:87	test logger ...
2021-05-12T23:34:29.814+0800	INFO	gin_web/2021_5_12_zap_定制_logger.go:87	test logger ...
2021-05-12T23:34:29.814+0800	INFO	gin_web/2021_5_12_zap_定制_logger.go:87	test logger ...
2021-05-12T23:34:29.814+0800	INFO	gin_web/2021_5_12_zap_定制_logger.go:87	test logger ...
2021-05-12T23:34:29.814+0800	INFO	gin_web/2021_5_12_zap_定制_logger.go:87	test logger ...
2021-05-12T23:34:29.814+0800	INFO	gin_web/2021_5_12_zap_定制_logger.go:87	test logger ...
2021-05-12T23:34:29.814+0800	INFO	gin_web/2021_5_12_zap_定制_logger.go:87	test logger ...
2021-05-12T23:34:29.814+0800	INFO	gin_web/2021_5_12_zap_定制_logger.go:87	test logger ...
2021-05-12T23:34:29.814+0800	INFO	gin_web/2021_5_12_zap_定制_logger.go:87	test logger ...
2021-05-12T23:34:29.814+0800	INFO	gin_web/2021_5_12_zap_定制_logger.go:87	test logger ...
2021-05-12T23:34:29.814+0800	INFO	gin_web/2021_5_12_zap_定制_logger.go:87	test logger ...
2021-05-12T23:34:29.814+0800	INFO	gin_web/2021_5_12_zap_定制_logger.go:87	test logger ...
2021-05-12T23:34:29.814+0800	INFO	gin_web/2021_5_12_zap_定制_logger.go:87	test logger ...
2021-05-12T23:34:29.814+0800	INFO	gin_web/2021_5_12_zap_定制_logger.go:87	test logger ...
2021-05-12T23:34:29.815+0800	INFO	gin_web/2021_5_12_zap_定制_logger.go:87	test logger ...
2021-05-12T23:34:29.815+0800	INFO	gin_web/2021_5_12_zap_定制_logger.go:87	test logger ...
2021-05-12T23:34:29.815+0800	INFO	gin_web/2021_5_12_zap_定制_logger.go:87	test logger ...
2021-05-12T23:34:29.815+0800	INFO	gin_web/2021_5_12_zap_定制_logger.go:87	test logger ...
2021-05-12T23:34:29.815+0800	INFO	gin_web/2021_5_12_zap_定制_logger.go:87	test logger ...
2021-05-12T23:34:29.815+0800	INFO	gin_web/2021_5_12_zap_定制_logger.go:87	test logger ...
2021-05-12T23:34:29.815+0800	INFO	gin_web/2021_5_12_zap_定制_logger.go:87	test logger ...
2021-05-12T23:34:29.815+0800	INFO	gin_web/2021_5_12_zap_定制_logger.go:87	test logger ...
2021-05-12T23:34:29.815+0800	INFO	gin_web/2021_5_12_zap_定制_logger.go:87	test logger ...
2021-05-12T23:34:29.815+0800	INFO	gin_web/2021_5_12_zap_定制_logger.go:87	test logger ...
2021-05-12T23:34:29.815+0800	INFO	gin_web/2021_5_12_zap_定制_logger.go:87	test logger ...
2021-05-12T23:34:29.815+0800	INFO	gin_web/2021_5_12_zap_定制_logger.go:87	test logger ...
2021-05-12T23:34:29.815+0800	INFO	gin_web/2021_5_12_zap_定制_logger.go:87	test logger ...
2021-05-12T23:34:29.815+0800	INFO	gin_web/2021_5_12_zap_定制_logger.go:87	test logger ...
2021-05-12T23:34:29.815+0800	INFO	gin_web/2021_5_12_zap_定制_logger.go:87	test logger ...
2021-05-12T23:34:29.815+0800	INFO	gin_web/2021_5_12_zap_定制_logger.go:87	test logger ...
2021-05-12T23:34:29.815+0800	INFO	gin_web/2021_5_12_zap_定制_logger.go:87	test logger ...
2021-05-12T23:34:29.815+0800	INFO	gin_web/2021_5_12_zap_定制_logger.go:87	test logger ...
2021-05-12T23:34:29.815+0800	INFO	gin_web/2021_5_12_zap_定制_logger.go:87	test logger ...
2021-05-12T23:34:29.815+0800	INFO	gin_web/2021_5_12_zap_定制_logger.go:87	test logger ...
2021-05-12T23:34:29.815+0800	INFO	gin_web/2021_5_12_zap_定制_logger.go:87	test logger ...
2021-05-12T23:34:29.815+0800	INFO	gin_web/2021_5_12_zap_定制_logger.go:87	test logger ...
2021-05-12T23:34:29.815+0800	INFO	gin_web/2021_5_12_zap_定制_logger.go:87	test logger ...
2021-05-12T23:34:29.815+0800	INFO	gin_web/2021_5_12_zap_定制_logger.go:87	test logger ...
2021-05-12T23:34:29.815+0800	INFO	gin_web/2021_5_12_zap_定制_logger.go:87	test logger ...
2021-05-12T23:34:29.815+0800	INFO	gin_web/2021_5_12_zap_定制_logger.go:87	test logger ...
2021-05-12T23:34:29.815+0800	INFO	gin_web/2021_5_12_zap_定制_logger.go:87	test logger ...
2021-05-12T23:34:29.815+0800	INFO	gin_web/2021_5_12_zap_定制_logger.go:87	test logger ...
2021-05-12T23:34:29.815+0800	INFO	gin_web/2021_5_12_zap_定制_logger.go:87	test logger ...
2021-05-12T23:34:29.815+0800	INFO	gin_web/2021_5_12_zap_定制_logger.go:87	test logger ...
2021-05-12T23:34:29.815+0800	INFO	gin_web/2021_5_12_zap_定制_logger.go:87	test logger ...
2021-05-12T23:34:29.815+0800	INFO	gin_web/2021_5_12_zap_定制_logger.go:87	test logger ...
2021-05-12T23:34:29.815+0800	INFO	gin_web/2021_5_12_zap_定制_logger.go:87	test logger ...
2021-05-12T23:34:29.815+0800	INFO	gin_web/2021_5_12_zap_定制_logger.go:87	test logger ...
2021-05-12T23:34:29.815+0800	INFO	gin_web/2021_5_12_zap_定制_logger.go:87	test logger ...
2021-05-12T23:34:29.815+0800	INFO	gin_web/2021_5_12_zap_定制_logger.go:87	test logger ...
2021-05-12T23:34:29.815+0800	INFO	gin_web/2021_5_12_zap_定制_logger.go:87	test logger ...
2021-05-12T23:34:29.815+0800	INFO	gin_web/2021_5_12_zap_定制_logger.go:87	test logger ...
2021-05-12T23:34:29.815+0800	INFO	gin_web/2021_5_12_zap_定制_logger.go:87	test logger ...
2021-05-12T23:34:29.815+0800	INFO	gin_web/2021_5_12_zap_定制_logger.go:87	test logger ...
2021-05-12T23:34:29.815+0800	INFO	gin_web/2021_5_12_zap_定制_logger.go:87	test logger ...
2021-05-12T23:34:29.815+0800	INFO	gin_web/2021_5_12_zap_定制_logger.go:87	test logger ...
2021-05-12T23:34:29.815+0800	INFO	gin_web/2021_5_12_zap_定制_logger.go:87	test logger ...
2021-05-12T23:34:29.815+0800	INFO	gin_web/2021_5_12_zap_定制_logger.go:87	test logger ...
2021-05-12T23:34:29.815+0800	INFO	gin_web/2021_5_12_zap_定制_logger.go:87	test logger ...
2021-05-12T23:34:29.815+0800	INFO	gin_web/2021_5_12_zap_定制_logger.go:87	test logger ...
2021-05-12T23:34:29.815+0800	INFO	gin_web/2021_5_12_zap_定制_logger.go:87	test logger ...
2021-05-12T23:34:29.815+0800	INFO	gin_web/2021_5_12_zap_定制_logger.go:87	test logger ...
2021-05-12T23:34:29.815+0800	INFO	gin_web/2021_5_12_zap_定制_logger.go:87	test logger ...
2021-05-12T23:34:29.815+0800	INFO	gin_web/2021_5_12_zap_定制_logger.go:87	test logger ...
2021-05-12T23:34:29.815+0800	INFO	gin_web/2021_5_12_zap_定制_logger.go:87	test logger ...
2021-05-12T23:34:29.815+0800	INFO	gin_web/2021_5_12_zap_定制_logger.go:87	test logger ...
2021-05-12T23:34:29.815+0800	INFO	gin_web/2021_5_12_zap_定制_logger.go:87	test logger ...
2021-05-12T23:34:29.815+0800	INFO	gin_web/2021_5_12_zap_定制_logger.go:87	test logger ...
2021-05-12T23:34:29.815+0800	INFO	gin_web/2021_5_12_zap_定制_logger.go:87	test logger ...
2021-05-12T23:34:29.815+0800	INFO	gin_web/2021_5_12_zap_定制_logger.go:87	test logger ...
2021-05-12T23:34:29.815+0800	INFO	gin_web/2021_5_12_zap_定制_logger.go:87	test logger ...
2021-05-12T23:34:29.815+0800	INFO	gin_web/2021_5_12_zap_定制_logger.go:87	test logger ...
2021-05-12T23:34:29.815+0800	INFO	gin_web/2021_5_12_zap_定制_logger.go:87	test logger ...
2021-05-12T23:34:29.815+0800	INFO	gin_web/2021_5_12_zap_定制_logger.go:87	test logger ...
2021-05-12T23:34:29.815+0800	INFO	gin_web/2021_5_12_zap_定制_logger.go:87	test logger ...
2021-05-12T23:34:29.815+0800	INFO	gin_web/2021_5_12_zap_定制_logger.go:87	test logger ...
2021-05-12T23:34:29.815+0800	INFO	gin_web/2021_5_12_zap_定制_logger.go:87	test logger ...
2021-05-12T23:34:29.815+0800	INFO	gin_web/2021_5_12_zap_定制_logger.go:87	test logger ...
2021-05-12T23:34:29.815+0800	INFO	gin_web/2021_5_12_zap_定制_logger.go:87	test logger ...
2021-05-12T23:34:29.815+0800	INFO	gin_web/2021_5_12_zap_定制_logger.go:87	test logger ...
2021-05-12T23:34:29.815+0800	INFO	gin_web/2021_5_12_zap_定制_logger.go:87	test logger ...
2021-05-12T23:34:29.815+0800	INFO	gin_web/2021_5_12_zap_定制_logger.go:87	test logger ...
2021-05-12T23:34:29.815+0800	INFO	gin_web/2021_5_12_zap_定制_logger.go:87	test logger ...
2021-05-12T23:34:29.815+0800	INFO	gin_web/2021_5_12_zap_定制_logger.go:87	test logger ...
2021-05-12T23:34:29.815+0800	INFO	gin_web/2021_5_12_zap_定制_logger.go:87	test logger ...
2021-05-12T23:34:29.815+0800	INFO	gin_web/2021_5_12_zap_定制_logger.go:87	test logger ...
2021-05-12T23:34:29.815+0800	INFO	gin_web/2021_5_12_zap_定制_logger.go:87	test logger ...
2021-05-12T23:34:29.815+0800	INFO	gin_web/2021_5_12_zap_定制_logger.go:87	test logger ...
2021-05-12T23:34:29.815+0800	INFO	gin_web/2021_5_12_zap_定制_logger.go:87	test logger ...
2021-05-12T23:34:29.815+0800	INFO	gin_web/2021_5_12_zap_定制_logger.go:87	test logger ...
2021-05-12T23:34:29.815+0800	INFO	gin_web/2021_5_12_zap_定制_logger.go:87	test logger ...
2021-05-12T23:34:29.815+0800	INFO	gin_web/2021_5_12_zap_定制_logger.go:87	test logger ...
2021-05-12T23:34:29.815+0800	INFO	gin_web/2021_5_12_zap_定制_logger.go:87	test logger ...
2021-05-12T23:34:29.815+0800	INFO	gin_web/2021_5_12_zap_定制_logger.go:87	test logger ...
2021-05-12T23:34:29.815+0800	INFO	gin_web/2021_5_12_zap_定制_logger.go:87	test logger ...
2021-05-12T23:34:29.815+0800	INFO	gin_web/2021_5_12_zap_定制_logger.go:87	test logger ...
2021-05-12T23:34:29.815+0800	INFO	gin_web/2021_5_12_zap_定制_logger.go:87	test logger ...
2021-05-12T23:34:29.815+0800	INFO	gin_web/2021_5_12_zap_定制_logger.go:87	test logger ...
2021-05-12T23:34:29.815+0800	INFO	gin_web/2021_5_12_zap_定制_logger.go:87	test logger ...
2021-05-12T23:34:29.815+0800	INFO	gin_web/2021_5_12_zap_定制_logger.go:87	test logger ...
2021-05-12T23:34:29.815+0800	INFO	gin_web/2021_5_12_zap_定制_logger.go:87	test logger ...
2021-05-12T23:34:29.815+0800	INFO	gin_web/2021_5_12_zap_定制_logger.go:87	test logger ...
2021-05-12T23:34:29.815+0800	INFO	gin_web/2021_5_12_zap_定制_logger.go:87	test logger ...
2021-05-12T23:34:29.815+0800	INFO	gin_web/2021_5_12_zap_定制_logger.go:87	test logger ...
2021-05-12T23:34:29.815+0800	INFO	gin_web/2021_5_12_zap_定制_logger.go:87	test logger ...
2021-05-12T23:34:29.815+0800	INFO	gin_web/2021_5_12_zap_定制_logger.go:87	test logger ...
2021-05-12T23:34:29.815+0800	INFO	gin_web/2021_5_12_zap_定制_logger.go:87	test logger ...
2021-05-12T23:34:29.815+0800	INFO	gin_web/2021_5_12_zap_定制_logger.go:87	test logger ...
2021-05-12T23:34:29.815+0800	INFO	gin_web/2021_5_12_zap_定制_logger.go:87	test logger ...
2021-05-12T23:34:29.815+0800	INFO	gin_web/2021_5_12_zap_定制_logger.go:87	test logger ...
2021-05-12T23:34:29.815+0800	INFO	gin_web/2021_5_12_zap_定制_logger.go:87	test logger ...
2021-05-12T23:34:29.815+0800	INFO	gin_web/2021_5_12_zap_定制_logger.go:87	test logger ...
2021-05-12T23:34:29.816+0800	INFO	gin_web/2021_5_12_zap_定制_logger.go:87	test logger ...
2021-05-12T23:34:29.816+0800	INFO	gin_web/2021_5_12_zap_定制_logger.go:87	test logger ...
2021-05-12T23:34:29.816+0800	INFO	gin_web/2021_5_12_zap_定制_logger.go:87	test logger ...
2021-05-12T23:34:29.816+0800	INFO	gin_web/2021_5_12_zap_定制_logger.go:87	test logger ...
2021-05-12T23:34:29.816+0800	INFO	gin_web/2021_5_12_zap_定制_logger.go:87	test logger ...
2021-05-12T23:34:29.816+0800	INFO	gin_web/2021_5_12_zap_定制_logger.go:87	test logger ...
2021-05-12T23:34:29.816+0800	INFO	gin_web/2021_5_12_zap_定制_logger.go:87	test logger ...
2021-05-12T23:34:29.816+0800	INFO	gin_web/2021_5_12_zap_定制_logger.go:87	test logger ...
2021-05-12T23:34:29.816+0800	INFO	gin_web/2021_5_12_zap_定制_logger.go:87	test logger ...
2021-05-12T23:34:29.816+0800	INFO	gin_web/2021_5_12_zap_定制_logger.go:87	test logger ...
2021-05-12T23:34:29.816+0800	INFO	gin_web/2021_5_12_zap_定制_logger.go:87	test logger ...
2021-05-12T23:34:29.816+0800	INFO	gin_web/2021_5_12_zap_定制_logger.go:87	test logger ...
2021-05-12T23:34:29.816+0800	INFO	gin_web/2021_5_12_zap_定制_logger.go:87	test logger ...
2021-05-12T23:34:29.816+0800	INFO	gin_web/2021_5_12_zap_定制_logger.go:87	test logger ...
2021-05-12T23:34:29.816+0800	INFO	gin_web/2021_5_12_zap_定制_logger.go:87	test logger ...
2021-05-12T23:34:29.816+0800	INFO	gin_web/2021_5_12_zap_定制_logger.go:87	test logger ...
2021-05-12T23:34:29.816+0800	INFO	gin_web/2021_5_12_zap_定制_logger.go:87	test logger ...
2021-05-12T23:34:29.816+0800	INFO	gin_web/2021_5_12_zap_定制_logger.go:87	test logger ...
2021-05-12T23:34:29.816+0800	INFO	gin_web/2021_5_12_zap_定制_logger.go:87	test logger ...
2021-05-12T23:34:29.816+0800	INFO	gin_web/2021_5_12_zap_定制_logger.go:87	test logger ...
2021-05-12T23:34:29.816+0800	INFO	gin_web/2021_5_12_zap_定制_logger.go:87	test logger ...
2021-05-12T23:34:29.816+0800	INFO	gin_web/2021_5_12_zap_定制_logger.go:87	test logger ...
2021-05-12T23:34:29.816+0800	INFO	gin_web/2021_5_12_zap_定制_logger.go:87	test logger ...
2021-05-12T23:34:29.816+0800	INFO	gin_web/2021_5_12_zap_定制_logger.go:87	test logger ...
2021-05-12T23:34:29.816+0800	INFO	gin_web/2021_5_12_zap_定制_logger.go:87	test logger ...
2021-05-12T23:34:29.816+0800	INFO	gin_web/2021_5_12_zap_定制_logger.go:87	test logger ...
2021-05-12T23:34:29.816+0800	INFO	gin_web/2021_5_12_zap_定制_logger.go:87	test logger ...
2021-05-12T23:34:29.816+0800	INFO	gin_web/2021_5_12_zap_定制_logger.go:87	test logger ...
2021-05-12T23:34:29.816+0800	INFO	gin_web/2021_5_12_zap_定制_logger.go:87	test logger ...
2021-05-12T23:34:29.816+0800	INFO	gin_web/2021_5_12_zap_定制_logger.go:87	test logger ...
2021-05-12T23:34:29.816+0800	INFO	gin_web/2021_5_12_zap_定制_logger.go:87	test logger ...
2021-05-12T23:34:29.816+0800	INFO	gin_web/2021_5_12_zap_定制_logger.go:87	test logger ...
2021-05-12T23:34:29.816+0800	INFO	gin_web/2021_5_12_zap_定制_logger.go:87	test logger ...
2021-05-12T23:34:29.816+0800	INFO	gin_web/2021_5_12_zap_定制_logger.go:87	test logger ...
2021-05-12T23:34:29.816+0800	INFO	gin_web/2021_5_12_zap_定制_logger.go:87	test logger ...
2021-05-12T23:34:29.816+0800	INFO	gin_web/2021_5_12_zap_定制_logger.go:87	test logger ...
2021-05-12T23:34:29.816+0800	INFO	gin_web/2021_5_12_zap_定制_logger.go:87	test logger ...
2021-05-12T23:34:29.816+0800	INFO	gin_web/2021_5_12_zap_定制_logger.go:87	test logger ...
2021-05-12T23:34:29.816+0800	INFO	gin_web/2021_5_12_zap_定制_logger.go:87	test logger ...
2021-05-12T23:34:29.816+0800	INFO	gin_web/2021_5_12_zap_定制_logger.go:87	test logger ...
2021-05-12T23:34:29.816+0800	INFO	gin_web/2021_5_12_zap_定制_logger.go:87	test logger ...
2021-05-12T23:34:29.816+0800	INFO	gin_web/2021_5_12_zap_定制_logger.go:87	test logger ...
2021-05-12T23:34:29.816+0800	INFO	gin_web/2021_5_12_zap_定制_logger.go:87	test logger ...
2021-05-12T23:34:29.816+0800	INFO	gin_web/2021_5_12_zap_定制_logger.go:87	test logger ...
2021-05-12T23:34:29.816+0800	INFO	gin_web/2021_5_12_zap_定制_logger.go:87	test logger ...
2021-05-12T23:34:29.816+0800	INFO	gin_web/2021_5_12_zap_定制_logger.go:87	test logger ...
2021-05-12T23:34:29.816+0800	INFO	gin_web/2021_5_12_zap_定制_logger.go:87	test logger ...
2021-05-12T23:34:29.816+0800	INFO	gin_web/2021_5_12_zap_定制_logger.go:87	test logger ...
2021-05-12T23:34:29.816+0800	INFO	gin_web/2021_5_12_zap_定制_logger.go:87	test logger ...
2021-05-12T23:34:29.816+0800	INFO	gin_web/2021_5_12_zap_定制_logger.go:87	test logger ...
2021-05-12T23:34:29.816+0800	INFO	gin_web/2021_5_12_zap_定制_logger.go:87	test logger ...
2021-05-12T23:34:29.816+0800	INFO	gin_web/2021_5_12_zap_定制_logger.go:87	test logger ...
2021-05-12T23:34:29.816+0800	INFO	gin_web/2021_5_12_zap_定制_logger.go:87	test logger ...
2021-05-12T23:34:29.816+0800	INFO	gin_web/2021_5_12_zap_定制_logger.go:87	test logger ...
2021-05-12T23:34:29.816+0800	INFO	gin_web/2021_5_12_zap_定制_logger.go:87	test logger ...
2021-05-12T23:34:29.816+0800	INFO	gin_web/2021_5_12_zap_定制_logger.go:87	test logger ...
2021-05-12T23:34:29.816+0800	INFO	gin_web/2021_5_12_zap_定制_logger.go:87	test logger ...
2021-05-12T23:34:29.816+0800	INFO	gin_web/2021_5_12_zap_定制_logger.go:87	test logger ...
2021-05-12T23:34:29.816+0800	INFO	gin_web/2021_5_12_zap_定制_logger.go:87	test logger ...
2021-05-12T23:34:29.816+0800	INFO	gin_web/2021_5_12_zap_定制_logger.go:87	test logger ...
2021-05-12T23:34:29.816+0800	INFO	gin_web/2021_5_12_zap_定制_logger.go:87	test logger ...
2021-05-12T23:34:29.816+0800	INFO	gin_web/2021_5_12_zap_定制_logger.go:87	test logger ...
2021-05-12T23:34:29.816+0800	INFO	gin_web/2021_5_12_zap_定制_logger.go:87	test logger ...
2021-05-12T23:34:29.816+0800	INFO	gin_web/2021_5_12_zap_定制_logger.go:87	test logger ...
2021-05-12T23:34:29.816+0800	INFO	gin_web/2021_5_12_zap_定制_logger.go:87	test logger ...
2021-05-12T23:34:29.816+0800	INFO	gin_web/2021_5_12_zap_定制_logger.go:87	test logger ...
2021-05-12T23:34:29.816+0800	INFO	gin_web/2021_5_12_zap_定制_logger.go:87	test logger ...
2021-05-12T23:34:29.816+0800	INFO	gin_web/2021_5_12_zap_定制_logger.go:87	test logger ...
2021-05-12T23:34:29.816+0800	INFO	gin_web/2021_5_12_zap_定制_logger.go:87	test logger ...
2021-05-12T23:34:29.816+0800	INFO	gin_web/2021_5_12_zap_定制_logger.go:87	test logger ...
2021-05-12T23:34:29.816+0800	INFO	gin_web/2021_5_12_zap_定制_logger.go:87	test logger ...
2021-05-12T23:34:29.816+0800	INFO	gin_web/2021_5_12_zap_定制_logger.go:87	test logger ...
2021-05-12T23:34:29.816+0800	INFO	gin_web/2021_5_12_zap_定制_logger.go:87	test logger ...
2021-05-12T23:34:29.816+0800	INFO	gin_web/2021_5_12_zap_定制_logger.go:87	test logger ...
2021-05-12T23:34:29.816+0800	INFO	gin_web/2021_5_12_zap_定制_logger.go:87	test logger ...
2021-05-12T23:34:29.816+0800	INFO	gin_web/2021_5_12_zap_定制_logger.go:87	test logger ...
2021-05-12T23:34:29.816+0800	INFO	gin_web/2021_5_12_zap_定制_logger.go:87	test logger ...
2021-05-12T23:34:29.816+0800	INFO	gin_web/2021_5_12_zap_定制_logger.go:87	test logger ...
2021-05-12T23:34:29.816+0800	INFO	gin_web/2021_5_12_zap_定制_logger.go:87	test logger ...
2021-05-12T23:34:29.816+0800	INFO	gin_web/2021_5_12_zap_定制_logger.go:87	test logger ...
2021-05-12T23:34:29.816+0800	INFO	gin_web/2021_5_12_zap_定制_logger.go:87	test logger ...
2021-05-12T23:34:29.816+0800	INFO	gin_web/2021_5_12_zap_定制_logger.go:87	test logger ...
2021-05-12T23:34:29.816+0800	INFO	gin_web/2021_5_12_zap_定制_logger.go:87	test logger ...
2021-05-12T23:34:29.816+0800	INFO	gin_web/2021_5_12_zap_定制_logger.go:87	test logger ...
2021-05-12T23:34:29.816+0800	INFO	gin_web/2021_5_12_zap_定制_logger.go:87	test logger ...
2021-05-12T23:34:29.816+0800	INFO	gin_web/2021_5_12_zap_定制_logger.go:87	test logger ...
2021-05-12T23:34:29.816+0800	INFO	gin_web/2021_5_12_zap_定制_logger.go:87	test logger ...
2021-05-12T23:34:29.816+0800	INFO	gin_web/2021_5_12_zap_定制_logger.go:87	test logger ...
2021-05-12T23:34:29.816+0800	INFO	gin_web/2021_5_12_zap_定制_logger.go:87	test logger ...
2021-05-12T23:34:29.816+0800	INFO	gin_web/2021_5_12_zap_定制_logger.go:87	test logger ...
2021-05-12T23:34:29.816+0800	INFO	gin_web/2021_5_12_zap_定制_logger.go:87	test logger ...
2021-05-12T23:34:29.816+0800	INFO	gin_web/2021_5_12_zap_定制_logger.go:87	test logger ...
2021-05-12T23:34:29.816+0800	INFO	gin_web/2021_5_12_zap_定制_logger.go:87	test logger ...
2021-05-12T23:34:29.816+0800	INFO	gin_web/2021_5_12_zap_定制_logger.go:87	test logger ...
2021-05-12T23:34:29.816+0800	INFO	gin_web/2021_5_12_zap_定制_logger.go:87	test logger ...
2021-05-12T23:34:29.816+0800	INFO	gin_web/2021_5_12_zap_定制_logger.go:87	test logger ...
2021-05-12T23:34:29.816+0800	INFO	gin_web/2021_5_12_zap_定制_logger.go:87	test logger ...
2021-05-12T23:34:29.816+0800	INFO	gin_web/2021_5_12_zap_定制_logger.go:87	test logger ...
2021-05-12T23:34:29.816+0800	INFO	gin_web/2021_5_12_zap_定制_logger.go:87	test logger ...
2021-05-12T23:34:29.816+0800	INFO	gin_web/2021_5_12_zap_定制_logger.go:87	test logger ...
2021-05-12T23:34:29.816+0800	INFO	gin_web/2021_5_12_zap_定制_logger.go:87	test logger ...
2021-05-12T23:34:29.817+0800	INFO	gin_web/2021_5_12_zap_定制_logger.go:87	test logger ...
2021-05-12T23:34:29.817+0800	INFO	gin_web/2021_5_12_zap_定制_logger.go:87	test logger ...
2021-05-12T23:34:29.817+0800	INFO	gin_web/2021_5_12_zap_定制_logger.go:87	test logger ...
2021-05-12T23:34:29.817+0800	INFO	gin_web/2021_5_12_zap_定制_logger.go:87	test logger ...
2021-05-12T23:34:29.817+0800	INFO	gin_web/2021_5_12_zap_定制_logger.go:87	test logger ...
2021-05-12T23:34:29.817+0800	INFO	gin_web/2021_5_12_zap_定制_logger.go:87	test logger ...
2021-05-12T23:34:29.817+0800	INFO	gin_web/2021_5_12_zap_定制_logger.go:87	test logger ...
2021-05-12T23:34:29.817+0800	INFO	gin_web/2021_5_12_zap_定制_logger.go:87	test logger ...
2021-05-12T23:34:29.817+0800	INFO	gin_web/2021_5_12_zap_定制_logger.go:87	test logger ...
2021-05-12T23:34:29.817+0800	INFO	gin_web/2021_5_12_zap_定制_logger.go:87	test logger ...
2021-05-12T23:34:29.817+0800	INFO	gin_web/2021_5_12_zap_定制_logger.go:87	test logger ...
2021-05-12T23:34:29.817+0800	INFO	gin_web/2021_5_12_zap_定制_logger.go:87	test logger ...
2021-05-12T23:34:29.817+0800	INFO	gin_web/2021_5_12_zap_定制_logger.go:87	test logger ...
2021-05-12T23:34:29.817+0800	INFO	gin_web/2021_5_12_zap_定制_logger.go:87	test logger ...
2021-05-12T23:34:29.817+0800	INFO	gin_web/2021_5_12_zap_定制_logger.go:87	test logger ...
2021-05-12T23:34:29.817+0800	INFO	gin_web/2021_5_12_zap_定制_logger.go:87	test logger ...
2021-05-12T23:34:29.817+0800	INFO	gin_web/2021_5_12_zap_定制_logger.go:87	test logger ...
2021-05-12T23:34:29.817+0800	INFO	gin_web/2021_5_12_zap_定制_logger.go:87	test logger ...
2021-05-12T23:34:29.817+0800	INFO	gin_web/2021_5_12_zap_定制_logger.go:87	test logger ...
2021-05-12T23:34:29.817+0800	INFO	gin_web/2021_5_12_zap_定制_logger.go:87	test logger ...
2021-05-12T23:34:29.817+0800	INFO	gin_web/2021_5_12_zap_定制_logger.go:87	test logger ...
2021-05-12T23:34:29.817+0800	INFO	gin_web/2021_5_12_zap_定制_logger.go:87	test logger ...
2021-05-12T23:34:29.817+0800	INFO	gin_web/2021_5_12_zap_定制_logger.go:87	test logger ...
2021-05-12T23:34:29.817+0800	INFO	gin_web/2021_5_12_zap_定制_logger.go:87	test logger ...
2021-05-12T23:34:29.817+0800	INFO	gin_web/2021_5_12_zap_定制_logger.go:87	test logger ...
2021-05-12T23:34:29.817+0800	INFO	gin_web/2021_5_12_zap_定制_logger.go:87	test logger ...
2021-05-12T23:34:29.817+0800	INFO	gin_web/2021_5_12_zap_定制_logger.go:87	test logger ...
2021-05-12T23:34:29.817+0800	INFO	gin_web/2021_5_12_zap_定制_logger.go:87	test logger ...
2021-05-12T23:34:29.817+0800	INFO	gin_web/2021_5_12_zap_定制_logger.go:87	test logger ...
2021-05-12T23:34:29.817+0800	INFO	gin_web/2021_5_12_zap_定制_logger.go:87	test logger ...
2021-05-12T23:34:29.817+0800	INFO	gin_web/2021_5_12_zap_定制_logger.go:87	test logger ...
2021-05-12T23:34:29.817+0800	INFO	gin_web/2021_5_12_zap_定制_logger.go:87	test logger ...
2021-05-12T23:34:29.817+0800	INFO	gin_web/2021_5_12_zap_定制_logger.go:87	test logger ...
2021-05-12T23:34:29.817+0800	INFO	gin_web/2021_5_12_zap_定制_logger.go:87	test logger ...
2021-05-12T23:34:29.817+0800	INFO	gin_web/2021_5_12_zap_定制_logger.go:87	test logger ...
2021-05-12T23:34:29.817+0800	INFO	gin_web/2021_5_12_zap_定制_logger.go:87	test logger ...
2021-05-12T23:34:29.817+0800	INFO	gin_web/2021_5_12_zap_定制_logger.go:87	test logger ...
2021-05-12T23:34:29.817+0800	INFO	gin_web/2021_5_12_zap_定制_logger.go:87	test logger ...
2021-05-12T23:34:29.817+0800	INFO	gin_web/2021_5_12_zap_定制_logger.go:87	test logger ...
2021-05-12T23:34:29.817+0800	INFO	gin_web/2021_5_12_zap_定制_logger.go:87	test logger ...
2021-05-12T23:34:29.817+0800	INFO	gin_web/2021_5_12_zap_定制_logger.go:87	test logger ...
2021-05-12T23:34:29.817+0800	INFO	gin_web/2021_5_12_zap_定制_logger.go:87	test logger ...
2021-05-12T23:34:29.817+0800	INFO	gin_web/2021_5_12_zap_定制_logger.go:87	test logger ...
2021-05-12T23:34:29.817+0800	INFO	gin_web/2021_5_12_zap_定制_logger.go:87	test logger ...
2021-05-12T23:34:29.817+0800	INFO	gin_web/2021_5_12_zap_定制_logger.go:87	test logger ...
2021-05-12T23:34:29.817+0800	INFO	gin_web/2021_5_12_zap_定制_logger.go:87	test logger ...
2021-05-12T23:34:29.817+0800	INFO	gin_web/2021_5_12_zap_定制_logger.go:87	test logger ...
2021-05-12T23:34:29.817+0800	INFO	gin_web/2021_5_12_zap_定制_logger.go:87	test logger ...
2021-05-12T23:34:29.817+0800	INFO	gin_web/2021_5_12_zap_定制_logger.go:87	test logger ...
2021-05-12T23:34:29.817+0800	INFO	gin_web/2021_5_12_zap_定制_logger.go:87	test logger ...
2021-05-12T23:34:29.817+0800	INFO	gin_web/2021_5_12_zap_定制_logger.go:87	test logger ...
2021-05-12T23:34:29.817+0800	INFO	gin_web/2021_5_12_zap_定制_logger.go:87	test logger ...
2021-05-12T23:34:29.817+0800	INFO	gin_web/2021_5_12_zap_定制_logger.go:87	test logger ...
2021-05-12T23:34:29.817+0800	INFO	gin_web/2021_5_12_zap_定制_logger.go:87	test logger ...
2021-05-12T23:34:29.817+0800	INFO	gin_web/2021_5_12_zap_定制_logger.go:87	test logger ...
2021-05-12T23:34:29.817+0800	INFO	gin_web/2021_5_12_zap_定制_logger.go:87	test logger ...
2021-05-12T23:34:29.817+0800	INFO	gin_web/2021_5_12_zap_定制_logger.go:87	test logger ...
2021-05-12T23:34:29.817+0800	INFO	gin_web/2021_5_12_zap_定制_logger.go:87	test logger ...
2021-05-12T23:34:29.817+0800	INFO	gin_web/2021_5_12_zap_定制_logger.go:87	test logger ...
2021-05-12T23:34:29.817+0800	INFO	gin_web/2021_5_12_zap_定制_logger.go:87	test logger ...
2021-05-12T23:34:29.817+0800	INFO	gin_web/2021_5_12_zap_定制_logger.go:87	test logger ...
2021-05-12T23:34:29.817+0800	INFO	gin_web/2021_5_12_zap_定制_logger.go:87	test logger ...
2021-05-12T23:34:29.817+0800	INFO	gin_web/2021_5_12_zap_定制_logger.go:87	test logger ...
2021-05-12T23:34:29.817+0800	INFO	gin_web/2021_5_12_zap_定制_logger.go:87	test logger ...
2021-05-12T23:34:29.817+0800	INFO	gin_web/2021_5_12_zap_定制_logger.go:87	test logger ...
2021-05-12T23:34:29.817+0800	INFO	gin_web/2021_5_12_zap_定制_logger.go:87	test logger ...
2021-05-12T23:34:29.817+0800	INFO	gin_web/2021_5_12_zap_定制_logger.go:87	test logger ...
2021-05-12T23:34:29.817+0800	INFO	gin_web/2021_5_12_zap_定制_logger.go:87	test logger ...
2021-05-12T23:34:29.817+0800	INFO	gin_web/2021_5_12_zap_定制_logger.go:87	test logger ...
2021-05-12T23:34:29.817+0800	INFO	gin_web/2021_5_12_zap_定制_logger.go:87	test logger ...
2021-05-12T23:34:29.817+0800	INFO	gin_web/2021_5_12_zap_定制_logger.go:87	test logger ...
2021-05-12T23:34:29.817+0800	INFO	gin_web/2021_5_12_zap_定制_logger.go:87	test logger ...
2021-05-12T23:34:29.817+0800	INFO	gin_web/2021_5_12_zap_定制_logger.go:87	test logger ...
2021-05-12T23:34:29.817+0800	INFO	gin_web/2021_5_12_zap_定制_logger.go:87	test logger ...
2021-05-12T23:34:29.817+0800	INFO	gin_web/2021_5_12_zap_定制_logger.go:87	test logger ...
2021-05-12T23:34:29.817+0800	INFO	gin_web/2021_5_12_zap_定制_logger.go:87	test logger ...
2021-05-12T23:34:29.817+0800	INFO	gin_web/2021_5_12_zap_定制_logger.go:87	test logger ...
2021-05-12T23:34:29.817+0800	INFO	gin_web/2021_5_12_zap_定制_logger.go:87	test logger ...
2021-05-12T23:34:29.817+0800	INFO	gin_web/2021_5_12_zap_定制_logger.go:87	test logger ...
2021-05-12T23:34:29.817+0800	INFO	gin_web/2021_5_12_zap_定制_logger.go:87	test logger ...
2021-05-12T23:34:29.817+0800	INFO	gin_web/2021_5_12_zap_定制_logger.go:87	test logger ...
2021-05-12T23:34:29.817+0800	INFO	gin_web/2021_5_12_zap_定制_logger.go:87	test logger ...
2021-05-12T23:34:29.817+0800	INFO	gin_web/2021_5_12_zap_定制_logger.go:87	test logger ...
2021-05-12T23:34:29.817+0800	INFO	gin_web/2021_5_12_zap_定制_logger.go:87	test logger ...
2021-05-12T23:34:29.817+0800	INFO	gin_web/2021_5_12_zap_定制_logger.go:87	test logger ...
2021-05-12T23:34:29.817+0800	INFO	gin_web/2021_5_12_zap_定制_logger.go:87	test logger ...
2021-05-12T23:34:29.817+0800	INFO	gin_web/2021_5_12_zap_定制_logger.go:87	test logger ...
2021-05-12T23:34:29.817+0800	INFO	gin_web/2021_5_12_zap_定制_logger.go:87	test logger ...
2021-05-12T23:34:29.817+0800	INFO	gin_web/2021_5_12_zap_定制_logger.go:87	test logger ...
2021-05-12T23:34:29.817+0800	INFO	gin_web/2021_5_12_zap_定制_logger.go:87	test logger ...
2021-05-12T23:34:29.817+0800	INFO	gin_web/2021_5_12_zap_定制_logger.go:87	test logger ...
2021-05-12T23:34:29.817+0800	INFO	gin_web/2021_5_12_zap_定制_logger.go:87	test logger ...
2021-05-12T23:34:29.817+0800	INFO	gin_web/2021_5_12_zap_定制_logger.go:87	test logger ...
2021-05-12T23:34:29.817+0800	INFO	gin_web/2021_5_12_zap_定制_logger.go:87	test logger ...
2021-05-12T23:34:29.817+0800	INFO	gin_web/2021_5_12_zap_定制_logger.go:87	test logger ...
2021-05-12T23:34:29.817+0800	INFO	gin_web/2021_5_12_zap_定制_logger.go:87	test logger ...
2021-05-12T23:34:29.817+0800	INFO	gin_web/2021_5_12_zap_定制_logger.go:87	test logger ...
2021-05-12T23:34:29.817+0800	INFO	gin_web/2021_5_12_zap_定制_logger.go:87	test logger ...
2021-05-12T23:34:29.817+0800	INFO	gin_web/2021_5_12_zap_定制_logger.go:87	test logger ...
2021-05-12T23:34:29.817+0800	INFO	gin_web/2021_5_12_zap_定制_logger.go:87	test logger ...
2021-05-12T23:34:29.817+0800	INFO	gin_web/2021_5_12_zap_定制_logger.go:87	test logger ...
2021-05-12T23:34:29.818+0800	INFO	gin_web/2021_5_12_zap_定制_logger.go:87	test logger ...
2021-05-12T23:34:29.818+0800	INFO	gin_web/2021_5_12_zap_定制_logger.go:87	test logger ...
2021-05-12T23:34:29.818+0800	INFO	gin_web/2021_5_12_zap_定制_logger.go:87	test logger ...
2021-05-12T23:34:29.818+0800	INFO	gin_web/2021_5_12_zap_定制_logger.go:87	test logger ...
2021-05-12T23:34:29.818+0800	INFO	gin_web/2021_5_12_zap_定制_logger.go:87	test logger ...
2021-05-12T23:34:29.818+0800	INFO	gin_web/2021_5_12_zap_定制_logger.go:87	test logger ...
2021-05-12T23:34:29.818+0800	INFO	gin_web/2021_5_12_zap_定制_logger.go:87	test logger ...
2021-05-12T23:34:29.818+0800	INFO	gin_web/2021_5_12_zap_定制_logger.go:87	test logger ...
2021-05-12T23:34:29.818+0800	INFO	gin_web/2021_5_12_zap_定制_logger.go:87	test logger ...
2021-05-12T23:34:29.818+0800	INFO	gin_web/2021_5_12_zap_定制_logger.go:87	test logger ...
2021-05-12T23:34:29.818+0800	INFO	gin_web/2021_5_12_zap_定制_logger.go:87	test logger ...
2021-05-12T23:34:29.818+0800	INFO	gin_web/2021_5_12_zap_定制_logger.go:87	test logger ...
2021-05-12T23:34:29.818+0800	INFO	gin_web/2021_5_12_zap_定制_logger.go:87	test logger ...
2021-05-12T23:34:29.818+0800	INFO	gin_web/2021_5_12_zap_定制_logger.go:87	test logger ...
2021-05-12T23:34:29.818+0800	INFO	gin_web/2021_5_12_zap_定制_logger.go:87	test logger ...
2021-05-12T23:34:29.818+0800	INFO	gin_web/2021_5_12_zap_定制_logger.go:87	test logger ...
2021-05-12T23:34:29.818+0800	INFO	gin_web/2021_5_12_zap_定制_logger.go:87	test logger ...
2021-05-12T23:34:29.818+0800	INFO	gin_web/2021_5_12_zap_定制_logger.go:87	test logger ...
2021-05-12T23:34:29.818+0800	INFO	gin_web/2021_5_12_zap_定制_logger.go:87	test logger ...
2021-05-12T23:34:29.818+0800	INFO	gin_web/2021_5_12_zap_定制_logger.go:87	test logger ...
2021-05-12T23:34:29.818+0800	INFO	gin_web/2021_5_12_zap_定制_logger.go:87	test logger ...
2021-05-12T23:34:29.818+0800	INFO	gin_web/2021_5_12_zap_定制_logger.go:87	test logger ...
2021-05-12T23:34:29.818+0800	INFO	gin_web/2021_5_12_zap_定制_logger.go:87	test logger ...
2021-05-12T23:34:29.818+0800	INFO	gin_web/2021_5_12_zap_定制_logger.go:87	test logger ...
2021-05-12T23:34:29.818+0800	INFO	gin_web/2021_5_12_zap_定制_logger.go:87	test logger ...
2021-05-12T23:34:29.818+0800	INFO	gin_web/2021_5_12_zap_定制_logger.go:87	test logger ...
2021-05-12T23:34:29.818+0800	INFO	gin_web/2021_5_12_zap_定制_logger.go:87	test logger ...
2021-05-12T23:34:29.818+0800	INFO	gin_web/2021_5_12_zap_定制_logger.go:87	test logger ...
2021-05-12T23:34:29.818+0800	INFO	gin_web/2021_5_12_zap_定制_logger.go:87	test logger ...
2021-05-12T23:34:29.818+0800	INFO	gin_web/2021_5_12_zap_定制_logger.go:87	test logger ...
2021-05-12T23:34:29.818+0800	INFO	gin_web/2021_5_12_zap_定制_logger.go:87	test logger ...
2021-05-12T23:34:29.818+0800	INFO	gin_web/2021_5_12_zap_定制_logger.go:87	test logger ...
2021-05-12T23:34:29.818+0800	INFO	gin_web/2021_5_12_zap_定制_logger.go:87	test logger ...
2021-05-12T23:34:29.818+0800	INFO	gin_web/2021_5_12_zap_定制_logger.go:87	test logger ...
2021-05-12T23:34:29.818+0800	INFO	gin_web/2021_5_12_zap_定制_logger.go:87	test logger ...
2021-05-12T23:34:29.818+0800	INFO	gin_web/2021_5_12_zap_定制_logger.go:87	test logger ...
2021-05-12T23:34:29.818+0800	INFO	gin_web/2021_5_12_zap_定制_logger.go:87	test logger ...
2021-05-12T23:34:29.818+0800	INFO	gin_web/2021_5_12_zap_定制_logger.go:87	test logger ...
2021-05-12T23:34:29.818+0800	INFO	gin_web/2021_5_12_zap_定制_logger.go:87	test logger ...
2021-05-12T23:34:29.818+0800	INFO	gin_web/2021_5_12_zap_定制_logger.go:87	test logger ...
2021-05-12T23:34:29.818+0800	INFO	gin_web/2021_5_12_zap_定制_logger.go:87	test logger ...
2021-05-12T23:34:29.818+0800	INFO	gin_web/2021_5_12_zap_定制_logger.go:87	test logger ...
2021-05-12T23:34:29.818+0800	INFO	gin_web/2021_5_12_zap_定制_logger.go:87	test logger ...
2021-05-12T23:34:29.818+0800	INFO	gin_web/2021_5_12_zap_定制_logger.go:87	test logger ...
2021-05-12T23:34:29.818+0800	INFO	gin_web/2021_5_12_zap_定制_logger.go:87	test logger ...
2021-05-12T23:34:29.818+0800	INFO	gin_web/2021_5_12_zap_定制_logger.go:87	test logger ...
2021-05-12T23:34:29.818+0800	INFO	gin_web/2021_5_12_zap_定制_logger.go:87	test logger ...
2021-05-12T23:34:29.818+0800	INFO	gin_web/2021_5_12_zap_定制_logger.go:87	test logger ...
2021-05-12T23:34:29.818+0800	INFO	gin_web/2021_5_12_zap_定制_logger.go:87	test logger ...
2021-05-12T23:34:29.818+0800	INFO	gin_web/2021_5_12_zap_定制_logger.go:87	test logger ...
2021-05-12T23:34:29.818+0800	INFO	gin_web/2021_5_12_zap_定制_logger.go:87	test logger ...
2021-05-12T23:34:29.818+0800	INFO	gin_web/2021_5_12_zap_定制_logger.go:87	test logger ...
2021-05-12T23:34:29.818+0800	INFO	gin_web/2021_5_12_zap_定制_logger.go:87	test logger ...
2021-05-12T23:34:29.818+0800	INFO	gin_web/2021_5_12_zap_定制_logger.go:87	test logger ...
2021-05-12T23:34:29.818+0800	INFO	gin_web/2021_5_12_zap_定制_logger.go:87	test logger ...
2021-05-12T23:34:29.818+0800	INFO	gin_web/2021_5_12_zap_定制_logger.go:87	test logger ...
2021-05-12T23:34:29.818+0800	INFO	gin_web/2021_5_12_zap_定制_logger.go:87	test logger ...
2021-05-12T23:34:29.818+0800	INFO	gin_web/2021_5_12_zap_定制_logger.go:87	test logger ...
2021-05-12T23:34:29.818+0800	INFO	gin_web/2021_5_12_zap_定制_logger.go:87	test logger ...
2021-05-12T23:34:29.818+0800	INFO	gin_web/2021_5_12_zap_定制_logger.go:87	test logger ...
2021-05-12T23:34:29.818+0800	INFO	gin_web/2021_5_12_zap_定制_logger.go:87	test logger ...
2021-05-12T23:34:29.818+0800	INFO	gin_web/2021_5_12_zap_定制_logger.go:87	test logger ...
2021-05-12T23:34:29.818+0800	INFO	gin_web/2021_5_12_zap_定制_logger.go:87	test logger ...
2021-05-12T23:34:29.818+0800	INFO	gin_web/2021_5_12_zap_定制_logger.go:87	test logger ...
2021-05-12T23:34:29.818+0800	INFO	gin_web/2021_5_12_zap_定制_logger.go:87	test logger ...
2021-05-12T23:34:29.818+0800	INFO	gin_web/2021_5_12_zap_定制_logger.go:87	test logger ...
2021-05-12T23:34:29.818+0800	INFO	gin_web/2021_5_12_zap_定制_logger.go:87	test logger ...
2021-05-12T23:34:29.818+0800	INFO	gin_web/2021_5_12_zap_定制_logger.go:87	test logger ...
2021-05-12T23:34:29.818+0800	INFO	gin_web/2021_5_12_zap_定制_logger.go:87	test logger ...
2021-05-12T23:34:29.818+0800	INFO	gin_web/2021_5_12_zap_定制_logger.go:87	test logger ...
2021-05-12T23:34:29.818+0800	INFO	gin_web/2021_5_12_zap_定制_logger.go:87	test logger ...
2021-05-12T23:34:29.818+0800	INFO	gin_web/2021_5_12_zap_定制_logger.go:87	test logger ...
2021-05-12T23:34:29.818+0800	INFO	gin_web/2021_5_12_zap_定制_logger.go:87	test logger ...
2021-05-12T23:34:29.818+0800	INFO	gin_web/2021_5_12_zap_定制_logger.go:87	test logger ...
2021-05-12T23:34:29.818+0800	INFO	gin_web/2021_5_12_zap_定制_logger.go:87	test logger ...
2021-05-12T23:34:29.818+0800	INFO	gin_web/2021_5_12_zap_定制_logger.go:87	test logger ...
2021-05-12T23:34:29.818+0800	INFO	gin_web/2021_5_12_zap_定制_logger.go:87	test logger ...
2021-05-12T23:34:29.818+0800	INFO	gin_web/2021_5_12_zap_定制_logger.go:87	test logger ...
2021-05-12T23:34:29.818+0800	INFO	gin_web/2021_5_12_zap_定制_logger.go:87	test logger ...
2021-05-12T23:34:29.818+0800	INFO	gin_web/2021_5_12_zap_定制_logger.go:87	test logger ...
2021-05-12T23:34:29.818+0800	INFO	gin_web/2021_5_12_zap_定制_logger.go:87	test logger ...
2021-05-12T23:34:29.818+0800	INFO	gin_web/2021_5_12_zap_定制_logger.go:87	test logger ...
2021-05-12T23:34:29.818+0800	INFO	gin_web/2021_5_12_zap_定制_logger.go:87	test logger ...
2021-05-12T23:34:29.818+0800	INFO	gin_web/2021_5_12_zap_定制_logger.go:87	test logger ...
2021-05-12T23:34:29.818+0800	INFO	gin_web/2021_5_12_zap_定制_logger.go:87	test logger ...
2021-05-12T23:34:29.818+0800	INFO	gin_web/2021_5_12_zap_定制_logger.go:87	test logger ...
2021-05-12T23:34:29.818+0800	INFO	gin_web/2021_5_12_zap_定制_logger.go:87	test logger ...
2021-05-12T23:34:29.818+0800	INFO	gin_web/2021_5_12_zap_定制_logger.go:87	test logger ...
2021-05-12T23:34:29.818+0800	INFO	gin_web/2021_5_12_zap_定制_logger.go:87	test logger ...
2021-05-12T23:34:29.818+0800	INFO	gin_web/2021_5_12_zap_定制_logger.go:87	test logger ...
2021-05-12T23:34:29.818+0800	INFO	gin_web/2021_5_12_zap_定制_logger.go:87	test logger ...
2021-05-12T23:34:29.818+0800	INFO	gin_web/2021_5_12_zap_定制_logger.go:87	test logger ...
2021-05-12T23:34:29.818+0800	INFO	gin_web/2021_5_12_zap_定制_logger.go:87	test logger ...
2021-05-12T23:34:29.818+0800	INFO	gin_web/2021_5_12_zap_定制_logger.go:87	test logger ...
2021-05-12T23:34:29.818+0800	INFO	gin_web/2021_5_12_zap_定制_logger.go:87	test logger ...
2021-05-12T23:34:29.818+0800	INFO	gin_web/2021_5_12_zap_定制_logger.go:87	test logger ...
2021-05-12T23:34:29.818+0800	INFO	gin_web/2021_5_12_zap_定制_logger.go:87	test logger ...
2021-05-12T23:34:29.818+0800	INFO	gin_web/2021_5_12_zap_定制_logger.go:87	test logger ...
2021-05-12T23:34:29.818+0800	INFO	gin_web/2021_5_12_zap_定制_logger.go:87	test logger ...
2021-05-12T23:34:29.818+0800	INFO	gin_web/2021_5_12_zap_定制_logger.go:87	test logger ...
2021-05-12T23:34:29.818+0800	INFO	gin_web/2021_5_12_zap_定制_logger.go:87	test logger ...
2021-05-12T23:34:29.819+0800	INFO	gin_web/2021_5_12_zap_定制_logger.go:87	test logger ...
2021-05-12T23:34:29.819+0800	INFO	gin_web/2021_5_12_zap_定制_logger.go:87	test logger ...
2021-05-12T23:34:29.819+0800	INFO	gin_web/2021_5_12_zap_定制_logger.go:87	test logger ...
2021-05-12T23:34:29.819+0800	INFO	gin_web/2021_5_12_zap_定制_logger.go:87	test logger ...
2021-05-12T23:34:29.819+0800	INFO	gin_web/2021_5_12_zap_定制_logger.go:87	test logger ...
2021-05-12T23:34:29.819+0800	INFO	gin_web/2021_5_12_zap_定制_logger.go:87	test logger ...
2021-05-12T23:34:29.819+0800	INFO	gin_web/2021_5_12_zap_定制_logger.go:87	test logger ...
2021-05-12T23:34:29.819+0800	INFO	gin_web/2021_5_12_zap_定制_logger.go:87	test logger ...
2021-05-12T23:34:29.819+0800	INFO	gin_web/2021_5_12_zap_定制_logger.go:87	test logger ...
2021-05-12T23:34:29.819+0800	INFO	gin_web/2021_5_12_zap_定制_logger.go:87	test logger ...
2021-05-12T23:34:29.819+0800	INFO	gin_web/2021_5_12_zap_定制_logger.go:87	test logger ...
2021-05-12T23:34:29.819+0800	INFO	gin_web/2021_5_12_zap_定制_logger.go:87	test logger ...
2021-05-12T23:34:29.819+0800	INFO	gin_web/2021_5_12_zap_定制_logger.go:87	test logger ...
2021-05-12T23:34:29.819+0800	INFO	gin_web/2021_5_12_zap_定制_logger.go:87	test logger ...
2021-05-12T23:34:29.819+0800	INFO	gin_web/2021_5_12_zap_定制_logger.go:87	test logger ...
2021-05-12T23:34:29.819+0800	INFO	gin_web/2021_5_12_zap_定制_logger.go:87	test logger ...
2021-05-12T23:34:29.819+0800	INFO	gin_web/2021_5_12_zap_定制_logger.go:87	test logger ...
2021-05-12T23:34:29.819+0800	INFO	gin_web/2021_5_12_zap_定制_logger.go:87	test logger ...
2021-05-12T23:34:29.819+0800	INFO	gin_web/2021_5_12_zap_定制_logger.go:87	test logger ...
2021-05-12T23:34:29.819+0800	INFO	gin_web/2021_5_12_zap_定制_logger.go:87	test logger ...
2021-05-12T23:34:29.819+0800	INFO	gin_web/2021_5_12_zap_定制_logger.go:87	test logger ...
2021-05-12T23:34:29.819+0800	INFO	gin_web/2021_5_12_zap_定制_logger.go:87	test logger ...
2021-05-12T23:34:29.819+0800	INFO	gin_web/2021_5_12_zap_定制_logger.go:87	test logger ...
2021-05-12T23:34:29.819+0800	INFO	gin_web/2021_5_12_zap_定制_logger.go:87	test logger ...
2021-05-12T23:34:29.819+0800	INFO	gin_web/2021_5_12_zap_定制_logger.go:87	test logger ...
2021-05-12T23:34:29.819+0800	INFO	gin_web/2021_5_12_zap_定制_logger.go:87	test logger ...
2021-05-12T23:34:29.819+0800	INFO	gin_web/2021_5_12_zap_定制_logger.go:87	test logger ...
2021-05-12T23:34:29.819+0800	INFO	gin_web/2021_5_12_zap_定制_logger.go:87	test logger ...
2021-05-12T23:34:29.819+0800	INFO	gin_web/2021_5_12_zap_定制_logger.go:87	test logger ...
2021-05-12T23:34:29.819+0800	INFO	gin_web/2021_5_12_zap_定制_logger.go:87	test logger ...
2021-05-12T23:34:29.819+0800	INFO	gin_web/2021_5_12_zap_定制_logger.go:87	test logger ...
2021-05-12T23:34:29.819+0800	INFO	gin_web/2021_5_12_zap_定制_logger.go:87	test logger ...
2021-05-12T23:34:29.819+0800	INFO	gin_web/2021_5_12_zap_定制_logger.go:87	test logger ...
2021-05-12T23:34:29.819+0800	INFO	gin_web/2021_5_12_zap_定制_logger.go:87	test logger ...
2021-05-12T23:34:29.819+0800	INFO	gin_web/2021_5_12_zap_定制_logger.go:87	test logger ...
2021-05-12T23:34:29.819+0800	INFO	gin_web/2021_5_12_zap_定制_logger.go:87	test logger ...
2021-05-12T23:34:29.819+0800	INFO	gin_web/2021_5_12_zap_定制_logger.go:87	test logger ...
2021-05-12T23:34:29.819+0800	INFO	gin_web/2021_5_12_zap_定制_logger.go:87	test logger ...
2021-05-12T23:34:29.819+0800	INFO	gin_web/2021_5_12_zap_定制_logger.go:87	test logger ...
2021-05-12T23:34:29.819+0800	INFO	gin_web/2021_5_12_zap_定制_logger.go:87	test logger ...
2021-05-12T23:34:29.819+0800	INFO	gin_web/2021_5_12_zap_定制_logger.go:87	test logger ...
2021-05-12T23:34:29.819+0800	INFO	gin_web/2021_5_12_zap_定制_logger.go:87	test logger ...
2021-05-12T23:34:29.819+0800	INFO	gin_web/2021_5_12_zap_定制_logger.go:87	test logger ...
2021-05-12T23:34:29.819+0800	INFO	gin_web/2021_5_12_zap_定制_logger.go:87	test logger ...
2021-05-12T23:34:29.819+0800	INFO	gin_web/2021_5_12_zap_定制_logger.go:87	test logger ...
2021-05-12T23:34:29.819+0800	INFO	gin_web/2021_5_12_zap_定制_logger.go:87	test logger ...
2021-05-12T23:34:29.819+0800	INFO	gin_web/2021_5_12_zap_定制_logger.go:87	test logger ...
2021-05-12T23:34:29.819+0800	INFO	gin_web/2021_5_12_zap_定制_logger.go:87	test logger ...
2021-05-12T23:34:29.819+0800	INFO	gin_web/2021_5_12_zap_定制_logger.go:87	test logger ...
2021-05-12T23:34:29.819+0800	INFO	gin_web/2021_5_12_zap_定制_logger.go:87	test logger ...
2021-05-12T23:34:29.819+0800	INFO	gin_web/2021_5_12_zap_定制_logger.go:87	test logger ...
2021-05-12T23:34:29.819+0800	INFO	gin_web/2021_5_12_zap_定制_logger.go:87	test logger ...
2021-05-12T23:34:29.819+0800	INFO	gin_web/2021_5_12_zap_定制_logger.go:87	test logger ...
2021-05-12T23:34:29.819+0800	INFO	gin_web/2021_5_12_zap_定制_logger.go:87	test logger ...
2021-05-12T23:34:29.819+0800	INFO	gin_web/2021_5_12_zap_定制_logger.go:87	test logger ...
2021-05-12T23:34:29.819+0800	INFO	gin_web/2021_5_12_zap_定制_logger.go:87	test logger ...
2021-05-12T23:34:29.819+0800	INFO	gin_web/2021_5_12_zap_定制_logger.go:87	test logger ...
2021-05-12T23:34:29.819+0800	INFO	gin_web/2021_5_12_zap_定制_logger.go:87	test logger ...
2021-05-12T23:34:29.819+0800	INFO	gin_web/2021_5_12_zap_定制_logger.go:87	test logger ...
2021-05-12T23:34:29.819+0800	INFO	gin_web/2021_5_12_zap_定制_logger.go:87	test logger ...
2021-05-12T23:34:29.819+0800	INFO	gin_web/2021_5_12_zap_定制_logger.go:87	test logger ...
2021-05-12T23:34:29.819+0800	INFO	gin_web/2021_5_12_zap_定制_logger.go:87	test logger ...
2021-05-12T23:34:29.819+0800	INFO	gin_web/2021_5_12_zap_定制_logger.go:87	test logger ...
2021-05-12T23:34:29.819+0800	INFO	gin_web/2021_5_12_zap_定制_logger.go:87	test logger ...
2021-05-12T23:34:29.819+0800	INFO	gin_web/2021_5_12_zap_定制_logger.go:87	test logger ...
2021-05-12T23:34:29.819+0800	INFO	gin_web/2021_5_12_zap_定制_logger.go:87	test logger ...
2021-05-12T23:34:29.819+0800	INFO	gin_web/2021_5_12_zap_定制_logger.go:87	test logger ...
2021-05-12T23:34:29.819+0800	INFO	gin_web/2021_5_12_zap_定制_logger.go:87	test logger ...
2021-05-12T23:34:29.819+0800	INFO	gin_web/2021_5_12_zap_定制_logger.go:87	test logger ...
2021-05-12T23:34:29.819+0800	INFO	gin_web/2021_5_12_zap_定制_logger.go:87	test logger ...
2021-05-12T23:34:29.819+0800	INFO	gin_web/2021_5_12_zap_定制_logger.go:87	test logger ...
2021-05-12T23:34:29.819+0800	INFO	gin_web/2021_5_12_zap_定制_logger.go:87	test logger ...
2021-05-12T23:34:29.819+0800	INFO	gin_web/2021_5_12_zap_定制_logger.go:87	test logger ...
2021-05-12T23:34:29.819+0800	INFO	gin_web/2021_5_12_zap_定制_logger.go:87	test logger ...
2021-05-12T23:34:29.819+0800	INFO	gin_web/2021_5_12_zap_定制_logger.go:87	test logger ...
2021-05-12T23:34:29.819+0800	INFO	gin_web/2021_5_12_zap_定制_logger.go:87	test logger ...
2021-05-12T23:34:29.819+0800	INFO	gin_web/2021_5_12_zap_定制_logger.go:87	test logger ...
2021-05-12T23:34:29.819+0800	INFO	gin_web/2021_5_12_zap_定制_logger.go:87	test logger ...
2021-05-12T23:34:29.819+0800	INFO	gin_web/2021_5_12_zap_定制_logger.go:87	test logger ...
2021-05-12T23:34:29.819+0800	INFO	gin_web/2021_5_12_zap_定制_logger.go:87	test logger ...
2021-05-12T23:34:29.819+0800	INFO	gin_web/2021_5_12_zap_定制_logger.go:87	test logger ...
2021-05-12T23:34:29.819+0800	INFO	gin_web/2021_5_12_zap_定制_logger.go:87	test logger ...
2021-05-12T23:34:29.819+0800	INFO	gin_web/2021_5_12_zap_定制_logger.go:87	test logger ...
2021-05-12T23:34:29.819+0800	INFO	gin_web/2021_5_12_zap_定制_logger.go:87	test logger ...
2021-05-12T23:34:29.819+0800	INFO	gin_web/2021_5_12_zap_定制_logger.go:87	test logger ...
2021-05-12T23:34:29.819+0800	INFO	gin_web/2021_5_12_zap_定制_logger.go:87	test logger ...
2021-05-12T23:34:29.819+0800	INFO	gin_web/2021_5_12_zap_定制_logger.go:87	test logger ...
2021-05-12T23:34:29.819+0800	INFO	gin_web/2021_5_12_zap_定制_logger.go:87	test logger ...
2021-05-12T23:34:29.819+0800	INFO	gin_web/2021_5_12_zap_定制_logger.go:87	test logger ...
2021-05-12T23:34:29.819+0800	INFO	gin_web/2021_5_12_zap_定制_logger.go:87	test logger ...
2021-05-12T23:34:29.819+0800	INFO	gin_web/2021_5_12_zap_定制_logger.go:87	test logger ...
2021-05-12T23:34:29.819+0800	INFO	gin_web/2021_5_12_zap_定制_logger.go:87	test logger ...
2021-05-12T23:34:29.819+0800	INFO	gin_web/2021_5_12_zap_定制_logger.go:87	test logger ...
2021-05-12T23:34:29.819+0800	INFO	gin_web/2021_5_12_zap_定制_logger.go:87	test logger ...
2021-05-12T23:34:29.819+0800	INFO	gin_web/2021_5_12_zap_定制_logger.go:87	test logger ...
2021-05-12T23:34:29.819+0800	INFO	gin_web/2021_5_12_zap_定制_logger.go:87	test logger ...
2021-05-12T23:34:29.819+0800	INFO	gin_web/2021_5_12_zap_定制_logger.go:87	test logger ...
2021-05-12T23:34:29.819+0800	INFO	gin_web/2021_5_12_zap_定制_logger.go:87	test logger ...
2021-05-12T23:34:29.819+0800	INFO	gin_web/2021_5_12_zap_定制_logger.go:87	test logger ...
2021-05-12T23:34:29.820+0800	INFO	gin_web/2021_5_12_zap_定制_logger.go:87	test logger ...
2021-05-12T23:34:29.820+0800	INFO	gin_web/2021_5_12_zap_定制_logger.go:87	test logger ...
2021-05-12T23:34:29.820+0800	INFO	gin_web/2021_5_12_zap_定制_logger.go:87	test logger ...
2021-05-12T23:34:29.820+0800	INFO	gin_web/2021_5_12_zap_定制_logger.go:87	test logger ...
2021-05-12T23:34:29.820+0800	INFO	gin_web/2021_5_12_zap_定制_logger.go:87	test logger ...
2021-05-12T23:34:29.820+0800	INFO	gin_web/2021_5_12_zap_定制_logger.go:87	test logger ...
2021-05-12T23:34:29.820+0800	INFO	gin_web/2021_5_12_zap_定制_logger.go:87	test logger ...
2021-05-12T23:34:29.820+0800	INFO	gin_web/2021_5_12_zap_定制_logger.go:87	test logger ...
2021-05-12T23:34:29.820+0800	INFO	gin_web/2021_5_12_zap_定制_logger.go:87	test logger ...
2021-05-12T23:34:29.820+0800	INFO	gin_web/2021_5_12_zap_定制_logger.go:87	test logger ...
2021-05-12T23:34:29.820+0800	INFO	gin_web/2021_5_12_zap_定制_logger.go:87	test logger ...
2021-05-12T23:34:29.820+0800	INFO	gin_web/2021_5_12_zap_定制_logger.go:87	test logger ...
2021-05-12T23:34:29.820+0800	INFO	gin_web/2021_5_12_zap_定制_logger.go:87	test logger ...
2021-05-12T23:34:29.820+0800	INFO	gin_web/2021_5_12_zap_定制_logger.go:87	test logger ...
2021-05-12T23:34:29.820+0800	INFO	gin_web/2021_5_12_zap_定制_logger.go:87	test logger ...
2021-05-12T23:34:29.820+0800	INFO	gin_web/2021_5_12_zap_定制_logger.go:87	test logger ...
2021-05-12T23:34:29.820+0800	INFO	gin_web/2021_5_12_zap_定制_logger.go:87	test logger ...
2021-05-12T23:34:29.820+0800	INFO	gin_web/2021_5_12_zap_定制_logger.go:87	test logger ...
2021-05-12T23:34:29.820+0800	INFO	gin_web/2021_5_12_zap_定制_logger.go:87	test logger ...
2021-05-12T23:34:29.820+0800	INFO	gin_web/2021_5_12_zap_定制_logger.go:87	test logger ...
2021-05-12T23:34:29.820+0800	INFO	gin_web/2021_5_12_zap_定制_logger.go:87	test logger ...
2021-05-12T23:34:29.820+0800	INFO	gin_web/2021_5_12_zap_定制_logger.go:87	test logger ...
2021-05-12T23:34:29.820+0800	INFO	gin_web/2021_5_12_zap_定制_logger.go:87	test logger ...
2021-05-12T23:34:29.820+0800	INFO	gin_web/2021_5_12_zap_定制_logger.go:87	test logger ...
2021-05-12T23:34:29.820+0800	INFO	gin_web/2021_5_12_zap_定制_logger.go:87	test logger ...
2021-05-12T23:34:29.820+0800	INFO	gin_web/2021_5_12_zap_定制_logger.go:87	test logger ...
2021-05-12T23:34:29.820+0800	INFO	gin_web/2021_5_12_zap_定制_logger.go:87	test logger ...
2021-05-12T23:34:29.820+0800	INFO	gin_web/2021_5_12_zap_定制_logger.go:87	test logger ...
2021-05-12T23:34:29.820+0800	INFO	gin_web/2021_5_12_zap_定制_logger.go:87	test logger ...
2021-05-12T23:34:29.820+0800	INFO	gin_web/2021_5_12_zap_定制_logger.go:87	test logger ...
2021-05-12T23:34:29.820+0800	INFO	gin_web/2021_5_12_zap_定制_logger.go:87	test logger ...
2021-05-12T23:34:29.820+0800	INFO	gin_web/2021_5_12_zap_定制_logger.go:87	test logger ...
2021-05-12T23:34:29.820+0800	INFO	gin_web/2021_5_12_zap_定制_logger.go:87	test logger ...
2021-05-12T23:34:29.820+0800	INFO	gin_web/2021_5_12_zap_定制_logger.go:87	test logger ...
2021-05-12T23:34:29.820+0800	INFO	gin_web/2021_5_12_zap_定制_logger.go:87	test logger ...
2021-05-12T23:34:29.820+0800	INFO	gin_web/2021_5_12_zap_定制_logger.go:87	test logger ...
2021-05-12T23:34:29.820+0800	INFO	gin_web/2021_5_12_zap_定制_logger.go:87	test logger ...
2021-05-12T23:34:29.820+0800	INFO	gin_web/2021_5_12_zap_定制_logger.go:87	test logger ...
2021-05-12T23:34:29.820+0800	INFO	gin_web/2021_5_12_zap_定制_logger.go:87	test logger ...
2021-05-12T23:34:29.820+0800	INFO	gin_web/2021_5_12_zap_定制_logger.go:87	test logger ...
2021-05-12T23:34:29.820+0800	INFO	gin_web/2021_5_12_zap_定制_logger.go:87	test logger ...
2021-05-12T23:34:29.820+0800	INFO	gin_web/2021_5_12_zap_定制_logger.go:87	test logger ...
2021-05-12T23:34:29.820+0800	INFO	gin_web/2021_5_12_zap_定制_logger.go:87	test logger ...
2021-05-12T23:34:29.820+0800	INFO	gin_web/2021_5_12_zap_定制_logger.go:87	test logger ...
2021-05-12T23:34:29.820+0800	INFO	gin_web/2021_5_12_zap_定制_logger.go:87	test logger ...
2021-05-12T23:34:29.820+0800	INFO	gin_web/2021_5_12_zap_定制_logger.go:87	test logger ...
2021-05-12T23:34:29.820+0800	INFO	gin_web/2021_5_12_zap_定制_logger.go:87	test logger ...
2021-05-12T23:34:29.820+0800	INFO	gin_web/2021_5_12_zap_定制_logger.go:87	test logger ...
2021-05-12T23:34:29.820+0800	INFO	gin_web/2021_5_12_zap_定制_logger.go:87	test logger ...
2021-05-12T23:34:29.820+0800	INFO	gin_web/2021_5_12_zap_定制_logger.go:87	test logger ...
2021-05-12T23:34:29.820+0800	INFO	gin_web/2021_5_12_zap_定制_logger.go:87	test logger ...
2021-05-12T23:34:29.820+0800	INFO	gin_web/2021_5_12_zap_定制_logger.go:87	test logger ...
2021-05-12T23:34:29.820+0800	INFO	gin_web/2021_5_12_zap_定制_logger.go:87	test logger ...
2021-05-12T23:34:29.820+0800	INFO	gin_web/2021_5_12_zap_定制_logger.go:87	test logger ...
2021-05-12T23:34:29.820+0800	INFO	gin_web/2021_5_12_zap_定制_logger.go:87	test logger ...
2021-05-12T23:34:29.820+0800	INFO	gin_web/2021_5_12_zap_定制_logger.go:87	test logger ...
2021-05-12T23:34:29.820+0800	INFO	gin_web/2021_5_12_zap_定制_logger.go:87	test logger ...
2021-05-12T23:34:29.820+0800	INFO	gin_web/2021_5_12_zap_定制_logger.go:87	test logger ...
2021-05-12T23:34:29.820+0800	INFO	gin_web/2021_5_12_zap_定制_logger.go:87	test logger ...
2021-05-12T23:34:29.820+0800	INFO	gin_web/2021_5_12_zap_定制_logger.go:87	test logger ...
2021-05-12T23:34:29.820+0800	INFO	gin_web/2021_5_12_zap_定制_logger.go:87	test logger ...
2021-05-12T23:34:29.820+0800	INFO	gin_web/2021_5_12_zap_定制_logger.go:87	test logger ...
2021-05-12T23:34:29.820+0800	INFO	gin_web/2021_5_12_zap_定制_logger.go:87	test logger ...
2021-05-12T23:34:29.820+0800	INFO	gin_web/2021_5_12_zap_定制_logger.go:87	test logger ...
2021-05-12T23:34:29.820+0800	INFO	gin_web/2021_5_12_zap_定制_logger.go:87	test logger ...
2021-05-12T23:34:29.820+0800	INFO	gin_web/2021_5_12_zap_定制_logger.go:87	test logger ...
2021-05-12T23:34:29.820+0800	INFO	gin_web/2021_5_12_zap_定制_logger.go:87	test logger ...
2021-05-12T23:34:29.820+0800	INFO	gin_web/2021_5_12_zap_定制_logger.go:87	test logger ...
2021-05-12T23:34:29.820+0800	INFO	gin_web/2021_5_12_zap_定制_logger.go:87	test logger ...
2021-05-12T23:34:29.820+0800	INFO	gin_web/2021_5_12_zap_定制_logger.go:87	test logger ...
2021-05-12T23:34:29.820+0800	INFO	gin_web/2021_5_12_zap_定制_logger.go:87	test logger ...
2021-05-12T23:34:29.820+0800	INFO	gin_web/2021_5_12_zap_定制_logger.go:87	test logger ...
2021-05-12T23:34:29.820+0800	INFO	gin_web/2021_5_12_zap_定制_logger.go:87	test logger ...
2021-05-12T23:34:29.820+0800	INFO	gin_web/2021_5_12_zap_定制_logger.go:87	test logger ...
2021-05-12T23:34:29.820+0800	INFO	gin_web/2021_5_12_zap_定制_logger.go:87	test logger ...
2021-05-12T23:34:29.820+0800	INFO	gin_web/2021_5_12_zap_定制_logger.go:87	test logger ...
2021-05-12T23:34:29.820+0800	INFO	gin_web/2021_5_12_zap_定制_logger.go:87	test logger ...
2021-05-12T23:34:29.820+0800	INFO	gin_web/2021_5_12_zap_定制_logger.go:87	test logger ...
2021-05-12T23:34:29.820+0800	INFO	gin_web/2021_5_12_zap_定制_logger.go:87	test logger ...
2021-05-12T23:34:29.820+0800	INFO	gin_web/2021_5_12_zap_定制_logger.go:87	test logger ...
2021-05-12T23:34:29.820+0800	INFO	gin_web/2021_5_12_zap_定制_logger.go:87	test logger ...
2021-05-12T23:34:29.820+0800	INFO	gin_web/2021_5_12_zap_定制_logger.go:87	test logger ...
2021-05-12T23:34:29.820+0800	INFO	gin_web/2021_5_12_zap_定制_logger.go:87	test logger ...
2021-05-12T23:34:29.820+0800	INFO	gin_web/2021_5_12_zap_定制_logger.go:87	test logger ...
2021-05-12T23:34:29.820+0800	INFO	gin_web/2021_5_12_zap_定制_logger.go:87	test logger ...
2021-05-12T23:34:29.820+0800	INFO	gin_web/2021_5_12_zap_定制_logger.go:87	test logger ...
2021-05-12T23:34:29.820+0800	INFO	gin_web/2021_5_12_zap_定制_logger.go:87	test logger ...
2021-05-12T23:34:29.820+0800	INFO	gin_web/2021_5_12_zap_定制_logger.go:87	test logger ...
2021-05-12T23:34:29.820+0800	INFO	gin_web/2021_5_12_zap_定制_logger.go:87	test logger ...
2021-05-12T23:34:29.820+0800	INFO	gin_web/2021_5_12_zap_定制_logger.go:87	test logger ...
2021-05-12T23:34:29.820+0800	INFO	gin_web/2021_5_12_zap_定制_logger.go:87	test logger ...
2021-05-12T23:34:29.820+0800	INFO	gin_web/2021_5_12_zap_定制_logger.go:87	test logger ...
2021-05-12T23:34:29.820+0800	INFO	gin_web/2021_5_12_zap_定制_logger.go:87	test logger ...
2021-05-12T23:34:29.820+0800	INFO	gin_web/2021_5_12_zap_定制_logger.go:87	test logger ...
2021-05-12T23:34:29.820+0800	INFO	gin_web/2021_5_12_zap_定制_logger.go:87	test logger ...
2021-05-12T23:34:29.820+0800	INFO	gin_web/2021_5_12_zap_定制_logger.go:87	test logger ...
2021-05-12T23:34:29.820+0800	INFO	gin_web/2021_5_12_zap_定制_logger.go:87	test logger ...
2021-05-12T23:34:29.820+0800	INFO	gin_web/2021_5_12_zap_定制_logger.go:87	test logger ...
2021-05-12T23:34:29.820+0800	INFO	gin_web/2021_5_12_zap_定制_logger.go:87	test logger ...
2021-05-12T23:34:29.820+0800	INFO	gin_web/2021_5_12_zap_定制_logger.go:87	test logger ...
2021-05-12T23:34:29.820+0800	INFO	gin_web/2021_5_12_zap_定制_logger.go:87	test logger ...
2021-05-12T23:34:29.820+0800	INFO	gin_web/2021_5_12_zap_定制_logger.go:87	test logger ...
2021-05-12T23:34:29.821+0800	INFO	gin_web/2021_5_12_zap_定制_logger.go:87	test logger ...
2021-05-12T23:34:29.821+0800	INFO	gin_web/2021_5_12_zap_定制_logger.go:87	test logger ...
2021-05-12T23:34:29.821+0800	INFO	gin_web/2021_5_12_zap_定制_logger.go:87	test logger ...
2021-05-12T23:34:29.821+0800	INFO	gin_web/2021_5_12_zap_定制_logger.go:87	test logger ...
2021-05-12T23:34:29.821+0800	INFO	gin_web/2021_5_12_zap_定制_logger.go:87	test logger ...
2021-05-12T23:34:29.821+0800	INFO	gin_web/2021_5_12_zap_定制_logger.go:87	test logger ...
2021-05-12T23:34:29.821+0800	INFO	gin_web/2021_5_12_zap_定制_logger.go:87	test logger ...
2021-05-12T23:34:29.821+0800	INFO	gin_web/2021_5_12_zap_定制_logger.go:87	test logger ...
2021-05-12T23:34:29.821+0800	INFO	gin_web/2021_5_12_zap_定制_logger.go:87	test logger ...
2021-05-12T23:34:29.821+0800	INFO	gin_web/2021_5_12_zap_定制_logger.go:87	test logger ...
2021-05-12T23:34:29.821+0800	INFO	gin_web/2021_5_12_zap_定制_logger.go:87	test logger ...
2021-05-12T23:34:29.821+0800	INFO	gin_web/2021_5_12_zap_定制_logger.go:87	test logger ...
2021-05-12T23:34:29.821+0800	INFO	gin_web/2021_5_12_zap_定制_logger.go:87	test logger ...
2021-05-12T23:34:29.821+0800	INFO	gin_web/2021_5_12_zap_定制_logger.go:87	test logger ...
2021-05-12T23:34:29.821+0800	INFO	gin_web/2021_5_12_zap_定制_logger.go:87	test logger ...
2021-05-12T23:34:29.821+0800	INFO	gin_web/2021_5_12_zap_定制_logger.go:87	test logger ...
2021-05-12T23:34:29.821+0800	INFO	gin_web/2021_5_12_zap_定制_logger.go:87	test logger ...
2021-05-12T23:34:29.821+0800	INFO	gin_web/2021_5_12_zap_定制_logger.go:87	test logger ...
2021-05-12T23:34:29.821+0800	INFO	gin_web/2021_5_12_zap_定制_logger.go:87	test logger ...
2021-05-12T23:34:29.821+0800	INFO	gin_web/2021_5_12_zap_定制_logger.go:87	test logger ...
2021-05-12T23:34:29.821+0800	INFO	gin_web/2021_5_12_zap_定制_logger.go:87	test logger ...
2021-05-12T23:34:29.821+0800	INFO	gin_web/2021_5_12_zap_定制_logger.go:87	test logger ...
2021-05-12T23:34:29.821+0800	INFO	gin_web/2021_5_12_zap_定制_logger.go:87	test logger ...
2021-05-12T23:34:29.821+0800	INFO	gin_web/2021_5_12_zap_定制_logger.go:87	test logger ...
2021-05-12T23:34:29.821+0800	INFO	gin_web/2021_5_12_zap_定制_logger.go:87	test logger ...
2021-05-12T23:34:29.821+0800	INFO	gin_web/2021_5_12_zap_定制_logger.go:87	test logger ...
2021-05-12T23:34:29.821+0800	INFO	gin_web/2021_5_12_zap_定制_logger.go:87	test logger ...
2021-05-12T23:34:29.821+0800	INFO	gin_web/2021_5_12_zap_定制_logger.go:87	test logger ...
2021-05-12T23:34:29.821+0800	INFO	gin_web/2021_5_12_zap_定制_logger.go:87	test logger ...
2021-05-12T23:34:29.821+0800	INFO	gin_web/2021_5_12_zap_定制_logger.go:87	test logger ...
2021-05-12T23:34:29.821+0800	INFO	gin_web/2021_5_12_zap_定制_logger.go:87	test logger ...
2021-05-12T23:34:29.821+0800	INFO	gin_web/2021_5_12_zap_定制_logger.go:87	test logger ...
2021-05-12T23:34:29.821+0800	INFO	gin_web/2021_5_12_zap_定制_logger.go:87	test logger ...
2021-05-12T23:34:29.821+0800	INFO	gin_web/2021_5_12_zap_定制_logger.go:87	test logger ...
2021-05-12T23:34:29.821+0800	INFO	gin_web/2021_5_12_zap_定制_logger.go:87	test logger ...
2021-05-12T23:34:29.821+0800	INFO	gin_web/2021_5_12_zap_定制_logger.go:87	test logger ...
2021-05-12T23:34:29.821+0800	INFO	gin_web/2021_5_12_zap_定制_logger.go:87	test logger ...
2021-05-12T23:34:29.821+0800	INFO	gin_web/2021_5_12_zap_定制_logger.go:87	test logger ...
2021-05-12T23:34:29.821+0800	INFO	gin_web/2021_5_12_zap_定制_logger.go:87	test logger ...
2021-05-12T23:34:29.821+0800	INFO	gin_web/2021_5_12_zap_定制_logger.go:87	test logger ...
2021-05-12T23:34:29.821+0800	INFO	gin_web/2021_5_12_zap_定制_logger.go:87	test logger ...
2021-05-12T23:34:29.821+0800	INFO	gin_web/2021_5_12_zap_定制_logger.go:87	test logger ...
2021-05-12T23:34:29.821+0800	INFO	gin_web/2021_5_12_zap_定制_logger.go:87	test logger ...
2021-05-12T23:34:29.821+0800	INFO	gin_web/2021_5_12_zap_定制_logger.go:87	test logger ...
2021-05-12T23:34:29.821+0800	INFO	gin_web/2021_5_12_zap_定制_logger.go:87	test logger ...
2021-05-12T23:34:29.821+0800	INFO	gin_web/2021_5_12_zap_定制_logger.go:87	test logger ...
2021-05-12T23:34:29.821+0800	INFO	gin_web/2021_5_12_zap_定制_logger.go:87	test logger ...
2021-05-12T23:34:29.821+0800	INFO	gin_web/2021_5_12_zap_定制_logger.go:87	test logger ...
2021-05-12T23:34:29.821+0800	INFO	gin_web/2021_5_12_zap_定制_logger.go:87	test logger ...
2021-05-12T23:34:29.821+0800	INFO	gin_web/2021_5_12_zap_定制_logger.go:87	test logger ...
2021-05-12T23:34:29.821+0800	INFO	gin_web/2021_5_12_zap_定制_logger.go:87	test logger ...
2021-05-12T23:34:29.821+0800	INFO	gin_web/2021_5_12_zap_定制_logger.go:87	test logger ...
2021-05-12T23:34:29.821+0800	INFO	gin_web/2021_5_12_zap_定制_logger.go:87	test logger ...
2021-05-12T23:34:29.821+0800	INFO	gin_web/2021_5_12_zap_定制_logger.go:87	test logger ...
2021-05-12T23:34:29.821+0800	INFO	gin_web/2021_5_12_zap_定制_logger.go:87	test logger ...
2021-05-12T23:34:29.821+0800	INFO	gin_web/2021_5_12_zap_定制_logger.go:87	test logger ...
2021-05-12T23:34:29.821+0800	INFO	gin_web/2021_5_12_zap_定制_logger.go:87	test logger ...
2021-05-12T23:34:29.821+0800	INFO	gin_web/2021_5_12_zap_定制_logger.go:87	test logger ...
2021-05-12T23:34:29.821+0800	INFO	gin_web/2021_5_12_zap_定制_logger.go:87	test logger ...
2021-05-12T23:34:29.821+0800	INFO	gin_web/2021_5_12_zap_定制_logger.go:87	test logger ...
2021-05-12T23:34:29.821+0800	INFO	gin_web/2021_5_12_zap_定制_logger.go:87	test logger ...
2021-05-12T23:34:29.821+0800	INFO	gin_web/2021_5_12_zap_定制_logger.go:87	test logger ...
2021-05-12T23:34:29.821+0800	INFO	gin_web/2021_5_12_zap_定制_logger.go:87	test logger ...
2021-05-12T23:34:29.821+0800	INFO	gin_web/2021_5_12_zap_定制_logger.go:87	test logger ...
2021-05-12T23:34:29.821+0800	INFO	gin_web/2021_5_12_zap_定制_logger.go:87	test logger ...
2021-05-12T23:34:29.821+0800	INFO	gin_web/2021_5_12_zap_定制_logger.go:87	test logger ...
2021-05-12T23:34:29.821+0800	INFO	gin_web/2021_5_12_zap_定制_logger.go:87	test logger ...
2021-05-12T23:34:29.821+0800	INFO	gin_web/2021_5_12_zap_定制_logger.go:87	test logger ...
2021-05-12T23:34:29.821+0800	INFO	gin_web/2021_5_12_zap_定制_logger.go:87	test logger ...
2021-05-12T23:34:29.821+0800	INFO	gin_web/2021_5_12_zap_定制_logger.go:87	test logger ...
2021-05-12T23:34:29.821+0800	INFO	gin_web/2021_5_12_zap_定制_logger.go:87	test logger ...
2021-05-12T23:34:29.821+0800	INFO	gin_web/2021_5_12_zap_定制_logger.go:87	test logger ...
2021-05-12T23:34:29.821+0800	INFO	gin_web/2021_5_12_zap_定制_logger.go:87	test logger ...
2021-05-12T23:34:29.821+0800	INFO	gin_web/2021_5_12_zap_定制_logger.go:87	test logger ...
2021-05-12T23:34:29.821+0800	INFO	gin_web/2021_5_12_zap_定制_logger.go:87	test logger ...
2021-05-12T23:34:29.821+0800	INFO	gin_web/2021_5_12_zap_定制_logger.go:87	test logger ...
2021-05-12T23:34:29.821+0800	INFO	gin_web/2021_5_12_zap_定制_logger.go:87	test logger ...
2021-05-12T23:34:29.821+0800	INFO	gin_web/2021_5_12_zap_定制_logger.go:87	test logger ...
2021-05-12T23:34:29.821+0800	INFO	gin_web/2021_5_12_zap_定制_logger.go:87	test logger ...
2021-05-12T23:34:29.821+0800	INFO	gin_web/2021_5_12_zap_定制_logger.go:87	test logger ...
2021-05-12T23:34:29.821+0800	INFO	gin_web/2021_5_12_zap_定制_logger.go:87	test logger ...
2021-05-12T23:34:29.821+0800	INFO	gin_web/2021_5_12_zap_定制_logger.go:87	test logger ...
2021-05-12T23:34:29.821+0800	INFO	gin_web/2021_5_12_zap_定制_logger.go:87	test logger ...
2021-05-12T23:34:29.821+0800	INFO	gin_web/2021_5_12_zap_定制_logger.go:87	test logger ...
2021-05-12T23:34:29.821+0800	INFO	gin_web/2021_5_12_zap_定制_logger.go:87	test logger ...
2021-05-12T23:34:29.821+0800	INFO	gin_web/2021_5_12_zap_定制_logger.go:87	test logger ...
2021-05-12T23:34:29.821+0800	INFO	gin_web/2021_5_12_zap_定制_logger.go:87	test logger ...
2021-05-12T23:34:29.821+0800	INFO	gin_web/2021_5_12_zap_定制_logger.go:87	test logger ...
2021-05-12T23:34:29.821+0800	INFO	gin_web/2021_5_12_zap_定制_logger.go:87	test logger ...
2021-05-12T23:34:29.821+0800	INFO	gin_web/2021_5_12_zap_定制_logger.go:87	test logger ...
2021-05-12T23:34:29.821+0800	INFO	gin_web/2021_5_12_zap_定制_logger.go:87	test logger ...
2021-05-12T23:34:29.821+0800	INFO	gin_web/2021_5_12_zap_定制_logger.go:87	test logger ...
2021-05-12T23:34:29.821+0800	INFO	gin_web/2021_5_12_zap_定制_logger.go:87	test logger ...
2021-05-12T23:34:29.821+0800	INFO	gin_web/2021_5_12_zap_定制_logger.go:87	test logger ...
2021-05-12T23:34:29.821+0800	INFO	gin_web/2021_5_12_zap_定制_logger.go:87	test logger ...
2021-05-12T23:34:29.821+0800	INFO	gin_web/2021_5_12_zap_定制_logger.go:87	test logger ...
2021-05-12T23:34:29.821+0800	INFO	gin_web/2021_5_12_zap_定制_logger.go:87	test logger ...
2021-05-12T23:34:29.821+0800	INFO	gin_web/2021_5_12_zap_定制_logger.go:87	test logger ...
2021-05-12T23:34:29.821+0800	INFO	gin_web/2021_5_12_zap_定制_logger.go:87	test logger ...
2021-05-12T23:34:29.822+0800	INFO	gin_web/2021_5_12_zap_定制_logger.go:87	test logger ...
2021-05-12T23:34:29.822+0800	INFO	gin_web/2021_5_12_zap_定制_logger.go:87	test logger ...
2021-05-12T23:34:29.823+0800	INFO	gin_web/2021_5_12_zap_定制_logger.go:87	test logger ...
2021-05-12T23:34:29.823+0800	INFO	gin_web/2021_5_12_zap_定制_logger.go:87	test logger ...
2021-05-12T23:34:29.823+0800	INFO	gin_web/2021_5_12_zap_定制_logger.go:87	test logger ...
2021-05-12T23:34:29.823+0800	INFO	gin_web/2021_5_12_zap_定制_logger.go:87	test logger ...
2021-05-12T23:34:29.823+0800	INFO	gin_web/2021_5_12_zap_定制_logger.go:87	test logger ...
2021-05-12T23:34:29.823+0800	INFO	gin_web/2021_5_12_zap_定制_logger.go:87	test logger ...
2021-05-12T23:34:29.823+0800	INFO	gin_web/2021_5_12_zap_定制_logger.go:87	test logger ...
2021-05-12T23:34:29.823+0800	INFO	gin_web/2021_5_12_zap_定制_logger.go:87	test logger ...
2021-05-12T23:34:29.823+0800	INFO	gin_web/2021_5_12_zap_定制_logger.go:87	test logger ...
2021-05-12T23:34:29.823+0800	INFO	gin_web/2021_5_12_zap_定制_logger.go:87	test logger ...
2021-05-12T23:34:29.823+0800	INFO	gin_web/2021_5_12_zap_定制_logger.go:87	test logger ...
2021-05-12T23:34:29.823+0800	INFO	gin_web/2021_5_12_zap_定制_logger.go:87	test logger ...
2021-05-12T23:34:29.823+0800	INFO	gin_web/2021_5_12_zap_定制_logger.go:87	test logger ...
2021-05-12T23:34:29.823+0800	INFO	gin_web/2021_5_12_zap_定制_logger.go:87	test logger ...
2021-05-12T23:34:29.823+0800	INFO	gin_web/2021_5_12_zap_定制_logger.go:87	test logger ...
2021-05-12T23:34:29.823+0800	INFO	gin_web/2021_5_12_zap_定制_logger.go:87	test logger ...
2021-05-12T23:34:29.823+0800	INFO	gin_web/2021_5_12_zap_定制_logger.go:87	test logger ...
2021-05-12T23:34:29.823+0800	INFO	gin_web/2021_5_12_zap_定制_logger.go:87	test logger ...
2021-05-12T23:34:29.823+0800	INFO	gin_web/2021_5_12_zap_定制_logger.go:87	test logger ...
2021-05-12T23:34:29.823+0800	INFO	gin_web/2021_5_12_zap_定制_logger.go:87	test logger ...
2021-05-12T23:34:29.823+0800	INFO	gin_web/2021_5_12_zap_定制_logger.go:87	test logger ...
2021-05-12T23:34:29.823+0800	INFO	gin_web/2021_5_12_zap_定制_logger.go:87	test logger ...
2021-05-12T23:34:29.823+0800	INFO	gin_web/2021_5_12_zap_定制_logger.go:87	test logger ...
2021-05-12T23:34:29.823+0800	INFO	gin_web/2021_5_12_zap_定制_logger.go:87	test logger ...
2021-05-12T23:34:29.823+0800	INFO	gin_web/2021_5_12_zap_定制_logger.go:87	test logger ...
2021-05-12T23:34:29.823+0800	INFO	gin_web/2021_5_12_zap_定制_logger.go:87	test logger ...
2021-05-12T23:34:29.823+0800	INFO	gin_web/2021_5_12_zap_定制_logger.go:87	test logger ...
2021-05-12T23:34:29.823+0800	INFO	gin_web/2021_5_12_zap_定制_logger.go:87	test logger ...
2021-05-12T23:34:29.823+0800	INFO	gin_web/2021_5_12_zap_定制_logger.go:87	test logger ...
2021-05-12T23:34:29.823+0800	INFO	gin_web/2021_5_12_zap_定制_logger.go:87	test logger ...
2021-05-12T23:34:29.823+0800	INFO	gin_web/2021_5_12_zap_定制_logger.go:87	test logger ...
2021-05-12T23:34:29.823+0800	INFO	gin_web/2021_5_12_zap_定制_logger.go:87	test logger ...
2021-05-12T23:34:29.823+0800	INFO	gin_web/2021_5_12_zap_定制_logger.go:87	test logger ...
2021-05-12T23:34:29.823+0800	INFO	gin_web/2021_5_12_zap_定制_logger.go:87	test logger ...
2021-05-12T23:34:29.823+0800	INFO	gin_web/2021_5_12_zap_定制_logger.go:87	test logger ...
2021-05-12T23:34:29.823+0800	INFO	gin_web/2021_5_12_zap_定制_logger.go:87	test logger ...
2021-05-12T23:34:29.823+0800	INFO	gin_web/2021_5_12_zap_定制_logger.go:87	test logger ...
2021-05-12T23:34:29.823+0800	INFO	gin_web/2021_5_12_zap_定制_logger.go:87	test logger ...
2021-05-12T23:34:29.823+0800	INFO	gin_web/2021_5_12_zap_定制_logger.go:87	test logger ...
2021-05-12T23:34:29.823+0800	INFO	gin_web/2021_5_12_zap_定制_logger.go:87	test logger ...
2021-05-12T23:34:29.823+0800	INFO	gin_web/2021_5_12_zap_定制_logger.go:87	test logger ...
2021-05-12T23:34:29.823+0800	INFO	gin_web/2021_5_12_zap_定制_logger.go:87	test logger ...
2021-05-12T23:34:29.823+0800	INFO	gin_web/2021_5_12_zap_定制_logger.go:87	test logger ...
2021-05-12T23:34:29.823+0800	INFO	gin_web/2021_5_12_zap_定制_logger.go:87	test logger ...
2021-05-12T23:34:29.823+0800	INFO	gin_web/2021_5_12_zap_定制_logger.go:87	test logger ...
2021-05-12T23:34:29.823+0800	INFO	gin_web/2021_5_12_zap_定制_logger.go:87	test logger ...
2021-05-12T23:34:29.823+0800	INFO	gin_web/2021_5_12_zap_定制_logger.go:87	test logger ...
2021-05-12T23:34:29.823+0800	INFO	gin_web/2021_5_12_zap_定制_logger.go:87	test logger ...
2021-05-12T23:34:29.823+0800	INFO	gin_web/2021_5_12_zap_定制_logger.go:87	test logger ...
2021-05-12T23:34:29.823+0800	INFO	gin_web/2021_5_12_zap_定制_logger.go:87	test logger ...
2021-05-12T23:34:29.823+0800	INFO	gin_web/2021_5_12_zap_定制_logger.go:87	test logger ...
2021-05-12T23:34:29.823+0800	INFO	gin_web/2021_5_12_zap_定制_logger.go:87	test logger ...
2021-05-12T23:34:29.823+0800	INFO	gin_web/2021_5_12_zap_定制_logger.go:87	test logger ...
2021-05-12T23:34:29.823+0800	INFO	gin_web/2021_5_12_zap_定制_logger.go:87	test logger ...
2021-05-12T23:34:29.823+0800	INFO	gin_web/2021_5_12_zap_定制_logger.go:87	test logger ...
2021-05-12T23:34:29.823+0800	INFO	gin_web/2021_5_12_zap_定制_logger.go:87	test logger ...
2021-05-12T23:34:29.823+0800	INFO	gin_web/2021_5_12_zap_定制_logger.go:87	test logger ...
2021-05-12T23:34:29.823+0800	INFO	gin_web/2021_5_12_zap_定制_logger.go:87	test logger ...
2021-05-12T23:34:29.823+0800	INFO	gin_web/2021_5_12_zap_定制_logger.go:87	test logger ...
2021-05-12T23:34:29.823+0800	INFO	gin_web/2021_5_12_zap_定制_logger.go:87	test logger ...
2021-05-12T23:34:29.823+0800	INFO	gin_web/2021_5_12_zap_定制_logger.go:87	test logger ...
2021-05-12T23:34:29.823+0800	INFO	gin_web/2021_5_12_zap_定制_logger.go:87	test logger ...
2021-05-12T23:34:29.823+0800	INFO	gin_web/2021_5_12_zap_定制_logger.go:87	test logger ...
2021-05-12T23:34:29.823+0800	INFO	gin_web/2021_5_12_zap_定制_logger.go:87	test logger ...
2021-05-12T23:34:29.823+0800	INFO	gin_web/2021_5_12_zap_定制_logger.go:87	test logger ...
2021-05-12T23:34:29.823+0800	INFO	gin_web/2021_5_12_zap_定制_logger.go:87	test logger ...
2021-05-12T23:34:29.823+0800	INFO	gin_web/2021_5_12_zap_定制_logger.go:87	test logger ...
2021-05-12T23:34:29.823+0800	INFO	gin_web/2021_5_12_zap_定制_logger.go:87	test logger ...
2021-05-12T23:34:29.823+0800	INFO	gin_web/2021_5_12_zap_定制_logger.go:87	test logger ...
2021-05-12T23:34:29.823+0800	INFO	gin_web/2021_5_12_zap_定制_logger.go:87	test logger ...
2021-05-12T23:34:29.823+0800	INFO	gin_web/2021_5_12_zap_定制_logger.go:87	test logger ...
2021-05-12T23:34:29.823+0800	INFO	gin_web/2021_5_12_zap_定制_logger.go:87	test logger ...
2021-05-12T23:34:29.823+0800	INFO	gin_web/2021_5_12_zap_定制_logger.go:87	test logger ...
2021-05-12T23:34:29.823+0800	INFO	gin_web/2021_5_12_zap_定制_logger.go:87	test logger ...
2021-05-12T23:34:29.823+0800	INFO	gin_web/2021_5_12_zap_定制_logger.go:87	test logger ...
2021-05-12T23:34:29.823+0800	INFO	gin_web/2021_5_12_zap_定制_logger.go:87	test logger ...
2021-05-12T23:34:29.823+0800	INFO	gin_web/2021_5_12_zap_定制_logger.go:87	test logger ...
2021-05-12T23:34:29.823+0800	INFO	gin_web/2021_5_12_zap_定制_logger.go:87	test logger ...
2021-05-12T23:34:29.823+0800	INFO	gin_web/2021_5_12_zap_定制_logger.go:87	test logger ...
2021-05-12T23:34:29.823+0800	INFO	gin_web/2021_5_12_zap_定制_logger.go:87	test logger ...
2021-05-12T23:34:29.823+0800	INFO	gin_web/2021_5_12_zap_定制_logger.go:87	test logger ...
2021-05-12T23:34:29.823+0800	INFO	gin_web/2021_5_12_zap_定制_logger.go:87	test logger ...
2021-05-12T23:34:29.823+0800	INFO	gin_web/2021_5_12_zap_定制_logger.go:87	test logger ...
2021-05-12T23:34:29.823+0800	INFO	gin_web/2021_5_12_zap_定制_logger.go:87	test logger ...
2021-05-12T23:34:29.823+0800	INFO	gin_web/2021_5_12_zap_定制_logger.go:87	test logger ...
2021-05-12T23:34:29.823+0800	INFO	gin_web/2021_5_12_zap_定制_logger.go:87	test logger ...
2021-05-12T23:34:29.823+0800	INFO	gin_web/2021_5_12_zap_定制_logger.go:87	test logger ...
2021-05-12T23:34:29.823+0800	INFO	gin_web/2021_5_12_zap_定制_logger.go:87	test logger ...
2021-05-12T23:34:29.823+0800	INFO	gin_web/2021_5_12_zap_定制_logger.go:87	test logger ...
2021-05-12T23:34:29.823+0800	INFO	gin_web/2021_5_12_zap_定制_logger.go:87	test logger ...
2021-05-12T23:34:29.823+0800	INFO	gin_web/2021_5_12_zap_定制_logger.go:87	test logger ...
2021-05-12T23:34:29.823+0800	INFO	gin_web/2021_5_12_zap_定制_logger.go:87	test logger ...
2021-05-12T23:34:29.823+0800	INFO	gin_web/2021_5_12_zap_定制_logger.go:87	test logger ...
2021-05-12T23:34:29.823+0800	INFO	gin_web/2021_5_12_zap_定制_logger.go:87	test logger ...
2021-05-12T23:34:29.823+0800	INFO	gin_web/2021_5_12_zap_定制_logger.go:87	test logger ...
2021-05-12T23:34:29.823+0800	INFO	gin_web/2021_5_12_zap_定制_logger.go:87	test logger ...
2021-05-12T23:34:29.823+0800	INFO	gin_web/2021_5_12_zap_定制_logger.go:87	test logger ...
2021-05-12T23:34:29.824+0800	INFO	gin_web/2021_5_12_zap_定制_logger.go:87	test logger ...
2021-05-12T23:34:29.824+0800	INFO	gin_web/2021_5_12_zap_定制_logger.go:87	test logger ...
2021-05-12T23:34:29.824+0800	INFO	gin_web/2021_5_12_zap_定制_logger.go:87	test logger ...
2021-05-12T23:34:29.824+0800	INFO	gin_web/2021_5_12_zap_定制_logger.go:87	test logger ...
2021-05-12T23:34:29.824+0800	INFO	gin_web/2021_5_12_zap_定制_logger.go:87	test logger ...
2021-05-12T23:34:29.824+0800	INFO	gin_web/2021_5_12_zap_定制_logger.go:87	test logger ...
2021-05-12T23:34:29.824+0800	INFO	gin_web/2021_5_12_zap_定制_logger.go:87	test logger ...
2021-05-12T23:34:29.824+0800	INFO	gin_web/2021_5_12_zap_定制_logger.go:87	test logger ...
2021-05-12T23:34:29.824+0800	INFO	gin_web/2021_5_12_zap_定制_logger.go:87	test logger ...
2021-05-12T23:34:29.824+0800	INFO	gin_web/2021_5_12_zap_定制_logger.go:87	test logger ...
2021-05-12T23:34:29.824+0800	INFO	gin_web/2021_5_12_zap_定制_logger.go:87	test logger ...
2021-05-12T23:34:29.824+0800	INFO	gin_web/2021_5_12_zap_定制_logger.go:87	test logger ...
2021-05-12T23:34:29.824+0800	INFO	gin_web/2021_5_12_zap_定制_logger.go:87	test logger ...
2021-05-12T23:34:29.824+0800	INFO	gin_web/2021_5_12_zap_定制_logger.go:87	test logger ...
2021-05-12T23:34:29.824+0800	INFO	gin_web/2021_5_12_zap_定制_logger.go:87	test logger ...
2021-05-12T23:34:29.824+0800	INFO	gin_web/2021_5_12_zap_定制_logger.go:87	test logger ...
2021-05-12T23:34:29.824+0800	INFO	gin_web/2021_5_12_zap_定制_logger.go:87	test logger ...
2021-05-12T23:34:29.824+0800	INFO	gin_web/2021_5_12_zap_定制_logger.go:87	test logger ...
2021-05-12T23:34:29.824+0800	INFO	gin_web/2021_5_12_zap_定制_logger.go:87	test logger ...
2021-05-12T23:34:29.824+0800	INFO	gin_web/2021_5_12_zap_定制_logger.go:87	test logger ...
2021-05-12T23:34:29.824+0800	INFO	gin_web/2021_5_12_zap_定制_logger.go:87	test logger ...
2021-05-12T23:34:29.824+0800	INFO	gin_web/2021_5_12_zap_定制_logger.go:87	test logger ...
2021-05-12T23:34:29.824+0800	INFO	gin_web/2021_5_12_zap_定制_logger.go:87	test logger ...
2021-05-12T23:34:29.824+0800	INFO	gin_web/2021_5_12_zap_定制_logger.go:87	test logger ...
2021-05-12T23:34:29.824+0800	INFO	gin_web/2021_5_12_zap_定制_logger.go:87	test logger ...
2021-05-12T23:34:29.824+0800	INFO	gin_web/2021_5_12_zap_定制_logger.go:87	test logger ...
2021-05-12T23:34:29.824+0800	INFO	gin_web/2021_5_12_zap_定制_logger.go:87	test logger ...
2021-05-12T23:34:29.824+0800	INFO	gin_web/2021_5_12_zap_定制_logger.go:87	test logger ...
2021-05-12T23:34:29.824+0800	INFO	gin_web/2021_5_12_zap_定制_logger.go:87	test logger ...
2021-05-12T23:34:29.824+0800	INFO	gin_web/2021_5_12_zap_定制_logger.go:87	test logger ...
2021-05-12T23:34:29.824+0800	INFO	gin_web/2021_5_12_zap_定制_logger.go:87	test logger ...
2021-05-12T23:34:29.824+0800	INFO	gin_web/2021_5_12_zap_定制_logger.go:87	test logger ...
2021-05-12T23:34:29.824+0800	INFO	gin_web/2021_5_12_zap_定制_logger.go:87	test logger ...
2021-05-12T23:34:29.824+0800	INFO	gin_web/2021_5_12_zap_定制_logger.go:87	test logger ...
2021-05-12T23:34:29.824+0800	INFO	gin_web/2021_5_12_zap_定制_logger.go:87	test logger ...
2021-05-12T23:34:29.824+0800	INFO	gin_web/2021_5_12_zap_定制_logger.go:87	test logger ...
2021-05-12T23:34:29.824+0800	INFO	gin_web/2021_5_12_zap_定制_logger.go:87	test logger ...
2021-05-12T23:34:29.824+0800	INFO	gin_web/2021_5_12_zap_定制_logger.go:87	test logger ...
2021-05-12T23:34:29.824+0800	INFO	gin_web/2021_5_12_zap_定制_logger.go:87	test logger ...
2021-05-12T23:34:29.824+0800	INFO	gin_web/2021_5_12_zap_定制_logger.go:87	test logger ...
2021-05-12T23:34:29.824+0800	INFO	gin_web/2021_5_12_zap_定制_logger.go:87	test logger ...
2021-05-12T23:34:29.824+0800	INFO	gin_web/2021_5_12_zap_定制_logger.go:87	test logger ...
2021-05-12T23:34:29.824+0800	INFO	gin_web/2021_5_12_zap_定制_logger.go:87	test logger ...
2021-05-12T23:34:29.824+0800	INFO	gin_web/2021_5_12_zap_定制_logger.go:87	test logger ...
2021-05-12T23:34:29.824+0800	INFO	gin_web/2021_5_12_zap_定制_logger.go:87	test logger ...
2021-05-12T23:34:29.824+0800	INFO	gin_web/2021_5_12_zap_定制_logger.go:87	test logger ...
2021-05-12T23:34:29.824+0800	INFO	gin_web/2021_5_12_zap_定制_logger.go:87	test logger ...
2021-05-12T23:34:29.824+0800	INFO	gin_web/2021_5_12_zap_定制_logger.go:87	test logger ...
2021-05-12T23:34:29.824+0800	INFO	gin_web/2021_5_12_zap_定制_logger.go:87	test logger ...
2021-05-12T23:34:29.824+0800	INFO	gin_web/2021_5_12_zap_定制_logger.go:87	test logger ...
2021-05-12T23:34:29.824+0800	INFO	gin_web/2021_5_12_zap_定制_logger.go:87	test logger ...
2021-05-12T23:34:29.824+0800	INFO	gin_web/2021_5_12_zap_定制_logger.go:87	test logger ...
2021-05-12T23:34:29.824+0800	INFO	gin_web/2021_5_12_zap_定制_logger.go:87	test logger ...
2021-05-12T23:34:29.824+0800	INFO	gin_web/2021_5_12_zap_定制_logger.go:87	test logger ...
2021-05-12T23:34:29.824+0800	INFO	gin_web/2021_5_12_zap_定制_logger.go:87	test logger ...
2021-05-12T23:34:29.824+0800	INFO	gin_web/2021_5_12_zap_定制_logger.go:87	test logger ...
2021-05-12T23:34:29.824+0800	INFO	gin_web/2021_5_12_zap_定制_logger.go:87	test logger ...
2021-05-12T23:34:29.824+0800	INFO	gin_web/2021_5_12_zap_定制_logger.go:87	test logger ...
2021-05-12T23:34:29.824+0800	INFO	gin_web/2021_5_12_zap_定制_logger.go:87	test logger ...
2021-05-12T23:34:29.824+0800	INFO	gin_web/2021_5_12_zap_定制_logger.go:87	test logger ...
2021-05-12T23:34:29.824+0800	INFO	gin_web/2021_5_12_zap_定制_logger.go:87	test logger ...
2021-05-12T23:34:29.824+0800	INFO	gin_web/2021_5_12_zap_定制_logger.go:87	test logger ...
2021-05-12T23:34:29.824+0800	INFO	gin_web/2021_5_12_zap_定制_logger.go:87	test logger ...
2021-05-12T23:34:29.824+0800	INFO	gin_web/2021_5_12_zap_定制_logger.go:87	test logger ...
2021-05-12T23:34:29.824+0800	INFO	gin_web/2021_5_12_zap_定制_logger.go:87	test logger ...
2021-05-12T23:34:29.824+0800	INFO	gin_web/2021_5_12_zap_定制_logger.go:87	test logger ...
2021-05-12T23:34:29.824+0800	INFO	gin_web/2021_5_12_zap_定制_logger.go:87	test logger ...
2021-05-12T23:34:29.824+0800	INFO	gin_web/2021_5_12_zap_定制_logger.go:87	test logger ...
2021-05-12T23:34:29.824+0800	INFO	gin_web/2021_5_12_zap_定制_logger.go:87	test logger ...
2021-05-12T23:34:29.824+0800	INFO	gin_web/2021_5_12_zap_定制_logger.go:87	test logger ...
2021-05-12T23:34:29.824+0800	INFO	gin_web/2021_5_12_zap_定制_logger.go:87	test logger ...
2021-05-12T23:34:29.824+0800	INFO	gin_web/2021_5_12_zap_定制_logger.go:87	test logger ...
2021-05-12T23:34:29.824+0800	INFO	gin_web/2021_5_12_zap_定制_logger.go:87	test logger ...
2021-05-12T23:34:29.824+0800	INFO	gin_web/2021_5_12_zap_定制_logger.go:87	test logger ...
2021-05-12T23:34:29.824+0800	INFO	gin_web/2021_5_12_zap_定制_logger.go:87	test logger ...
2021-05-12T23:34:29.824+0800	INFO	gin_web/2021_5_12_zap_定制_logger.go:87	test logger ...
2021-05-12T23:34:29.824+0800	INFO	gin_web/2021_5_12_zap_定制_logger.go:87	test logger ...
2021-05-12T23:34:29.824+0800	INFO	gin_web/2021_5_12_zap_定制_logger.go:87	test logger ...
2021-05-12T23:34:29.824+0800	INFO	gin_web/2021_5_12_zap_定制_logger.go:87	test logger ...
2021-05-12T23:34:29.824+0800	INFO	gin_web/2021_5_12_zap_定制_logger.go:87	test logger ...
2021-05-12T23:34:29.824+0800	INFO	gin_web/2021_5_12_zap_定制_logger.go:87	test logger ...
2021-05-12T23:34:29.824+0800	INFO	gin_web/2021_5_12_zap_定制_logger.go:87	test logger ...
2021-05-12T23:34:29.824+0800	INFO	gin_web/2021_5_12_zap_定制_logger.go:87	test logger ...
2021-05-12T23:34:29.824+0800	INFO	gin_web/2021_5_12_zap_定制_logger.go:87	test logger ...
2021-05-12T23:34:29.824+0800	INFO	gin_web/2021_5_12_zap_定制_logger.go:87	test logger ...
2021-05-12T23:34:29.824+0800	INFO	gin_web/2021_5_12_zap_定制_logger.go:87	test logger ...
2021-05-12T23:34:29.824+0800	INFO	gin_web/2021_5_12_zap_定制_logger.go:87	test logger ...
2021-05-12T23:34:29.824+0800	INFO	gin_web/2021_5_12_zap_定制_logger.go:87	test logger ...
2021-05-12T23:34:29.824+0800	INFO	gin_web/2021_5_12_zap_定制_logger.go:87	test logger ...
2021-05-12T23:34:29.824+0800	INFO	gin_web/2021_5_12_zap_定制_logger.go:87	test logger ...
2021-05-12T23:34:29.824+0800	INFO	gin_web/2021_5_12_zap_定制_logger.go:87	test logger ...
2021-05-12T23:34:29.824+0800	INFO	gin_web/2021_5_12_zap_定制_logger.go:87	test logger ...
2021-05-12T23:34:29.824+0800	INFO	gin_web/2021_5_12_zap_定制_logger.go:87	test logger ...
2021-05-12T23:34:29.824+0800	INFO	gin_web/2021_5_12_zap_定制_logger.go:87	test logger ...
2021-05-12T23:34:29.824+0800	INFO	gin_web/2021_5_12_zap_定制_logger.go:87	test logger ...
2021-05-12T23:34:29.824+0800	INFO	gin_web/2021_5_12_zap_定制_logger.go:87	test logger ...
2021-05-12T23:34:29.824+0800	INFO	gin_web/2021_5_12_zap_定制_logger.go:87	test logger ...
2021-05-12T23:34:29.824+0800	INFO	gin_web/2021_5_12_zap_定制_logger.go:87	test logger ...
2021-05-12T23:34:29.824+0800	INFO	gin_web/2021_5_12_zap_定制_logger.go:87	test logger ...
2021-05-12T23:34:29.824+0800	INFO	gin_web/2021_5_12_zap_定制_logger.go:87	test logger ...
2021-05-12T23:34:29.824+0800	INFO	gin_web/2021_5_12_zap_定制_logger.go:87	test logger ...
2021-05-12T23:34:29.824+0800	INFO	gin_web/2021_5_12_zap_定制_logger.go:87	test logger ...
2021-05-12T23:34:29.824+0800	INFO	gin_web/2021_5_12_zap_定制_logger.go:87	test logger ...
2021-05-12T23:34:29.824+0800	INFO	gin_web/2021_5_12_zap_定制_logger.go:87	test logger ...
2021-05-12T23:34:29.824+0800	INFO	gin_web/2021_5_12_zap_定制_logger.go:87	test logger ...
2021-05-12T23:34:29.825+0800	INFO	gin_web/2021_5_12_zap_定制_logger.go:87	test logger ...
2021-05-12T23:34:29.825+0800	INFO	gin_web/2021_5_12_zap_定制_logger.go:87	test logger ...
2021-05-12T23:34:29.825+0800	INFO	gin_web/2021_5_12_zap_定制_logger.go:87	test logger ...
2021-05-12T23:34:29.825+0800	INFO	gin_web/2021_5_12_zap_定制_logger.go:87	test logger ...
2021-05-12T23:34:29.825+0800	INFO	gin_web/2021_5_12_zap_定制_logger.go:87	test logger ...
2021-05-12T23:34:29.825+0800	INFO	gin_web/2021_5_12_zap_定制_logger.go:87	test logger ...
2021-05-12T23:34:29.825+0800	INFO	gin_web/2021_5_12_zap_定制_logger.go:87	test logger ...
2021-05-12T23:34:29.825+0800	INFO	gin_web/2021_5_12_zap_定制_logger.go:87	test logger ...
2021-05-12T23:34:29.825+0800	INFO	gin_web/2021_5_12_zap_定制_logger.go:87	test logger ...
2021-05-12T23:34:29.825+0800	INFO	gin_web/2021_5_12_zap_定制_logger.go:87	test logger ...
2021-05-12T23:34:29.825+0800	INFO	gin_web/2021_5_12_zap_定制_logger.go:87	test logger ...
2021-05-12T23:34:29.825+0800	INFO	gin_web/2021_5_12_zap_定制_logger.go:87	test logger ...
2021-05-12T23:34:29.825+0800	INFO	gin_web/2021_5_12_zap_定制_logger.go:87	test logger ...
2021-05-12T23:34:29.825+0800	INFO	gin_web/2021_5_12_zap_定制_logger.go:87	test logger ...
2021-05-12T23:34:29.825+0800	INFO	gin_web/2021_5_12_zap_定制_logger.go:87	test logger ...
2021-05-12T23:34:29.825+0800	INFO	gin_web/2021_5_12_zap_定制_logger.go:87	test logger ...
2021-05-12T23:34:29.825+0800	INFO	gin_web/2021_5_12_zap_定制_logger.go:87	test logger ...
2021-05-12T23:34:29.825+0800	INFO	gin_web/2021_5_12_zap_定制_logger.go:87	test logger ...
2021-05-12T23:34:29.825+0800	INFO	gin_web/2021_5_12_zap_定制_logger.go:87	test logger ...
2021-05-12T23:34:29.825+0800	INFO	gin_web/2021_5_12_zap_定制_logger.go:87	test logger ...
2021-05-12T23:34:29.825+0800	INFO	gin_web/2021_5_12_zap_定制_logger.go:87	test logger ...
2021-05-12T23:34:29.825+0800	INFO	gin_web/2021_5_12_zap_定制_logger.go:87	test logger ...
2021-05-12T23:34:29.825+0800	INFO	gin_web/2021_5_12_zap_定制_logger.go:87	test logger ...
2021-05-12T23:34:29.825+0800	INFO	gin_web/2021_5_12_zap_定制_logger.go:87	test logger ...
2021-05-12T23:34:29.825+0800	INFO	gin_web/2021_5_12_zap_定制_logger.go:87	test logger ...
2021-05-12T23:34:29.825+0800	INFO	gin_web/2021_5_12_zap_定制_logger.go:87	test logger ...
2021-05-12T23:34:29.825+0800	INFO	gin_web/2021_5_12_zap_定制_logger.go:87	test logger ...
2021-05-12T23:34:29.825+0800	INFO	gin_web/2021_5_12_zap_定制_logger.go:87	test logger ...
2021-05-12T23:34:29.825+0800	INFO	gin_web/2021_5_12_zap_定制_logger.go:87	test logger ...
2021-05-12T23:34:29.825+0800	INFO	gin_web/2021_5_12_zap_定制_logger.go:87	test logger ...
2021-05-12T23:34:29.825+0800	INFO	gin_web/2021_5_12_zap_定制_logger.go:87	test logger ...
2021-05-12T23:34:29.825+0800	INFO	gin_web/2021_5_12_zap_定制_logger.go:87	test logger ...
2021-05-12T23:34:29.825+0800	INFO	gin_web/2021_5_12_zap_定制_logger.go:87	test logger ...
2021-05-12T23:34:29.825+0800	INFO	gin_web/2021_5_12_zap_定制_logger.go:87	test logger ...
2021-05-12T23:34:29.825+0800	INFO	gin_web/2021_5_12_zap_定制_logger.go:87	test logger ...
2021-05-12T23:34:29.825+0800	INFO	gin_web/2021_5_12_zap_定制_logger.go:87	test logger ...
2021-05-12T23:34:29.825+0800	INFO	gin_web/2021_5_12_zap_定制_logger.go:87	test logger ...
2021-05-12T23:34:29.825+0800	INFO	gin_web/2021_5_12_zap_定制_logger.go:87	test logger ...
2021-05-12T23:34:29.825+0800	INFO	gin_web/2021_5_12_zap_定制_logger.go:87	test logger ...
2021-05-12T23:34:29.825+0800	INFO	gin_web/2021_5_12_zap_定制_logger.go:87	test logger ...
2021-05-12T23:34:29.825+0800	INFO	gin_web/2021_5_12_zap_定制_logger.go:87	test logger ...
2021-05-12T23:34:29.825+0800	INFO	gin_web/2021_5_12_zap_定制_logger.go:87	test logger ...
2021-05-12T23:34:29.825+0800	INFO	gin_web/2021_5_12_zap_定制_logger.go:87	test logger ...
2021-05-12T23:34:29.825+0800	INFO	gin_web/2021_5_12_zap_定制_logger.go:87	test logger ...
2021-05-12T23:34:29.825+0800	INFO	gin_web/2021_5_12_zap_定制_logger.go:87	test logger ...
2021-05-12T23:34:29.825+0800	INFO	gin_web/2021_5_12_zap_定制_logger.go:87	test logger ...
2021-05-12T23:34:29.825+0800	INFO	gin_web/2021_5_12_zap_定制_logger.go:87	test logger ...
2021-05-12T23:34:29.825+0800	INFO	gin_web/2021_5_12_zap_定制_logger.go:87	test logger ...
2021-05-12T23:34:29.825+0800	INFO	gin_web/2021_5_12_zap_定制_logger.go:87	test logger ...
2021-05-12T23:34:29.825+0800	INFO	gin_web/2021_5_12_zap_定制_logger.go:87	test logger ...
2021-05-12T23:34:29.825+0800	INFO	gin_web/2021_5_12_zap_定制_logger.go:87	test logger ...
2021-05-12T23:34:29.825+0800	INFO	gin_web/2021_5_12_zap_定制_logger.go:87	test logger ...
2021-05-12T23:34:29.825+0800	INFO	gin_web/2021_5_12_zap_定制_logger.go:87	test logger ...
2021-05-12T23:34:29.825+0800	INFO	gin_web/2021_5_12_zap_定制_logger.go:87	test logger ...
2021-05-12T23:34:29.825+0800	INFO	gin_web/2021_5_12_zap_定制_logger.go:87	test logger ...
2021-05-12T23:34:29.825+0800	INFO	gin_web/2021_5_12_zap_定制_logger.go:87	test logger ...
2021-05-12T23:34:29.825+0800	INFO	gin_web/2021_5_12_zap_定制_logger.go:87	test logger ...
2021-05-12T23:34:29.825+0800	INFO	gin_web/2021_5_12_zap_定制_logger.go:87	test logger ...
2021-05-12T23:34:29.825+0800	INFO	gin_web/2021_5_12_zap_定制_logger.go:87	test logger ...
2021-05-12T23:34:29.825+0800	INFO	gin_web/2021_5_12_zap_定制_logger.go:87	test logger ...
2021-05-12T23:34:29.825+0800	INFO	gin_web/2021_5_12_zap_定制_logger.go:87	test logger ...
2021-05-12T23:34:29.825+0800	INFO	gin_web/2021_5_12_zap_定制_logger.go:87	test logger ...
2021-05-12T23:34:29.825+0800	INFO	gin_web/2021_5_12_zap_定制_logger.go:87	test logger ...
2021-05-12T23:34:29.825+0800	INFO	gin_web/2021_5_12_zap_定制_logger.go:87	test logger ...
2021-05-12T23:34:29.825+0800	INFO	gin_web/2021_5_12_zap_定制_logger.go:87	test logger ...
2021-05-12T23:34:29.825+0800	INFO	gin_web/2021_5_12_zap_定制_logger.go:87	test logger ...
2021-05-12T23:34:29.825+0800	INFO	gin_web/2021_5_12_zap_定制_logger.go:87	test logger ...
2021-05-12T23:34:29.825+0800	INFO	gin_web/2021_5_12_zap_定制_logger.go:87	test logger ...
2021-05-12T23:34:29.825+0800	INFO	gin_web/2021_5_12_zap_定制_logger.go:87	test logger ...
2021-05-12T23:34:29.825+0800	INFO	gin_web/2021_5_12_zap_定制_logger.go:87	test logger ...
2021-05-12T23:34:29.825+0800	INFO	gin_web/2021_5_12_zap_定制_logger.go:87	test logger ...
2021-05-12T23:34:29.825+0800	INFO	gin_web/2021_5_12_zap_定制_logger.go:87	test logger ...
2021-05-12T23:34:29.825+0800	INFO	gin_web/2021_5_12_zap_定制_logger.go:87	test logger ...
2021-05-12T23:34:29.825+0800	INFO	gin_web/2021_5_12_zap_定制_logger.go:87	test logger ...
2021-05-12T23:34:29.825+0800	INFO	gin_web/2021_5_12_zap_定制_logger.go:87	test logger ...
2021-05-12T23:34:29.825+0800	INFO	gin_web/2021_5_12_zap_定制_logger.go:87	test logger ...
2021-05-12T23:34:29.825+0800	INFO	gin_web/2021_5_12_zap_定制_logger.go:87	test logger ...
2021-05-12T23:34:29.825+0800	INFO	gin_web/2021_5_12_zap_定制_logger.go:87	test logger ...
2021-05-12T23:34:29.825+0800	INFO	gin_web/2021_5_12_zap_定制_logger.go:87	test logger ...
2021-05-12T23:34:29.825+0800	INFO	gin_web/2021_5_12_zap_定制_logger.go:87	test logger ...
2021-05-12T23:34:29.825+0800	INFO	gin_web/2021_5_12_zap_定制_logger.go:87	test logger ...
2021-05-12T23:34:29.825+0800	INFO	gin_web/2021_5_12_zap_定制_logger.go:87	test logger ...
2021-05-12T23:34:29.825+0800	INFO	gin_web/2021_5_12_zap_定制_logger.go:87	test logger ...
2021-05-12T23:34:29.825+0800	INFO	gin_web/2021_5_12_zap_定制_logger.go:87	test logger ...
2021-05-12T23:34:29.825+0800	INFO	gin_web/2021_5_12_zap_定制_logger.go:87	test logger ...
2021-05-12T23:34:29.825+0800	INFO	gin_web/2021_5_12_zap_定制_logger.go:87	test logger ...
2021-05-12T23:34:29.825+0800	INFO	gin_web/2021_5_12_zap_定制_logger.go:87	test logger ...
2021-05-12T23:34:29.825+0800	INFO	gin_web/2021_5_12_zap_定制_logger.go:87	test logger ...
2021-05-12T23:34:29.825+0800	INFO	gin_web/2021_5_12_zap_定制_logger.go:87	test logger ...
2021-05-12T23:34:29.825+0800	INFO	gin_web/2021_5_12_zap_定制_logger.go:87	test logger ...
2021-05-12T23:34:29.825+0800	INFO	gin_web/2021_5_12_zap_定制_logger.go:87	test logger ...
2021-05-12T23:34:29.825+0800	INFO	gin_web/2021_5_12_zap_定制_logger.go:87	test logger ...
2021-05-12T23:34:29.825+0800	INFO	gin_web/2021_5_12_zap_定制_logger.go:87	test logger ...
2021-05-12T23:34:29.825+0800	INFO	gin_web/2021_5_12_zap_定制_logger.go:87	test logger ...
2021-05-12T23:34:29.825+0800	INFO	gin_web/2021_5_12_zap_定制_logger.go:87	test logger ...
2021-05-12T23:34:29.825+0800	INFO	gin_web/2021_5_12_zap_定制_logger.go:87	test logger ...
2021-05-12T23:34:29.825+0800	INFO	gin_web/2021_5_12_zap_定制_logger.go:87	test logger ...
2021-05-12T23:34:29.825+0800	INFO	gin_web/2021_5_12_zap_定制_logger.go:87	test logger ...
2021-05-12T23:34:29.825+0800	INFO	gin_web/2021_5_12_zap_定制_logger.go:87	test logger ...
2021-05-12T23:34:29.825+0800	INFO	gin_web/2021_5_12_zap_定制_logger.go:87	test logger ...
2021-05-12T23:34:29.825+0800	INFO	gin_web/2021_5_12_zap_定制_logger.go:87	test logger ...
2021-05-12T23:34:29.825+0800	INFO	gin_web/2021_5_12_zap_定制_logger.go:87	test logger ...
2021-05-12T23:34:29.825+0800	INFO	gin_web/2021_5_12_zap_定制_logger.go:87	test logger ...
2021-05-12T23:34:29.825+0800	INFO	gin_web/2021_5_12_zap_定制_logger.go:87	test logger ...
2021-05-12T23:34:29.825+0800	INFO	gin_web/2021_5_12_zap_定制_logger.go:87	test logger ...
2021-05-12T23:34:29.825+0800	INFO	gin_web/2021_5_12_zap_定制_logger.go:87	test logger ...
2021-05-12T23:34:29.825+0800	INFO	gin_web/2021_5_12_zap_定制_logger.go:87	test logger ...
2021-05-12T23:34:29.826+0800	INFO	gin_web/2021_5_12_zap_定制_logger.go:87	test logger ...
2021-05-12T23:34:29.826+0800	INFO	gin_web/2021_5_12_zap_定制_logger.go:87	test logger ...
2021-05-12T23:34:29.826+0800	INFO	gin_web/2021_5_12_zap_定制_logger.go:87	test logger ...
2021-05-12T23:34:29.826+0800	INFO	gin_web/2021_5_12_zap_定制_logger.go:87	test logger ...
2021-05-12T23:34:29.826+0800	INFO	gin_web/2021_5_12_zap_定制_logger.go:87	test logger ...
2021-05-12T23:34:29.826+0800	INFO	gin_web/2021_5_12_zap_定制_logger.go:87	test logger ...
2021-05-12T23:34:29.826+0800	INFO	gin_web/2021_5_12_zap_定制_logger.go:87	test logger ...
2021-05-12T23:34:29.826+0800	INFO	gin_web/2021_5_12_zap_定制_logger.go:87	test logger ...
2021-05-12T23:34:29.826+0800	INFO	gin_web/2021_5_12_zap_定制_logger.go:87	test logger ...
2021-05-12T23:34:29.826+0800	INFO	gin_web/2021_5_12_zap_定制_logger.go:87	test logger ...
2021-05-12T23:34:29.826+0800	INFO	gin_web/2021_5_12_zap_定制_logger.go:87	test logger ...
2021-05-12T23:34:29.826+0800	INFO	gin_web/2021_5_12_zap_定制_logger.go:87	test logger ...
2021-05-12T23:34:29.826+0800	INFO	gin_web/2021_5_12_zap_定制_logger.go:87	test logger ...
2021-05-12T23:34:29.826+0800	INFO	gin_web/2021_5_12_zap_定制_logger.go:87	test logger ...
2021-05-12T23:34:29.826+0800	INFO	gin_web/2021_5_12_zap_定制_logger.go:87	test logger ...
2021-05-12T23:34:29.826+0800	INFO	gin_web/2021_5_12_zap_定制_logger.go:87	test logger ...
2021-05-12T23:34:29.826+0800	INFO	gin_web/2021_5_12_zap_定制_logger.go:87	test logger ...
2021-05-12T23:34:29.826+0800	INFO	gin_web/2021_5_12_zap_定制_logger.go:87	test logger ...
2021-05-12T23:34:29.826+0800	INFO	gin_web/2021_5_12_zap_定制_logger.go:87	test logger ...
2021-05-12T23:34:29.826+0800	INFO	gin_web/2021_5_12_zap_定制_logger.go:87	test logger ...
2021-05-12T23:34:29.826+0800	INFO	gin_web/2021_5_12_zap_定制_logger.go:87	test logger ...
2021-05-12T23:34:29.826+0800	INFO	gin_web/2021_5_12_zap_定制_logger.go:87	test logger ...
2021-05-12T23:34:29.826+0800	INFO	gin_web/2021_5_12_zap_定制_logger.go:87	test logger ...
2021-05-12T23:34:29.826+0800	INFO	gin_web/2021_5_12_zap_定制_logger.go:87	test logger ...
2021-05-12T23:34:29.826+0800	INFO	gin_web/2021_5_12_zap_定制_logger.go:87	test logger ...
2021-05-12T23:34:29.826+0800	INFO	gin_web/2021_5_12_zap_定制_logger.go:87	test logger ...
2021-05-12T23:34:29.826+0800	INFO	gin_web/2021_5_12_zap_定制_logger.go:87	test logger ...
2021-05-12T23:34:29.826+0800	INFO	gin_web/2021_5_12_zap_定制_logger.go:87	test logger ...
2021-05-12T23:34:29.826+0800	INFO	gin_web/2021_5_12_zap_定制_logger.go:87	test logger ...
2021-05-12T23:34:29.826+0800	INFO	gin_web/2021_5_12_zap_定制_logger.go:87	test logger ...
2021-05-12T23:34:29.826+0800	INFO	gin_web/2021_5_12_zap_定制_logger.go:87	test logger ...
2021-05-12T23:34:29.826+0800	INFO	gin_web/2021_5_12_zap_定制_logger.go:87	test logger ...
2021-05-12T23:34:29.826+0800	INFO	gin_web/2021_5_12_zap_定制_logger.go:87	test logger ...
2021-05-12T23:34:29.826+0800	INFO	gin_web/2021_5_12_zap_定制_logger.go:87	test logger ...
2021-05-12T23:34:29.826+0800	INFO	gin_web/2021_5_12_zap_定制_logger.go:87	test logger ...
2021-05-12T23:34:29.826+0800	INFO	gin_web/2021_5_12_zap_定制_logger.go:87	test logger ...
2021-05-12T23:34:29.826+0800	INFO	gin_web/2021_5_12_zap_定制_logger.go:87	test logger ...
2021-05-12T23:34:29.826+0800	INFO	gin_web/2021_5_12_zap_定制_logger.go:87	test logger ...
2021-05-12T23:34:29.826+0800	INFO	gin_web/2021_5_12_zap_定制_logger.go:87	test logger ...
2021-05-12T23:34:29.826+0800	INFO	gin_web/2021_5_12_zap_定制_logger.go:87	test logger ...
2021-05-12T23:34:29.826+0800	INFO	gin_web/2021_5_12_zap_定制_logger.go:87	test logger ...
2021-05-12T23:34:29.826+0800	INFO	gin_web/2021_5_12_zap_定制_logger.go:87	test logger ...
2021-05-12T23:34:29.826+0800	INFO	gin_web/2021_5_12_zap_定制_logger.go:87	test logger ...
2021-05-12T23:34:29.826+0800	INFO	gin_web/2021_5_12_zap_定制_logger.go:87	test logger ...
2021-05-12T23:34:29.826+0800	INFO	gin_web/2021_5_12_zap_定制_logger.go:87	test logger ...
2021-05-12T23:34:29.826+0800	INFO	gin_web/2021_5_12_zap_定制_logger.go:87	test logger ...
2021-05-12T23:34:29.826+0800	INFO	gin_web/2021_5_12_zap_定制_logger.go:87	test logger ...
2021-05-12T23:34:29.826+0800	INFO	gin_web/2021_5_12_zap_定制_logger.go:87	test logger ...
2021-05-12T23:34:29.826+0800	INFO	gin_web/2021_5_12_zap_定制_logger.go:87	test logger ...
2021-05-12T23:34:29.826+0800	INFO	gin_web/2021_5_12_zap_定制_logger.go:87	test logger ...
2021-05-12T23:34:29.826+0800	INFO	gin_web/2021_5_12_zap_定制_logger.go:87	test logger ...
2021-05-12T23:34:29.826+0800	INFO	gin_web/2021_5_12_zap_定制_logger.go:87	test logger ...
2021-05-12T23:34:29.826+0800	INFO	gin_web/2021_5_12_zap_定制_logger.go:87	test logger ...
2021-05-12T23:34:29.826+0800	INFO	gin_web/2021_5_12_zap_定制_logger.go:87	test logger ...
2021-05-12T23:34:29.826+0800	INFO	gin_web/2021_5_12_zap_定制_logger.go:87	test logger ...
2021-05-12T23:34:29.826+0800	INFO	gin_web/2021_5_12_zap_定制_logger.go:87	test logger ...
2021-05-12T23:34:29.826+0800	INFO	gin_web/2021_5_12_zap_定制_logger.go:87	test logger ...
2021-05-12T23:34:29.826+0800	INFO	gin_web/2021_5_12_zap_定制_logger.go:87	test logger ...
2021-05-12T23:34:29.826+0800	INFO	gin_web/2021_5_12_zap_定制_logger.go:87	test logger ...
2021-05-12T23:34:29.826+0800	INFO	gin_web/2021_5_12_zap_定制_logger.go:87	test logger ...
2021-05-12T23:34:29.826+0800	INFO	gin_web/2021_5_12_zap_定制_logger.go:87	test logger ...
2021-05-12T23:34:29.826+0800	INFO	gin_web/2021_5_12_zap_定制_logger.go:87	test logger ...
2021-05-12T23:34:29.826+0800	INFO	gin_web/2021_5_12_zap_定制_logger.go:87	test logger ...
2021-05-12T23:34:29.826+0800	INFO	gin_web/2021_5_12_zap_定制_logger.go:87	test logger ...
2021-05-12T23:34:29.826+0800	INFO	gin_web/2021_5_12_zap_定制_logger.go:87	test logger ...
2021-05-12T23:34:29.826+0800	INFO	gin_web/2021_5_12_zap_定制_logger.go:87	test logger ...
2021-05-12T23:34:29.826+0800	INFO	gin_web/2021_5_12_zap_定制_logger.go:87	test logger ...
2021-05-12T23:34:29.826+0800	INFO	gin_web/2021_5_12_zap_定制_logger.go:87	test logger ...
2021-05-12T23:34:29.826+0800	INFO	gin_web/2021_5_12_zap_定制_logger.go:87	test logger ...
2021-05-12T23:34:29.826+0800	INFO	gin_web/2021_5_12_zap_定制_logger.go:87	test logger ...
2021-05-12T23:34:29.826+0800	INFO	gin_web/2021_5_12_zap_定制_logger.go:87	test logger ...
2021-05-12T23:34:29.826+0800	INFO	gin_web/2021_5_12_zap_定制_logger.go:87	test logger ...
2021-05-12T23:34:29.826+0800	INFO	gin_web/2021_5_12_zap_定制_logger.go:87	test logger ...
2021-05-12T23:34:29.826+0800	INFO	gin_web/2021_5_12_zap_定制_logger.go:87	test logger ...
2021-05-12T23:34:29.826+0800	INFO	gin_web/2021_5_12_zap_定制_logger.go:87	test logger ...
2021-05-12T23:34:29.826+0800	INFO	gin_web/2021_5_12_zap_定制_logger.go:87	test logger ...
2021-05-12T23:34:29.826+0800	INFO	gin_web/2021_5_12_zap_定制_logger.go:87	test logger ...
2021-05-12T23:34:29.826+0800	INFO	gin_web/2021_5_12_zap_定制_logger.go:87	test logger ...
2021-05-12T23:34:29.826+0800	INFO	gin_web/2021_5_12_zap_定制_logger.go:87	test logger ...
2021-05-12T23:34:29.826+0800	INFO	gin_web/2021_5_12_zap_定制_logger.go:87	test logger ...
2021-05-12T23:34:29.826+0800	INFO	gin_web/2021_5_12_zap_定制_logger.go:87	test logger ...
2021-05-12T23:34:29.826+0800	INFO	gin_web/2021_5_12_zap_定制_logger.go:87	test logger ...
2021-05-12T23:34:29.826+0800	INFO	gin_web/2021_5_12_zap_定制_logger.go:87	test logger ...
2021-05-12T23:34:29.826+0800	INFO	gin_web/2021_5_12_zap_定制_logger.go:87	test logger ...
2021-05-12T23:34:29.826+0800	INFO	gin_web/2021_5_12_zap_定制_logger.go:87	test logger ...
2021-05-12T23:34:29.826+0800	INFO	gin_web/2021_5_12_zap_定制_logger.go:87	test logger ...
2021-05-12T23:34:29.826+0800	INFO	gin_web/2021_5_12_zap_定制_logger.go:87	test logger ...
2021-05-12T23:34:29.826+0800	INFO	gin_web/2021_5_12_zap_定制_logger.go:87	test logger ...
2021-05-12T23:34:29.826+0800	INFO	gin_web/2021_5_12_zap_定制_logger.go:87	test logger ...
2021-05-12T23:34:29.826+0800	INFO	gin_web/2021_5_12_zap_定制_logger.go:87	test logger ...
2021-05-12T23:34:29.826+0800	INFO	gin_web/2021_5_12_zap_定制_logger.go:87	test logger ...
2021-05-12T23:34:29.826+0800	INFO	gin_web/2021_5_12_zap_定制_logger.go:87	test logger ...
2021-05-12T23:34:29.826+0800	INFO	gin_web/2021_5_12_zap_定制_logger.go:87	test logger ...
2021-05-12T23:34:29.826+0800	INFO	gin_web/2021_5_12_zap_定制_logger.go:87	test logger ...
2021-05-12T23:34:29.826+0800	INFO	gin_web/2021_5_12_zap_定制_logger.go:87	test logger ...
2021-05-12T23:34:29.826+0800	INFO	gin_web/2021_5_12_zap_定制_logger.go:87	test logger ...
2021-05-12T23:34:29.826+0800	INFO	gin_web/2021_5_12_zap_定制_logger.go:87	test logger ...
2021-05-12T23:34:29.826+0800	INFO	gin_web/2021_5_12_zap_定制_logger.go:87	test logger ...
2021-05-12T23:34:29.826+0800	INFO	gin_web/2021_5_12_zap_定制_logger.go:87	test logger ...
2021-05-12T23:34:29.826+0800	INFO	gin_web/2021_5_12_zap_定制_logger.go:87	test logger ...
2021-05-12T23:34:29.826+0800	INFO	gin_web/2021_5_12_zap_定制_logger.go:87	test logger ...
2021-05-12T23:34:29.826+0800	INFO	gin_web/2021_5_12_zap_定制_logger.go:87	test logger ...
2021-05-12T23:34:29.826+0800	INFO	gin_web/2021_5_12_zap_定制_logger.go:87	test logger ...
2021-05-12T23:34:29.826+0800	INFO	gin_web/2021_5_12_zap_定制_logger.go:87	test logger ...
2021-05-12T23:34:29.826+0800	INFO	gin_web/2021_5_12_zap_定制_logger.go:87	test logger ...
2021-05-12T23:34:29.826+0800	INFO	gin_web/2021_5_12_zap_定制_logger.go:87	test logger ...
2021-05-12T23:34:29.826+0800	INFO	gin_web/2021_5_12_zap_定制_logger.go:87	test logger ...
2021-05-12T23:34:29.826+0800	INFO	gin_web/2021_5_12_zap_定制_logger.go:87	test logger ...
2021-05-12T23:34:29.827+0800	INFO	gin_web/2021_5_12_zap_定制_logger.go:87	test logger ...
2021-05-12T23:34:29.827+0800	INFO	gin_web/2021_5_12_zap_定制_logger.go:87	test logger ...
2021-05-12T23:34:29.827+0800	INFO	gin_web/2021_5_12_zap_定制_logger.go:87	test logger ...
2021-05-12T23:34:29.827+0800	INFO	gin_web/2021_5_12_zap_定制_logger.go:87	test logger ...
2021-05-12T23:34:29.827+0800	INFO	gin_web/2021_5_12_zap_定制_logger.go:87	test logger ...
2021-05-12T23:34:29.827+0800	INFO	gin_web/2021_5_12_zap_定制_logger.go:87	test logger ...
2021-05-12T23:34:29.827+0800	INFO	gin_web/2021_5_12_zap_定制_logger.go:87	test logger ...
2021-05-12T23:34:29.827+0800	INFO	gin_web/2021_5_12_zap_定制_logger.go:87	test logger ...
2021-05-12T23:34:29.827+0800	INFO	gin_web/2021_5_12_zap_定制_logger.go:87	test logger ...
2021-05-12T23:34:29.827+0800	INFO	gin_web/2021_5_12_zap_定制_logger.go:87	test logger ...
2021-05-12T23:34:29.827+0800	INFO	gin_web/2021_5_12_zap_定制_logger.go:87	test logger ...
2021-05-12T23:34:29.827+0800	INFO	gin_web/2021_5_12_zap_定制_logger.go:87	test logger ...
2021-05-12T23:34:29.827+0800	INFO	gin_web/2021_5_12_zap_定制_logger.go:87	test logger ...
2021-05-12T23:34:29.827+0800	INFO	gin_web/2021_5_12_zap_定制_logger.go:87	test logger ...
2021-05-12T23:34:29.827+0800	INFO	gin_web/2021_5_12_zap_定制_logger.go:87	test logger ...
2021-05-12T23:34:29.827+0800	INFO	gin_web/2021_5_12_zap_定制_logger.go:87	test logger ...
2021-05-12T23:34:29.827+0800	INFO	gin_web/2021_5_12_zap_定制_logger.go:87	test logger ...
2021-05-12T23:34:29.827+0800	INFO	gin_web/2021_5_12_zap_定制_logger.go:87	test logger ...
2021-05-12T23:34:29.827+0800	INFO	gin_web/2021_5_12_zap_定制_logger.go:87	test logger ...
2021-05-12T23:34:29.827+0800	INFO	gin_web/2021_5_12_zap_定制_logger.go:87	test logger ...
2021-05-12T23:34:29.827+0800	INFO	gin_web/2021_5_12_zap_定制_logger.go:87	test logger ...
2021-05-12T23:34:29.827+0800	INFO	gin_web/2021_5_12_zap_定制_logger.go:87	test logger ...
2021-05-12T23:34:29.827+0800	INFO	gin_web/2021_5_12_zap_定制_logger.go:87	test logger ...
2021-05-12T23:34:29.827+0800	INFO	gin_web/2021_5_12_zap_定制_logger.go:87	test logger ...
2021-05-12T23:34:29.827+0800	INFO	gin_web/2021_5_12_zap_定制_logger.go:87	test logger ...
2021-05-12T23:34:29.827+0800	INFO	gin_web/2021_5_12_zap_定制_logger.go:87	test logger ...
2021-05-12T23:34:29.827+0800	INFO	gin_web/2021_5_12_zap_定制_logger.go:87	test logger ...
2021-05-12T23:34:29.827+0800	INFO	gin_web/2021_5_12_zap_定制_logger.go:87	test logger ...
2021-05-12T23:34:29.827+0800	INFO	gin_web/2021_5_12_zap_定制_logger.go:87	test logger ...
2021-05-12T23:34:29.827+0800	INFO	gin_web/2021_5_12_zap_定制_logger.go:87	test logger ...
2021-05-12T23:34:29.827+0800	INFO	gin_web/2021_5_12_zap_定制_logger.go:87	test logger ...
2021-05-12T23:34:29.827+0800	INFO	gin_web/2021_5_12_zap_定制_logger.go:87	test logger ...
2021-05-12T23:34:29.827+0800	INFO	gin_web/2021_5_12_zap_定制_logger.go:87	test logger ...
2021-05-12T23:34:29.827+0800	INFO	gin_web/2021_5_12_zap_定制_logger.go:87	test logger ...
2021-05-12T23:34:29.827+0800	INFO	gin_web/2021_5_12_zap_定制_logger.go:87	test logger ...
2021-05-12T23:34:29.827+0800	INFO	gin_web/2021_5_12_zap_定制_logger.go:87	test logger ...
2021-05-12T23:34:29.827+0800	INFO	gin_web/2021_5_12_zap_定制_logger.go:87	test logger ...
2021-05-12T23:34:29.827+0800	INFO	gin_web/2021_5_12_zap_定制_logger.go:87	test logger ...
2021-05-12T23:34:29.827+0800	INFO	gin_web/2021_5_12_zap_定制_logger.go:87	test logger ...
2021-05-12T23:34:29.827+0800	INFO	gin_web/2021_5_12_zap_定制_logger.go:87	test logger ...
2021-05-12T23:34:29.827+0800	INFO	gin_web/2021_5_12_zap_定制_logger.go:87	test logger ...
2021-05-12T23:34:29.827+0800	INFO	gin_web/2021_5_12_zap_定制_logger.go:87	test logger ...
2021-05-12T23:34:29.827+0800	INFO	gin_web/2021_5_12_zap_定制_logger.go:87	test logger ...
2021-05-12T23:34:29.827+0800	INFO	gin_web/2021_5_12_zap_定制_logger.go:87	test logger ...
2021-05-12T23:34:29.827+0800	INFO	gin_web/2021_5_12_zap_定制_logger.go:87	test logger ...
2021-05-12T23:34:29.827+0800	INFO	gin_web/2021_5_12_zap_定制_logger.go:87	test logger ...
2021-05-12T23:34:29.827+0800	INFO	gin_web/2021_5_12_zap_定制_logger.go:87	test logger ...
2021-05-12T23:34:29.827+0800	INFO	gin_web/2021_5_12_zap_定制_logger.go:87	test logger ...
2021-05-12T23:34:29.827+0800	INFO	gin_web/2021_5_12_zap_定制_logger.go:87	test logger ...
2021-05-12T23:34:29.827+0800	INFO	gin_web/2021_5_12_zap_定制_logger.go:87	test logger ...
2021-05-12T23:34:29.827+0800	INFO	gin_web/2021_5_12_zap_定制_logger.go:87	test logger ...
2021-05-12T23:34:29.827+0800	INFO	gin_web/2021_5_12_zap_定制_logger.go:87	test logger ...
2021-05-12T23:34:29.827+0800	INFO	gin_web/2021_5_12_zap_定制_logger.go:87	test logger ...
2021-05-12T23:34:29.827+0800	INFO	gin_web/2021_5_12_zap_定制_logger.go:87	test logger ...
2021-05-12T23:34:29.827+0800	INFO	gin_web/2021_5_12_zap_定制_logger.go:87	test logger ...
2021-05-12T23:34:29.827+0800	INFO	gin_web/2021_5_12_zap_定制_logger.go:87	test logger ...
2021-05-12T23:34:29.827+0800	INFO	gin_web/2021_5_12_zap_定制_logger.go:87	test logger ...
2021-05-12T23:34:29.827+0800	INFO	gin_web/2021_5_12_zap_定制_logger.go:87	test logger ...
2021-05-12T23:34:29.827+0800	INFO	gin_web/2021_5_12_zap_定制_logger.go:87	test logger ...
2021-05-12T23:34:29.827+0800	INFO	gin_web/2021_5_12_zap_定制_logger.go:87	test logger ...
2021-05-12T23:34:29.827+0800	INFO	gin_web/2021_5_12_zap_定制_logger.go:87	test logger ...
2021-05-12T23:34:29.827+0800	INFO	gin_web/2021_5_12_zap_定制_logger.go:87	test logger ...
2021-05-12T23:34:29.827+0800	INFO	gin_web/2021_5_12_zap_定制_logger.go:87	test logger ...
2021-05-12T23:34:29.827+0800	INFO	gin_web/2021_5_12_zap_定制_logger.go:87	test logger ...
2021-05-12T23:34:29.827+0800	INFO	gin_web/2021_5_12_zap_定制_logger.go:87	test logger ...
2021-05-12T23:34:29.827+0800	INFO	gin_web/2021_5_12_zap_定制_logger.go:87	test logger ...
2021-05-12T23:34:29.827+0800	INFO	gin_web/2021_5_12_zap_定制_logger.go:87	test logger ...
2021-05-12T23:34:29.827+0800	INFO	gin_web/2021_5_12_zap_定制_logger.go:87	test logger ...
2021-05-12T23:34:29.827+0800	INFO	gin_web/2021_5_12_zap_定制_logger.go:87	test logger ...
2021-05-12T23:34:29.827+0800	INFO	gin_web/2021_5_12_zap_定制_logger.go:87	test logger ...
2021-05-12T23:34:29.827+0800	INFO	gin_web/2021_5_12_zap_定制_logger.go:87	test logger ...
2021-05-12T23:34:29.827+0800	INFO	gin_web/2021_5_12_zap_定制_logger.go:87	test logger ...
2021-05-12T23:34:29.827+0800	INFO	gin_web/2021_5_12_zap_定制_logger.go:87	test logger ...
2021-05-12T23:34:29.827+0800	INFO	gin_web/2021_5_12_zap_定制_logger.go:87	test logger ...
2021-05-12T23:34:29.827+0800	INFO	gin_web/2021_5_12_zap_定制_logger.go:87	test logger ...
2021-05-12T23:34:29.827+0800	INFO	gin_web/2021_5_12_zap_定制_logger.go:87	test logger ...
2021-05-12T23:34:29.827+0800	INFO	gin_web/2021_5_12_zap_定制_logger.go:87	test logger ...
2021-05-12T23:34:29.827+0800	INFO	gin_web/2021_5_12_zap_定制_logger.go:87	test logger ...
2021-05-12T23:34:29.827+0800	INFO	gin_web/2021_5_12_zap_定制_logger.go:87	test logger ...
2021-05-12T23:34:29.827+0800	INFO	gin_web/2021_5_12_zap_定制_logger.go:87	test logger ...
2021-05-12T23:34:29.827+0800	INFO	gin_web/2021_5_12_zap_定制_logger.go:87	test logger ...
2021-05-12T23:34:29.827+0800	INFO	gin_web/2021_5_12_zap_定制_logger.go:87	test logger ...
2021-05-12T23:34:29.827+0800	INFO	gin_web/2021_5_12_zap_定制_logger.go:87	test logger ...
2021-05-12T23:34:29.827+0800	INFO	gin_web/2021_5_12_zap_定制_logger.go:87	test logger ...
2021-05-12T23:34:29.827+0800	INFO	gin_web/2021_5_12_zap_定制_logger.go:87	test logger ...
2021-05-12T23:34:29.827+0800	INFO	gin_web/2021_5_12_zap_定制_logger.go:87	test logger ...
2021-05-12T23:34:29.827+0800	INFO	gin_web/2021_5_12_zap_定制_logger.go:87	test logger ...
2021-05-12T23:34:29.827+0800	INFO	gin_web/2021_5_12_zap_定制_logger.go:87	test logger ...
2021-05-12T23:34:29.827+0800	INFO	gin_web/2021_5_12_zap_定制_logger.go:87	test logger ...
2021-05-12T23:34:29.827+0800	INFO	gin_web/2021_5_12_zap_定制_logger.go:87	test logger ...
2021-05-12T23:34:29.827+0800	INFO	gin_web/2021_5_12_zap_定制_logger.go:87	test logger ...
2021-05-12T23:34:29.827+0800	INFO	gin_web/2021_5_12_zap_定制_logger.go:87	test logger ...
2021-05-12T23:34:29.827+0800	INFO	gin_web/2021_5_12_zap_定制_logger.go:87	test logger ...
2021-05-12T23:34:29.827+0800	INFO	gin_web/2021_5_12_zap_定制_logger.go:87	test logger ...
2021-05-12T23:34:29.827+0800	INFO	gin_web/2021_5_12_zap_定制_logger.go:87	test logger ...
2021-05-12T23:34:29.827+0800	INFO	gin_web/2021_5_12_zap_定制_logger.go:87	test logger ...
2021-05-12T23:34:29.827+0800	INFO	gin_web/2021_5_12_zap_定制_logger.go:87	test logger ...
2021-05-12T23:34:29.827+0800	INFO	gin_web/2021_5_12_zap_定制_logger.go:87	test logger ...
2021-05-12T23:34:29.827+0800	INFO	gin_web/2021_5_12_zap_定制_logger.go:87	test logger ...
2021-05-12T23:34:29.827+0800	INFO	gin_web/2021_5_12_zap_定制_logger.go:87	test logger ...
2021-05-12T23:34:29.827+0800	INFO	gin_web/2021_5_12_zap_定制_logger.go:87	test logger ...
2021-05-12T23:34:29.827+0800	INFO	gin_web/2021_5_12_zap_定制_logger.go:87	test logger ...
2021-05-12T23:34:29.827+0800	INFO	gin_web/2021_5_12_zap_定制_logger.go:87	test logger ...
2021-05-12T23:34:29.827+0800	INFO	gin_web/2021_5_12_zap_定制_logger.go:87	test logger ...
2021-05-12T23:34:29.828+0800	INFO	gin_web/2021_5_12_zap_定制_logger.go:87	test logger ...
2021-05-12T23:34:29.828+0800	INFO	gin_web/2021_5_12_zap_定制_logger.go:87	test logger ...
2021-05-12T23:34:29.828+0800	INFO	gin_web/2021_5_12_zap_定制_logger.go:87	test logger ...
2021-05-12T23:34:29.828+0800	INFO	gin_web/2021_5_12_zap_定制_logger.go:87	test logger ...
2021-05-12T23:34:29.828+0800	INFO	gin_web/2021_5_12_zap_定制_logger.go:87	test logger ...
2021-05-12T23:34:29.828+0800	INFO	gin_web/2021_5_12_zap_定制_logger.go:87	test logger ...
2021-05-12T23:34:29.828+0800	INFO	gin_web/2021_5_12_zap_定制_logger.go:87	test logger ...
2021-05-12T23:34:29.828+0800	INFO	gin_web/2021_5_12_zap_定制_logger.go:87	test logger ...
2021-05-12T23:34:29.828+0800	INFO	gin_web/2021_5_12_zap_定制_logger.go:87	test logger ...
2021-05-12T23:34:29.828+0800	INFO	gin_web/2021_5_12_zap_定制_logger.go:87	test logger ...
2021-05-12T23:34:29.828+0800	INFO	gin_web/2021_5_12_zap_定制_logger.go:87	test logger ...
2021-05-12T23:34:29.828+0800	INFO	gin_web/2021_5_12_zap_定制_logger.go:87	test logger ...
2021-05-12T23:34:29.828+0800	INFO	gin_web/2021_5_12_zap_定制_logger.go:87	test logger ...
2021-05-12T23:34:29.828+0800	INFO	gin_web/2021_5_12_zap_定制_logger.go:87	test logger ...
2021-05-12T23:34:29.828+0800	INFO	gin_web/2021_5_12_zap_定制_logger.go:87	test logger ...
2021-05-12T23:34:29.828+0800	INFO	gin_web/2021_5_12_zap_定制_logger.go:87	test logger ...
2021-05-12T23:34:29.828+0800	INFO	gin_web/2021_5_12_zap_定制_logger.go:87	test logger ...
2021-05-12T23:34:29.828+0800	INFO	gin_web/2021_5_12_zap_定制_logger.go:87	test logger ...
2021-05-12T23:34:29.828+0800	INFO	gin_web/2021_5_12_zap_定制_logger.go:87	test logger ...
2021-05-12T23:34:29.828+0800	INFO	gin_web/2021_5_12_zap_定制_logger.go:87	test logger ...
2021-05-12T23:34:29.828+0800	INFO	gin_web/2021_5_12_zap_定制_logger.go:87	test logger ...
2021-05-12T23:34:29.828+0800	INFO	gin_web/2021_5_12_zap_定制_logger.go:87	test logger ...
2021-05-12T23:34:29.828+0800	INFO	gin_web/2021_5_12_zap_定制_logger.go:87	test logger ...
2021-05-12T23:34:29.828+0800	INFO	gin_web/2021_5_12_zap_定制_logger.go:87	test logger ...
2021-05-12T23:34:29.828+0800	INFO	gin_web/2021_5_12_zap_定制_logger.go:87	test logger ...
2021-05-12T23:34:29.828+0800	INFO	gin_web/2021_5_12_zap_定制_logger.go:87	test logger ...
2021-05-12T23:34:29.828+0800	INFO	gin_web/2021_5_12_zap_定制_logger.go:87	test logger ...
2021-05-12T23:34:29.828+0800	INFO	gin_web/2021_5_12_zap_定制_logger.go:87	test logger ...
2021-05-12T23:34:29.828+0800	INFO	gin_web/2021_5_12_zap_定制_logger.go:87	test logger ...
2021-05-12T23:34:29.828+0800	INFO	gin_web/2021_5_12_zap_定制_logger.go:87	test logger ...
2021-05-12T23:34:29.828+0800	INFO	gin_web/2021_5_12_zap_定制_logger.go:87	test logger ...
2021-05-12T23:34:29.828+0800	INFO	gin_web/2021_5_12_zap_定制_logger.go:87	test logger ...
2021-05-12T23:34:29.828+0800	INFO	gin_web/2021_5_12_zap_定制_logger.go:87	test logger ...
2021-05-12T23:34:29.828+0800	INFO	gin_web/2021_5_12_zap_定制_logger.go:87	test logger ...
2021-05-12T23:34:29.828+0800	INFO	gin_web/2021_5_12_zap_定制_logger.go:87	test logger ...
2021-05-12T23:34:29.828+0800	INFO	gin_web/2021_5_12_zap_定制_logger.go:87	test logger ...
2021-05-12T23:34:29.828+0800	INFO	gin_web/2021_5_12_zap_定制_logger.go:87	test logger ...
2021-05-12T23:34:29.828+0800	INFO	gin_web/2021_5_12_zap_定制_logger.go:87	test logger ...
2021-05-12T23:34:29.828+0800	INFO	gin_web/2021_5_12_zap_定制_logger.go:87	test logger ...
2021-05-12T23:34:29.828+0800	INFO	gin_web/2021_5_12_zap_定制_logger.go:87	test logger ...
2021-05-12T23:34:29.828+0800	INFO	gin_web/2021_5_12_zap_定制_logger.go:87	test logger ...
2021-05-12T23:34:29.828+0800	INFO	gin_web/2021_5_12_zap_定制_logger.go:87	test logger ...
2021-05-12T23:34:29.828+0800	INFO	gin_web/2021_5_12_zap_定制_logger.go:87	test logger ...
2021-05-12T23:34:29.828+0800	INFO	gin_web/2021_5_12_zap_定制_logger.go:87	test logger ...
2021-05-12T23:34:29.828+0800	INFO	gin_web/2021_5_12_zap_定制_logger.go:87	test logger ...
2021-05-12T23:34:29.828+0800	INFO	gin_web/2021_5_12_zap_定制_logger.go:87	test logger ...
2021-05-12T23:34:29.828+0800	INFO	gin_web/2021_5_12_zap_定制_logger.go:87	test logger ...
2021-05-12T23:34:29.828+0800	INFO	gin_web/2021_5_12_zap_定制_logger.go:87	test logger ...
2021-05-12T23:34:29.828+0800	INFO	gin_web/2021_5_12_zap_定制_logger.go:87	test logger ...
2021-05-12T23:34:29.828+0800	INFO	gin_web/2021_5_12_zap_定制_logger.go:87	test logger ...
2021-05-12T23:34:29.828+0800	INFO	gin_web/2021_5_12_zap_定制_logger.go:87	test logger ...
2021-05-12T23:34:29.828+0800	INFO	gin_web/2021_5_12_zap_定制_logger.go:87	test logger ...
2021-05-12T23:34:29.828+0800	INFO	gin_web/2021_5_12_zap_定制_logger.go:87	test logger ...
2021-05-12T23:34:29.828+0800	INFO	gin_web/2021_5_12_zap_定制_logger.go:87	test logger ...
2021-05-12T23:34:29.828+0800	INFO	gin_web/2021_5_12_zap_定制_logger.go:87	test logger ...
2021-05-12T23:34:29.828+0800	INFO	gin_web/2021_5_12_zap_定制_logger.go:87	test logger ...
2021-05-12T23:34:29.828+0800	INFO	gin_web/2021_5_12_zap_定制_logger.go:87	test logger ...
2021-05-12T23:34:29.828+0800	INFO	gin_web/2021_5_12_zap_定制_logger.go:87	test logger ...
2021-05-12T23:34:29.828+0800	INFO	gin_web/2021_5_12_zap_定制_logger.go:87	test logger ...
2021-05-12T23:34:29.828+0800	INFO	gin_web/2021_5_12_zap_定制_logger.go:87	test logger ...
2021-05-12T23:34:29.828+0800	INFO	gin_web/2021_5_12_zap_定制_logger.go:87	test logger ...
2021-05-12T23:34:29.828+0800	INFO	gin_web/2021_5_12_zap_定制_logger.go:87	test logger ...
2021-05-12T23:34:29.828+0800	INFO	gin_web/2021_5_12_zap_定制_logger.go:87	test logger ...
2021-05-12T23:34:29.828+0800	INFO	gin_web/2021_5_12_zap_定制_logger.go:87	test logger ...
2021-05-12T23:34:29.828+0800	INFO	gin_web/2021_5_12_zap_定制_logger.go:87	test logger ...
2021-05-12T23:34:29.828+0800	INFO	gin_web/2021_5_12_zap_定制_logger.go:87	test logger ...
2021-05-12T23:34:29.828+0800	INFO	gin_web/2021_5_12_zap_定制_logger.go:87	test logger ...
2021-05-12T23:34:29.828+0800	INFO	gin_web/2021_5_12_zap_定制_logger.go:87	test logger ...
2021-05-12T23:34:29.828+0800	INFO	gin_web/2021_5_12_zap_定制_logger.go:87	test logger ...
2021-05-12T23:34:29.828+0800	INFO	gin_web/2021_5_12_zap_定制_logger.go:87	test logger ...
2021-05-12T23:34:29.828+0800	INFO	gin_web/2021_5_12_zap_定制_logger.go:87	test logger ...
2021-05-12T23:34:29.828+0800	INFO	gin_web/2021_5_12_zap_定制_logger.go:87	test logger ...
2021-05-12T23:34:29.828+0800	INFO	gin_web/2021_5_12_zap_定制_logger.go:87	test logger ...
2021-05-12T23:34:29.828+0800	INFO	gin_web/2021_5_12_zap_定制_logger.go:87	test logger ...
2021-05-12T23:34:29.828+0800	INFO	gin_web/2021_5_12_zap_定制_logger.go:87	test logger ...
2021-05-12T23:34:29.828+0800	INFO	gin_web/2021_5_12_zap_定制_logger.go:87	test logger ...
2021-05-12T23:34:29.828+0800	INFO	gin_web/2021_5_12_zap_定制_logger.go:87	test logger ...
2021-05-12T23:34:29.828+0800	INFO	gin_web/2021_5_12_zap_定制_logger.go:87	test logger ...
2021-05-12T23:34:29.828+0800	INFO	gin_web/2021_5_12_zap_定制_logger.go:87	test logger ...
2021-05-12T23:34:29.828+0800	INFO	gin_web/2021_5_12_zap_定制_logger.go:87	test logger ...
2021-05-12T23:34:29.828+0800	INFO	gin_web/2021_5_12_zap_定制_logger.go:87	test logger ...
2021-05-12T23:34:29.828+0800	INFO	gin_web/2021_5_12_zap_定制_logger.go:87	test logger ...
2021-05-12T23:34:29.828+0800	INFO	gin_web/2021_5_12_zap_定制_logger.go:87	test logger ...
2021-05-12T23:34:29.828+0800	INFO	gin_web/2021_5_12_zap_定制_logger.go:87	test logger ...
2021-05-12T23:34:29.828+0800	INFO	gin_web/2021_5_12_zap_定制_logger.go:87	test logger ...
2021-05-12T23:34:29.828+0800	INFO	gin_web/2021_5_12_zap_定制_logger.go:87	test logger ...
2021-05-12T23:34:29.828+0800	INFO	gin_web/2021_5_12_zap_定制_logger.go:87	test logger ...
2021-05-12T23:34:29.828+0800	INFO	gin_web/2021_5_12_zap_定制_logger.go:87	test logger ...
2021-05-12T23:34:29.828+0800	INFO	gin_web/2021_5_12_zap_定制_logger.go:87	test logger ...
2021-05-12T23:34:29.828+0800	INFO	gin_web/2021_5_12_zap_定制_logger.go:87	test logger ...
2021-05-12T23:34:29.828+0800	INFO	gin_web/2021_5_12_zap_定制_logger.go:87	test logger ...
2021-05-12T23:34:29.828+0800	INFO	gin_web/2021_5_12_zap_定制_logger.go:87	test logger ...
2021-05-12T23:34:29.828+0800	INFO	gin_web/2021_5_12_zap_定制_logger.go:87	test logger ...
2021-05-12T23:34:29.828+0800	INFO	gin_web/2021_5_12_zap_定制_logger.go:87	test logger ...
2021-05-12T23:34:29.828+0800	INFO	gin_web/2021_5_12_zap_定制_logger.go:87	test logger ...
2021-05-12T23:34:29.828+0800	INFO	gin_web/2021_5_12_zap_定制_logger.go:87	test logger ...
2021-05-12T23:34:29.828+0800	INFO	gin_web/2021_5_12_zap_定制_logger.go:87	test logger ...
2021-05-12T23:34:29.828+0800	INFO	gin_web/2021_5_12_zap_定制_logger.go:87	test logger ...
2021-05-12T23:34:29.828+0800	INFO	gin_web/2021_5_12_zap_定制_logger.go:87	test logger ...
2021-05-12T23:34:29.828+0800	INFO	gin_web/2021_5_12_zap_定制_logger.go:87	test logger ...
2021-05-12T23:34:29.828+0800	INFO	gin_web/2021_5_12_zap_定制_logger.go:87	test logger ...
2021-05-12T23:34:29.828+0800	INFO	gin_web/2021_5_12_zap_定制_logger.go:87	test logger ...
2021-05-12T23:34:29.828+0800	INFO	gin_web/2021_5_12_zap_定制_logger.go:87	test logger ...
2021-05-12T23:34:29.828+0800	INFO	gin_web/2021_5_12_zap_定制_logger.go:87	test logger ...
2021-05-12T23:34:29.828+0800	INFO	gin_web/2021_5_12_zap_定制_logger.go:87	test logger ...
2021-05-12T23:34:29.828+0800	INFO	gin_web/2021_5_12_zap_定制_logger.go:87	test logger ...
2021-05-12T23:34:29.829+0800	INFO	gin_web/2021_5_12_zap_定制_logger.go:87	test logger ...
2021-05-12T23:34:29.829+0800	INFO	gin_web/2021_5_12_zap_定制_logger.go:87	test logger ...
2021-05-12T23:34:29.829+0800	INFO	gin_web/2021_5_12_zap_定制_logger.go:87	test logger ...
2021-05-12T23:34:29.829+0800	INFO	gin_web/2021_5_12_zap_定制_logger.go:87	test logger ...
2021-05-12T23:34:29.829+0800	INFO	gin_web/2021_5_12_zap_定制_logger.go:87	test logger ...
2021-05-12T23:34:29.829+0800	INFO	gin_web/2021_5_12_zap_定制_logger.go:87	test logger ...
2021-05-12T23:34:29.829+0800	INFO	gin_web/2021_5_12_zap_定制_logger.go:87	test logger ...
2021-05-12T23:34:29.829+0800	INFO	gin_web/2021_5_12_zap_定制_logger.go:87	test logger ...
2021-05-12T23:34:29.829+0800	INFO	gin_web/2021_5_12_zap_定制_logger.go:87	test logger ...
2021-05-12T23:34:29.829+0800	INFO	gin_web/2021_5_12_zap_定制_logger.go:87	test logger ...
2021-05-12T23:34:29.829+0800	INFO	gin_web/2021_5_12_zap_定制_logger.go:87	test logger ...
2021-05-12T23:34:29.829+0800	INFO	gin_web/2021_5_12_zap_定制_logger.go:87	test logger ...
2021-05-12T23:34:29.829+0800	INFO	gin_web/2021_5_12_zap_定制_logger.go:87	test logger ...
2021-05-12T23:34:29.829+0800	INFO	gin_web/2021_5_12_zap_定制_logger.go:87	test logger ...
2021-05-12T23:34:29.829+0800	INFO	gin_web/2021_5_12_zap_定制_logger.go:87	test logger ...
2021-05-12T23:34:29.829+0800	INFO	gin_web/2021_5_12_zap_定制_logger.go:87	test logger ...
2021-05-12T23:34:29.829+0800	INFO	gin_web/2021_5_12_zap_定制_logger.go:87	test logger ...
2021-05-12T23:34:29.829+0800	INFO	gin_web/2021_5_12_zap_定制_logger.go:87	test logger ...
2021-05-12T23:34:29.829+0800	INFO	gin_web/2021_5_12_zap_定制_logger.go:87	test logger ...
2021-05-12T23:34:29.829+0800	INFO	gin_web/2021_5_12_zap_定制_logger.go:87	test logger ...
2021-05-12T23:34:29.829+0800	INFO	gin_web/2021_5_12_zap_定制_logger.go:87	test logger ...
2021-05-12T23:34:29.829+0800	INFO	gin_web/2021_5_12_zap_定制_logger.go:87	test logger ...
2021-05-12T23:34:29.829+0800	INFO	gin_web/2021_5_12_zap_定制_logger.go:87	test logger ...
2021-05-12T23:34:29.829+0800	INFO	gin_web/2021_5_12_zap_定制_logger.go:87	test logger ...
2021-05-12T23:34:29.829+0800	INFO	gin_web/2021_5_12_zap_定制_logger.go:87	test logger ...
2021-05-12T23:34:29.829+0800	INFO	gin_web/2021_5_12_zap_定制_logger.go:87	test logger ...
2021-05-12T23:34:29.829+0800	INFO	gin_web/2021_5_12_zap_定制_logger.go:87	test logger ...
2021-05-12T23:34:29.829+0800	INFO	gin_web/2021_5_12_zap_定制_logger.go:87	test logger ...
2021-05-12T23:34:29.829+0800	INFO	gin_web/2021_5_12_zap_定制_logger.go:87	test logger ...
2021-05-12T23:34:29.829+0800	INFO	gin_web/2021_5_12_zap_定制_logger.go:87	test logger ...
2021-05-12T23:34:29.829+0800	INFO	gin_web/2021_5_12_zap_定制_logger.go:87	test logger ...
2021-05-12T23:34:29.829+0800	INFO	gin_web/2021_5_12_zap_定制_logger.go:87	test logger ...
2021-05-12T23:34:29.829+0800	INFO	gin_web/2021_5_12_zap_定制_logger.go:87	test logger ...
2021-05-12T23:34:29.829+0800	INFO	gin_web/2021_5_12_zap_定制_logger.go:87	test logger ...
2021-05-12T23:34:29.829+0800	INFO	gin_web/2021_5_12_zap_定制_logger.go:87	test logger ...
2021-05-12T23:34:29.829+0800	INFO	gin_web/2021_5_12_zap_定制_logger.go:87	test logger ...
2021-05-12T23:34:29.829+0800	INFO	gin_web/2021_5_12_zap_定制_logger.go:87	test logger ...
2021-05-12T23:34:29.829+0800	INFO	gin_web/2021_5_12_zap_定制_logger.go:87	test logger ...
2021-05-12T23:34:29.829+0800	INFO	gin_web/2021_5_12_zap_定制_logger.go:87	test logger ...
2021-05-12T23:34:29.829+0800	INFO	gin_web/2021_5_12_zap_定制_logger.go:87	test logger ...
2021-05-12T23:34:29.829+0800	INFO	gin_web/2021_5_12_zap_定制_logger.go:87	test logger ...
2021-05-12T23:34:29.829+0800	INFO	gin_web/2021_5_12_zap_定制_logger.go:87	test logger ...
2021-05-12T23:34:29.829+0800	INFO	gin_web/2021_5_12_zap_定制_logger.go:87	test logger ...
2021-05-12T23:34:29.829+0800	INFO	gin_web/2021_5_12_zap_定制_logger.go:87	test logger ...
2021-05-12T23:34:29.829+0800	INFO	gin_web/2021_5_12_zap_定制_logger.go:87	test logger ...
2021-05-12T23:34:29.829+0800	INFO	gin_web/2021_5_12_zap_定制_logger.go:87	test logger ...
2021-05-12T23:34:29.829+0800	INFO	gin_web/2021_5_12_zap_定制_logger.go:87	test logger ...
2021-05-12T23:34:29.829+0800	INFO	gin_web/2021_5_12_zap_定制_logger.go:87	test logger ...
2021-05-12T23:34:29.829+0800	INFO	gin_web/2021_5_12_zap_定制_logger.go:87	test logger ...
2021-05-12T23:34:29.829+0800	INFO	gin_web/2021_5_12_zap_定制_logger.go:87	test logger ...
2021-05-12T23:34:29.829+0800	INFO	gin_web/2021_5_12_zap_定制_logger.go:87	test logger ...
2021-05-12T23:34:29.829+0800	INFO	gin_web/2021_5_12_zap_定制_logger.go:87	test logger ...
2021-05-12T23:34:29.829+0800	INFO	gin_web/2021_5_12_zap_定制_logger.go:87	test logger ...
2021-05-12T23:34:29.829+0800	INFO	gin_web/2021_5_12_zap_定制_logger.go:87	test logger ...
2021-05-12T23:34:29.829+0800	INFO	gin_web/2021_5_12_zap_定制_logger.go:87	test logger ...
2021-05-12T23:34:29.829+0800	INFO	gin_web/2021_5_12_zap_定制_logger.go:87	test logger ...
2021-05-12T23:34:29.829+0800	INFO	gin_web/2021_5_12_zap_定制_logger.go:87	test logger ...
2021-05-12T23:34:29.829+0800	INFO	gin_web/2021_5_12_zap_定制_logger.go:87	test logger ...
2021-05-12T23:34:29.829+0800	INFO	gin_web/2021_5_12_zap_定制_logger.go:87	test logger ...
2021-05-12T23:34:29.829+0800	INFO	gin_web/2021_5_12_zap_定制_logger.go:87	test logger ...
2021-05-12T23:34:29.829+0800	INFO	gin_web/2021_5_12_zap_定制_logger.go:87	test logger ...
2021-05-12T23:34:29.829+0800	INFO	gin_web/2021_5_12_zap_定制_logger.go:87	test logger ...
2021-05-12T23:34:29.829+0800	INFO	gin_web/2021_5_12_zap_定制_logger.go:87	test logger ...
2021-05-12T23:34:29.829+0800	INFO	gin_web/2021_5_12_zap_定制_logger.go:87	test logger ...
2021-05-12T23:34:29.829+0800	INFO	gin_web/2021_5_12_zap_定制_logger.go:87	test logger ...
2021-05-12T23:34:29.829+0800	INFO	gin_web/2021_5_12_zap_定制_logger.go:87	test logger ...
2021-05-12T23:34:29.829+0800	INFO	gin_web/2021_5_12_zap_定制_logger.go:87	test logger ...
2021-05-12T23:34:29.829+0800	INFO	gin_web/2021_5_12_zap_定制_logger.go:87	test logger ...
2021-05-12T23:34:29.829+0800	INFO	gin_web/2021_5_12_zap_定制_logger.go:87	test logger ...
2021-05-12T23:34:29.829+0800	INFO	gin_web/2021_5_12_zap_定制_logger.go:87	test logger ...
2021-05-12T23:34:29.829+0800	INFO	gin_web/2021_5_12_zap_定制_logger.go:87	test logger ...
2021-05-12T23:34:29.829+0800	INFO	gin_web/2021_5_12_zap_定制_logger.go:87	test logger ...
2021-05-12T23:34:29.829+0800	INFO	gin_web/2021_5_12_zap_定制_logger.go:87	test logger ...
2021-05-12T23:34:29.829+0800	INFO	gin_web/2021_5_12_zap_定制_logger.go:87	test logger ...
2021-05-12T23:34:29.829+0800	INFO	gin_web/2021_5_12_zap_定制_logger.go:87	test logger ...
2021-05-12T23:34:29.829+0800	INFO	gin_web/2021_5_12_zap_定制_logger.go:87	test logger ...
2021-05-12T23:34:29.829+0800	INFO	gin_web/2021_5_12_zap_定制_logger.go:87	test logger ...
2021-05-12T23:34:29.829+0800	INFO	gin_web/2021_5_12_zap_定制_logger.go:87	test logger ...
2021-05-12T23:34:29.829+0800	INFO	gin_web/2021_5_12_zap_定制_logger.go:87	test logger ...
2021-05-12T23:34:29.829+0800	INFO	gin_web/2021_5_12_zap_定制_logger.go:87	test logger ...
2021-05-12T23:34:29.829+0800	INFO	gin_web/2021_5_12_zap_定制_logger.go:87	test logger ...
2021-05-12T23:34:29.829+0800	INFO	gin_web/2021_5_12_zap_定制_logger.go:87	test logger ...
2021-05-12T23:34:29.829+0800	INFO	gin_web/2021_5_12_zap_定制_logger.go:87	test logger ...
2021-05-12T23:34:29.829+0800	INFO	gin_web/2021_5_12_zap_定制_logger.go:87	test logger ...
2021-05-12T23:34:29.829+0800	INFO	gin_web/2021_5_12_zap_定制_logger.go:87	test logger ...
2021-05-12T23:34:29.829+0800	INFO	gin_web/2021_5_12_zap_定制_logger.go:87	test logger ...
2021-05-12T23:34:29.829+0800	INFO	gin_web/2021_5_12_zap_定制_logger.go:87	test logger ...
2021-05-12T23:34:29.829+0800	INFO	gin_web/2021_5_12_zap_定制_logger.go:87	test logger ...
2021-05-12T23:34:29.829+0800	INFO	gin_web/2021_5_12_zap_定制_logger.go:87	test logger ...
2021-05-12T23:34:29.829+0800	INFO	gin_web/2021_5_12_zap_定制_logger.go:87	test logger ...
2021-05-12T23:34:29.829+0800	INFO	gin_web/2021_5_12_zap_定制_logger.go:87	test logger ...
2021-05-12T23:34:29.829+0800	INFO	gin_web/2021_5_12_zap_定制_logger.go:87	test logger ...
2021-05-12T23:34:29.829+0800	INFO	gin_web/2021_5_12_zap_定制_logger.go:87	test logger ...
2021-05-12T23:34:29.829+0800	INFO	gin_web/2021_5_12_zap_定制_logger.go:87	test logger ...
2021-05-12T23:34:29.829+0800	INFO	gin_web/2021_5_12_zap_定制_logger.go:87	test logger ...
2021-05-12T23:34:29.829+0800	INFO	gin_web/2021_5_12_zap_定制_logger.go:87	test logger ...
2021-05-12T23:34:29.829+0800	INFO	gin_web/2021_5_12_zap_定制_logger.go:87	test logger ...
2021-05-12T23:34:29.829+0800	INFO	gin_web/2021_5_12_zap_定制_logger.go:87	test logger ...
2021-05-12T23:34:29.829+0800	INFO	gin_web/2021_5_12_zap_定制_logger.go:87	test logger ...
2021-05-12T23:34:29.830+0800	INFO	gin_web/2021_5_12_zap_定制_logger.go:87	test logger ...
2021-05-12T23:34:29.830+0800	INFO	gin_web/2021_5_12_zap_定制_logger.go:87	test logger ...
2021-05-12T23:34:29.830+0800	INFO	gin_web/2021_5_12_zap_定制_logger.go:87	test logger ...
2021-05-12T23:34:29.830+0800	INFO	gin_web/2021_5_12_zap_定制_logger.go:87	test logger ...
2021-05-12T23:34:29.830+0800	INFO	gin_web/2021_5_12_zap_定制_logger.go:87	test logger ...
2021-05-12T23:34:29.830+0800	INFO	gin_web/2021_5_12_zap_定制_logger.go:87	test logger ...
2021-05-12T23:34:29.830+0800	INFO	gin_web/2021_5_12_zap_定制_logger.go:87	test logger ...
2021-05-12T23:34:29.830+0800	INFO	gin_web/2021_5_12_zap_定制_logger.go:87	test logger ...
2021-05-12T23:34:29.830+0800	INFO	gin_web/2021_5_12_zap_定制_logger.go:87	test logger ...
2021-05-12T23:34:29.830+0800	INFO	gin_web/2021_5_12_zap_定制_logger.go:87	test logger ...
2021-05-12T23:34:29.830+0800	INFO	gin_web/2021_5_12_zap_定制_logger.go:87	test logger ...
2021-05-12T23:34:29.830+0800	INFO	gin_web/2021_5_12_zap_定制_logger.go:87	test logger ...
2021-05-12T23:34:29.830+0800	INFO	gin_web/2021_5_12_zap_定制_logger.go:87	test logger ...
2021-05-12T23:34:29.830+0800	INFO	gin_web/2021_5_12_zap_定制_logger.go:87	test logger ...
2021-05-12T23:34:29.830+0800	INFO	gin_web/2021_5_12_zap_定制_logger.go:87	test logger ...
2021-05-12T23:34:29.830+0800	INFO	gin_web/2021_5_12_zap_定制_logger.go:87	test logger ...
2021-05-12T23:34:29.830+0800	INFO	gin_web/2021_5_12_zap_定制_logger.go:87	test logger ...
2021-05-12T23:34:29.830+0800	INFO	gin_web/2021_5_12_zap_定制_logger.go:87	test logger ...
2021-05-12T23:34:29.830+0800	INFO	gin_web/2021_5_12_zap_定制_logger.go:87	test logger ...
2021-05-12T23:34:29.830+0800	INFO	gin_web/2021_5_12_zap_定制_logger.go:87	test logger ...
2021-05-12T23:34:29.830+0800	INFO	gin_web/2021_5_12_zap_定制_logger.go:87	test logger ...
2021-05-12T23:34:29.830+0800	INFO	gin_web/2021_5_12_zap_定制_logger.go:87	test logger ...
2021-05-12T23:34:29.830+0800	INFO	gin_web/2021_5_12_zap_定制_logger.go:87	test logger ...
2021-05-12T23:34:29.830+0800	INFO	gin_web/2021_5_12_zap_定制_logger.go:87	test logger ...
2021-05-12T23:34:29.830+0800	INFO	gin_web/2021_5_12_zap_定制_logger.go:87	test logger ...
2021-05-12T23:34:29.830+0800	INFO	gin_web/2021_5_12_zap_定制_logger.go:87	test logger ...
2021-05-12T23:34:29.830+0800	INFO	gin_web/2021_5_12_zap_定制_logger.go:87	test logger ...
2021-05-12T23:34:29.830+0800	INFO	gin_web/2021_5_12_zap_定制_logger.go:87	test logger ...
2021-05-12T23:34:29.830+0800	INFO	gin_web/2021_5_12_zap_定制_logger.go:87	test logger ...
2021-05-12T23:34:29.830+0800	INFO	gin_web/2021_5_12_zap_定制_logger.go:87	test logger ...
2021-05-12T23:34:29.830+0800	INFO	gin_web/2021_5_12_zap_定制_logger.go:87	test logger ...
2021-05-12T23:34:29.830+0800	INFO	gin_web/2021_5_12_zap_定制_logger.go:87	test logger ...
2021-05-12T23:34:29.830+0800	INFO	gin_web/2021_5_12_zap_定制_logger.go:87	test logger ...
2021-05-12T23:34:29.830+0800	INFO	gin_web/2021_5_12_zap_定制_logger.go:87	test logger ...
2021-05-12T23:34:29.830+0800	INFO	gin_web/2021_5_12_zap_定制_logger.go:87	test logger ...
2021-05-12T23:34:29.830+0800	INFO	gin_web/2021_5_12_zap_定制_logger.go:87	test logger ...
2021-05-12T23:34:29.830+0800	INFO	gin_web/2021_5_12_zap_定制_logger.go:87	test logger ...
2021-05-12T23:34:29.830+0800	INFO	gin_web/2021_5_12_zap_定制_logger.go:87	test logger ...
2021-05-12T23:34:29.830+0800	INFO	gin_web/2021_5_12_zap_定制_logger.go:87	test logger ...
2021-05-12T23:34:29.830+0800	INFO	gin_web/2021_5_12_zap_定制_logger.go:87	test logger ...
2021-05-12T23:34:29.830+0800	INFO	gin_web/2021_5_12_zap_定制_logger.go:87	test logger ...
2021-05-12T23:34:29.830+0800	INFO	gin_web/2021_5_12_zap_定制_logger.go:87	test logger ...
2021-05-12T23:34:29.830+0800	INFO	gin_web/2021_5_12_zap_定制_logger.go:87	test logger ...
2021-05-12T23:34:29.830+0800	INFO	gin_web/2021_5_12_zap_定制_logger.go:87	test logger ...
2021-05-12T23:34:29.830+0800	INFO	gin_web/2021_5_12_zap_定制_logger.go:87	test logger ...
2021-05-12T23:34:29.830+0800	INFO	gin_web/2021_5_12_zap_定制_logger.go:87	test logger ...
2021-05-12T23:34:29.830+0800	INFO	gin_web/2021_5_12_zap_定制_logger.go:87	test logger ...
2021-05-12T23:34:29.830+0800	INFO	gin_web/2021_5_12_zap_定制_logger.go:87	test logger ...
2021-05-12T23:34:29.830+0800	INFO	gin_web/2021_5_12_zap_定制_logger.go:87	test logger ...
2021-05-12T23:34:29.830+0800	INFO	gin_web/2021_5_12_zap_定制_logger.go:87	test logger ...
2021-05-12T23:34:29.830+0800	INFO	gin_web/2021_5_12_zap_定制_logger.go:87	test logger ...
2021-05-12T23:34:29.830+0800	INFO	gin_web/2021_5_12_zap_定制_logger.go:87	test logger ...
2021-05-12T23:34:29.830+0800	INFO	gin_web/2021_5_12_zap_定制_logger.go:87	test logger ...
2021-05-12T23:34:29.831+0800	INFO	gin_web/2021_5_12_zap_定制_logger.go:87	test logger ...
2021-05-12T23:34:29.831+0800	INFO	gin_web/2021_5_12_zap_定制_logger.go:87	test logger ...
2021-05-12T23:34:29.831+0800	INFO	gin_web/2021_5_12_zap_定制_logger.go:87	test logger ...
2021-05-12T23:34:29.831+0800	INFO	gin_web/2021_5_12_zap_定制_logger.go:87	test logger ...
2021-05-12T23:34:29.831+0800	INFO	gin_web/2021_5_12_zap_定制_logger.go:87	test logger ...
2021-05-12T23:34:29.831+0800	INFO	gin_web/2021_5_12_zap_定制_logger.go:87	test logger ...
2021-05-12T23:34:29.831+0800	INFO	gin_web/2021_5_12_zap_定制_logger.go:87	test logger ...
2021-05-12T23:34:29.831+0800	INFO	gin_web/2021_5_12_zap_定制_logger.go:87	test logger ...
2021-05-12T23:34:29.831+0800	INFO	gin_web/2021_5_12_zap_定制_logger.go:87	test logger ...
2021-05-12T23:34:29.831+0800	INFO	gin_web/2021_5_12_zap_定制_logger.go:87	test logger ...
2021-05-12T23:34:29.831+0800	INFO	gin_web/2021_5_12_zap_定制_logger.go:87	test logger ...
2021-05-12T23:34:29.831+0800	INFO	gin_web/2021_5_12_zap_定制_logger.go:87	test logger ...
2021-05-12T23:34:29.831+0800	INFO	gin_web/2021_5_12_zap_定制_logger.go:87	test logger ...
2021-05-12T23:34:29.831+0800	INFO	gin_web/2021_5_12_zap_定制_logger.go:87	test logger ...
2021-05-12T23:34:29.831+0800	INFO	gin_web/2021_5_12_zap_定制_logger.go:87	test logger ...
2021-05-12T23:34:29.831+0800	INFO	gin_web/2021_5_12_zap_定制_logger.go:87	test logger ...
2021-05-12T23:34:29.831+0800	INFO	gin_web/2021_5_12_zap_定制_logger.go:87	test logger ...
2021-05-12T23:34:29.831+0800	INFO	gin_web/2021_5_12_zap_定制_logger.go:87	test logger ...
2021-05-12T23:34:29.831+0800	INFO	gin_web/2021_5_12_zap_定制_logger.go:87	test logger ...
2021-05-12T23:34:29.831+0800	INFO	gin_web/2021_5_12_zap_定制_logger.go:87	test logger ...
2021-05-12T23:34:29.831+0800	INFO	gin_web/2021_5_12_zap_定制_logger.go:87	test logger ...
2021-05-12T23:34:29.831+0800	INFO	gin_web/2021_5_12_zap_定制_logger.go:87	test logger ...
2021-05-12T23:34:29.831+0800	INFO	gin_web/2021_5_12_zap_定制_logger.go:87	test logger ...
2021-05-12T23:34:29.831+0800	INFO	gin_web/2021_5_12_zap_定制_logger.go:87	test logger ...
2021-05-12T23:34:29.831+0800	INFO	gin_web/2021_5_12_zap_定制_logger.go:87	test logger ...
2021-05-12T23:34:29.831+0800	INFO	gin_web/2021_5_12_zap_定制_logger.go:87	test logger ...
2021-05-12T23:34:29.831+0800	INFO	gin_web/2021_5_12_zap_定制_logger.go:87	test logger ...
2021-05-12T23:34:29.831+0800	INFO	gin_web/2021_5_12_zap_定制_logger.go:87	test logger ...
2021-05-12T23:34:29.831+0800	INFO	gin_web/2021_5_12_zap_定制_logger.go:87	test logger ...
2021-05-12T23:34:29.831+0800	INFO	gin_web/2021_5_12_zap_定制_logger.go:87	test logger ...
2021-05-12T23:34:29.831+0800	INFO	gin_web/2021_5_12_zap_定制_logger.go:87	test logger ...
2021-05-12T23:34:29.831+0800	INFO	gin_web/2021_5_12_zap_定制_logger.go:87	test logger ...
2021-05-12T23:34:29.831+0800	INFO	gin_web/2021_5_12_zap_定制_logger.go:87	test logger ...
2021-05-12T23:34:29.831+0800	INFO	gin_web/2021_5_12_zap_定制_logger.go:87	test logger ...
2021-05-12T23:34:29.831+0800	INFO	gin_web/2021_5_12_zap_定制_logger.go:87	test logger ...
2021-05-12T23:34:29.831+0800	INFO	gin_web/2021_5_12_zap_定制_logger.go:87	test logger ...
2021-05-12T23:34:29.831+0800	INFO	gin_web/2021_5_12_zap_定制_logger.go:87	test logger ...
2021-05-12T23:34:29.831+0800	INFO	gin_web/2021_5_12_zap_定制_logger.go:87	test logger ...
2021-05-12T23:34:29.831+0800	INFO	gin_web/2021_5_12_zap_定制_logger.go:87	test logger ...
2021-05-12T23:34:29.831+0800	INFO	gin_web/2021_5_12_zap_定制_logger.go:87	test logger ...
2021-05-12T23:34:29.831+0800	INFO	gin_web/2021_5_12_zap_定制_logger.go:87	test logger ...
2021-05-12T23:34:29.831+0800	INFO	gin_web/2021_5_12_zap_定制_logger.go:87	test logger ...
2021-05-12T23:34:29.831+0800	INFO	gin_web/2021_5_12_zap_定制_logger.go:87	test logger ...
2021-05-12T23:34:29.831+0800	INFO	gin_web/2021_5_12_zap_定制_logger.go:87	test logger ...
2021-05-12T23:34:29.831+0800	INFO	gin_web/2021_5_12_zap_定制_logger.go:87	test logger ...
2021-05-12T23:34:29.831+0800	INFO	gin_web/2021_5_12_zap_定制_logger.go:87	test logger ...
2021-05-12T23:34:29.831+0800	INFO	gin_web/2021_5_12_zap_定制_logger.go:87	test logger ...
2021-05-12T23:34:29.831+0800	INFO	gin_web/2021_5_12_zap_定制_logger.go:87	test logger ...
2021-05-12T23:34:29.831+0800	INFO	gin_web/2021_5_12_zap_定制_logger.go:87	test logger ...
2021-05-12T23:34:29.831+0800	INFO	gin_web/2021_5_12_zap_定制_logger.go:87	test logger ...
2021-05-12T23:34:29.831+0800	INFO	gin_web/2021_5_12_zap_定制_logger.go:87	test logger ...
2021-05-12T23:34:29.831+0800	INFO	gin_web/2021_5_12_zap_定制_logger.go:87	test logger ...
2021-05-12T23:34:29.831+0800	INFO	gin_web/2021_5_12_zap_定制_logger.go:87	test logger ...
2021-05-12T23:34:29.831+0800	INFO	gin_web/2021_5_12_zap_定制_logger.go:87	test logger ...
2021-05-12T23:34:29.831+0800	INFO	gin_web/2021_5_12_zap_定制_logger.go:87	test logger ...
2021-05-12T23:34:29.831+0800	INFO	gin_web/2021_5_12_zap_定制_logger.go:87	test logger ...
2021-05-12T23:34:29.831+0800	INFO	gin_web/2021_5_12_zap_定制_logger.go:87	test logger ...
2021-05-12T23:34:29.831+0800	INFO	gin_web/2021_5_12_zap_定制_logger.go:87	test logger ...
2021-05-12T23:34:29.831+0800	INFO	gin_web/2021_5_12_zap_定制_logger.go:87	test logger ...
2021-05-12T23:34:29.831+0800	INFO	gin_web/2021_5_12_zap_定制_logger.go:87	test logger ...
2021-05-12T23:34:29.831+0800	INFO	gin_web/2021_5_12_zap_定制_logger.go:87	test logger ...
2021-05-12T23:34:29.831+0800	INFO	gin_web/2021_5_12_zap_定制_logger.go:87	test logger ...
2021-05-12T23:34:29.831+0800	INFO	gin_web/2021_5_12_zap_定制_logger.go:87	test logger ...
2021-05-12T23:34:29.831+0800	INFO	gin_web/2021_5_12_zap_定制_logger.go:87	test logger ...
2021-05-12T23:34:29.831+0800	INFO	gin_web/2021_5_12_zap_定制_logger.go:87	test logger ...
2021-05-12T23:34:29.831+0800	INFO	gin_web/2021_5_12_zap_定制_logger.go:87	test logger ...
2021-05-12T23:34:29.831+0800	INFO	gin_web/2021_5_12_zap_定制_logger.go:87	test logger ...
2021-05-12T23:34:29.831+0800	INFO	gin_web/2021_5_12_zap_定制_logger.go:87	test logger ...
2021-05-12T23:34:29.831+0800	INFO	gin_web/2021_5_12_zap_定制_logger.go:87	test logger ...
2021-05-12T23:34:29.831+0800	INFO	gin_web/2021_5_12_zap_定制_logger.go:87	test logger ...
2021-05-12T23:34:29.831+0800	INFO	gin_web/2021_5_12_zap_定制_logger.go:87	test logger ...
2021-05-12T23:34:29.831+0800	INFO	gin_web/2021_5_12_zap_定制_logger.go:87	test logger ...
2021-05-12T23:34:29.831+0800	INFO	gin_web/2021_5_12_zap_定制_logger.go:87	test logger ...
2021-05-12T23:34:29.831+0800	INFO	gin_web/2021_5_12_zap_定制_logger.go:87	test logger ...
2021-05-12T23:34:29.831+0800	INFO	gin_web/2021_5_12_zap_定制_logger.go:87	test logger ...
2021-05-12T23:34:29.831+0800	INFO	gin_web/2021_5_12_zap_定制_logger.go:87	test logger ...
2021-05-12T23:34:29.831+0800	INFO	gin_web/2021_5_12_zap_定制_logger.go:87	test logger ...
2021-05-12T23:34:29.831+0800	INFO	gin_web/2021_5_12_zap_定制_logger.go:87	test logger ...
2021-05-12T23:34:29.831+0800	INFO	gin_web/2021_5_12_zap_定制_logger.go:87	test logger ...
2021-05-12T23:34:29.831+0800	INFO	gin_web/2021_5_12_zap_定制_logger.go:87	test logger ...
2021-05-12T23:34:29.831+0800	INFO	gin_web/2021_5_12_zap_定制_logger.go:87	test logger ...
2021-05-12T23:34:29.831+0800	INFO	gin_web/2021_5_12_zap_定制_logger.go:87	test logger ...
2021-05-12T23:34:29.831+0800	INFO	gin_web/2021_5_12_zap_定制_logger.go:87	test logger ...
2021-05-12T23:34:29.831+0800	INFO	gin_web/2021_5_12_zap_定制_logger.go:87	test logger ...
2021-05-12T23:34:29.831+0800	INFO	gin_web/2021_5_12_zap_定制_logger.go:87	test logger ...
2021-05-12T23:34:29.831+0800	INFO	gin_web/2021_5_12_zap_定制_logger.go:87	test logger ...
2021-05-12T23:34:29.831+0800	INFO	gin_web/2021_5_12_zap_定制_logger.go:87	test logger ...
2021-05-12T23:34:29.831+0800	INFO	gin_web/2021_5_12_zap_定制_logger.go:87	test logger ...
2021-05-12T23:34:29.831+0800	INFO	gin_web/2021_5_12_zap_定制_logger.go:87	test logger ...
2021-05-12T23:34:29.831+0800	INFO	gin_web/2021_5_12_zap_定制_logger.go:87	test logger ...
2021-05-12T23:34:29.831+0800	INFO	gin_web/2021_5_12_zap_定制_logger.go:87	test logger ...
2021-05-12T23:34:29.831+0800	INFO	gin_web/2021_5_12_zap_定制_logger.go:87	test logger ...
2021-05-12T23:34:29.831+0800	INFO	gin_web/2021_5_12_zap_定制_logger.go:87	test logger ...
2021-05-12T23:34:29.831+0800	INFO	gin_web/2021_5_12_zap_定制_logger.go:87	test logger ...
2021-05-12T23:34:29.831+0800	INFO	gin_web/2021_5_12_zap_定制_logger.go:87	test logger ...
2021-05-12T23:34:29.831+0800	INFO	gin_web/2021_5_12_zap_定制_logger.go:87	test logger ...
2021-05-12T23:34:29.831+0800	INFO	gin_web/2021_5_12_zap_定制_logger.go:87	test logger ...
2021-05-12T23:34:29.831+0800	INFO	gin_web/2021_5_12_zap_定制_logger.go:87	test logger ...
2021-05-12T23:34:29.831+0800	INFO	gin_web/2021_5_12_zap_定制_logger.go:87	test logger ...
2021-05-12T23:34:29.831+0800	INFO	gin_web/2021_5_12_zap_定制_logger.go:87	test logger ...
2021-05-12T23:34:29.831+0800	INFO	gin_web/2021_5_12_zap_定制_logger.go:87	test logger ...
2021-05-12T23:34:29.831+0800	INFO	gin_web/2021_5_12_zap_定制_logger.go:87	test logger ...
2021-05-12T23:34:29.831+0800	INFO	gin_web/2021_5_12_zap_定制_logger.go:87	test logger ...
2021-05-12T23:34:29.831+0800	INFO	gin_web/2021_5_12_zap_定制_logger.go:87	test logger ...
2021-05-12T23:34:29.832+0800	INFO	gin_web/2021_5_12_zap_定制_logger.go:87	test logger ...
2021-05-12T23:34:29.832+0800	INFO	gin_web/2021_5_12_zap_定制_logger.go:87	test logger ...
2021-05-12T23:34:29.832+0800	INFO	gin_web/2021_5_12_zap_定制_logger.go:87	test logger ...
2021-05-12T23:34:29.832+0800	INFO	gin_web/2021_5_12_zap_定制_logger.go:87	test logger ...
2021-05-12T23:34:29.832+0800	INFO	gin_web/2021_5_12_zap_定制_logger.go:87	test logger ...
2021-05-12T23:34:29.832+0800	INFO	gin_web/2021_5_12_zap_定制_logger.go:87	test logger ...
2021-05-12T23:34:29.832+0800	INFO	gin_web/2021_5_12_zap_定制_logger.go:87	test logger ...
2021-05-12T23:34:29.832+0800	INFO	gin_web/2021_5_12_zap_定制_logger.go:87	test logger ...
2021-05-12T23:34:29.832+0800	INFO	gin_web/2021_5_12_zap_定制_logger.go:87	test logger ...
2021-05-12T23:34:29.832+0800	INFO	gin_web/2021_5_12_zap_定制_logger.go:87	test logger ...
2021-05-12T23:34:29.832+0800	INFO	gin_web/2021_5_12_zap_定制_logger.go:87	test logger ...
2021-05-12T23:34:29.832+0800	INFO	gin_web/2021_5_12_zap_定制_logger.go:87	test logger ...
2021-05-12T23:34:29.832+0800	INFO	gin_web/2021_5_12_zap_定制_logger.go:87	test logger ...
2021-05-12T23:34:29.832+0800	INFO	gin_web/2021_5_12_zap_定制_logger.go:87	test logger ...
2021-05-12T23:34:29.832+0800	INFO	gin_web/2021_5_12_zap_定制_logger.go:87	test logger ...
2021-05-12T23:34:29.832+0800	INFO	gin_web/2021_5_12_zap_定制_logger.go:87	test logger ...
2021-05-12T23:34:29.832+0800	INFO	gin_web/2021_5_12_zap_定制_logger.go:87	test logger ...
2021-05-12T23:34:29.832+0800	INFO	gin_web/2021_5_12_zap_定制_logger.go:87	test logger ...
2021-05-12T23:34:29.832+0800	INFO	gin_web/2021_5_12_zap_定制_logger.go:87	test logger ...
2021-05-12T23:34:29.832+0800	INFO	gin_web/2021_5_12_zap_定制_logger.go:87	test logger ...
2021-05-12T23:34:29.832+0800	INFO	gin_web/2021_5_12_zap_定制_logger.go:87	test logger ...
2021-05-12T23:34:29.832+0800	INFO	gin_web/2021_5_12_zap_定制_logger.go:87	test logger ...
2021-05-12T23:34:29.832+0800	INFO	gin_web/2021_5_12_zap_定制_logger.go:87	test logger ...
2021-05-12T23:34:29.832+0800	INFO	gin_web/2021_5_12_zap_定制_logger.go:87	test logger ...
2021-05-12T23:34:29.832+0800	INFO	gin_web/2021_5_12_zap_定制_logger.go:87	test logger ...
2021-05-12T23:34:29.832+0800	INFO	gin_web/2021_5_12_zap_定制_logger.go:87	test logger ...
2021-05-12T23:34:29.832+0800	INFO	gin_web/2021_5_12_zap_定制_logger.go:87	test logger ...
2021-05-12T23:34:29.832+0800	INFO	gin_web/2021_5_12_zap_定制_logger.go:87	test logger ...
2021-05-12T23:34:29.832+0800	INFO	gin_web/2021_5_12_zap_定制_logger.go:87	test logger ...
2021-05-12T23:34:29.832+0800	INFO	gin_web/2021_5_12_zap_定制_logger.go:87	test logger ...
2021-05-12T23:34:29.832+0800	INFO	gin_web/2021_5_12_zap_定制_logger.go:87	test logger ...
2021-05-12T23:34:29.832+0800	INFO	gin_web/2021_5_12_zap_定制_logger.go:87	test logger ...
2021-05-12T23:34:29.832+0800	INFO	gin_web/2021_5_12_zap_定制_logger.go:87	test logger ...
2021-05-12T23:34:29.832+0800	INFO	gin_web/2021_5_12_zap_定制_logger.go:87	test logger ...
2021-05-12T23:34:29.832+0800	INFO	gin_web/2021_5_12_zap_定制_logger.go:87	test logger ...
2021-05-12T23:34:29.832+0800	INFO	gin_web/2021_5_12_zap_定制_logger.go:87	test logger ...
2021-05-12T23:34:29.832+0800	INFO	gin_web/2021_5_12_zap_定制_logger.go:87	test logger ...
2021-05-12T23:34:29.832+0800	INFO	gin_web/2021_5_12_zap_定制_logger.go:87	test logger ...
2021-05-12T23:34:29.832+0800	INFO	gin_web/2021_5_12_zap_定制_logger.go:87	test logger ...
2021-05-12T23:34:29.832+0800	INFO	gin_web/2021_5_12_zap_定制_logger.go:87	test logger ...
2021-05-12T23:34:29.832+0800	INFO	gin_web/2021_5_12_zap_定制_logger.go:87	test logger ...
2021-05-12T23:34:29.832+0800	INFO	gin_web/2021_5_12_zap_定制_logger.go:87	test logger ...
2021-05-12T23:34:29.832+0800	INFO	gin_web/2021_5_12_zap_定制_logger.go:87	test logger ...
2021-05-12T23:34:29.832+0800	INFO	gin_web/2021_5_12_zap_定制_logger.go:87	test logger ...
2021-05-12T23:34:29.832+0800	INFO	gin_web/2021_5_12_zap_定制_logger.go:87	test logger ...
2021-05-12T23:34:29.832+0800	INFO	gin_web/2021_5_12_zap_定制_logger.go:87	test logger ...
2021-05-12T23:34:29.832+0800	INFO	gin_web/2021_5_12_zap_定制_logger.go:87	test logger ...
2021-05-12T23:34:29.832+0800	INFO	gin_web/2021_5_12_zap_定制_logger.go:87	test logger ...
2021-05-12T23:34:29.832+0800	INFO	gin_web/2021_5_12_zap_定制_logger.go:87	test logger ...
2021-05-12T23:34:29.832+0800	INFO	gin_web/2021_5_12_zap_定制_logger.go:87	test logger ...
2021-05-12T23:34:29.832+0800	INFO	gin_web/2021_5_12_zap_定制_logger.go:87	test logger ...
2021-05-12T23:34:29.832+0800	INFO	gin_web/2021_5_12_zap_定制_logger.go:87	test logger ...
2021-05-12T23:34:29.832+0800	INFO	gin_web/2021_5_12_zap_定制_logger.go:87	test logger ...
2021-05-12T23:34:29.832+0800	INFO	gin_web/2021_5_12_zap_定制_logger.go:87	test logger ...
2021-05-12T23:34:29.832+0800	INFO	gin_web/2021_5_12_zap_定制_logger.go:87	test logger ...
2021-05-12T23:34:29.832+0800	INFO	gin_web/2021_5_12_zap_定制_logger.go:87	test logger ...
2021-05-12T23:34:29.832+0800	INFO	gin_web/2021_5_12_zap_定制_logger.go:87	test logger ...
2021-05-12T23:34:29.832+0800	INFO	gin_web/2021_5_12_zap_定制_logger.go:87	test logger ...
2021-05-12T23:34:29.832+0800	INFO	gin_web/2021_5_12_zap_定制_logger.go:87	test logger ...
2021-05-12T23:34:29.832+0800	INFO	gin_web/2021_5_12_zap_定制_logger.go:87	test logger ...
2021-05-12T23:34:29.832+0800	INFO	gin_web/2021_5_12_zap_定制_logger.go:87	test logger ...
2021-05-12T23:34:29.832+0800	INFO	gin_web/2021_5_12_zap_定制_logger.go:87	test logger ...
2021-05-12T23:34:29.832+0800	INFO	gin_web/2021_5_12_zap_定制_logger.go:87	test logger ...
2021-05-12T23:34:29.832+0800	INFO	gin_web/2021_5_12_zap_定制_logger.go:87	test logger ...
2021-05-12T23:34:29.832+0800	INFO	gin_web/2021_5_12_zap_定制_logger.go:87	test logger ...
2021-05-12T23:34:29.832+0800	INFO	gin_web/2021_5_12_zap_定制_logger.go:87	test logger ...
2021-05-12T23:34:29.832+0800	INFO	gin_web/2021_5_12_zap_定制_logger.go:87	test logger ...
2021-05-12T23:34:29.832+0800	INFO	gin_web/2021_5_12_zap_定制_logger.go:87	test logger ...
2021-05-12T23:34:29.832+0800	INFO	gin_web/2021_5_12_zap_定制_logger.go:87	test logger ...
2021-05-12T23:34:29.832+0800	INFO	gin_web/2021_5_12_zap_定制_logger.go:87	test logger ...
2021-05-12T23:34:29.832+0800	INFO	gin_web/2021_5_12_zap_定制_logger.go:87	test logger ...
2021-05-12T23:34:29.832+0800	INFO	gin_web/2021_5_12_zap_定制_logger.go:87	test logger ...
2021-05-12T23:34:29.832+0800	INFO	gin_web/2021_5_12_zap_定制_logger.go:87	test logger ...
2021-05-12T23:34:29.832+0800	INFO	gin_web/2021_5_12_zap_定制_logger.go:87	test logger ...
2021-05-12T23:34:29.832+0800	INFO	gin_web/2021_5_12_zap_定制_logger.go:87	test logger ...
2021-05-12T23:34:29.832+0800	INFO	gin_web/2021_5_12_zap_定制_logger.go:87	test logger ...
2021-05-12T23:34:29.832+0800	INFO	gin_web/2021_5_12_zap_定制_logger.go:87	test logger ...
2021-05-12T23:34:29.832+0800	INFO	gin_web/2021_5_12_zap_定制_logger.go:87	test logger ...
2021-05-12T23:34:29.832+0800	INFO	gin_web/2021_5_12_zap_定制_logger.go:87	test logger ...
2021-05-12T23:34:29.832+0800	INFO	gin_web/2021_5_12_zap_定制_logger.go:87	test logger ...
2021-05-12T23:34:29.832+0800	INFO	gin_web/2021_5_12_zap_定制_logger.go:87	test logger ...
2021-05-12T23:34:29.832+0800	INFO	gin_web/2021_5_12_zap_定制_logger.go:87	test logger ...
2021-05-12T23:34:29.832+0800	INFO	gin_web/2021_5_12_zap_定制_logger.go:87	test logger ...
2021-05-12T23:34:29.832+0800	INFO	gin_web/2021_5_12_zap_定制_logger.go:87	test logger ...
2021-05-12T23:34:29.832+0800	INFO	gin_web/2021_5_12_zap_定制_logger.go:87	test logger ...
2021-05-12T23:34:29.832+0800	INFO	gin_web/2021_5_12_zap_定制_logger.go:87	test logger ...
2021-05-12T23:34:29.832+0800	INFO	gin_web/2021_5_12_zap_定制_logger.go:87	test logger ...
2021-05-12T23:34:29.832+0800	INFO	gin_web/2021_5_12_zap_定制_logger.go:87	test logger ...
2021-05-12T23:34:29.832+0800	INFO	gin_web/2021_5_12_zap_定制_logger.go:87	test logger ...
2021-05-12T23:34:29.832+0800	INFO	gin_web/2021_5_12_zap_定制_logger.go:87	test logger ...
2021-05-12T23:34:29.832+0800	INFO	gin_web/2021_5_12_zap_定制_logger.go:87	test logger ...
2021-05-12T23:34:29.832+0800	INFO	gin_web/2021_5_12_zap_定制_logger.go:87	test logger ...
2021-05-12T23:34:29.832+0800	INFO	gin_web/2021_5_12_zap_定制_logger.go:87	test logger ...
2021-05-12T23:34:29.832+0800	INFO	gin_web/2021_5_12_zap_定制_logger.go:87	test logger ...
2021-05-12T23:34:29.832+0800	INFO	gin_web/2021_5_12_zap_定制_logger.go:87	test logger ...
2021-05-12T23:34:29.832+0800	INFO	gin_web/2021_5_12_zap_定制_logger.go:87	test logger ...
2021-05-12T23:34:29.832+0800	INFO	gin_web/2021_5_12_zap_定制_logger.go:87	test logger ...
2021-05-12T23:34:29.832+0800	INFO	gin_web/2021_5_12_zap_定制_logger.go:87	test logger ...
2021-05-12T23:34:29.832+0800	INFO	gin_web/2021_5_12_zap_定制_logger.go:87	test logger ...
2021-05-12T23:34:29.832+0800	INFO	gin_web/2021_5_12_zap_定制_logger.go:87	test logger ...
2021-05-12T23:34:29.832+0800	INFO	gin_web/2021_5_12_zap_定制_logger.go:87	test logger ...
2021-05-12T23:34:29.832+0800	INFO	gin_web/2021_5_12_zap_定制_logger.go:87	test logger ...
2021-05-12T23:34:29.833+0800	INFO	gin_web/2021_5_12_zap_定制_logger.go:87	test logger ...
2021-05-12T23:34:29.833+0800	INFO	gin_web/2021_5_12_zap_定制_logger.go:87	test logger ...
2021-05-12T23:34:29.833+0800	INFO	gin_web/2021_5_12_zap_定制_logger.go:87	test logger ...
2021-05-12T23:34:29.833+0800	INFO	gin_web/2021_5_12_zap_定制_logger.go:87	test logger ...
2021-05-12T23:34:29.833+0800	INFO	gin_web/2021_5_12_zap_定制_logger.go:87	test logger ...
2021-05-12T23:34:29.833+0800	INFO	gin_web/2021_5_12_zap_定制_logger.go:87	test logger ...
2021-05-12T23:34:29.833+0800	INFO	gin_web/2021_5_12_zap_定制_logger.go:87	test logger ...
2021-05-12T23:34:29.833+0800	INFO	gin_web/2021_5_12_zap_定制_logger.go:87	test logger ...
2021-05-12T23:34:29.833+0800	INFO	gin_web/2021_5_12_zap_定制_logger.go:87	test logger ...
2021-05-12T23:34:29.833+0800	INFO	gin_web/2021_5_12_zap_定制_logger.go:87	test logger ...
2021-05-12T23:34:29.833+0800	INFO	gin_web/2021_5_12_zap_定制_logger.go:87	test logger ...
2021-05-12T23:34:29.833+0800	INFO	gin_web/2021_5_12_zap_定制_logger.go:87	test logger ...
2021-05-12T23:34:29.833+0800	INFO	gin_web/2021_5_12_zap_定制_logger.go:87	test logger ...
2021-05-12T23:34:29.833+0800	INFO	gin_web/2021_5_12_zap_定制_logger.go:87	test logger ...
2021-05-12T23:34:29.833+0800	INFO	gin_web/2021_5_12_zap_定制_logger.go:87	test logger ...
2021-05-12T23:34:29.833+0800	INFO	gin_web/2021_5_12_zap_定制_logger.go:87	test logger ...
2021-05-12T23:34:29.833+0800	INFO	gin_web/2021_5_12_zap_定制_logger.go:87	test logger ...
2021-05-12T23:34:29.833+0800	INFO	gin_web/2021_5_12_zap_定制_logger.go:87	test logger ...
2021-05-12T23:34:29.833+0800	INFO	gin_web/2021_5_12_zap_定制_logger.go:87	test logger ...
2021-05-12T23:34:29.833+0800	INFO	gin_web/2021_5_12_zap_定制_logger.go:87	test logger ...
2021-05-12T23:34:29.833+0800	INFO	gin_web/2021_5_12_zap_定制_logger.go:87	test logger ...
2021-05-12T23:34:29.833+0800	INFO	gin_web/2021_5_12_zap_定制_logger.go:87	test logger ...
2021-05-12T23:34:29.833+0800	INFO	gin_web/2021_5_12_zap_定制_logger.go:87	test logger ...
2021-05-12T23:34:29.833+0800	INFO	gin_web/2021_5_12_zap_定制_logger.go:87	test logger ...
2021-05-12T23:34:29.833+0800	INFO	gin_web/2021_5_12_zap_定制_logger.go:87	test logger ...
2021-05-12T23:34:29.833+0800	INFO	gin_web/2021_5_12_zap_定制_logger.go:87	test logger ...
2021-05-12T23:34:29.833+0800	INFO	gin_web/2021_5_12_zap_定制_logger.go:87	test logger ...
2021-05-12T23:34:29.833+0800	INFO	gin_web/2021_5_12_zap_定制_logger.go:87	test logger ...
2021-05-12T23:34:29.833+0800	INFO	gin_web/2021_5_12_zap_定制_logger.go:87	test logger ...
2021-05-12T23:34:29.833+0800	INFO	gin_web/2021_5_12_zap_定制_logger.go:87	test logger ...
2021-05-12T23:34:29.833+0800	INFO	gin_web/2021_5_12_zap_定制_logger.go:87	test logger ...
2021-05-12T23:34:29.833+0800	INFO	gin_web/2021_5_12_zap_定制_logger.go:87	test logger ...
2021-05-12T23:34:29.833+0800	INFO	gin_web/2021_5_12_zap_定制_logger.go:87	test logger ...
2021-05-12T23:34:29.833+0800	INFO	gin_web/2021_5_12_zap_定制_logger.go:87	test logger ...
2021-05-12T23:34:29.833+0800	INFO	gin_web/2021_5_12_zap_定制_logger.go:87	test logger ...
2021-05-12T23:34:29.833+0800	INFO	gin_web/2021_5_12_zap_定制_logger.go:87	test logger ...
2021-05-12T23:34:29.833+0800	INFO	gin_web/2021_5_12_zap_定制_logger.go:87	test logger ...
2021-05-12T23:34:29.833+0800	INFO	gin_web/2021_5_12_zap_定制_logger.go:87	test logger ...
2021-05-12T23:34:29.833+0800	INFO	gin_web/2021_5_12_zap_定制_logger.go:87	test logger ...
2021-05-12T23:34:29.833+0800	INFO	gin_web/2021_5_12_zap_定制_logger.go:87	test logger ...
2021-05-12T23:34:29.833+0800	INFO	gin_web/2021_5_12_zap_定制_logger.go:87	test logger ...
2021-05-12T23:34:29.833+0800	INFO	gin_web/2021_5_12_zap_定制_logger.go:87	test logger ...
2021-05-12T23:34:29.833+0800	INFO	gin_web/2021_5_12_zap_定制_logger.go:87	test logger ...
2021-05-12T23:34:29.833+0800	INFO	gin_web/2021_5_12_zap_定制_logger.go:87	test logger ...
2021-05-12T23:34:29.833+0800	INFO	gin_web/2021_5_12_zap_定制_logger.go:87	test logger ...
2021-05-12T23:34:29.833+0800	INFO	gin_web/2021_5_12_zap_定制_logger.go:87	test logger ...
2021-05-12T23:34:29.833+0800	INFO	gin_web/2021_5_12_zap_定制_logger.go:87	test logger ...
2021-05-12T23:34:29.833+0800	INFO	gin_web/2021_5_12_zap_定制_logger.go:87	test logger ...
2021-05-12T23:34:29.833+0800	INFO	gin_web/2021_5_12_zap_定制_logger.go:87	test logger ...
2021-05-12T23:34:29.833+0800	INFO	gin_web/2021_5_12_zap_定制_logger.go:87	test logger ...
2021-05-12T23:34:29.833+0800	INFO	gin_web/2021_5_12_zap_定制_logger.go:87	test logger ...
2021-05-12T23:34:29.833+0800	INFO	gin_web/2021_5_12_zap_定制_logger.go:87	test logger ...
2021-05-12T23:34:29.833+0800	INFO	gin_web/2021_5_12_zap_定制_logger.go:87	test logger ...
2021-05-12T23:34:29.833+0800	INFO	gin_web/2021_5_12_zap_定制_logger.go:87	test logger ...
2021-05-12T23:34:29.833+0800	INFO	gin_web/2021_5_12_zap_定制_logger.go:87	test logger ...
2021-05-12T23:34:29.833+0800	INFO	gin_web/2021_5_12_zap_定制_logger.go:87	test logger ...
2021-05-12T23:34:29.833+0800	INFO	gin_web/2021_5_12_zap_定制_logger.go:87	test logger ...
2021-05-12T23:34:29.833+0800	INFO	gin_web/2021_5_12_zap_定制_logger.go:87	test logger ...
2021-05-12T23:34:29.833+0800	INFO	gin_web/2021_5_12_zap_定制_logger.go:87	test logger ...
2021-05-12T23:34:29.833+0800	INFO	gin_web/2021_5_12_zap_定制_logger.go:87	test logger ...
2021-05-12T23:34:29.833+0800	INFO	gin_web/2021_5_12_zap_定制_logger.go:87	test logger ...
2021-05-12T23:34:29.833+0800	INFO	gin_web/2021_5_12_zap_定制_logger.go:87	test logger ...
2021-05-12T23:34:29.833+0800	INFO	gin_web/2021_5_12_zap_定制_logger.go:87	test logger ...
2021-05-12T23:34:29.833+0800	INFO	gin_web/2021_5_12_zap_定制_logger.go:87	test logger ...
2021-05-12T23:34:29.833+0800	INFO	gin_web/2021_5_12_zap_定制_logger.go:87	test logger ...
2021-05-12T23:34:29.833+0800	INFO	gin_web/2021_5_12_zap_定制_logger.go:87	test logger ...
2021-05-12T23:34:29.833+0800	INFO	gin_web/2021_5_12_zap_定制_logger.go:87	test logger ...
2021-05-12T23:34:29.833+0800	INFO	gin_web/2021_5_12_zap_定制_logger.go:87	test logger ...
2021-05-12T23:34:29.833+0800	INFO	gin_web/2021_5_12_zap_定制_logger.go:87	test logger ...
2021-05-12T23:34:29.833+0800	INFO	gin_web/2021_5_12_zap_定制_logger.go:87	test logger ...
2021-05-12T23:34:29.833+0800	INFO	gin_web/2021_5_12_zap_定制_logger.go:87	test logger ...
2021-05-12T23:34:29.833+0800	INFO	gin_web/2021_5_12_zap_定制_logger.go:87	test logger ...
2021-05-12T23:34:29.833+0800	INFO	gin_web/2021_5_12_zap_定制_logger.go:87	test logger ...
2021-05-12T23:34:29.833+0800	INFO	gin_web/2021_5_12_zap_定制_logger.go:87	test logger ...
2021-05-12T23:34:29.833+0800	INFO	gin_web/2021_5_12_zap_定制_logger.go:87	test logger ...
2021-05-12T23:34:29.833+0800	INFO	gin_web/2021_5_12_zap_定制_logger.go:87	test logger ...
2021-05-12T23:34:29.833+0800	INFO	gin_web/2021_5_12_zap_定制_logger.go:87	test logger ...
2021-05-12T23:34:29.833+0800	INFO	gin_web/2021_5_12_zap_定制_logger.go:87	test logger ...
2021-05-12T23:34:29.833+0800	INFO	gin_web/2021_5_12_zap_定制_logger.go:87	test logger ...
2021-05-12T23:34:29.833+0800	INFO	gin_web/2021_5_12_zap_定制_logger.go:87	test logger ...
2021-05-12T23:34:29.833+0800	INFO	gin_web/2021_5_12_zap_定制_logger.go:87	test logger ...
2021-05-12T23:34:29.833+0800	INFO	gin_web/2021_5_12_zap_定制_logger.go:87	test logger ...
2021-05-12T23:34:29.833+0800	INFO	gin_web/2021_5_12_zap_定制_logger.go:87	test logger ...
2021-05-12T23:34:29.833+0800	INFO	gin_web/2021_5_12_zap_定制_logger.go:87	test logger ...
2021-05-12T23:34:29.833+0800	INFO	gin_web/2021_5_12_zap_定制_logger.go:87	test logger ...
2021-05-12T23:34:29.833+0800	INFO	gin_web/2021_5_12_zap_定制_logger.go:87	test logger ...
2021-05-12T23:34:29.833+0800	INFO	gin_web/2021_5_12_zap_定制_logger.go:87	test logger ...
2021-05-12T23:34:29.833+0800	INFO	gin_web/2021_5_12_zap_定制_logger.go:87	test logger ...
2021-05-12T23:34:29.833+0800	INFO	gin_web/2021_5_12_zap_定制_logger.go:87	test logger ...
2021-05-12T23:34:29.833+0800	INFO	gin_web/2021_5_12_zap_定制_logger.go:87	test logger ...
2021-05-12T23:34:29.833+0800	INFO	gin_web/2021_5_12_zap_定制_logger.go:87	test logger ...
2021-05-12T23:34:29.833+0800	INFO	gin_web/2021_5_12_zap_定制_logger.go:87	test logger ...
2021-05-12T23:34:29.833+0800	INFO	gin_web/2021_5_12_zap_定制_logger.go:87	test logger ...
2021-05-12T23:34:29.833+0800	INFO	gin_web/2021_5_12_zap_定制_logger.go:87	test logger ...
2021-05-12T23:34:29.833+0800	INFO	gin_web/2021_5_12_zap_定制_logger.go:87	test logger ...
2021-05-12T23:34:29.833+0800	INFO	gin_web/2021_5_12_zap_定制_logger.go:87	test logger ...
2021-05-12T23:34:29.833+0800	INFO	gin_web/2021_5_12_zap_定制_logger.go:87	test logger ...
2021-05-12T23:34:29.833+0800	INFO	gin_web/2021_5_12_zap_定制_logger.go:87	test logger ...
2021-05-12T23:34:29.833+0800	INFO	gin_web/2021_5_12_zap_定制_logger.go:87	test logger ...
2021-05-12T23:34:29.833+0800	INFO	gin_web/2021_5_12_zap_定制_logger.go:87	test logger ...
2021-05-12T23:34:29.833+0800	INFO	gin_web/2021_5_12_zap_定制_logger.go:87	test logger ...
2021-05-12T23:34:29.833+0800	INFO	gin_web/2021_5_12_zap_定制_logger.go:87	test logger ...
2021-05-12T23:34:29.833+0800	INFO	gin_web/2021_5_12_zap_定制_logger.go:87	test logger ...
2021-05-12T23:34:29.834+0800	INFO	gin_web/2021_5_12_zap_定制_logger.go:87	test logger ...
2021-05-12T23:34:29.834+0800	INFO	gin_web/2021_5_12_zap_定制_logger.go:87	test logger ...
2021-05-12T23:34:29.834+0800	INFO	gin_web/2021_5_12_zap_定制_logger.go:87	test logger ...
2021-05-12T23:34:29.834+0800	INFO	gin_web/2021_5_12_zap_定制_logger.go:87	test logger ...
2021-05-12T23:34:29.834+0800	INFO	gin_web/2021_5_12_zap_定制_logger.go:87	test logger ...
2021-05-12T23:34:29.834+0800	INFO	gin_web/2021_5_12_zap_定制_logger.go:87	test logger ...
2021-05-12T23:34:29.834+0800	INFO	gin_web/2021_5_12_zap_定制_logger.go:87	test logger ...
2021-05-12T23:34:29.834+0800	INFO	gin_web/2021_5_12_zap_定制_logger.go:87	test logger ...
2021-05-12T23:34:29.834+0800	INFO	gin_web/2021_5_12_zap_定制_logger.go:87	test logger ...
2021-05-12T23:34:29.834+0800	INFO	gin_web/2021_5_12_zap_定制_logger.go:87	test logger ...
2021-05-12T23:34:29.834+0800	INFO	gin_web/2021_5_12_zap_定制_logger.go:87	test logger ...
2021-05-12T23:34:29.834+0800	INFO	gin_web/2021_5_12_zap_定制_logger.go:87	test logger ...
2021-05-12T23:34:29.834+0800	INFO	gin_web/2021_5_12_zap_定制_logger.go:87	test logger ...
2021-05-12T23:34:29.834+0800	INFO	gin_web/2021_5_12_zap_定制_logger.go:87	test logger ...
2021-05-12T23:34:29.834+0800	INFO	gin_web/2021_5_12_zap_定制_logger.go:87	test logger ...
2021-05-12T23:34:29.834+0800	INFO	gin_web/2021_5_12_zap_定制_logger.go:87	test logger ...
2021-05-12T23:34:29.834+0800	INFO	gin_web/2021_5_12_zap_定制_logger.go:87	test logger ...
2021-05-12T23:34:29.834+0800	INFO	gin_web/2021_5_12_zap_定制_logger.go:87	test logger ...
2021-05-12T23:34:29.834+0800	INFO	gin_web/2021_5_12_zap_定制_logger.go:87	test logger ...
2021-05-12T23:34:29.834+0800	INFO	gin_web/2021_5_12_zap_定制_logger.go:87	test logger ...
2021-05-12T23:34:29.834+0800	INFO	gin_web/2021_5_12_zap_定制_logger.go:87	test logger ...
2021-05-12T23:34:29.834+0800	INFO	gin_web/2021_5_12_zap_定制_logger.go:87	test logger ...
2021-05-12T23:34:29.834+0800	INFO	gin_web/2021_5_12_zap_定制_logger.go:87	test logger ...
2021-05-12T23:34:29.834+0800	INFO	gin_web/2021_5_12_zap_定制_logger.go:87	test logger ...
2021-05-12T23:34:29.834+0800	INFO	gin_web/2021_5_12_zap_定制_logger.go:87	test logger ...
2021-05-12T23:34:29.834+0800	INFO	gin_web/2021_5_12_zap_定制_logger.go:87	test logger ...
2021-05-12T23:34:29.834+0800	INFO	gin_web/2021_5_12_zap_定制_logger.go:87	test logger ...
2021-05-12T23:34:29.834+0800	INFO	gin_web/2021_5_12_zap_定制_logger.go:87	test logger ...
2021-05-12T23:34:29.834+0800	INFO	gin_web/2021_5_12_zap_定制_logger.go:87	test logger ...
2021-05-12T23:34:29.834+0800	INFO	gin_web/2021_5_12_zap_定制_logger.go:87	test logger ...
2021-05-12T23:34:29.834+0800	INFO	gin_web/2021_5_12_zap_定制_logger.go:87	test logger ...
2021-05-12T23:34:29.834+0800	INFO	gin_web/2021_5_12_zap_定制_logger.go:87	test logger ...
2021-05-12T23:34:29.834+0800	INFO	gin_web/2021_5_12_zap_定制_logger.go:87	test logger ...
2021-05-12T23:34:29.834+0800	INFO	gin_web/2021_5_12_zap_定制_logger.go:87	test logger ...
2021-05-12T23:34:29.834+0800	INFO	gin_web/2021_5_12_zap_定制_logger.go:87	test logger ...
2021-05-12T23:34:29.834+0800	INFO	gin_web/2021_5_12_zap_定制_logger.go:87	test logger ...
2021-05-12T23:34:29.834+0800	INFO	gin_web/2021_5_12_zap_定制_logger.go:87	test logger ...
2021-05-12T23:34:29.834+0800	INFO	gin_web/2021_5_12_zap_定制_logger.go:87	test logger ...
2021-05-12T23:34:29.834+0800	INFO	gin_web/2021_5_12_zap_定制_logger.go:87	test logger ...
2021-05-12T23:34:29.834+0800	INFO	gin_web/2021_5_12_zap_定制_logger.go:87	test logger ...
2021-05-12T23:34:29.834+0800	INFO	gin_web/2021_5_12_zap_定制_logger.go:87	test logger ...
2021-05-12T23:34:29.834+0800	INFO	gin_web/2021_5_12_zap_定制_logger.go:87	test logger ...
2021-05-12T23:34:29.834+0800	INFO	gin_web/2021_5_12_zap_定制_logger.go:87	test logger ...
2021-05-12T23:34:29.834+0800	INFO	gin_web/2021_5_12_zap_定制_logger.go:87	test logger ...
2021-05-12T23:34:29.834+0800	INFO	gin_web/2021_5_12_zap_定制_logger.go:87	test logger ...
2021-05-12T23:34:29.834+0800	INFO	gin_web/2021_5_12_zap_定制_logger.go:87	test logger ...
2021-05-12T23:34:29.834+0800	INFO	gin_web/2021_5_12_zap_定制_logger.go:87	test logger ...
2021-05-12T23:34:29.834+0800	INFO	gin_web/2021_5_12_zap_定制_logger.go:87	test logger ...
2021-05-12T23:34:29.834+0800	INFO	gin_web/2021_5_12_zap_定制_logger.go:87	test logger ...
2021-05-12T23:34:29.834+0800	INFO	gin_web/2021_5_12_zap_定制_logger.go:87	test logger ...
2021-05-12T23:34:29.834+0800	INFO	gin_web/2021_5_12_zap_定制_logger.go:87	test logger ...
2021-05-12T23:34:29.834+0800	INFO	gin_web/2021_5_12_zap_定制_logger.go:87	test logger ...
2021-05-12T23:34:29.834+0800	INFO	gin_web/2021_5_12_zap_定制_logger.go:87	test logger ...
2021-05-12T23:34:29.834+0800	INFO	gin_web/2021_5_12_zap_定制_logger.go:87	test logger ...
2021-05-12T23:34:29.834+0800	INFO	gin_web/2021_5_12_zap_定制_logger.go:87	test logger ...
2021-05-12T23:34:29.834+0800	INFO	gin_web/2021_5_12_zap_定制_logger.go:87	test logger ...
2021-05-12T23:34:29.834+0800	INFO	gin_web/2021_5_12_zap_定制_logger.go:87	test logger ...
2021-05-12T23:34:29.834+0800	INFO	gin_web/2021_5_12_zap_定制_logger.go:87	test logger ...
2021-05-12T23:34:29.834+0800	INFO	gin_web/2021_5_12_zap_定制_logger.go:87	test logger ...
2021-05-12T23:34:29.834+0800	INFO	gin_web/2021_5_12_zap_定制_logger.go:87	test logger ...
2021-05-12T23:34:29.834+0800	INFO	gin_web/2021_5_12_zap_定制_logger.go:87	test logger ...
2021-05-12T23:34:29.834+0800	INFO	gin_web/2021_5_12_zap_定制_logger.go:87	test logger ...
2021-05-12T23:34:29.834+0800	INFO	gin_web/2021_5_12_zap_定制_logger.go:87	test logger ...
2021-05-12T23:34:29.834+0800	INFO	gin_web/2021_5_12_zap_定制_logger.go:87	test logger ...
2021-05-12T23:34:29.834+0800	INFO	gin_web/2021_5_12_zap_定制_logger.go:87	test logger ...
2021-05-12T23:34:29.834+0800	INFO	gin_web/2021_5_12_zap_定制_logger.go:87	test logger ...
2021-05-12T23:34:29.834+0800	INFO	gin_web/2021_5_12_zap_定制_logger.go:87	test logger ...
2021-05-12T23:34:29.834+0800	INFO	gin_web/2021_5_12_zap_定制_logger.go:87	test logger ...
2021-05-12T23:34:29.834+0800	INFO	gin_web/2021_5_12_zap_定制_logger.go:87	test logger ...
2021-05-12T23:34:29.834+0800	INFO	gin_web/2021_5_12_zap_定制_logger.go:87	test logger ...
2021-05-12T23:34:29.834+0800	INFO	gin_web/2021_5_12_zap_定制_logger.go:87	test logger ...
2021-05-12T23:34:29.834+0800	INFO	gin_web/2021_5_12_zap_定制_logger.go:87	test logger ...
2021-05-12T23:34:29.834+0800	INFO	gin_web/2021_5_12_zap_定制_logger.go:87	test logger ...
2021-05-12T23:34:29.834+0800	INFO	gin_web/2021_5_12_zap_定制_logger.go:87	test logger ...
2021-05-12T23:34:29.834+0800	INFO	gin_web/2021_5_12_zap_定制_logger.go:87	test logger ...
2021-05-12T23:34:29.834+0800	INFO	gin_web/2021_5_12_zap_定制_logger.go:87	test logger ...
2021-05-12T23:34:29.834+0800	INFO	gin_web/2021_5_12_zap_定制_logger.go:87	test logger ...
2021-05-12T23:34:29.834+0800	INFO	gin_web/2021_5_12_zap_定制_logger.go:87	test logger ...
2021-05-12T23:34:29.834+0800	INFO	gin_web/2021_5_12_zap_定制_logger.go:87	test logger ...
2021-05-12T23:34:29.834+0800	INFO	gin_web/2021_5_12_zap_定制_logger.go:87	test logger ...
2021-05-12T23:34:29.834+0800	INFO	gin_web/2021_5_12_zap_定制_logger.go:87	test logger ...
2021-05-12T23:34:29.834+0800	INFO	gin_web/2021_5_12_zap_定制_logger.go:87	test logger ...
2021-05-12T23:34:29.834+0800	INFO	gin_web/2021_5_12_zap_定制_logger.go:87	test logger ...
2021-05-12T23:34:29.834+0800	INFO	gin_web/2021_5_12_zap_定制_logger.go:87	test logger ...
2021-05-12T23:34:29.834+0800	INFO	gin_web/2021_5_12_zap_定制_logger.go:87	test logger ...
2021-05-12T23:34:29.834+0800	INFO	gin_web/2021_5_12_zap_定制_logger.go:87	test logger ...
2021-05-12T23:34:29.834+0800	INFO	gin_web/2021_5_12_zap_定制_logger.go:87	test logger ...
2021-05-12T23:34:29.834+0800	INFO	gin_web/2021_5_12_zap_定制_logger.go:87	test logger ...
2021-05-12T23:34:29.834+0800	INFO	gin_web/2021_5_12_zap_定制_logger.go:87	test logger ...
2021-05-12T23:34:29.834+0800	INFO	gin_web/2021_5_12_zap_定制_logger.go:87	test logger ...
2021-05-12T23:34:29.834+0800	INFO	gin_web/2021_5_12_zap_定制_logger.go:87	test logger ...
2021-05-12T23:34:29.834+0800	INFO	gin_web/2021_5_12_zap_定制_logger.go:87	test logger ...
2021-05-12T23:34:29.834+0800	INFO	gin_web/2021_5_12_zap_定制_logger.go:87	test logger ...
2021-05-12T23:34:29.834+0800	INFO	gin_web/2021_5_12_zap_定制_logger.go:87	test logger ...
2021-05-12T23:34:29.834+0800	INFO	gin_web/2021_5_12_zap_定制_logger.go:87	test logger ...
2021-05-12T23:34:29.834+0800	INFO	gin_web/2021_5_12_zap_定制_logger.go:87	test logger ...
2021-05-12T23:34:29.834+0800	INFO	gin_web/2021_5_12_zap_定制_logger.go:87	test logger ...
2021-05-12T23:34:29.834+0800	INFO	gin_web/2021_5_12_zap_定制_logger.go:87	test logger ...
2021-05-12T23:34:29.834+0800	INFO	gin_web/2021_5_12_zap_定制_logger.go:87	test logger ...
2021-05-12T23:34:29.834+0800	INFO	gin_web/2021_5_12_zap_定制_logger.go:87	test logger ...
2021-05-12T23:34:29.834+0800	INFO	gin_web/2021_5_12_zap_定制_logger.go:87	test logger ...
2021-05-12T23:34:29.834+0800	INFO	gin_web/2021_5_12_zap_定制_logger.go:87	test logger ...
2021-05-12T23:34:29.834+0800	INFO	gin_web/2021_5_12_zap_定制_logger.go:87	test logger ...
2021-05-12T23:34:29.835+0800	INFO	gin_web/2021_5_12_zap_定制_logger.go:87	test logger ...
2021-05-12T23:34:29.835+0800	INFO	gin_web/2021_5_12_zap_定制_logger.go:87	test logger ...
2021-05-12T23:34:29.835+0800	INFO	gin_web/2021_5_12_zap_定制_logger.go:87	test logger ...
2021-05-12T23:34:29.835+0800	INFO	gin_web/2021_5_12_zap_定制_logger.go:87	test logger ...
2021-05-12T23:34:29.835+0800	INFO	gin_web/2021_5_12_zap_定制_logger.go:87	test logger ...
2021-05-12T23:34:29.835+0800	INFO	gin_web/2021_5_12_zap_定制_logger.go:87	test logger ...
2021-05-12T23:34:29.835+0800	INFO	gin_web/2021_5_12_zap_定制_logger.go:87	test logger ...
2021-05-12T23:34:29.835+0800	INFO	gin_web/2021_5_12_zap_定制_logger.go:87	test logger ...
2021-05-12T23:34:29.835+0800	INFO	gin_web/2021_5_12_zap_定制_logger.go:87	test logger ...
2021-05-12T23:34:29.835+0800	INFO	gin_web/2021_5_12_zap_定制_logger.go:87	test logger ...
2021-05-12T23:34:29.835+0800	INFO	gin_web/2021_5_12_zap_定制_logger.go:87	test logger ...
2021-05-12T23:34:29.835+0800	INFO	gin_web/2021_5_12_zap_定制_logger.go:87	test logger ...
2021-05-12T23:34:29.835+0800	INFO	gin_web/2021_5_12_zap_定制_logger.go:87	test logger ...
2021-05-12T23:34:29.835+0800	INFO	gin_web/2021_5_12_zap_定制_logger.go:87	test logger ...
2021-05-12T23:34:29.835+0800	INFO	gin_web/2021_5_12_zap_定制_logger.go:87	test logger ...
2021-05-12T23:34:29.835+0800	INFO	gin_web/2021_5_12_zap_定制_logger.go:87	test logger ...
2021-05-12T23:34:29.835+0800	INFO	gin_web/2021_5_12_zap_定制_logger.go:87	test logger ...
2021-05-12T23:34:29.835+0800	INFO	gin_web/2021_5_12_zap_定制_logger.go:87	test logger ...
2021-05-12T23:34:29.835+0800	INFO	gin_web/2021_5_12_zap_定制_logger.go:87	test logger ...
2021-05-12T23:34:29.835+0800	INFO	gin_web/2021_5_12_zap_定制_logger.go:87	test logger ...
2021-05-12T23:34:29.835+0800	INFO	gin_web/2021_5_12_zap_定制_logger.go:87	test logger ...
2021-05-12T23:34:29.835+0800	INFO	gin_web/2021_5_12_zap_定制_logger.go:87	test logger ...
2021-05-12T23:34:29.835+0800	INFO	gin_web/2021_5_12_zap_定制_logger.go:87	test logger ...
2021-05-12T23:34:29.835+0800	INFO	gin_web/2021_5_12_zap_定制_logger.go:87	test logger ...
2021-05-12T23:34:29.835+0800	INFO	gin_web/2021_5_12_zap_定制_logger.go:87	test logger ...
2021-05-12T23:34:29.835+0800	INFO	gin_web/2021_5_12_zap_定制_logger.go:87	test logger ...
2021-05-12T23:34:29.835+0800	INFO	gin_web/2021_5_12_zap_定制_logger.go:87	test logger ...
2021-05-12T23:34:29.835+0800	INFO	gin_web/2021_5_12_zap_定制_logger.go:87	test logger ...
2021-05-12T23:34:29.835+0800	INFO	gin_web/2021_5_12_zap_定制_logger.go:87	test logger ...
2021-05-12T23:34:29.835+0800	INFO	gin_web/2021_5_12_zap_定制_logger.go:87	test logger ...
2021-05-12T23:34:29.835+0800	INFO	gin_web/2021_5_12_zap_定制_logger.go:87	test logger ...
2021-05-12T23:34:29.835+0800	INFO	gin_web/2021_5_12_zap_定制_logger.go:87	test logger ...
2021-05-12T23:34:29.835+0800	INFO	gin_web/2021_5_12_zap_定制_logger.go:87	test logger ...
2021-05-12T23:34:29.835+0800	INFO	gin_web/2021_5_12_zap_定制_logger.go:87	test logger ...
2021-05-12T23:34:29.835+0800	INFO	gin_web/2021_5_12_zap_定制_logger.go:87	test logger ...
2021-05-12T23:34:29.835+0800	INFO	gin_web/2021_5_12_zap_定制_logger.go:87	test logger ...
2021-05-12T23:34:29.835+0800	INFO	gin_web/2021_5_12_zap_定制_logger.go:87	test logger ...
2021-05-12T23:34:29.835+0800	INFO	gin_web/2021_5_12_zap_定制_logger.go:87	test logger ...
2021-05-12T23:34:29.835+0800	INFO	gin_web/2021_5_12_zap_定制_logger.go:87	test logger ...
2021-05-12T23:34:29.835+0800	INFO	gin_web/2021_5_12_zap_定制_logger.go:87	test logger ...
2021-05-12T23:34:29.835+0800	INFO	gin_web/2021_5_12_zap_定制_logger.go:87	test logger ...
2021-05-12T23:34:29.835+0800	INFO	gin_web/2021_5_12_zap_定制_logger.go:87	test logger ...
2021-05-12T23:34:29.835+0800	INFO	gin_web/2021_5_12_zap_定制_logger.go:87	test logger ...
2021-05-12T23:34:29.835+0800	INFO	gin_web/2021_5_12_zap_定制_logger.go:87	test logger ...
2021-05-12T23:34:29.835+0800	INFO	gin_web/2021_5_12_zap_定制_logger.go:87	test logger ...
2021-05-12T23:34:29.835+0800	INFO	gin_web/2021_5_12_zap_定制_logger.go:87	test logger ...
2021-05-12T23:34:29.835+0800	INFO	gin_web/2021_5_12_zap_定制_logger.go:87	test logger ...
2021-05-12T23:34:29.835+0800	INFO	gin_web/2021_5_12_zap_定制_logger.go:87	test logger ...
2021-05-12T23:34:29.835+0800	INFO	gin_web/2021_5_12_zap_定制_logger.go:87	test logger ...
2021-05-12T23:34:29.835+0800	INFO	gin_web/2021_5_12_zap_定制_logger.go:87	test logger ...
2021-05-12T23:34:29.835+0800	INFO	gin_web/2021_5_12_zap_定制_logger.go:87	test logger ...
2021-05-12T23:34:29.835+0800	INFO	gin_web/2021_5_12_zap_定制_logger.go:87	test logger ...
2021-05-12T23:34:29.835+0800	INFO	gin_web/2021_5_12_zap_定制_logger.go:87	test logger ...
2021-05-12T23:34:29.835+0800	INFO	gin_web/2021_5_12_zap_定制_logger.go:87	test logger ...
2021-05-12T23:34:29.835+0800	INFO	gin_web/2021_5_12_zap_定制_logger.go:87	test logger ...
2021-05-12T23:34:29.835+0800	INFO	gin_web/2021_5_12_zap_定制_logger.go:87	test logger ...
2021-05-12T23:34:29.835+0800	INFO	gin_web/2021_5_12_zap_定制_logger.go:87	test logger ...
2021-05-12T23:34:29.835+0800	INFO	gin_web/2021_5_12_zap_定制_logger.go:87	test logger ...
2021-05-12T23:34:29.835+0800	INFO	gin_web/2021_5_12_zap_定制_logger.go:87	test logger ...
2021-05-12T23:34:29.835+0800	INFO	gin_web/2021_5_12_zap_定制_logger.go:87	test logger ...
2021-05-12T23:34:29.835+0800	INFO	gin_web/2021_5_12_zap_定制_logger.go:87	test logger ...
2021-05-12T23:34:29.835+0800	INFO	gin_web/2021_5_12_zap_定制_logger.go:87	test logger ...
2021-05-12T23:34:29.835+0800	INFO	gin_web/2021_5_12_zap_定制_logger.go:87	test logger ...
2021-05-12T23:34:29.835+0800	INFO	gin_web/2021_5_12_zap_定制_logger.go:87	test logger ...
2021-05-12T23:34:29.835+0800	INFO	gin_web/2021_5_12_zap_定制_logger.go:87	test logger ...
2021-05-12T23:34:29.835+0800	INFO	gin_web/2021_5_12_zap_定制_logger.go:87	test logger ...
2021-05-12T23:34:29.835+0800	INFO	gin_web/2021_5_12_zap_定制_logger.go:87	test logger ...
2021-05-12T23:34:29.835+0800	INFO	gin_web/2021_5_12_zap_定制_logger.go:87	test logger ...
2021-05-12T23:34:29.835+0800	INFO	gin_web/2021_5_12_zap_定制_logger.go:87	test logger ...
2021-05-12T23:34:29.835+0800	INFO	gin_web/2021_5_12_zap_定制_logger.go:87	test logger ...
2021-05-12T23:34:29.835+0800	INFO	gin_web/2021_5_12_zap_定制_logger.go:87	test logger ...
2021-05-12T23:34:29.835+0800	INFO	gin_web/2021_5_12_zap_定制_logger.go:87	test logger ...
2021-05-12T23:34:29.835+0800	INFO	gin_web/2021_5_12_zap_定制_logger.go:87	test logger ...
2021-05-12T23:34:29.835+0800	INFO	gin_web/2021_5_12_zap_定制_logger.go:87	test logger ...
2021-05-12T23:34:29.835+0800	INFO	gin_web/2021_5_12_zap_定制_logger.go:87	test logger ...
2021-05-12T23:34:29.835+0800	INFO	gin_web/2021_5_12_zap_定制_logger.go:87	test logger ...
2021-05-12T23:34:29.835+0800	INFO	gin_web/2021_5_12_zap_定制_logger.go:87	test logger ...
2021-05-12T23:34:29.835+0800	INFO	gin_web/2021_5_12_zap_定制_logger.go:87	test logger ...
2021-05-12T23:34:29.835+0800	INFO	gin_web/2021_5_12_zap_定制_logger.go:87	test logger ...
2021-05-12T23:34:29.835+0800	INFO	gin_web/2021_5_12_zap_定制_logger.go:87	test logger ...
2021-05-12T23:34:29.835+0800	INFO	gin_web/2021_5_12_zap_定制_logger.go:87	test logger ...
2021-05-12T23:34:29.835+0800	INFO	gin_web/2021_5_12_zap_定制_logger.go:87	test logger ...
2021-05-12T23:34:29.835+0800	INFO	gin_web/2021_5_12_zap_定制_logger.go:87	test logger ...
2021-05-12T23:34:29.835+0800	INFO	gin_web/2021_5_12_zap_定制_logger.go:87	test logger ...
2021-05-12T23:34:29.835+0800	INFO	gin_web/2021_5_12_zap_定制_logger.go:87	test logger ...
2021-05-12T23:34:29.835+0800	INFO	gin_web/2021_5_12_zap_定制_logger.go:87	test logger ...
2021-05-12T23:34:29.835+0800	INFO	gin_web/2021_5_12_zap_定制_logger.go:87	test logger ...
2021-05-12T23:34:29.835+0800	INFO	gin_web/2021_5_12_zap_定制_logger.go:87	test logger ...
2021-05-12T23:34:29.835+0800	INFO	gin_web/2021_5_12_zap_定制_logger.go:87	test logger ...
2021-05-12T23:34:29.835+0800	INFO	gin_web/2021_5_12_zap_定制_logger.go:87	test logger ...
2021-05-12T23:34:29.835+0800	INFO	gin_web/2021_5_12_zap_定制_logger.go:87	test logger ...
2021-05-12T23:34:29.835+0800	INFO	gin_web/2021_5_12_zap_定制_logger.go:87	test logger ...
2021-05-12T23:34:29.835+0800	INFO	gin_web/2021_5_12_zap_定制_logger.go:87	test logger ...
2021-05-12T23:34:29.835+0800	INFO	gin_web/2021_5_12_zap_定制_logger.go:87	test logger ...
2021-05-12T23:34:29.835+0800	INFO	gin_web/2021_5_12_zap_定制_logger.go:87	test logger ...
2021-05-12T23:34:29.835+0800	INFO	gin_web/2021_5_12_zap_定制_logger.go:87	test logger ...
2021-05-12T23:34:29.835+0800	INFO	gin_web/2021_5_12_zap_定制_logger.go:87	test logger ...
2021-05-12T23:34:29.835+0800	INFO	gin_web/2021_5_12_zap_定制_logger.go:87	test logger ...
2021-05-12T23:34:29.835+0800	INFO	gin_web/2021_5_12_zap_定制_logger.go:87	test logger ...
2021-05-12T23:34:29.835+0800	INFO	gin_web/2021_5_12_zap_定制_logger.go:87	test logger ...
2021-05-12T23:34:29.835+0800	INFO	gin_web/2021_5_12_zap_定制_logger.go:87	test logger ...
2021-05-12T23:34:29.835+0800	INFO	gin_web/2021_5_12_zap_定制_logger.go:87	test logger ...
2021-05-12T23:34:29.835+0800	INFO	gin_web/2021_5_12_zap_定制_logger.go:87	test logger ...
2021-05-12T23:34:29.835+0800	INFO	gin_web/2021_5_12_zap_定制_logger.go:87	test logger ...
2021-05-12T23:34:29.835+0800	INFO	gin_web/2021_5_12_zap_定制_logger.go:87	test logger ...
2021-05-12T23:34:29.835+0800	INFO	gin_web/2021_5_12_zap_定制_logger.go:87	test logger ...
2021-05-12T23:34:29.835+0800	INFO	gin_web/2021_5_12_zap_定制_logger.go:87	test logger ...
2021-05-12T23:34:29.835+0800	INFO	gin_web/2021_5_12_zap_定制_logger.go:87	test logger ...
2021-05-12T23:34:29.836+0800	INFO	gin_web/2021_5_12_zap_定制_logger.go:87	test logger ...
2021-05-12T23:34:29.836+0800	INFO	gin_web/2021_5_12_zap_定制_logger.go:87	test logger ...
2021-05-12T23:34:29.836+0800	INFO	gin_web/2021_5_12_zap_定制_logger.go:87	test logger ...
2021-05-12T23:34:29.836+0800	INFO	gin_web/2021_5_12_zap_定制_logger.go:87	test logger ...
2021-05-12T23:34:29.836+0800	INFO	gin_web/2021_5_12_zap_定制_logger.go:87	test logger ...
2021-05-12T23:34:29.836+0800	INFO	gin_web/2021_5_12_zap_定制_logger.go:87	test logger ...
2021-05-12T23:34:29.836+0800	INFO	gin_web/2021_5_12_zap_定制_logger.go:87	test logger ...
2021-05-12T23:34:29.836+0800	INFO	gin_web/2021_5_12_zap_定制_logger.go:87	test logger ...
2021-05-12T23:34:29.836+0800	INFO	gin_web/2021_5_12_zap_定制_logger.go:87	test logger ...
2021-05-12T23:34:29.836+0800	INFO	gin_web/2021_5_12_zap_定制_logger.go:87	test logger ...
2021-05-12T23:34:29.836+0800	INFO	gin_web/2021_5_12_zap_定制_logger.go:87	test logger ...
2021-05-12T23:34:29.836+0800	INFO	gin_web/2021_5_12_zap_定制_logger.go:87	test logger ...
2021-05-12T23:34:29.836+0800	INFO	gin_web/2021_5_12_zap_定制_logger.go:87	test logger ...
2021-05-12T23:34:29.836+0800	INFO	gin_web/2021_5_12_zap_定制_logger.go:87	test logger ...
2021-05-12T23:34:29.836+0800	INFO	gin_web/2021_5_12_zap_定制_logger.go:87	test logger ...
2021-05-12T23:34:29.836+0800	INFO	gin_web/2021_5_12_zap_定制_logger.go:87	test logger ...
2021-05-12T23:34:29.836+0800	INFO	gin_web/2021_5_12_zap_定制_logger.go:87	test logger ...
2021-05-12T23:34:29.836+0800	INFO	gin_web/2021_5_12_zap_定制_logger.go:87	test logger ...
2021-05-12T23:34:29.836+0800	INFO	gin_web/2021_5_12_zap_定制_logger.go:87	test logger ...
2021-05-12T23:34:29.836+0800	INFO	gin_web/2021_5_12_zap_定制_logger.go:87	test logger ...
2021-05-12T23:34:29.836+0800	INFO	gin_web/2021_5_12_zap_定制_logger.go:87	test logger ...
2021-05-12T23:34:29.836+0800	INFO	gin_web/2021_5_12_zap_定制_logger.go:87	test logger ...
2021-05-12T23:34:29.836+0800	INFO	gin_web/2021_5_12_zap_定制_logger.go:87	test logger ...
2021-05-12T23:34:29.836+0800	INFO	gin_web/2021_5_12_zap_定制_logger.go:87	test logger ...
2021-05-12T23:34:29.836+0800	INFO	gin_web/2021_5_12_zap_定制_logger.go:87	test logger ...
2021-05-12T23:34:29.836+0800	INFO	gin_web/2021_5_12_zap_定制_logger.go:87	test logger ...
2021-05-12T23:34:29.836+0800	INFO	gin_web/2021_5_12_zap_定制_logger.go:87	test logger ...
2021-05-12T23:34:29.836+0800	INFO	gin_web/2021_5_12_zap_定制_logger.go:87	test logger ...
2021-05-12T23:34:29.836+0800	INFO	gin_web/2021_5_12_zap_定制_logger.go:87	test logger ...
2021-05-12T23:34:29.836+0800	INFO	gin_web/2021_5_12_zap_定制_logger.go:87	test logger ...
2021-05-12T23:34:29.836+0800	INFO	gin_web/2021_5_12_zap_定制_logger.go:87	test logger ...
2021-05-12T23:34:29.836+0800	INFO	gin_web/2021_5_12_zap_定制_logger.go:87	test logger ...
2021-05-12T23:34:29.836+0800	INFO	gin_web/2021_5_12_zap_定制_logger.go:87	test logger ...
2021-05-12T23:34:29.836+0800	INFO	gin_web/2021_5_12_zap_定制_logger.go:87	test logger ...
2021-05-12T23:34:29.836+0800	INFO	gin_web/2021_5_12_zap_定制_logger.go:87	test logger ...
2021-05-12T23:34:29.836+0800	INFO	gin_web/2021_5_12_zap_定制_logger.go:87	test logger ...
2021-05-12T23:34:29.836+0800	INFO	gin_web/2021_5_12_zap_定制_logger.go:87	test logger ...
2021-05-12T23:34:29.836+0800	INFO	gin_web/2021_5_12_zap_定制_logger.go:87	test logger ...
2021-05-12T23:34:29.836+0800	INFO	gin_web/2021_5_12_zap_定制_logger.go:87	test logger ...
2021-05-12T23:34:29.836+0800	INFO	gin_web/2021_5_12_zap_定制_logger.go:87	test logger ...
2021-05-12T23:34:29.836+0800	INFO	gin_web/2021_5_12_zap_定制_logger.go:87	test logger ...
2021-05-12T23:34:29.836+0800	INFO	gin_web/2021_5_12_zap_定制_logger.go:87	test logger ...
2021-05-12T23:34:29.836+0800	INFO	gin_web/2021_5_12_zap_定制_logger.go:87	test logger ...
2021-05-12T23:34:29.836+0800	INFO	gin_web/2021_5_12_zap_定制_logger.go:87	test logger ...
2021-05-12T23:34:29.836+0800	INFO	gin_web/2021_5_12_zap_定制_logger.go:87	test logger ...
2021-05-12T23:34:29.836+0800	INFO	gin_web/2021_5_12_zap_定制_logger.go:87	test logger ...
2021-05-12T23:34:29.836+0800	INFO	gin_web/2021_5_12_zap_定制_logger.go:87	test logger ...
2021-05-12T23:34:29.836+0800	INFO	gin_web/2021_5_12_zap_定制_logger.go:87	test logger ...
2021-05-12T23:34:29.836+0800	INFO	gin_web/2021_5_12_zap_定制_logger.go:87	test logger ...
2021-05-12T23:34:29.836+0800	INFO	gin_web/2021_5_12_zap_定制_logger.go:87	test logger ...
2021-05-12T23:34:29.836+0800	INFO	gin_web/2021_5_12_zap_定制_logger.go:87	test logger ...
2021-05-12T23:34:29.836+0800	INFO	gin_web/2021_5_12_zap_定制_logger.go:87	test logger ...
2021-05-12T23:34:29.836+0800	INFO	gin_web/2021_5_12_zap_定制_logger.go:87	test logger ...
2021-05-12T23:34:29.836+0800	INFO	gin_web/2021_5_12_zap_定制_logger.go:87	test logger ...
2021-05-12T23:34:29.836+0800	INFO	gin_web/2021_5_12_zap_定制_logger.go:87	test logger ...
2021-05-12T23:34:29.836+0800	INFO	gin_web/2021_5_12_zap_定制_logger.go:87	test logger ...
2021-05-12T23:34:29.836+0800	INFO	gin_web/2021_5_12_zap_定制_logger.go:87	test logger ...
2021-05-12T23:34:29.836+0800	INFO	gin_web/2021_5_12_zap_定制_logger.go:87	test logger ...
2021-05-12T23:34:29.836+0800	INFO	gin_web/2021_5_12_zap_定制_logger.go:87	test logger ...
2021-05-12T23:34:29.836+0800	INFO	gin_web/2021_5_12_zap_定制_logger.go:87	test logger ...
2021-05-12T23:34:29.836+0800	INFO	gin_web/2021_5_12_zap_定制_logger.go:87	test logger ...
2021-05-12T23:34:29.836+0800	INFO	gin_web/2021_5_12_zap_定制_logger.go:87	test logger ...
2021-05-12T23:34:29.836+0800	INFO	gin_web/2021_5_12_zap_定制_logger.go:87	test logger ...
2021-05-12T23:34:29.836+0800	INFO	gin_web/2021_5_12_zap_定制_logger.go:87	test logger ...
2021-05-12T23:34:29.836+0800	INFO	gin_web/2021_5_12_zap_定制_logger.go:87	test logger ...
2021-05-12T23:34:29.836+0800	INFO	gin_web/2021_5_12_zap_定制_logger.go:87	test logger ...
2021-05-12T23:34:29.836+0800	INFO	gin_web/2021_5_12_zap_定制_logger.go:87	test logger ...
2021-05-12T23:34:29.836+0800	INFO	gin_web/2021_5_12_zap_定制_logger.go:87	test logger ...
2021-05-12T23:34:29.836+0800	INFO	gin_web/2021_5_12_zap_定制_logger.go:87	test logger ...
2021-05-12T23:34:29.836+0800	INFO	gin_web/2021_5_12_zap_定制_logger.go:87	test logger ...
2021-05-12T23:34:29.836+0800	INFO	gin_web/2021_5_12_zap_定制_logger.go:87	test logger ...
2021-05-12T23:34:29.836+0800	INFO	gin_web/2021_5_12_zap_定制_logger.go:87	test logger ...
2021-05-12T23:34:29.836+0800	INFO	gin_web/2021_5_12_zap_定制_logger.go:87	test logger ...
2021-05-12T23:34:29.836+0800	INFO	gin_web/2021_5_12_zap_定制_logger.go:87	test logger ...
2021-05-12T23:34:29.836+0800	INFO	gin_web/2021_5_12_zap_定制_logger.go:87	test logger ...
2021-05-12T23:34:29.836+0800	INFO	gin_web/2021_5_12_zap_定制_logger.go:87	test logger ...
2021-05-12T23:34:29.836+0800	INFO	gin_web/2021_5_12_zap_定制_logger.go:87	test logger ...
2021-05-12T23:34:29.836+0800	INFO	gin_web/2021_5_12_zap_定制_logger.go:87	test logger ...
2021-05-12T23:34:29.836+0800	INFO	gin_web/2021_5_12_zap_定制_logger.go:87	test logger ...
2021-05-12T23:34:29.836+0800	INFO	gin_web/2021_5_12_zap_定制_logger.go:87	test logger ...
2021-05-12T23:34:29.836+0800	INFO	gin_web/2021_5_12_zap_定制_logger.go:87	test logger ...
2021-05-12T23:34:29.836+0800	INFO	gin_web/2021_5_12_zap_定制_logger.go:87	test logger ...
2021-05-12T23:34:29.836+0800	INFO	gin_web/2021_5_12_zap_定制_logger.go:87	test logger ...
2021-05-12T23:34:29.836+0800	INFO	gin_web/2021_5_12_zap_定制_logger.go:87	test logger ...
2021-05-12T23:34:29.836+0800	INFO	gin_web/2021_5_12_zap_定制_logger.go:87	test logger ...
2021-05-12T23:34:29.836+0800	INFO	gin_web/2021_5_12_zap_定制_logger.go:87	test logger ...
2021-05-12T23:34:29.836+0800	INFO	gin_web/2021_5_12_zap_定制_logger.go:87	test logger ...
2021-05-12T23:34:29.836+0800	INFO	gin_web/2021_5_12_zap_定制_logger.go:87	test logger ...
2021-05-12T23:34:29.836+0800	INFO	gin_web/2021_5_12_zap_定制_logger.go:87	test logger ...
2021-05-12T23:34:29.836+0800	INFO	gin_web/2021_5_12_zap_定制_logger.go:87	test logger ...
2021-05-12T23:34:29.836+0800	INFO	gin_web/2021_5_12_zap_定制_logger.go:87	test logger ...
2021-05-12T23:34:29.836+0800	INFO	gin_web/2021_5_12_zap_定制_logger.go:87	test logger ...
2021-05-12T23:34:29.836+0800	INFO	gin_web/2021_5_12_zap_定制_logger.go:87	test logger ...
2021-05-12T23:34:29.836+0800	INFO	gin_web/2021_5_12_zap_定制_logger.go:87	test logger ...
2021-05-12T23:34:29.836+0800	INFO	gin_web/2021_5_12_zap_定制_logger.go:87	test logger ...
2021-05-12T23:34:29.836+0800	INFO	gin_web/2021_5_12_zap_定制_logger.go:87	test logger ...
2021-05-12T23:34:29.836+0800	INFO	gin_web/2021_5_12_zap_定制_logger.go:87	test logger ...
2021-05-12T23:34:29.836+0800	INFO	gin_web/2021_5_12_zap_定制_logger.go:87	test logger ...
2021-05-12T23:34:29.836+0800	INFO	gin_web/2021_5_12_zap_定制_logger.go:87	test logger ...
2021-05-12T23:34:29.836+0800	INFO	gin_web/2021_5_12_zap_定制_logger.go:87	test logger ...
2021-05-12T23:34:29.836+0800	INFO	gin_web/2021_5_12_zap_定制_logger.go:87	test logger ...
2021-05-12T23:34:29.836+0800	INFO	gin_web/2021_5_12_zap_定制_logger.go:87	test logger ...
2021-05-12T23:34:29.836+0800	INFO	gin_web/2021_5_12_zap_定制_logger.go:87	test logger ...
2021-05-12T23:34:29.836+0800	INFO	gin_web/2021_5_12_zap_定制_logger.go:87	test logger ...
2021-05-12T23:34:29.836+0800	INFO	gin_web/2021_5_12_zap_定制_logger.go:87	test logger ...
2021-05-12T23:34:29.836+0800	INFO	gin_web/2021_5_12_zap_定制_logger.go:87	test logger ...
2021-05-12T23:34:29.837+0800	INFO	gin_web/2021_5_12_zap_定制_logger.go:87	test logger ...
2021-05-12T23:34:29.837+0800	INFO	gin_web/2021_5_12_zap_定制_logger.go:87	test logger ...
2021-05-12T23:34:29.837+0800	INFO	gin_web/2021_5_12_zap_定制_logger.go:87	test logger ...
2021-05-12T23:34:29.837+0800	INFO	gin_web/2021_5_12_zap_定制_logger.go:87	test logger ...
2021-05-12T23:34:29.837+0800	INFO	gin_web/2021_5_12_zap_定制_logger.go:87	test logger ...
2021-05-12T23:34:29.837+0800	INFO	gin_web/2021_5_12_zap_定制_logger.go:87	test logger ...
2021-05-12T23:34:29.837+0800	INFO	gin_web/2021_5_12_zap_定制_logger.go:87	test logger ...
2021-05-12T23:34:29.837+0800	INFO	gin_web/2021_5_12_zap_定制_logger.go:87	test logger ...
2021-05-12T23:34:29.837+0800	INFO	gin_web/2021_5_12_zap_定制_logger.go:87	test logger ...
2021-05-12T23:34:29.837+0800	INFO	gin_web/2021_5_12_zap_定制_logger.go:87	test logger ...
2021-05-12T23:34:29.837+0800	INFO	gin_web/2021_5_12_zap_定制_logger.go:87	test logger ...
2021-05-12T23:34:29.837+0800	INFO	gin_web/2021_5_12_zap_定制_logger.go:87	test logger ...
2021-05-12T23:34:29.837+0800	INFO	gin_web/2021_5_12_zap_定制_logger.go:87	test logger ...
2021-05-12T23:34:29.837+0800	INFO	gin_web/2021_5_12_zap_定制_logger.go:87	test logger ...
2021-05-12T23:34:29.837+0800	INFO	gin_web/2021_5_12_zap_定制_logger.go:87	test logger ...
2021-05-12T23:34:29.837+0800	INFO	gin_web/2021_5_12_zap_定制_logger.go:87	test logger ...
2021-05-12T23:34:29.837+0800	INFO	gin_web/2021_5_12_zap_定制_logger.go:87	test logger ...
2021-05-12T23:34:29.837+0800	INFO	gin_web/2021_5_12_zap_定制_logger.go:87	test logger ...
2021-05-12T23:34:29.837+0800	INFO	gin_web/2021_5_12_zap_定制_logger.go:87	test logger ...
2021-05-12T23:34:29.837+0800	INFO	gin_web/2021_5_12_zap_定制_logger.go:87	test logger ...
2021-05-12T23:34:29.837+0800	INFO	gin_web/2021_5_12_zap_定制_logger.go:87	test logger ...
2021-05-12T23:34:29.837+0800	INFO	gin_web/2021_5_12_zap_定制_logger.go:87	test logger ...
2021-05-12T23:34:29.837+0800	INFO	gin_web/2021_5_12_zap_定制_logger.go:87	test logger ...
2021-05-12T23:34:29.837+0800	INFO	gin_web/2021_5_12_zap_定制_logger.go:87	test logger ...
2021-05-12T23:34:29.837+0800	INFO	gin_web/2021_5_12_zap_定制_logger.go:87	test logger ...
2021-05-12T23:34:29.837+0800	INFO	gin_web/2021_5_12_zap_定制_logger.go:87	test logger ...
2021-05-12T23:34:29.837+0800	INFO	gin_web/2021_5_12_zap_定制_logger.go:87	test logger ...
2021-05-12T23:34:29.837+0800	INFO	gin_web/2021_5_12_zap_定制_logger.go:87	test logger ...
2021-05-12T23:34:29.837+0800	INFO	gin_web/2021_5_12_zap_定制_logger.go:87	test logger ...
2021-05-12T23:34:29.837+0800	INFO	gin_web/2021_5_12_zap_定制_logger.go:87	test logger ...
2021-05-12T23:34:29.837+0800	INFO	gin_web/2021_5_12_zap_定制_logger.go:87	test logger ...
2021-05-12T23:34:29.837+0800	INFO	gin_web/2021_5_12_zap_定制_logger.go:87	test logger ...
2021-05-12T23:34:29.837+0800	INFO	gin_web/2021_5_12_zap_定制_logger.go:87	test logger ...
2021-05-12T23:34:29.837+0800	INFO	gin_web/2021_5_12_zap_定制_logger.go:87	test logger ...
2021-05-12T23:34:29.837+0800	INFO	gin_web/2021_5_12_zap_定制_logger.go:87	test logger ...
2021-05-12T23:34:29.837+0800	INFO	gin_web/2021_5_12_zap_定制_logger.go:87	test logger ...
2021-05-12T23:34:29.837+0800	INFO	gin_web/2021_5_12_zap_定制_logger.go:87	test logger ...
2021-05-12T23:34:29.837+0800	INFO	gin_web/2021_5_12_zap_定制_logger.go:87	test logger ...
2021-05-12T23:34:29.837+0800	INFO	gin_web/2021_5_12_zap_定制_logger.go:87	test logger ...
2021-05-12T23:34:29.837+0800	INFO	gin_web/2021_5_12_zap_定制_logger.go:87	test logger ...
2021-05-12T23:34:29.837+0800	INFO	gin_web/2021_5_12_zap_定制_logger.go:87	test logger ...
2021-05-12T23:34:29.837+0800	INFO	gin_web/2021_5_12_zap_定制_logger.go:87	test logger ...
2021-05-12T23:34:29.837+0800	INFO	gin_web/2021_5_12_zap_定制_logger.go:87	test logger ...
2021-05-12T23:34:29.837+0800	INFO	gin_web/2021_5_12_zap_定制_logger.go:87	test logger ...
2021-05-12T23:34:29.837+0800	INFO	gin_web/2021_5_12_zap_定制_logger.go:87	test logger ...
2021-05-12T23:34:29.837+0800	INFO	gin_web/2021_5_12_zap_定制_logger.go:87	test logger ...
2021-05-12T23:34:29.837+0800	INFO	gin_web/2021_5_12_zap_定制_logger.go:87	test logger ...
2021-05-12T23:34:29.837+0800	INFO	gin_web/2021_5_12_zap_定制_logger.go:87	test logger ...
2021-05-12T23:34:29.837+0800	INFO	gin_web/2021_5_12_zap_定制_logger.go:87	test logger ...
2021-05-12T23:34:29.837+0800	INFO	gin_web/2021_5_12_zap_定制_logger.go:87	test logger ...
2021-05-12T23:34:29.837+0800	INFO	gin_web/2021_5_12_zap_定制_logger.go:87	test logger ...
2021-05-12T23:34:29.837+0800	INFO	gin_web/2021_5_12_zap_定制_logger.go:87	test logger ...
2021-05-12T23:34:29.837+0800	INFO	gin_web/2021_5_12_zap_定制_logger.go:87	test logger ...
2021-05-12T23:34:29.837+0800	INFO	gin_web/2021_5_12_zap_定制_logger.go:87	test logger ...
2021-05-12T23:34:29.837+0800	INFO	gin_web/2021_5_12_zap_定制_logger.go:87	test logger ...
2021-05-12T23:34:29.837+0800	INFO	gin_web/2021_5_12_zap_定制_logger.go:87	test logger ...
2021-05-12T23:34:29.837+0800	INFO	gin_web/2021_5_12_zap_定制_logger.go:87	test logger ...
2021-05-12T23:34:29.837+0800	INFO	gin_web/2021_5_12_zap_定制_logger.go:87	test logger ...
2021-05-12T23:34:29.837+0800	INFO	gin_web/2021_5_12_zap_定制_logger.go:87	test logger ...
2021-05-12T23:34:29.837+0800	INFO	gin_web/2021_5_12_zap_定制_logger.go:87	test logger ...
2021-05-12T23:34:29.837+0800	INFO	gin_web/2021_5_12_zap_定制_logger.go:87	test logger ...
2021-05-12T23:34:29.837+0800	INFO	gin_web/2021_5_12_zap_定制_logger.go:87	test logger ...
2021-05-12T23:34:29.837+0800	INFO	gin_web/2021_5_12_zap_定制_logger.go:87	test logger ...
2021-05-12T23:34:29.837+0800	INFO	gin_web/2021_5_12_zap_定制_logger.go:87	test logger ...
2021-05-12T23:34:29.837+0800	INFO	gin_web/2021_5_12_zap_定制_logger.go:87	test logger ...
2021-05-12T23:34:29.837+0800	INFO	gin_web/2021_5_12_zap_定制_logger.go:87	test logger ...
2021-05-12T23:34:29.837+0800	INFO	gin_web/2021_5_12_zap_定制_logger.go:87	test logger ...
2021-05-12T23:34:29.837+0800	INFO	gin_web/2021_5_12_zap_定制_logger.go:87	test logger ...
2021-05-12T23:34:29.837+0800	INFO	gin_web/2021_5_12_zap_定制_logger.go:87	test logger ...
2021-05-12T23:34:29.837+0800	INFO	gin_web/2021_5_12_zap_定制_logger.go:87	test logger ...
2021-05-12T23:34:29.837+0800	INFO	gin_web/2021_5_12_zap_定制_logger.go:87	test logger ...
2021-05-12T23:34:29.837+0800	INFO	gin_web/2021_5_12_zap_定制_logger.go:87	test logger ...
2021-05-12T23:34:29.837+0800	INFO	gin_web/2021_5_12_zap_定制_logger.go:87	test logger ...
2021-05-12T23:34:29.837+0800	INFO	gin_web/2021_5_12_zap_定制_logger.go:87	test logger ...
2021-05-12T23:34:29.837+0800	INFO	gin_web/2021_5_12_zap_定制_logger.go:87	test logger ...
2021-05-12T23:34:29.837+0800	INFO	gin_web/2021_5_12_zap_定制_logger.go:87	test logger ...
2021-05-12T23:34:29.837+0800	INFO	gin_web/2021_5_12_zap_定制_logger.go:87	test logger ...
2021-05-12T23:34:29.837+0800	INFO	gin_web/2021_5_12_zap_定制_logger.go:87	test logger ...
2021-05-12T23:34:29.837+0800	INFO	gin_web/2021_5_12_zap_定制_logger.go:87	test logger ...
2021-05-12T23:34:29.837+0800	INFO	gin_web/2021_5_12_zap_定制_logger.go:87	test logger ...
2021-05-12T23:34:29.837+0800	INFO	gin_web/2021_5_12_zap_定制_logger.go:87	test logger ...
2021-05-12T23:34:29.837+0800	INFO	gin_web/2021_5_12_zap_定制_logger.go:87	test logger ...
2021-05-12T23:34:29.837+0800	INFO	gin_web/2021_5_12_zap_定制_logger.go:87	test logger ...
2021-05-12T23:34:29.837+0800	INFO	gin_web/2021_5_12_zap_定制_logger.go:87	test logger ...
2021-05-12T23:34:29.837+0800	INFO	gin_web/2021_5_12_zap_定制_logger.go:87	test logger ...
2021-05-12T23:34:29.837+0800	INFO	gin_web/2021_5_12_zap_定制_logger.go:87	test logger ...
2021-05-12T23:34:29.837+0800	INFO	gin_web/2021_5_12_zap_定制_logger.go:87	test logger ...
2021-05-12T23:34:29.837+0800	INFO	gin_web/2021_5_12_zap_定制_logger.go:87	test logger ...
2021-05-12T23:34:29.837+0800	INFO	gin_web/2021_5_12_zap_定制_logger.go:87	test logger ...
2021-05-12T23:34:29.837+0800	INFO	gin_web/2021_5_12_zap_定制_logger.go:87	test logger ...
2021-05-12T23:34:29.837+0800	INFO	gin_web/2021_5_12_zap_定制_logger.go:87	test logger ...
2021-05-12T23:34:29.837+0800	INFO	gin_web/2021_5_12_zap_定制_logger.go:87	test logger ...
2021-05-12T23:34:29.837+0800	INFO	gin_web/2021_5_12_zap_定制_logger.go:87	test logger ...
2021-05-12T23:34:29.837+0800	INFO	gin_web/2021_5_12_zap_定制_logger.go:87	test logger ...
2021-05-12T23:34:29.837+0800	INFO	gin_web/2021_5_12_zap_定制_logger.go:87	test logger ...
2021-05-12T23:34:29.837+0800	INFO	gin_web/2021_5_12_zap_定制_logger.go:87	test logger ...
2021-05-12T23:34:29.837+0800	INFO	gin_web/2021_5_12_zap_定制_logger.go:87	test logger ...
2021-05-12T23:34:29.838+0800	INFO	gin_web/2021_5_12_zap_定制_logger.go:87	test logger ...
2021-05-12T23:34:29.838+0800	INFO	gin_web/2021_5_12_zap_定制_logger.go:87	test logger ...
2021-05-12T23:34:29.838+0800	INFO	gin_web/2021_5_12_zap_定制_logger.go:87	test logger ...
2021-05-12T23:34:29.838+0800	INFO	gin_web/2021_5_12_zap_定制_logger.go:87	test logger ...
2021-05-12T23:34:29.838+0800	INFO	gin_web/2021_5_12_zap_定制_logger.go:87	test logger ...
2021-05-12T23:34:29.838+0800	INFO	gin_web/2021_5_12_zap_定制_logger.go:87	test logger ...
2021-05-12T23:34:29.838+0800	INFO	gin_web/2021_5_12_zap_定制_logger.go:87	test logger ...
2021-05-12T23:34:29.838+0800	INFO	gin_web/2021_5_12_zap_定制_logger.go:87	test logger ...
2021-05-12T23:34:29.838+0800	INFO	gin_web/2021_5_12_zap_定制_logger.go:87	test logger ...
2021-05-12T23:34:29.838+0800	INFO	gin_web/2021_5_12_zap_定制_logger.go:87	test logger ...
2021-05-12T23:34:29.838+0800	INFO	gin_web/2021_5_12_zap_定制_logger.go:87	test logger ...
2021-05-12T23:34:29.838+0800	INFO	gin_web/2021_5_12_zap_定制_logger.go:87	test logger ...
2021-05-12T23:34:29.838+0800	INFO	gin_web/2021_5_12_zap_定制_logger.go:87	test logger ...
2021-05-12T23:34:29.838+0800	INFO	gin_web/2021_5_12_zap_定制_logger.go:87	test logger ...
2021-05-12T23:34:29.838+0800	INFO	gin_web/2021_5_12_zap_定制_logger.go:87	test logger ...
2021-05-12T23:34:29.838+0800	INFO	gin_web/2021_5_12_zap_定制_logger.go:87	test logger ...
2021-05-12T23:34:29.838+0800	INFO	gin_web/2021_5_12_zap_定制_logger.go:87	test logger ...
2021-05-12T23:34:29.838+0800	INFO	gin_web/2021_5_12_zap_定制_logger.go:87	test logger ...
2021-05-12T23:34:29.838+0800	INFO	gin_web/2021_5_12_zap_定制_logger.go:87	test logger ...
2021-05-12T23:34:29.838+0800	INFO	gin_web/2021_5_12_zap_定制_logger.go:87	test logger ...
2021-05-12T23:34:29.838+0800	INFO	gin_web/2021_5_12_zap_定制_logger.go:87	test logger ...
2021-05-12T23:34:29.838+0800	INFO	gin_web/2021_5_12_zap_定制_logger.go:87	test logger ...
2021-05-12T23:34:29.838+0800	INFO	gin_web/2021_5_12_zap_定制_logger.go:87	test logger ...
2021-05-12T23:34:29.838+0800	INFO	gin_web/2021_5_12_zap_定制_logger.go:87	test logger ...
2021-05-12T23:34:29.838+0800	INFO	gin_web/2021_5_12_zap_定制_logger.go:87	test logger ...
2021-05-12T23:34:29.838+0800	INFO	gin_web/2021_5_12_zap_定制_logger.go:87	test logger ...
2021-05-12T23:34:29.838+0800	INFO	gin_web/2021_5_12_zap_定制_logger.go:87	test logger ...
2021-05-12T23:34:29.838+0800	INFO	gin_web/2021_5_12_zap_定制_logger.go:87	test logger ...
2021-05-12T23:34:29.838+0800	INFO	gin_web/2021_5_12_zap_定制_logger.go:87	test logger ...
2021-05-12T23:34:29.838+0800	INFO	gin_web/2021_5_12_zap_定制_logger.go:87	test logger ...
2021-05-12T23:34:29.838+0800	INFO	gin_web/2021_5_12_zap_定制_logger.go:87	test logger ...
2021-05-12T23:34:29.838+0800	INFO	gin_web/2021_5_12_zap_定制_logger.go:87	test logger ...
2021-05-12T23:34:29.838+0800	INFO	gin_web/2021_5_12_zap_定制_logger.go:87	test logger ...
2021-05-12T23:34:29.838+0800	INFO	gin_web/2021_5_12_zap_定制_logger.go:87	test logger ...
2021-05-12T23:34:29.838+0800	INFO	gin_web/2021_5_12_zap_定制_logger.go:87	test logger ...
2021-05-12T23:34:29.838+0800	INFO	gin_web/2021_5_12_zap_定制_logger.go:87	test logger ...
2021-05-12T23:34:29.838+0800	INFO	gin_web/2021_5_12_zap_定制_logger.go:87	test logger ...
2021-05-12T23:34:29.838+0800	INFO	gin_web/2021_5_12_zap_定制_logger.go:87	test logger ...
2021-05-12T23:34:29.838+0800	INFO	gin_web/2021_5_12_zap_定制_logger.go:87	test logger ...
2021-05-12T23:34:29.838+0800	INFO	gin_web/2021_5_12_zap_定制_logger.go:87	test logger ...
2021-05-12T23:34:29.838+0800	INFO	gin_web/2021_5_12_zap_定制_logger.go:87	test logger ...
2021-05-12T23:34:29.838+0800	INFO	gin_web/2021_5_12_zap_定制_logger.go:87	test logger ...
2021-05-12T23:34:29.838+0800	INFO	gin_web/2021_5_12_zap_定制_logger.go:87	test logger ...
2021-05-12T23:34:29.838+0800	INFO	gin_web/2021_5_12_zap_定制_logger.go:87	test logger ...
2021-05-12T23:34:29.838+0800	INFO	gin_web/2021_5_12_zap_定制_logger.go:87	test logger ...
2021-05-12T23:34:29.838+0800	INFO	gin_web/2021_5_12_zap_定制_logger.go:87	test logger ...
2021-05-12T23:34:29.838+0800	INFO	gin_web/2021_5_12_zap_定制_logger.go:87	test logger ...
2021-05-12T23:34:29.838+0800	INFO	gin_web/2021_5_12_zap_定制_logger.go:87	test logger ...
2021-05-12T23:34:29.838+0800	INFO	gin_web/2021_5_12_zap_定制_logger.go:87	test logger ...
2021-05-12T23:34:29.838+0800	INFO	gin_web/2021_5_12_zap_定制_logger.go:87	test logger ...
2021-05-12T23:34:29.838+0800	INFO	gin_web/2021_5_12_zap_定制_logger.go:87	test logger ...
2021-05-12T23:34:29.838+0800	INFO	gin_web/2021_5_12_zap_定制_logger.go:87	test logger ...
2021-05-12T23:34:29.838+0800	INFO	gin_web/2021_5_12_zap_定制_logger.go:87	test logger ...
2021-05-12T23:34:29.838+0800	INFO	gin_web/2021_5_12_zap_定制_logger.go:87	test logger ...
2021-05-12T23:34:29.838+0800	INFO	gin_web/2021_5_12_zap_定制_logger.go:87	test logger ...
2021-05-12T23:34:29.838+0800	INFO	gin_web/2021_5_12_zap_定制_logger.go:87	test logger ...
2021-05-12T23:34:29.838+0800	INFO	gin_web/2021_5_12_zap_定制_logger.go:87	test logger ...
2021-05-12T23:34:29.838+0800	INFO	gin_web/2021_5_12_zap_定制_logger.go:87	test logger ...
2021-05-12T23:34:29.838+0800	INFO	gin_web/2021_5_12_zap_定制_logger.go:87	test logger ...
2021-05-12T23:34:29.838+0800	INFO	gin_web/2021_5_12_zap_定制_logger.go:87	test logger ...
2021-05-12T23:34:29.838+0800	INFO	gin_web/2021_5_12_zap_定制_logger.go:87	test logger ...
2021-05-12T23:34:29.838+0800	INFO	gin_web/2021_5_12_zap_定制_logger.go:87	test logger ...
2021-05-12T23:34:29.838+0800	INFO	gin_web/2021_5_12_zap_定制_logger.go:87	test logger ...
2021-05-12T23:34:29.838+0800	INFO	gin_web/2021_5_12_zap_定制_logger.go:87	test logger ...
2021-05-12T23:34:29.838+0800	INFO	gin_web/2021_5_12_zap_定制_logger.go:87	test logger ...
2021-05-12T23:34:29.838+0800	INFO	gin_web/2021_5_12_zap_定制_logger.go:87	test logger ...
2021-05-12T23:34:29.838+0800	INFO	gin_web/2021_5_12_zap_定制_logger.go:87	test logger ...
2021-05-12T23:34:29.838+0800	INFO	gin_web/2021_5_12_zap_定制_logger.go:87	test logger ...
2021-05-12T23:34:29.838+0800	INFO	gin_web/2021_5_12_zap_定制_logger.go:87	test logger ...
2021-05-12T23:34:29.838+0800	INFO	gin_web/2021_5_12_zap_定制_logger.go:87	test logger ...
2021-05-12T23:34:29.838+0800	INFO	gin_web/2021_5_12_zap_定制_logger.go:87	test logger ...
2021-05-12T23:34:29.838+0800	INFO	gin_web/2021_5_12_zap_定制_logger.go:87	test logger ...
2021-05-12T23:34:29.838+0800	INFO	gin_web/2021_5_12_zap_定制_logger.go:87	test logger ...
2021-05-12T23:34:29.838+0800	INFO	gin_web/2021_5_12_zap_定制_logger.go:87	test logger ...
2021-05-12T23:34:29.838+0800	INFO	gin_web/2021_5_12_zap_定制_logger.go:87	test logger ...
2021-05-12T23:34:29.838+0800	INFO	gin_web/2021_5_12_zap_定制_logger.go:87	test logger ...
2021-05-12T23:34:29.838+0800	INFO	gin_web/2021_5_12_zap_定制_logger.go:87	test logger ...
2021-05-12T23:34:29.838+0800	INFO	gin_web/2021_5_12_zap_定制_logger.go:87	test logger ...
2021-05-12T23:34:29.838+0800	INFO	gin_web/2021_5_12_zap_定制_logger.go:87	test logger ...
2021-05-12T23:34:29.838+0800	INFO	gin_web/2021_5_12_zap_定制_logger.go:87	test logger ...
2021-05-12T23:34:29.838+0800	INFO	gin_web/2021_5_12_zap_定制_logger.go:87	test logger ...
2021-05-12T23:34:29.838+0800	INFO	gin_web/2021_5_12_zap_定制_logger.go:87	test logger ...
2021-05-12T23:34:29.838+0800	INFO	gin_web/2021_5_12_zap_定制_logger.go:87	test logger ...
2021-05-12T23:34:29.838+0800	INFO	gin_web/2021_5_12_zap_定制_logger.go:87	test logger ...
2021-05-12T23:34:29.838+0800	INFO	gin_web/2021_5_12_zap_定制_logger.go:87	test logger ...
2021-05-12T23:34:29.838+0800	INFO	gin_web/2021_5_12_zap_定制_logger.go:87	test logger ...
2021-05-12T23:34:29.838+0800	INFO	gin_web/2021_5_12_zap_定制_logger.go:87	test logger ...
2021-05-12T23:34:29.838+0800	INFO	gin_web/2021_5_12_zap_定制_logger.go:87	test logger ...
2021-05-12T23:34:29.838+0800	INFO	gin_web/2021_5_12_zap_定制_logger.go:87	test logger ...
2021-05-12T23:34:29.838+0800	INFO	gin_web/2021_5_12_zap_定制_logger.go:87	test logger ...
2021-05-12T23:34:29.838+0800	INFO	gin_web/2021_5_12_zap_定制_logger.go:87	test logger ...
2021-05-12T23:34:29.838+0800	INFO	gin_web/2021_5_12_zap_定制_logger.go:87	test logger ...
2021-05-12T23:34:29.838+0800	INFO	gin_web/2021_5_12_zap_定制_logger.go:87	test logger ...
2021-05-12T23:34:29.838+0800	INFO	gin_web/2021_5_12_zap_定制_logger.go:87	test logger ...
2021-05-12T23:34:29.838+0800	INFO	gin_web/2021_5_12_zap_定制_logger.go:87	test logger ...
2021-05-12T23:34:29.838+0800	INFO	gin_web/2021_5_12_zap_定制_logger.go:87	test logger ...
2021-05-12T23:34:29.838+0800	INFO	gin_web/2021_5_12_zap_定制_logger.go:87	test logger ...
2021-05-12T23:34:29.838+0800	INFO	gin_web/2021_5_12_zap_定制_logger.go:87	test logger ...
2021-05-12T23:34:29.838+0800	INFO	gin_web/2021_5_12_zap_定制_logger.go:87	test logger ...
2021-05-12T23:34:29.838+0800	INFO	gin_web/2021_5_12_zap_定制_logger.go:87	test logger ...
2021-05-12T23:34:29.838+0800	INFO	gin_web/2021_5_12_zap_定制_logger.go:87	test logger ...
2021-05-12T23:34:29.838+0800	INFO	gin_web/2021_5_12_zap_定制_logger.go:87	test logger ...
2021-05-12T23:34:29.838+0800	INFO	gin_web/2021_5_12_zap_定制_logger.go:87	test logger ...
2021-05-12T23:34:29.838+0800	INFO	gin_web/2021_5_12_zap_定制_logger.go:87	test logger ...
2021-05-12T23:34:29.838+0800	INFO	gin_web/2021_5_12_zap_定制_logger.go:87	test logger ...
2021-05-12T23:34:29.838+0800	INFO	gin_web/2021_5_12_zap_定制_logger.go:87	test logger ...
2021-05-12T23:34:29.838+0800	INFO	gin_web/2021_5_12_zap_定制_logger.go:87	test logger ...
2021-05-12T23:34:29.839+0800	INFO	gin_web/2021_5_12_zap_定制_logger.go:87	test logger ...
2021-05-12T23:34:29.839+0800	INFO	gin_web/2021_5_12_zap_定制_logger.go:87	test logger ...
2021-05-12T23:34:29.839+0800	INFO	gin_web/2021_5_12_zap_定制_logger.go:87	test logger ...
2021-05-12T23:34:29.839+0800	INFO	gin_web/2021_5_12_zap_定制_logger.go:87	test logger ...
2021-05-12T23:34:29.839+0800	INFO	gin_web/2021_5_12_zap_定制_logger.go:87	test logger ...
2021-05-12T23:34:29.839+0800	INFO	gin_web/2021_5_12_zap_定制_logger.go:87	test logger ...
2021-05-12T23:34:29.839+0800	INFO	gin_web/2021_5_12_zap_定制_logger.go:87	test logger ...
2021-05-12T23:34:29.839+0800	INFO	gin_web/2021_5_12_zap_定制_logger.go:87	test logger ...
2021-05-12T23:34:29.839+0800	INFO	gin_web/2021_5_12_zap_定制_logger.go:87	test logger ...
2021-05-12T23:34:29.839+0800	INFO	gin_web/2021_5_12_zap_定制_logger.go:87	test logger ...
2021-05-12T23:34:29.839+0800	INFO	gin_web/2021_5_12_zap_定制_logger.go:87	test logger ...
2021-05-12T23:34:29.839+0800	INFO	gin_web/2021_5_12_zap_定制_logger.go:87	test logger ...
2021-05-12T23:34:29.839+0800	INFO	gin_web/2021_5_12_zap_定制_logger.go:87	test logger ...
2021-05-12T23:34:29.839+0800	INFO	gin_web/2021_5_12_zap_定制_logger.go:87	test logger ...
2021-05-12T23:34:29.839+0800	INFO	gin_web/2021_5_12_zap_定制_logger.go:87	test logger ...
2021-05-12T23:34:29.839+0800	INFO	gin_web/2021_5_12_zap_定制_logger.go:87	test logger ...
2021-05-12T23:34:29.839+0800	INFO	gin_web/2021_5_12_zap_定制_logger.go:87	test logger ...
2021-05-12T23:34:29.839+0800	INFO	gin_web/2021_5_12_zap_定制_logger.go:87	test logger ...
2021-05-12T23:34:29.839+0800	INFO	gin_web/2021_5_12_zap_定制_logger.go:87	test logger ...
2021-05-12T23:34:29.839+0800	INFO	gin_web/2021_5_12_zap_定制_logger.go:87	test logger ...
2021-05-12T23:34:29.839+0800	INFO	gin_web/2021_5_12_zap_定制_logger.go:87	test logger ...
2021-05-12T23:34:29.839+0800	INFO	gin_web/2021_5_12_zap_定制_logger.go:87	test logger ...
2021-05-12T23:34:29.839+0800	INFO	gin_web/2021_5_12_zap_定制_logger.go:87	test logger ...
2021-05-12T23:34:29.839+0800	INFO	gin_web/2021_5_12_zap_定制_logger.go:87	test logger ...
2021-05-12T23:34:29.839+0800	INFO	gin_web/2021_5_12_zap_定制_logger.go:87	test logger ...
2021-05-12T23:34:29.839+0800	INFO	gin_web/2021_5_12_zap_定制_logger.go:87	test logger ...
2021-05-12T23:34:29.839+0800	INFO	gin_web/2021_5_12_zap_定制_logger.go:87	test logger ...
2021-05-12T23:34:29.839+0800	INFO	gin_web/2021_5_12_zap_定制_logger.go:87	test logger ...
2021-05-12T23:34:29.839+0800	INFO	gin_web/2021_5_12_zap_定制_logger.go:87	test logger ...
2021-05-12T23:34:29.839+0800	INFO	gin_web/2021_5_12_zap_定制_logger.go:87	test logger ...
2021-05-12T23:34:29.839+0800	INFO	gin_web/2021_5_12_zap_定制_logger.go:87	test logger ...
2021-05-12T23:34:29.839+0800	INFO	gin_web/2021_5_12_zap_定制_logger.go:87	test logger ...
2021-05-12T23:34:29.839+0800	INFO	gin_web/2021_5_12_zap_定制_logger.go:87	test logger ...
2021-05-12T23:34:29.839+0800	INFO	gin_web/2021_5_12_zap_定制_logger.go:87	test logger ...
2021-05-12T23:34:29.839+0800	INFO	gin_web/2021_5_12_zap_定制_logger.go:87	test logger ...
2021-05-12T23:34:29.839+0800	INFO	gin_web/2021_5_12_zap_定制_logger.go:87	test logger ...
2021-05-12T23:34:29.839+0800	INFO	gin_web/2021_5_12_zap_定制_logger.go:87	test logger ...
2021-05-12T23:34:29.839+0800	INFO	gin_web/2021_5_12_zap_定制_logger.go:87	test logger ...
2021-05-12T23:34:29.839+0800	INFO	gin_web/2021_5_12_zap_定制_logger.go:87	test logger ...
2021-05-12T23:34:29.839+0800	INFO	gin_web/2021_5_12_zap_定制_logger.go:87	test logger ...
2021-05-12T23:34:29.839+0800	INFO	gin_web/2021_5_12_zap_定制_logger.go:87	test logger ...
2021-05-12T23:34:29.839+0800	INFO	gin_web/2021_5_12_zap_定制_logger.go:87	test logger ...
2021-05-12T23:34:29.839+0800	INFO	gin_web/2021_5_12_zap_定制_logger.go:87	test logger ...
2021-05-12T23:34:29.839+0800	INFO	gin_web/2021_5_12_zap_定制_logger.go:87	test logger ...
2021-05-12T23:34:29.839+0800	INFO	gin_web/2021_5_12_zap_定制_logger.go:87	test logger ...
2021-05-12T23:34:29.839+0800	INFO	gin_web/2021_5_12_zap_定制_logger.go:87	test logger ...
2021-05-12T23:34:29.839+0800	INFO	gin_web/2021_5_12_zap_定制_logger.go:87	test logger ...
2021-05-12T23:34:29.839+0800	INFO	gin_web/2021_5_12_zap_定制_logger.go:87	test logger ...
2021-05-12T23:34:29.839+0800	INFO	gin_web/2021_5_12_zap_定制_logger.go:87	test logger ...
2021-05-12T23:34:29.839+0800	INFO	gin_web/2021_5_12_zap_定制_logger.go:87	test logger ...
2021-05-12T23:34:29.839+0800	INFO	gin_web/2021_5_12_zap_定制_logger.go:87	test logger ...
2021-05-12T23:34:29.839+0800	INFO	gin_web/2021_5_12_zap_定制_logger.go:87	test logger ...
2021-05-12T23:34:29.839+0800	INFO	gin_web/2021_5_12_zap_定制_logger.go:87	test logger ...
2021-05-12T23:34:29.839+0800	INFO	gin_web/2021_5_12_zap_定制_logger.go:87	test logger ...
2021-05-12T23:34:29.839+0800	INFO	gin_web/2021_5_12_zap_定制_logger.go:87	test logger ...
2021-05-12T23:34:29.839+0800	INFO	gin_web/2021_5_12_zap_定制_logger.go:87	test logger ...
2021-05-12T23:34:29.840+0800	INFO	gin_web/2021_5_12_zap_定制_logger.go:87	test logger ...
2021-05-12T23:34:29.840+0800	INFO	gin_web/2021_5_12_zap_定制_logger.go:87	test logger ...
2021-05-12T23:34:29.840+0800	INFO	gin_web/2021_5_12_zap_定制_logger.go:87	test logger ...
2021-05-12T23:34:29.840+0800	INFO	gin_web/2021_5_12_zap_定制_logger.go:87	test logger ...
2021-05-12T23:34:29.840+0800	INFO	gin_web/2021_5_12_zap_定制_logger.go:87	test logger ...
2021-05-12T23:34:29.840+0800	INFO	gin_web/2021_5_12_zap_定制_logger.go:87	test logger ...
2021-05-12T23:34:29.840+0800	INFO	gin_web/2021_5_12_zap_定制_logger.go:87	test logger ...
2021-05-12T23:34:29.840+0800	INFO	gin_web/2021_5_12_zap_定制_logger.go:87	test logger ...
2021-05-12T23:34:29.840+0800	INFO	gin_web/2021_5_12_zap_定制_logger.go:87	test logger ...
2021-05-12T23:34:29.840+0800	INFO	gin_web/2021_5_12_zap_定制_logger.go:87	test logger ...
2021-05-12T23:34:29.840+0800	INFO	gin_web/2021_5_12_zap_定制_logger.go:87	test logger ...
2021-05-12T23:34:29.840+0800	INFO	gin_web/2021_5_12_zap_定制_logger.go:87	test logger ...
2021-05-12T23:34:29.840+0800	INFO	gin_web/2021_5_12_zap_定制_logger.go:87	test logger ...
2021-05-12T23:34:29.840+0800	INFO	gin_web/2021_5_12_zap_定制_logger.go:87	test logger ...
2021-05-12T23:34:29.840+0800	INFO	gin_web/2021_5_12_zap_定制_logger.go:87	test logger ...
2021-05-12T23:34:29.840+0800	INFO	gin_web/2021_5_12_zap_定制_logger.go:87	test logger ...
2021-05-12T23:34:29.840+0800	INFO	gin_web/2021_5_12_zap_定制_logger.go:87	test logger ...
2021-05-12T23:34:29.840+0800	INFO	gin_web/2021_5_12_zap_定制_logger.go:87	test logger ...
2021-05-12T23:34:29.840+0800	INFO	gin_web/2021_5_12_zap_定制_logger.go:87	test logger ...
2021-05-12T23:34:29.840+0800	INFO	gin_web/2021_5_12_zap_定制_logger.go:87	test logger ...
2021-05-12T23:34:29.840+0800	INFO	gin_web/2021_5_12_zap_定制_logger.go:87	test logger ...
2021-05-12T23:34:29.840+0800	INFO	gin_web/2021_5_12_zap_定制_logger.go:87	test logger ...
2021-05-12T23:34:29.840+0800	INFO	gin_web/2021_5_12_zap_定制_logger.go:87	test logger ...
2021-05-12T23:34:29.840+0800	INFO	gin_web/2021_5_12_zap_定制_logger.go:87	test logger ...
2021-05-12T23:34:29.840+0800	INFO	gin_web/2021_5_12_zap_定制_logger.go:87	test logger ...
2021-05-12T23:34:29.840+0800	INFO	gin_web/2021_5_12_zap_定制_logger.go:87	test logger ...
2021-05-12T23:34:29.840+0800	INFO	gin_web/2021_5_12_zap_定制_logger.go:87	test logger ...
2021-05-12T23:34:29.840+0800	INFO	gin_web/2021_5_12_zap_定制_logger.go:87	test logger ...
2021-05-12T23:34:29.840+0800	INFO	gin_web/2021_5_12_zap_定制_logger.go:87	test logger ...
2021-05-12T23:34:29.840+0800	INFO	gin_web/2021_5_12_zap_定制_logger.go:87	test logger ...
2021-05-12T23:34:29.840+0800	INFO	gin_web/2021_5_12_zap_定制_logger.go:87	test logger ...
2021-05-12T23:34:29.840+0800	INFO	gin_web/2021_5_12_zap_定制_logger.go:87	test logger ...
2021-05-12T23:34:29.840+0800	INFO	gin_web/2021_5_12_zap_定制_logger.go:87	test logger ...
2021-05-12T23:34:29.840+0800	INFO	gin_web/2021_5_12_zap_定制_logger.go:87	test logger ...
2021-05-12T23:34:29.840+0800	INFO	gin_web/2021_5_12_zap_定制_logger.go:87	test logger ...
2021-05-12T23:34:29.840+0800	INFO	gin_web/2021_5_12_zap_定制_logger.go:87	test logger ...
2021-05-12T23:34:29.840+0800	INFO	gin_web/2021_5_12_zap_定制_logger.go:87	test logger ...
2021-05-12T23:34:29.840+0800	INFO	gin_web/2021_5_12_zap_定制_logger.go:87	test logger ...
2021-05-12T23:34:29.840+0800	INFO	gin_web/2021_5_12_zap_定制_logger.go:87	test logger ...
2021-05-12T23:34:29.840+0800	INFO	gin_web/2021_5_12_zap_定制_logger.go:87	test logger ...
2021-05-12T23:34:29.840+0800	INFO	gin_web/2021_5_12_zap_定制_logger.go:87	test logger ...
2021-05-12T23:34:29.840+0800	INFO	gin_web/2021_5_12_zap_定制_logger.go:87	test logger ...
2021-05-12T23:34:29.840+0800	INFO	gin_web/2021_5_12_zap_定制_logger.go:87	test logger ...
2021-05-12T23:34:29.840+0800	INFO	gin_web/2021_5_12_zap_定制_logger.go:87	test logger ...
2021-05-12T23:34:29.840+0800	INFO	gin_web/2021_5_12_zap_定制_logger.go:87	test logger ...
2021-05-12T23:34:29.840+0800	INFO	gin_web/2021_5_12_zap_定制_logger.go:87	test logger ...
2021-05-12T23:34:29.840+0800	INFO	gin_web/2021_5_12_zap_定制_logger.go:87	test logger ...
2021-05-12T23:34:29.840+0800	INFO	gin_web/2021_5_12_zap_定制_logger.go:87	test logger ...
2021-05-12T23:34:29.840+0800	INFO	gin_web/2021_5_12_zap_定制_logger.go:87	test logger ...
2021-05-12T23:34:29.840+0800	INFO	gin_web/2021_5_12_zap_定制_logger.go:87	test logger ...
2021-05-12T23:34:29.840+0800	INFO	gin_web/2021_5_12_zap_定制_logger.go:87	test logger ...
2021-05-12T23:34:29.840+0800	INFO	gin_web/2021_5_12_zap_定制_logger.go:87	test logger ...
2021-05-12T23:34:29.840+0800	INFO	gin_web/2021_5_12_zap_定制_logger.go:87	test logger ...
2021-05-12T23:34:29.840+0800	INFO	gin_web/2021_5_12_zap_定制_logger.go:87	test logger ...
2021-05-12T23:34:29.840+0800	INFO	gin_web/2021_5_12_zap_定制_logger.go:87	test logger ...
2021-05-12T23:34:29.840+0800	INFO	gin_web/2021_5_12_zap_定制_logger.go:87	test logger ...
2021-05-12T23:34:29.840+0800	INFO	gin_web/2021_5_12_zap_定制_logger.go:87	test logger ...
2021-05-12T23:34:29.840+0800	INFO	gin_web/2021_5_12_zap_定制_logger.go:87	test logger ...
2021-05-12T23:34:29.840+0800	INFO	gin_web/2021_5_12_zap_定制_logger.go:87	test logger ...
2021-05-12T23:34:29.840+0800	INFO	gin_web/2021_5_12_zap_定制_logger.go:87	test logger ...
2021-05-12T23:34:29.840+0800	INFO	gin_web/2021_5_12_zap_定制_logger.go:87	test logger ...
2021-05-12T23:34:29.840+0800	INFO	gin_web/2021_5_12_zap_定制_logger.go:87	test logger ...
2021-05-12T23:34:29.840+0800	INFO	gin_web/2021_5_12_zap_定制_logger.go:87	test logger ...
2021-05-12T23:34:29.840+0800	INFO	gin_web/2021_5_12_zap_定制_logger.go:87	test logger ...
2021-05-12T23:34:29.840+0800	INFO	gin_web/2021_5_12_zap_定制_logger.go:87	test logger ...
2021-05-12T23:34:29.840+0800	INFO	gin_web/2021_5_12_zap_定制_logger.go:87	test logger ...
2021-05-12T23:34:29.840+0800	INFO	gin_web/2021_5_12_zap_定制_logger.go:87	test logger ...
2021-05-12T23:34:29.840+0800	INFO	gin_web/2021_5_12_zap_定制_logger.go:87	test logger ...
2021-05-12T23:34:29.840+0800	INFO	gin_web/2021_5_12_zap_定制_logger.go:87	test logger ...
2021-05-12T23:34:29.840+0800	INFO	gin_web/2021_5_12_zap_定制_logger.go:87	test logger ...
2021-05-12T23:34:29.840+0800	INFO	gin_web/2021_5_12_zap_定制_logger.go:87	test logger ...
2021-05-12T23:34:29.840+0800	INFO	gin_web/2021_5_12_zap_定制_logger.go:87	test logger ...
2021-05-12T23:34:29.840+0800	INFO	gin_web/2021_5_12_zap_定制_logger.go:87	test logger ...
2021-05-12T23:34:29.840+0800	INFO	gin_web/2021_5_12_zap_定制_logger.go:87	test logger ...
2021-05-12T23:34:29.840+0800	INFO	gin_web/2021_5_12_zap_定制_logger.go:87	test logger ...
2021-05-12T23:34:29.840+0800	INFO	gin_web/2021_5_12_zap_定制_logger.go:87	test logger ...
2021-05-12T23:34:29.840+0800	INFO	gin_web/2021_5_12_zap_定制_logger.go:87	test logger ...
2021-05-12T23:34:29.840+0800	INFO	gin_web/2021_5_12_zap_定制_logger.go:87	test logger ...
2021-05-12T23:34:29.840+0800	INFO	gin_web/2021_5_12_zap_定制_logger.go:87	test logger ...
2021-05-12T23:34:29.840+0800	INFO	gin_web/2021_5_12_zap_定制_logger.go:87	test logger ...
2021-05-12T23:34:29.840+0800	INFO	gin_web/2021_5_12_zap_定制_logger.go:87	test logger ...
2021-05-12T23:34:29.840+0800	INFO	gin_web/2021_5_12_zap_定制_logger.go:87	test logger ...
2021-05-12T23:34:29.840+0800	INFO	gin_web/2021_5_12_zap_定制_logger.go:87	test logger ...
2021-05-12T23:34:29.840+0800	INFO	gin_web/2021_5_12_zap_定制_logger.go:87	test logger ...
2021-05-12T23:34:29.840+0800	INFO	gin_web/2021_5_12_zap_定制_logger.go:87	test logger ...
2021-05-12T23:34:29.840+0800	INFO	gin_web/2021_5_12_zap_定制_logger.go:87	test logger ...
2021-05-12T23:34:29.840+0800	INFO	gin_web/2021_5_12_zap_定制_logger.go:87	test logger ...
2021-05-12T23:34:29.840+0800	INFO	gin_web/2021_5_12_zap_定制_logger.go:87	test logger ...
2021-05-12T23:34:29.840+0800	INFO	gin_web/2021_5_12_zap_定制_logger.go:87	test logger ...
2021-05-12T23:34:29.840+0800	INFO	gin_web/2021_5_12_zap_定制_logger.go:87	test logger ...
2021-05-12T23:34:29.840+0800	INFO	gin_web/2021_5_12_zap_定制_logger.go:87	test logger ...
2021-05-12T23:34:29.840+0800	INFO	gin_web/2021_5_12_zap_定制_logger.go:87	test logger ...
2021-05-12T23:34:29.840+0800	INFO	gin_web/2021_5_12_zap_定制_logger.go:87	test logger ...
2021-05-12T23:34:29.840+0800	INFO	gin_web/2021_5_12_zap_定制_logger.go:87	test logger ...
2021-05-12T23:34:29.840+0800	INFO	gin_web/2021_5_12_zap_定制_logger.go:87	test logger ...
2021-05-12T23:34:29.840+0800	INFO	gin_web/2021_5_12_zap_定制_logger.go:87	test logger ...
2021-05-12T23:34:29.840+0800	INFO	gin_web/2021_5_12_zap_定制_logger.go:87	test logger ...
2021-05-12T23:34:29.840+0800	INFO	gin_web/2021_5_12_zap_定制_logger.go:87	test logger ...
2021-05-12T23:34:29.840+0800	INFO	gin_web/2021_5_12_zap_定制_logger.go:87	test logger ...
2021-05-12T23:34:29.840+0800	INFO	gin_web/2021_5_12_zap_定制_logger.go:87	test logger ...
2021-05-12T23:34:29.840+0800	INFO	gin_web/2021_5_12_zap_定制_logger.go:87	test logger ...
2021-05-12T23:34:29.840+0800	INFO	gin_web/2021_5_12_zap_定制_logger.go:87	test logger ...
2021-05-12T23:34:29.840+0800	INFO	gin_web/2021_5_12_zap_定制_logger.go:87	test logger ...
2021-05-12T23:34:29.840+0800	INFO	gin_web/2021_5_12_zap_定制_logger.go:87	test logger ...
2021-05-12T23:34:29.841+0800	INFO	gin_web/2021_5_12_zap_定制_logger.go:87	test logger ...
2021-05-12T23:34:29.841+0800	INFO	gin_web/2021_5_12_zap_定制_logger.go:87	test logger ...
2021-05-12T23:34:29.841+0800	INFO	gin_web/2021_5_12_zap_定制_logger.go:87	test logger ...
2021-05-12T23:34:29.841+0800	INFO	gin_web/2021_5_12_zap_定制_logger.go:87	test logger ...
2021-05-12T23:34:29.841+0800	INFO	gin_web/2021_5_12_zap_定制_logger.go:87	test logger ...
2021-05-12T23:34:29.841+0800	INFO	gin_web/2021_5_12_zap_定制_logger.go:87	test logger ...
2021-05-12T23:34:29.841+0800	INFO	gin_web/2021_5_12_zap_定制_logger.go:87	test logger ...
2021-05-12T23:34:29.841+0800	INFO	gin_web/2021_5_12_zap_定制_logger.go:87	test logger ...
2021-05-12T23:34:29.841+0800	INFO	gin_web/2021_5_12_zap_定制_logger.go:87	test logger ...
2021-05-12T23:34:29.841+0800	INFO	gin_web/2021_5_12_zap_定制_logger.go:87	test logger ...
2021-05-12T23:34:29.841+0800	INFO	gin_web/2021_5_12_zap_定制_logger.go:87	test logger ...
2021-05-12T23:34:29.841+0800	INFO	gin_web/2021_5_12_zap_定制_logger.go:87	test logger ...
2021-05-12T23:34:29.841+0800	INFO	gin_web/2021_5_12_zap_定制_logger.go:87	test logger ...
2021-05-12T23:34:29.841+0800	INFO	gin_web/2021_5_12_zap_定制_logger.go:87	test logger ...
2021-05-12T23:34:29.841+0800	INFO	gin_web/2021_5_12_zap_定制_logger.go:87	test logger ...
2021-05-12T23:34:29.841+0800	INFO	gin_web/2021_5_12_zap_定制_logger.go:87	test logger ...
2021-05-12T23:34:29.841+0800	INFO	gin_web/2021_5_12_zap_定制_logger.go:87	test logger ...
2021-05-12T23:34:29.841+0800	INFO	gin_web/2021_5_12_zap_定制_logger.go:87	test logger ...
2021-05-12T23:34:29.841+0800	INFO	gin_web/2021_5_12_zap_定制_logger.go:87	test logger ...
2021-05-12T23:34:29.841+0800	INFO	gin_web/2021_5_12_zap_定制_logger.go:87	test logger ...
2021-05-12T23:34:29.841+0800	INFO	gin_web/2021_5_12_zap_定制_logger.go:87	test logger ...
2021-05-12T23:34:29.841+0800	INFO	gin_web/2021_5_12_zap_定制_logger.go:87	test logger ...
2021-05-12T23:34:29.841+0800	INFO	gin_web/2021_5_12_zap_定制_logger.go:87	test logger ...
2021-05-12T23:34:29.841+0800	INFO	gin_web/2021_5_12_zap_定制_logger.go:87	test logger ...
2021-05-12T23:34:29.841+0800	INFO	gin_web/2021_5_12_zap_定制_logger.go:87	test logger ...
2021-05-12T23:34:29.841+0800	INFO	gin_web/2021_5_12_zap_定制_logger.go:87	test logger ...
2021-05-12T23:34:29.841+0800	INFO	gin_web/2021_5_12_zap_定制_logger.go:87	test logger ...
2021-05-12T23:34:29.841+0800	INFO	gin_web/2021_5_12_zap_定制_logger.go:87	test logger ...
2021-05-12T23:34:29.841+0800	INFO	gin_web/2021_5_12_zap_定制_logger.go:87	test logger ...
2021-05-12T23:34:29.841+0800	INFO	gin_web/2021_5_12_zap_定制_logger.go:87	test logger ...
2021-05-12T23:34:29.841+0800	INFO	gin_web/2021_5_12_zap_定制_logger.go:87	test logger ...
2021-05-12T23:34:29.841+0800	INFO	gin_web/2021_5_12_zap_定制_logger.go:87	test logger ...
2021-05-12T23:34:29.841+0800	INFO	gin_web/2021_5_12_zap_定制_logger.go:87	test logger ...
2021-05-12T23:34:29.841+0800	INFO	gin_web/2021_5_12_zap_定制_logger.go:87	test logger ...
2021-05-12T23:34:29.841+0800	INFO	gin_web/2021_5_12_zap_定制_logger.go:87	test logger ...
2021-05-12T23:34:29.841+0800	INFO	gin_web/2021_5_12_zap_定制_logger.go:87	test logger ...
2021-05-12T23:34:29.841+0800	INFO	gin_web/2021_5_12_zap_定制_logger.go:87	test logger ...
2021-05-12T23:34:29.841+0800	INFO	gin_web/2021_5_12_zap_定制_logger.go:87	test logger ...
2021-05-12T23:34:29.841+0800	INFO	gin_web/2021_5_12_zap_定制_logger.go:87	test logger ...
2021-05-12T23:34:29.841+0800	INFO	gin_web/2021_5_12_zap_定制_logger.go:87	test logger ...
2021-05-12T23:34:29.841+0800	INFO	gin_web/2021_5_12_zap_定制_logger.go:87	test logger ...
2021-05-12T23:34:29.841+0800	INFO	gin_web/2021_5_12_zap_定制_logger.go:87	test logger ...
2021-05-12T23:34:29.841+0800	INFO	gin_web/2021_5_12_zap_定制_logger.go:87	test logger ...
2021-05-12T23:34:29.841+0800	INFO	gin_web/2021_5_12_zap_定制_logger.go:87	test logger ...
2021-05-12T23:34:29.841+0800	INFO	gin_web/2021_5_12_zap_定制_logger.go:87	test logger ...
2021-05-12T23:34:29.841+0800	INFO	gin_web/2021_5_12_zap_定制_logger.go:87	test logger ...
2021-05-12T23:34:29.841+0800	INFO	gin_web/2021_5_12_zap_定制_logger.go:87	test logger ...
2021-05-12T23:34:29.841+0800	INFO	gin_web/2021_5_12_zap_定制_logger.go:87	test logger ...
2021-05-12T23:34:29.841+0800	INFO	gin_web/2021_5_12_zap_定制_logger.go:87	test logger ...
2021-05-12T23:34:29.841+0800	INFO	gin_web/2021_5_12_zap_定制_logger.go:87	test logger ...
2021-05-12T23:34:29.841+0800	INFO	gin_web/2021_5_12_zap_定制_logger.go:87	test logger ...
2021-05-12T23:34:29.841+0800	INFO	gin_web/2021_5_12_zap_定制_logger.go:87	test logger ...
2021-05-12T23:34:29.841+0800	INFO	gin_web/2021_5_12_zap_定制_logger.go:87	test logger ...
2021-05-12T23:34:29.841+0800	INFO	gin_web/2021_5_12_zap_定制_logger.go:87	test logger ...
2021-05-12T23:34:29.841+0800	INFO	gin_web/2021_5_12_zap_定制_logger.go:87	test logger ...
2021-05-12T23:34:29.841+0800	INFO	gin_web/2021_5_12_zap_定制_logger.go:87	test logger ...
2021-05-12T23:34:29.841+0800	INFO	gin_web/2021_5_12_zap_定制_logger.go:87	test logger ...
2021-05-12T23:34:29.841+0800	INFO	gin_web/2021_5_12_zap_定制_logger.go:87	test logger ...
2021-05-12T23:34:29.841+0800	INFO	gin_web/2021_5_12_zap_定制_logger.go:87	test logger ...
2021-05-12T23:34:29.841+0800	INFO	gin_web/2021_5_12_zap_定制_logger.go:87	test logger ...
2021-05-12T23:34:29.841+0800	INFO	gin_web/2021_5_12_zap_定制_logger.go:87	test logger ...
2021-05-12T23:34:29.841+0800	INFO	gin_web/2021_5_12_zap_定制_logger.go:87	test logger ...
2021-05-12T23:34:29.841+0800	INFO	gin_web/2021_5_12_zap_定制_logger.go:87	test logger ...
2021-05-12T23:34:29.841+0800	INFO	gin_web/2021_5_12_zap_定制_logger.go:87	test logger ...
2021-05-12T23:34:29.841+0800	INFO	gin_web/2021_5_12_zap_定制_logger.go:87	test logger ...
2021-05-12T23:34:29.841+0800	INFO	gin_web/2021_5_12_zap_定制_logger.go:87	test logger ...
2021-05-12T23:34:29.841+0800	INFO	gin_web/2021_5_12_zap_定制_logger.go:87	test logger ...
2021-05-12T23:34:29.841+0800	INFO	gin_web/2021_5_12_zap_定制_logger.go:87	test logger ...
2021-05-12T23:34:29.841+0800	INFO	gin_web/2021_5_12_zap_定制_logger.go:87	test logger ...
2021-05-12T23:34:29.841+0800	INFO	gin_web/2021_5_12_zap_定制_logger.go:87	test logger ...
2021-05-12T23:34:29.841+0800	INFO	gin_web/2021_5_12_zap_定制_logger.go:87	test logger ...
2021-05-12T23:34:29.841+0800	INFO	gin_web/2021_5_12_zap_定制_logger.go:87	test logger ...
2021-05-12T23:34:29.841+0800	INFO	gin_web/2021_5_12_zap_定制_logger.go:87	test logger ...
2021-05-12T23:34:29.841+0800	INFO	gin_web/2021_5_12_zap_定制_logger.go:87	test logger ...
2021-05-12T23:34:29.841+0800	INFO	gin_web/2021_5_12_zap_定制_logger.go:87	test logger ...
2021-05-12T23:34:29.841+0800	INFO	gin_web/2021_5_12_zap_定制_logger.go:87	test logger ...
2021-05-12T23:34:29.841+0800	INFO	gin_web/2021_5_12_zap_定制_logger.go:87	test logger ...
2021-05-12T23:34:29.841+0800	INFO	gin_web/2021_5_12_zap_定制_logger.go:87	test logger ...
2021-05-12T23:34:29.841+0800	INFO	gin_web/2021_5_12_zap_定制_logger.go:87	test logger ...
2021-05-12T23:34:29.841+0800	INFO	gin_web/2021_5_12_zap_定制_logger.go:87	test logger ...
2021-05-12T23:34:29.841+0800	INFO	gin_web/2021_5_12_zap_定制_logger.go:87	test logger ...
2021-05-12T23:34:29.841+0800	INFO	gin_web/2021_5_12_zap_定制_logger.go:87	test logger ...
2021-05-12T23:34:29.841+0800	INFO	gin_web/2021_5_12_zap_定制_logger.go:87	test logger ...
2021-05-12T23:34:29.841+0800	INFO	gin_web/2021_5_12_zap_定制_logger.go:87	test logger ...
2021-05-12T23:34:29.841+0800	INFO	gin_web/2021_5_12_zap_定制_logger.go:87	test logger ...
2021-05-12T23:34:29.841+0800	INFO	gin_web/2021_5_12_zap_定制_logger.go:87	test logger ...
2021-05-12T23:34:29.841+0800	INFO	gin_web/2021_5_12_zap_定制_logger.go:87	test logger ...
2021-05-12T23:34:29.841+0800	INFO	gin_web/2021_5_12_zap_定制_logger.go:87	test logger ...
2021-05-12T23:34:29.841+0800	INFO	gin_web/2021_5_12_zap_定制_logger.go:87	test logger ...
2021-05-12T23:34:29.841+0800	INFO	gin_web/2021_5_12_zap_定制_logger.go:87	test logger ...
2021-05-12T23:34:29.841+0800	INFO	gin_web/2021_5_12_zap_定制_logger.go:87	test logger ...
2021-05-12T23:34:29.841+0800	INFO	gin_web/2021_5_12_zap_定制_logger.go:87	test logger ...
2021-05-12T23:34:29.841+0800	INFO	gin_web/2021_5_12_zap_定制_logger.go:87	test logger ...
2021-05-12T23:34:29.841+0800	INFO	gin_web/2021_5_12_zap_定制_logger.go:87	test logger ...
2021-05-12T23:34:29.841+0800	INFO	gin_web/2021_5_12_zap_定制_logger.go:87	test logger ...
2021-05-12T23:34:29.841+0800	INFO	gin_web/2021_5_12_zap_定制_logger.go:87	test logger ...
2021-05-12T23:34:29.841+0800	INFO	gin_web/2021_5_12_zap_定制_logger.go:87	test logger ...
2021-05-12T23:34:29.841+0800	INFO	gin_web/2021_5_12_zap_定制_logger.go:87	test logger ...
2021-05-12T23:34:29.841+0800	INFO	gin_web/2021_5_12_zap_定制_logger.go:87	test logger ...
2021-05-12T23:34:29.841+0800	INFO	gin_web/2021_5_12_zap_定制_logger.go:87	test logger ...
2021-05-12T23:34:29.841+0800	INFO	gin_web/2021_5_12_zap_定制_logger.go:87	test logger ...
2021-05-12T23:34:29.841+0800	INFO	gin_web/2021_5_12_zap_定制_logger.go:87	test logger ...
2021-05-12T23:34:29.841+0800	INFO	gin_web/2021_5_12_zap_定制_logger.go:87	test logger ...
2021-05-12T23:34:29.841+0800	INFO	gin_web/2021_5_12_zap_定制_logger.go:87	test logger ...
2021-05-12T23:34:29.841+0800	INFO	gin_web/2021_5_12_zap_定制_logger.go:87	test logger ...
2021-05-12T23:34:29.841+0800	INFO	gin_web/2021_5_12_zap_定制_logger.go:87	test logger ...
2021-05-12T23:34:29.842+0800	INFO	gin_web/2021_5_12_zap_定制_logger.go:87	test logger ...
2021-05-12T23:34:29.842+0800	INFO	gin_web/2021_5_12_zap_定制_logger.go:87	test logger ...
2021-05-12T23:34:29.842+0800	INFO	gin_web/2021_5_12_zap_定制_logger.go:87	test logger ...
2021-05-12T23:34:29.842+0800	INFO	gin_web/2021_5_12_zap_定制_logger.go:87	test logger ...
2021-05-12T23:34:29.842+0800	INFO	gin_web/2021_5_12_zap_定制_logger.go:87	test logger ...
2021-05-12T23:34:29.842+0800	INFO	gin_web/2021_5_12_zap_定制_logger.go:87	test logger ...
2021-05-12T23:34:29.842+0800	INFO	gin_web/2021_5_12_zap_定制_logger.go:87	test logger ...
2021-05-12T23:34:29.842+0800	INFO	gin_web/2021_5_12_zap_定制_logger.go:87	test logger ...
2021-05-12T23:34:29.842+0800	INFO	gin_web/2021_5_12_zap_定制_logger.go:87	test logger ...
2021-05-12T23:34:29.842+0800	INFO	gin_web/2021_5_12_zap_定制_logger.go:87	test logger ...
2021-05-12T23:34:29.842+0800	INFO	gin_web/2021_5_12_zap_定制_logger.go:87	test logger ...
2021-05-12T23:34:29.842+0800	INFO	gin_web/2021_5_12_zap_定制_logger.go:87	test logger ...
2021-05-12T23:34:29.842+0800	INFO	gin_web/2021_5_12_zap_定制_logger.go:87	test logger ...
2021-05-12T23:34:29.842+0800	INFO	gin_web/2021_5_12_zap_定制_logger.go:87	test logger ...
2021-05-12T23:34:29.842+0800	INFO	gin_web/2021_5_12_zap_定制_logger.go:87	test logger ...
2021-05-12T23:34:29.842+0800	INFO	gin_web/2021_5_12_zap_定制_logger.go:87	test logger ...
2021-05-12T23:34:29.842+0800	INFO	gin_web/2021_5_12_zap_定制_logger.go:87	test logger ...
2021-05-12T23:34:29.842+0800	INFO	gin_web/2021_5_12_zap_定制_logger.go:87	test logger ...
2021-05-12T23:34:29.842+0800	INFO	gin_web/2021_5_12_zap_定制_logger.go:87	test logger ...
2021-05-12T23:34:29.842+0800	INFO	gin_web/2021_5_12_zap_定制_logger.go:87	test logger ...
2021-05-12T23:34:29.842+0800	INFO	gin_web/2021_5_12_zap_定制_logger.go:87	test logger ...
2021-05-12T23:34:29.842+0800	INFO	gin_web/2021_5_12_zap_定制_logger.go:87	test logger ...
2021-05-12T23:34:29.842+0800	INFO	gin_web/2021_5_12_zap_定制_logger.go:87	test logger ...
2021-05-12T23:34:29.842+0800	INFO	gin_web/2021_5_12_zap_定制_logger.go:87	test logger ...
2021-05-12T23:34:29.842+0800	INFO	gin_web/2021_5_12_zap_定制_logger.go:87	test logger ...
2021-05-12T23:34:29.842+0800	INFO	gin_web/2021_5_12_zap_定制_logger.go:87	test logger ...
2021-05-12T23:34:29.842+0800	INFO	gin_web/2021_5_12_zap_定制_logger.go:87	test logger ...
2021-05-12T23:34:29.842+0800	INFO	gin_web/2021_5_12_zap_定制_logger.go:87	test logger ...
2021-05-12T23:34:29.842+0800	INFO	gin_web/2021_5_12_zap_定制_logger.go:87	test logger ...
2021-05-12T23:34:29.842+0800	INFO	gin_web/2021_5_12_zap_定制_logger.go:87	test logger ...
2021-05-12T23:34:29.842+0800	INFO	gin_web/2021_5_12_zap_定制_logger.go:87	test logger ...
2021-05-12T23:34:29.842+0800	INFO	gin_web/2021_5_12_zap_定制_logger.go:87	test logger ...
2021-05-12T23:34:29.842+0800	INFO	gin_web/2021_5_12_zap_定制_logger.go:87	test logger ...
2021-05-12T23:34:29.842+0800	INFO	gin_web/2021_5_12_zap_定制_logger.go:87	test logger ...
2021-05-12T23:34:29.842+0800	INFO	gin_web/2021_5_12_zap_定制_logger.go:87	test logger ...
2021-05-12T23:34:29.842+0800	INFO	gin_web/2021_5_12_zap_定制_logger.go:87	test logger ...
2021-05-12T23:34:29.842+0800	INFO	gin_web/2021_5_12_zap_定制_logger.go:87	test logger ...
2021-05-12T23:34:29.842+0800	INFO	gin_web/2021_5_12_zap_定制_logger.go:87	test logger ...
2021-05-12T23:34:29.842+0800	INFO	gin_web/2021_5_12_zap_定制_logger.go:87	test logger ...
2021-05-12T23:34:29.842+0800	INFO	gin_web/2021_5_12_zap_定制_logger.go:87	test logger ...
2021-05-12T23:34:29.842+0800	INFO	gin_web/2021_5_12_zap_定制_logger.go:87	test logger ...
2021-05-12T23:34:29.842+0800	INFO	gin_web/2021_5_12_zap_定制_logger.go:87	test logger ...
2021-05-12T23:34:29.842+0800	INFO	gin_web/2021_5_12_zap_定制_logger.go:87	test logger ...
2021-05-12T23:34:29.842+0800	INFO	gin_web/2021_5_12_zap_定制_logger.go:87	test logger ...
2021-05-12T23:34:29.842+0800	INFO	gin_web/2021_5_12_zap_定制_logger.go:87	test logger ...
2021-05-12T23:34:29.842+0800	INFO	gin_web/2021_5_12_zap_定制_logger.go:87	test logger ...
2021-05-12T23:34:29.842+0800	INFO	gin_web/2021_5_12_zap_定制_logger.go:87	test logger ...
2021-05-12T23:34:29.842+0800	INFO	gin_web/2021_5_12_zap_定制_logger.go:87	test logger ...
2021-05-12T23:34:29.842+0800	INFO	gin_web/2021_5_12_zap_定制_logger.go:87	test logger ...
2021-05-12T23:34:29.842+0800	INFO	gin_web/2021_5_12_zap_定制_logger.go:87	test logger ...
2021-05-12T23:34:29.842+0800	INFO	gin_web/2021_5_12_zap_定制_logger.go:87	test logger ...
2021-05-12T23:34:29.842+0800	INFO	gin_web/2021_5_12_zap_定制_logger.go:87	test logger ...
2021-05-12T23:34:29.842+0800	INFO	gin_web/2021_5_12_zap_定制_logger.go:87	test logger ...
2021-05-12T23:34:29.842+0800	INFO	gin_web/2021_5_12_zap_定制_logger.go:87	test logger ...
2021-05-12T23:34:29.842+0800	INFO	gin_web/2021_5_12_zap_定制_logger.go:87	test logger ...
2021-05-12T23:34:29.842+0800	INFO	gin_web/2021_5_12_zap_定制_logger.go:87	test logger ...
2021-05-12T23:34:29.842+0800	INFO	gin_web/2021_5_12_zap_定制_logger.go:87	test logger ...
2021-05-12T23:34:29.842+0800	INFO	gin_web/2021_5_12_zap_定制_logger.go:87	test logger ...
2021-05-12T23:34:29.842+0800	INFO	gin_web/2021_5_12_zap_定制_logger.go:87	test logger ...
2021-05-12T23:34:29.842+0800	INFO	gin_web/2021_5_12_zap_定制_logger.go:87	test logger ...
2021-05-12T23:34:29.842+0800	INFO	gin_web/2021_5_12_zap_定制_logger.go:87	test logger ...
2021-05-12T23:34:29.842+0800	INFO	gin_web/2021_5_12_zap_定制_logger.go:87	test logger ...
2021-05-12T23:34:29.842+0800	INFO	gin_web/2021_5_12_zap_定制_logger.go:87	test logger ...
2021-05-12T23:34:29.842+0800	INFO	gin_web/2021_5_12_zap_定制_logger.go:87	test logger ...
2021-05-12T23:34:29.842+0800	INFO	gin_web/2021_5_12_zap_定制_logger.go:87	test logger ...
2021-05-12T23:34:29.842+0800	INFO	gin_web/2021_5_12_zap_定制_logger.go:87	test logger ...
2021-05-12T23:34:29.842+0800	INFO	gin_web/2021_5_12_zap_定制_logger.go:87	test logger ...
2021-05-12T23:34:29.842+0800	INFO	gin_web/2021_5_12_zap_定制_logger.go:87	test logger ...
2021-05-12T23:34:29.842+0800	INFO	gin_web/2021_5_12_zap_定制_logger.go:87	test logger ...
2021-05-12T23:34:29.842+0800	INFO	gin_web/2021_5_12_zap_定制_logger.go:87	test logger ...
2021-05-12T23:34:29.842+0800	INFO	gin_web/2021_5_12_zap_定制_logger.go:87	test logger ...
2021-05-12T23:34:29.842+0800	INFO	gin_web/2021_5_12_zap_定制_logger.go:87	test logger ...
2021-05-12T23:34:29.842+0800	INFO	gin_web/2021_5_12_zap_定制_logger.go:87	test logger ...
2021-05-12T23:34:29.842+0800	INFO	gin_web/2021_5_12_zap_定制_logger.go:87	test logger ...
2021-05-12T23:34:29.842+0800	INFO	gin_web/2021_5_12_zap_定制_logger.go:87	test logger ...
2021-05-12T23:34:29.842+0800	INFO	gin_web/2021_5_12_zap_定制_logger.go:87	test logger ...
2021-05-12T23:34:29.842+0800	INFO	gin_web/2021_5_12_zap_定制_logger.go:87	test logger ...
2021-05-12T23:34:29.842+0800	INFO	gin_web/2021_5_12_zap_定制_logger.go:87	test logger ...
2021-05-12T23:34:29.842+0800	INFO	gin_web/2021_5_12_zap_定制_logger.go:87	test logger ...
2021-05-12T23:34:29.842+0800	INFO	gin_web/2021_5_12_zap_定制_logger.go:87	test logger ...
2021-05-12T23:34:29.842+0800	INFO	gin_web/2021_5_12_zap_定制_logger.go:87	test logger ...
2021-05-12T23:34:29.842+0800	INFO	gin_web/2021_5_12_zap_定制_logger.go:87	test logger ...
2021-05-12T23:34:29.842+0800	INFO	gin_web/2021_5_12_zap_定制_logger.go:87	test logger ...
2021-05-12T23:34:29.842+0800	INFO	gin_web/2021_5_12_zap_定制_logger.go:87	test logger ...
2021-05-12T23:34:29.842+0800	INFO	gin_web/2021_5_12_zap_定制_logger.go:87	test logger ...
2021-05-12T23:34:29.842+0800	INFO	gin_web/2021_5_12_zap_定制_logger.go:87	test logger ...
2021-05-12T23:34:29.842+0800	INFO	gin_web/2021_5_12_zap_定制_logger.go:87	test logger ...
2021-05-12T23:34:29.842+0800	INFO	gin_web/2021_5_12_zap_定制_logger.go:87	test logger ...
2021-05-12T23:34:29.842+0800	INFO	gin_web/2021_5_12_zap_定制_logger.go:87	test logger ...
2021-05-12T23:34:29.842+0800	INFO	gin_web/2021_5_12_zap_定制_logger.go:87	test logger ...
2021-05-12T23:34:29.842+0800	INFO	gin_web/2021_5_12_zap_定制_logger.go:87	test logger ...
2021-05-12T23:34:29.842+0800	INFO	gin_web/2021_5_12_zap_定制_logger.go:87	test logger ...
2021-05-12T23:34:29.842+0800	INFO	gin_web/2021_5_12_zap_定制_logger.go:87	test logger ...
2021-05-12T23:34:29.842+0800	INFO	gin_web/2021_5_12_zap_定制_logger.go:87	test logger ...
2021-05-12T23:34:29.842+0800	INFO	gin_web/2021_5_12_zap_定制_logger.go:87	test logger ...
2021-05-12T23:34:29.842+0800	INFO	gin_web/2021_5_12_zap_定制_logger.go:87	test logger ...
2021-05-12T23:34:29.842+0800	INFO	gin_web/2021_5_12_zap_定制_logger.go:87	test logger ...
2021-05-12T23:34:29.842+0800	INFO	gin_web/2021_5_12_zap_定制_logger.go:87	test logger ...
2021-05-12T23:34:29.842+0800	INFO	gin_web/2021_5_12_zap_定制_logger.go:87	test logger ...
2021-05-12T23:34:29.842+0800	INFO	gin_web/2021_5_12_zap_定制_logger.go:87	test logger ...
2021-05-12T23:34:29.842+0800	INFO	gin_web/2021_5_12_zap_定制_logger.go:87	test logger ...
2021-05-12T23:34:29.843+0800	INFO	gin_web/2021_5_12_zap_定制_logger.go:87	test logger ...
2021-05-12T23:34:29.843+0800	INFO	gin_web/2021_5_12_zap_定制_logger.go:87	test logger ...
2021-05-12T23:34:29.843+0800	INFO	gin_web/2021_5_12_zap_定制_logger.go:87	test logger ...
2021-05-12T23:34:29.843+0800	INFO	gin_web/2021_5_12_zap_定制_logger.go:87	test logger ...
2021-05-12T23:34:29.843+0800	INFO	gin_web/2021_5_12_zap_定制_logger.go:87	test logger ...
2021-05-12T23:34:29.843+0800	INFO	gin_web/2021_5_12_zap_定制_logger.go:87	test logger ...
2021-05-12T23:34:29.843+0800	INFO	gin_web/2021_5_12_zap_定制_logger.go:87	test logger ...
2021-05-12T23:34:29.843+0800	INFO	gin_web/2021_5_12_zap_定制_logger.go:87	test logger ...
2021-05-12T23:34:29.843+0800	INFO	gin_web/2021_5_12_zap_定制_logger.go:87	test logger ...
2021-05-12T23:34:29.843+0800	INFO	gin_web/2021_5_12_zap_定制_logger.go:87	test logger ...
2021-05-12T23:34:29.843+0800	INFO	gin_web/2021_5_12_zap_定制_logger.go:87	test logger ...
2021-05-12T23:34:29.843+0800	INFO	gin_web/2021_5_12_zap_定制_logger.go:87	test logger ...
2021-05-12T23:34:29.843+0800	INFO	gin_web/2021_5_12_zap_定制_logger.go:87	test logger ...
2021-05-12T23:34:29.843+0800	INFO	gin_web/2021_5_12_zap_定制_logger.go:87	test logger ...
2021-05-12T23:34:29.843+0800	INFO	gin_web/2021_5_12_zap_定制_logger.go:87	test logger ...
2021-05-12T23:34:29.843+0800	INFO	gin_web/2021_5_12_zap_定制_logger.go:87	test logger ...
2021-05-12T23:34:29.843+0800	INFO	gin_web/2021_5_12_zap_定制_logger.go:87	test logger ...
2021-05-12T23:34:29.843+0800	INFO	gin_web/2021_5_12_zap_定制_logger.go:87	test logger ...
2021-05-12T23:34:29.843+0800	INFO	gin_web/2021_5_12_zap_定制_logger.go:87	test logger ...
2021-05-12T23:34:29.843+0800	INFO	gin_web/2021_5_12_zap_定制_logger.go:87	test logger ...
2021-05-12T23:34:29.843+0800	INFO	gin_web/2021_5_12_zap_定制_logger.go:87	test logger ...
2021-05-12T23:34:29.843+0800	INFO	gin_web/2021_5_12_zap_定制_logger.go:87	test logger ...
2021-05-12T23:34:29.843+0800	INFO	gin_web/2021_5_12_zap_定制_logger.go:87	test logger ...
2021-05-12T23:34:29.843+0800	INFO	gin_web/2021_5_12_zap_定制_logger.go:87	test logger ...
2021-05-12T23:34:29.843+0800	INFO	gin_web/2021_5_12_zap_定制_logger.go:87	test logger ...
2021-05-12T23:34:29.843+0800	INFO	gin_web/2021_5_12_zap_定制_logger.go:87	test logger ...
2021-05-12T23:34:29.843+0800	INFO	gin_web/2021_5_12_zap_定制_logger.go:87	test logger ...
2021-05-12T23:34:29.843+0800	INFO	gin_web/2021_5_12_zap_定制_logger.go:87	test logger ...
2021-05-12T23:34:29.843+0800	INFO	gin_web/2021_5_12_zap_定制_logger.go:87	test logger ...
2021-05-12T23:34:29.843+0800	INFO	gin_web/2021_5_12_zap_定制_logger.go:87	test logger ...
2021-05-12T23:34:29.843+0800	INFO	gin_web/2021_5_12_zap_定制_logger.go:87	test logger ...
2021-05-12T23:34:29.843+0800	INFO	gin_web/2021_5_12_zap_定制_logger.go:87	test logger ...
2021-05-12T23:34:29.843+0800	INFO	gin_web/2021_5_12_zap_定制_logger.go:87	test logger ...
2021-05-12T23:34:29.843+0800	INFO	gin_web/2021_5_12_zap_定制_logger.go:87	test logger ...
2021-05-12T23:34:29.843+0800	INFO	gin_web/2021_5_12_zap_定制_logger.go:87	test logger ...
2021-05-12T23:34:29.843+0800	INFO	gin_web/2021_5_12_zap_定制_logger.go:87	test logger ...
2021-05-12T23:34:29.843+0800	INFO	gin_web/2021_5_12_zap_定制_logger.go:87	test logger ...
2021-05-12T23:34:29.843+0800	INFO	gin_web/2021_5_12_zap_定制_logger.go:87	test logger ...
2021-05-12T23:34:29.843+0800	INFO	gin_web/2021_5_12_zap_定制_logger.go:87	test logger ...
2021-05-12T23:34:29.843+0800	INFO	gin_web/2021_5_12_zap_定制_logger.go:87	test logger ...
2021-05-12T23:34:29.843+0800	INFO	gin_web/2021_5_12_zap_定制_logger.go:87	test logger ...
2021-05-12T23:34:29.843+0800	INFO	gin_web/2021_5_12_zap_定制_logger.go:87	test logger ...
2021-05-12T23:34:29.843+0800	INFO	gin_web/2021_5_12_zap_定制_logger.go:87	test logger ...
2021-05-12T23:34:29.843+0800	INFO	gin_web/2021_5_12_zap_定制_logger.go:87	test logger ...
2021-05-12T23:34:29.843+0800	INFO	gin_web/2021_5_12_zap_定制_logger.go:87	test logger ...
2021-05-12T23:34:29.843+0800	INFO	gin_web/2021_5_12_zap_定制_logger.go:87	test logger ...
2021-05-12T23:34:29.843+0800	INFO	gin_web/2021_5_12_zap_定制_logger.go:87	test logger ...
2021-05-12T23:34:29.843+0800	INFO	gin_web/2021_5_12_zap_定制_logger.go:87	test logger ...
2021-05-12T23:34:29.843+0800	INFO	gin_web/2021_5_12_zap_定制_logger.go:87	test logger ...
2021-05-12T23:34:29.843+0800	INFO	gin_web/2021_5_12_zap_定制_logger.go:87	test logger ...
2021-05-12T23:34:29.843+0800	INFO	gin_web/2021_5_12_zap_定制_logger.go:87	test logger ...
2021-05-12T23:34:29.843+0800	INFO	gin_web/2021_5_12_zap_定制_logger.go:87	test logger ...
2021-05-12T23:34:29.843+0800	INFO	gin_web/2021_5_12_zap_定制_logger.go:87	test logger ...
2021-05-12T23:34:29.843+0800	INFO	gin_web/2021_5_12_zap_定制_logger.go:87	test logger ...
2021-05-12T23:34:29.843+0800	INFO	gin_web/2021_5_12_zap_定制_logger.go:87	test logger ...
2021-05-12T23:34:29.843+0800	INFO	gin_web/2021_5_12_zap_定制_logger.go:87	test logger ...
2021-05-12T23:34:29.843+0800	INFO	gin_web/2021_5_12_zap_定制_logger.go:87	test logger ...
2021-05-12T23:34:29.843+0800	INFO	gin_web/2021_5_12_zap_定制_logger.go:87	test logger ...
2021-05-12T23:34:29.843+0800	INFO	gin_web/2021_5_12_zap_定制_logger.go:87	test logger ...
2021-05-12T23:34:29.843+0800	INFO	gin_web/2021_5_12_zap_定制_logger.go:87	test logger ...
2021-05-12T23:34:29.843+0800	INFO	gin_web/2021_5_12_zap_定制_logger.go:87	test logger ...
2021-05-12T23:34:29.843+0800	INFO	gin_web/2021_5_12_zap_定制_logger.go:87	test logger ...
2021-05-12T23:34:29.843+0800	INFO	gin_web/2021_5_12_zap_定制_logger.go:87	test logger ...
2021-05-12T23:34:29.843+0800	INFO	gin_web/2021_5_12_zap_定制_logger.go:87	test logger ...
2021-05-12T23:34:29.843+0800	INFO	gin_web/2021_5_12_zap_定制_logger.go:87	test logger ...
2021-05-12T23:34:29.843+0800	INFO	gin_web/2021_5_12_zap_定制_logger.go:87	test logger ...
2021-05-12T23:34:29.843+0800	INFO	gin_web/2021_5_12_zap_定制_logger.go:87	test logger ...
2021-05-12T23:34:29.843+0800	INFO	gin_web/2021_5_12_zap_定制_logger.go:87	test logger ...
2021-05-12T23:34:29.843+0800	INFO	gin_web/2021_5_12_zap_定制_logger.go:87	test logger ...
2021-05-12T23:34:29.843+0800	INFO	gin_web/2021_5_12_zap_定制_logger.go:87	test logger ...
2021-05-12T23:34:29.843+0800	INFO	gin_web/2021_5_12_zap_定制_logger.go:87	test logger ...
2021-05-12T23:34:29.843+0800	INFO	gin_web/2021_5_12_zap_定制_logger.go:87	test logger ...
2021-05-12T23:34:29.843+0800	INFO	gin_web/2021_5_12_zap_定制_logger.go:87	test logger ...
2021-05-12T23:34:29.843+0800	INFO	gin_web/2021_5_12_zap_定制_logger.go:87	test logger ...
2021-05-12T23:34:29.843+0800	INFO	gin_web/2021_5_12_zap_定制_logger.go:87	test logger ...
2021-05-12T23:34:29.843+0800	INFO	gin_web/2021_5_12_zap_定制_logger.go:87	test logger ...
2021-05-12T23:34:29.843+0800	INFO	gin_web/2021_5_12_zap_定制_logger.go:87	test logger ...
2021-05-12T23:34:29.843+0800	INFO	gin_web/2021_5_12_zap_定制_logger.go:87	test logger ...
2021-05-12T23:34:29.843+0800	INFO	gin_web/2021_5_12_zap_定制_logger.go:87	test logger ...
2021-05-12T23:34:29.843+0800	INFO	gin_web/2021_5_12_zap_定制_logger.go:87	test logger ...
2021-05-12T23:34:29.843+0800	INFO	gin_web/2021_5_12_zap_定制_logger.go:87	test logger ...
2021-05-12T23:34:29.843+0800	INFO	gin_web/2021_5_12_zap_定制_logger.go:87	test logger ...
2021-05-12T23:34:29.843+0800	INFO	gin_web/2021_5_12_zap_定制_logger.go:87	test logger ...
2021-05-12T23:34:29.843+0800	INFO	gin_web/2021_5_12_zap_定制_logger.go:87	test logger ...
2021-05-12T23:34:29.843+0800	INFO	gin_web/2021_5_12_zap_定制_logger.go:87	test logger ...
2021-05-12T23:34:29.843+0800	INFO	gin_web/2021_5_12_zap_定制_logger.go:87	test logger ...
2021-05-12T23:34:29.843+0800	INFO	gin_web/2021_5_12_zap_定制_logger.go:87	test logger ...
2021-05-12T23:34:29.843+0800	INFO	gin_web/2021_5_12_zap_定制_logger.go:87	test logger ...
2021-05-12T23:34:29.843+0800	INFO	gin_web/2021_5_12_zap_定制_logger.go:87	test logger ...
2021-05-12T23:34:29.843+0800	INFO	gin_web/2021_5_12_zap_定制_logger.go:87	test logger ...
2021-05-12T23:34:29.843+0800	INFO	gin_web/2021_5_12_zap_定制_logger.go:87	test logger ...
2021-05-12T23:34:29.843+0800	INFO	gin_web/2021_5_12_zap_定制_logger.go:87	test logger ...
2021-05-12T23:34:29.843+0800	INFO	gin_web/2021_5_12_zap_定制_logger.go:87	test logger ...
2021-05-12T23:34:29.843+0800	INFO	gin_web/2021_5_12_zap_定制_logger.go:87	test logger ...
2021-05-12T23:34:29.843+0800	INFO	gin_web/2021_5_12_zap_定制_logger.go:87	test logger ...
2021-05-12T23:34:29.843+0800	INFO	gin_web/2021_5_12_zap_定制_logger.go:87	test logger ...
2021-05-12T23:34:29.843+0800	INFO	gin_web/2021_5_12_zap_定制_logger.go:87	test logger ...
2021-05-12T23:34:29.843+0800	INFO	gin_web/2021_5_12_zap_定制_logger.go:87	test logger ...
2021-05-12T23:34:29.843+0800	INFO	gin_web/2021_5_12_zap_定制_logger.go:87	test logger ...
2021-05-12T23:34:29.843+0800	INFO	gin_web/2021_5_12_zap_定制_logger.go:87	test logger ...
2021-05-12T23:34:29.843+0800	INFO	gin_web/2021_5_12_zap_定制_logger.go:87	test logger ...
2021-05-12T23:34:29.843+0800	INFO	gin_web/2021_5_12_zap_定制_logger.go:87	test logger ...
2021-05-12T23:34:29.843+0800	INFO	gin_web/2021_5_12_zap_定制_logger.go:87	test logger ...
2021-05-12T23:34:29.843+0800	INFO	gin_web/2021_5_12_zap_定制_logger.go:87	test logger ...
2021-05-12T23:34:29.843+0800	INFO	gin_web/2021_5_12_zap_定制_logger.go:87	test logger ...
2021-05-12T23:34:29.843+0800	INFO	gin_web/2021_5_12_zap_定制_logger.go:87	test logger ...
2021-05-12T23:34:29.844+0800	INFO	gin_web/2021_5_12_zap_定制_logger.go:87	test logger ...
2021-05-12T23:34:29.844+0800	INFO	gin_web/2021_5_12_zap_定制_logger.go:87	test logger ...
2021-05-12T23:34:29.844+0800	INFO	gin_web/2021_5_12_zap_定制_logger.go:87	test logger ...
2021-05-12T23:34:29.844+0800	INFO	gin_web/2021_5_12_zap_定制_logger.go:87	test logger ...
2021-05-12T23:34:29.844+0800	INFO	gin_web/2021_5_12_zap_定制_logger.go:87	test logger ...
2021-05-12T23:34:29.844+0800	INFO	gin_web/2021_5_12_zap_定制_logger.go:87	test logger ...
2021-05-12T23:34:29.844+0800	INFO	gin_web/2021_5_12_zap_定制_logger.go:87	test logger ...
2021-05-12T23:34:29.844+0800	INFO	gin_web/2021_5_12_zap_定制_logger.go:87	test logger ...
2021-05-12T23:34:29.844+0800	INFO	gin_web/2021_5_12_zap_定制_logger.go:87	test logger ...
2021-05-12T23:34:29.844+0800	INFO	gin_web/2021_5_12_zap_定制_logger.go:87	test logger ...
2021-05-12T23:34:29.844+0800	INFO	gin_web/2021_5_12_zap_定制_logger.go:87	test logger ...
2021-05-12T23:34:29.844+0800	INFO	gin_web/2021_5_12_zap_定制_logger.go:87	test logger ...
2021-05-12T23:34:29.844+0800	INFO	gin_web/2021_5_12_zap_定制_logger.go:87	test logger ...
2021-05-12T23:34:29.844+0800	INFO	gin_web/2021_5_12_zap_定制_logger.go:87	test logger ...
2021-05-12T23:34:29.844+0800	INFO	gin_web/2021_5_12_zap_定制_logger.go:87	test logger ...
2021-05-12T23:34:29.844+0800	INFO	gin_web/2021_5_12_zap_定制_logger.go:87	test logger ...
2021-05-12T23:34:29.844+0800	INFO	gin_web/2021_5_12_zap_定制_logger.go:87	test logger ...
2021-05-12T23:34:29.844+0800	INFO	gin_web/2021_5_12_zap_定制_logger.go:87	test logger ...
2021-05-12T23:34:29.844+0800	INFO	gin_web/2021_5_12_zap_定制_logger.go:87	test logger ...
2021-05-12T23:34:29.844+0800	INFO	gin_web/2021_5_12_zap_定制_logger.go:87	test logger ...
2021-05-12T23:34:29.844+0800	INFO	gin_web/2021_5_12_zap_定制_logger.go:87	test logger ...
2021-05-12T23:34:29.844+0800	INFO	gin_web/2021_5_12_zap_定制_logger.go:87	test logger ...
2021-05-12T23:34:29.844+0800	INFO	gin_web/2021_5_12_zap_定制_logger.go:87	test logger ...
2021-05-12T23:34:29.844+0800	INFO	gin_web/2021_5_12_zap_定制_logger.go:87	test logger ...
2021-05-12T23:34:29.844+0800	INFO	gin_web/2021_5_12_zap_定制_logger.go:87	test logger ...
2021-05-12T23:34:29.844+0800	INFO	gin_web/2021_5_12_zap_定制_logger.go:87	test logger ...
2021-05-12T23:34:29.844+0800	INFO	gin_web/2021_5_12_zap_定制_logger.go:87	test logger ...
2021-05-12T23:34:29.844+0800	INFO	gin_web/2021_5_12_zap_定制_logger.go:87	test logger ...
2021-05-12T23:34:29.844+0800	INFO	gin_web/2021_5_12_zap_定制_logger.go:87	test logger ...
2021-05-12T23:34:29.844+0800	INFO	gin_web/2021_5_12_zap_定制_logger.go:87	test logger ...
2021-05-12T23:34:29.844+0800	INFO	gin_web/2021_5_12_zap_定制_logger.go:87	test logger ...
2021-05-12T23:34:29.844+0800	INFO	gin_web/2021_5_12_zap_定制_logger.go:87	test logger ...
2021-05-12T23:34:29.844+0800	INFO	gin_web/2021_5_12_zap_定制_logger.go:87	test logger ...
2021-05-12T23:34:29.844+0800	INFO	gin_web/2021_5_12_zap_定制_logger.go:87	test logger ...
2021-05-12T23:34:29.844+0800	INFO	gin_web/2021_5_12_zap_定制_logger.go:87	test logger ...
2021-05-12T23:34:29.844+0800	INFO	gin_web/2021_5_12_zap_定制_logger.go:87	test logger ...
2021-05-12T23:34:29.844+0800	INFO	gin_web/2021_5_12_zap_定制_logger.go:87	test logger ...
2021-05-12T23:34:29.844+0800	INFO	gin_web/2021_5_12_zap_定制_logger.go:87	test logger ...
2021-05-12T23:34:29.844+0800	INFO	gin_web/2021_5_12_zap_定制_logger.go:87	test logger ...
2021-05-12T23:34:29.844+0800	INFO	gin_web/2021_5_12_zap_定制_logger.go:87	test logger ...
2021-05-12T23:34:29.844+0800	INFO	gin_web/2021_5_12_zap_定制_logger.go:87	test logger ...
2021-05-12T23:34:29.844+0800	INFO	gin_web/2021_5_12_zap_定制_logger.go:87	test logger ...
2021-05-12T23:34:29.844+0800	INFO	gin_web/2021_5_12_zap_定制_logger.go:87	test logger ...
2021-05-12T23:34:29.844+0800	INFO	gin_web/2021_5_12_zap_定制_logger.go:87	test logger ...
2021-05-12T23:34:29.844+0800	INFO	gin_web/2021_5_12_zap_定制_logger.go:87	test logger ...
2021-05-12T23:34:29.844+0800	INFO	gin_web/2021_5_12_zap_定制_logger.go:87	test logger ...
2021-05-12T23:34:29.844+0800	INFO	gin_web/2021_5_12_zap_定制_logger.go:87	test logger ...
2021-05-12T23:34:29.844+0800	INFO	gin_web/2021_5_12_zap_定制_logger.go:87	test logger ...
2021-05-12T23:34:29.844+0800	INFO	gin_web/2021_5_12_zap_定制_logger.go:87	test logger ...
2021-05-12T23:34:29.844+0800	INFO	gin_web/2021_5_12_zap_定制_logger.go:87	test logger ...
2021-05-12T23:34:29.844+0800	INFO	gin_web/2021_5_12_zap_定制_logger.go:87	test logger ...
2021-05-12T23:34:29.844+0800	INFO	gin_web/2021_5_12_zap_定制_logger.go:87	test logger ...
2021-05-12T23:34:29.844+0800	INFO	gin_web/2021_5_12_zap_定制_logger.go:87	test logger ...
2021-05-12T23:34:29.844+0800	INFO	gin_web/2021_5_12_zap_定制_logger.go:87	test logger ...
2021-05-12T23:34:29.844+0800	INFO	gin_web/2021_5_12_zap_定制_logger.go:87	test logger ...
2021-05-12T23:34:29.844+0800	INFO	gin_web/2021_5_12_zap_定制_logger.go:87	test logger ...
2021-05-12T23:34:29.844+0800	INFO	gin_web/2021_5_12_zap_定制_logger.go:87	test logger ...
2021-05-12T23:34:29.844+0800	INFO	gin_web/2021_5_12_zap_定制_logger.go:87	test logger ...
2021-05-12T23:34:29.844+0800	INFO	gin_web/2021_5_12_zap_定制_logger.go:87	test logger ...
2021-05-12T23:34:29.844+0800	INFO	gin_web/2021_5_12_zap_定制_logger.go:87	test logger ...
2021-05-12T23:34:29.844+0800	INFO	gin_web/2021_5_12_zap_定制_logger.go:87	test logger ...
2021-05-12T23:34:29.844+0800	INFO	gin_web/2021_5_12_zap_定制_logger.go:87	test logger ...
2021-05-12T23:34:29.844+0800	INFO	gin_web/2021_5_12_zap_定制_logger.go:87	test logger ...
2021-05-12T23:34:29.844+0800	INFO	gin_web/2021_5_12_zap_定制_logger.go:87	test logger ...
2021-05-12T23:34:29.844+0800	INFO	gin_web/2021_5_12_zap_定制_logger.go:87	test logger ...
2021-05-12T23:34:29.844+0800	INFO	gin_web/2021_5_12_zap_定制_logger.go:87	test logger ...
2021-05-12T23:34:29.844+0800	INFO	gin_web/2021_5_12_zap_定制_logger.go:87	test logger ...
2021-05-12T23:34:29.844+0800	INFO	gin_web/2021_5_12_zap_定制_logger.go:87	test logger ...
2021-05-12T23:34:29.844+0800	INFO	gin_web/2021_5_12_zap_定制_logger.go:87	test logger ...
2021-05-12T23:34:29.844+0800	INFO	gin_web/2021_5_12_zap_定制_logger.go:87	test logger ...
2021-05-12T23:34:29.844+0800	INFO	gin_web/2021_5_12_zap_定制_logger.go:87	test logger ...
2021-05-12T23:34:29.844+0800	INFO	gin_web/2021_5_12_zap_定制_logger.go:87	test logger ...
2021-05-12T23:34:29.844+0800	INFO	gin_web/2021_5_12_zap_定制_logger.go:87	test logger ...
2021-05-12T23:34:29.844+0800	INFO	gin_web/2021_5_12_zap_定制_logger.go:87	test logger ...
2021-05-12T23:34:29.844+0800	INFO	gin_web/2021_5_12_zap_定制_logger.go:87	test logger ...
2021-05-12T23:34:29.844+0800	INFO	gin_web/2021_5_12_zap_定制_logger.go:87	test logger ...
2021-05-12T23:34:29.844+0800	INFO	gin_web/2021_5_12_zap_定制_logger.go:87	test logger ...
2021-05-12T23:34:29.844+0800	INFO	gin_web/2021_5_12_zap_定制_logger.go:87	test logger ...
2021-05-12T23:34:29.844+0800	INFO	gin_web/2021_5_12_zap_定制_logger.go:87	test logger ...
2021-05-12T23:34:29.844+0800	INFO	gin_web/2021_5_12_zap_定制_logger.go:87	test logger ...
2021-05-12T23:34:29.844+0800	INFO	gin_web/2021_5_12_zap_定制_logger.go:87	test logger ...
2021-05-12T23:34:29.844+0800	INFO	gin_web/2021_5_12_zap_定制_logger.go:87	test logger ...
2021-05-12T23:34:29.844+0800	INFO	gin_web/2021_5_12_zap_定制_logger.go:87	test logger ...
2021-05-12T23:34:29.844+0800	INFO	gin_web/2021_5_12_zap_定制_logger.go:87	test logger ...
2021-05-12T23:34:29.844+0800	INFO	gin_web/2021_5_12_zap_定制_logger.go:87	test logger ...
2021-05-12T23:34:29.844+0800	INFO	gin_web/2021_5_12_zap_定制_logger.go:87	test logger ...
2021-05-12T23:34:29.844+0800	INFO	gin_web/2021_5_12_zap_定制_logger.go:87	test logger ...
2021-05-12T23:34:29.844+0800	INFO	gin_web/2021_5_12_zap_定制_logger.go:87	test logger ...
2021-05-12T23:34:29.844+0800	INFO	gin_web/2021_5_12_zap_定制_logger.go:87	test logger ...
2021-05-12T23:34:29.844+0800	INFO	gin_web/2021_5_12_zap_定制_logger.go:87	test logger ...
2021-05-12T23:34:29.844+0800	INFO	gin_web/2021_5_12_zap_定制_logger.go:87	test logger ...
2021-05-12T23:34:29.844+0800	INFO	gin_web/2021_5_12_zap_定制_logger.go:87	test logger ...
2021-05-12T23:34:29.844+0800	INFO	gin_web/2021_5_12_zap_定制_logger.go:87	test logger ...
2021-05-12T23:34:29.844+0800	INFO	gin_web/2021_5_12_zap_定制_logger.go:87	test logger ...
2021-05-12T23:34:29.844+0800	INFO	gin_web/2021_5_12_zap_定制_logger.go:87	test logger ...
2021-05-12T23:34:29.844+0800	INFO	gin_web/2021_5_12_zap_定制_logger.go:87	test logger ...
2021-05-12T23:34:29.844+0800	INFO	gin_web/2021_5_12_zap_定制_logger.go:87	test logger ...
2021-05-12T23:34:29.844+0800	INFO	gin_web/2021_5_12_zap_定制_logger.go:87	test logger ...
2021-05-12T23:34:29.844+0800	INFO	gin_web/2021_5_12_zap_定制_logger.go:87	test logger ...
2021-05-12T23:34:29.844+0800	INFO	gin_web/2021_5_12_zap_定制_logger.go:87	test logger ...
2021-05-12T23:34:29.845+0800	INFO	gin_web/2021_5_12_zap_定制_logger.go:87	test logger ...
2021-05-12T23:34:29.845+0800	INFO	gin_web/2021_5_12_zap_定制_logger.go:87	test logger ...
2021-05-12T23:34:29.845+0800	INFO	gin_web/2021_5_12_zap_定制_logger.go:87	test logger ...
2021-05-12T23:34:29.845+0800	INFO	gin_web/2021_5_12_zap_定制_logger.go:87	test logger ...
2021-05-12T23:34:29.845+0800	INFO	gin_web/2021_5_12_zap_定制_logger.go:87	test logger ...
2021-05-12T23:34:29.845+0800	INFO	gin_web/2021_5_12_zap_定制_logger.go:87	test logger ...
2021-05-12T23:34:29.845+0800	INFO	gin_web/2021_5_12_zap_定制_logger.go:87	test logger ...
2021-05-12T23:34:29.845+0800	INFO	gin_web/2021_5_12_zap_定制_logger.go:87	test logger ...
2021-05-12T23:34:29.845+0800	INFO	gin_web/2021_5_12_zap_定制_logger.go:87	test logger ...
2021-05-12T23:34:29.845+0800	INFO	gin_web/2021_5_12_zap_定制_logger.go:87	test logger ...
2021-05-12T23:34:29.845+0800	INFO	gin_web/2021_5_12_zap_定制_logger.go:87	test logger ...
2021-05-12T23:34:29.845+0800	INFO	gin_web/2021_5_12_zap_定制_logger.go:87	test logger ...
2021-05-12T23:34:29.845+0800	INFO	gin_web/2021_5_12_zap_定制_logger.go:87	test logger ...
2021-05-12T23:34:29.845+0800	INFO	gin_web/2021_5_12_zap_定制_logger.go:87	test logger ...
2021-05-12T23:34:29.845+0800	INFO	gin_web/2021_5_12_zap_定制_logger.go:87	test logger ...
2021-05-12T23:34:29.845+0800	INFO	gin_web/2021_5_12_zap_定制_logger.go:87	test logger ...
2021-05-12T23:34:29.845+0800	INFO	gin_web/2021_5_12_zap_定制_logger.go:87	test logger ...
2021-05-12T23:34:29.845+0800	INFO	gin_web/2021_5_12_zap_定制_logger.go:87	test logger ...
2021-05-12T23:34:29.845+0800	INFO	gin_web/2021_5_12_zap_定制_logger.go:87	test logger ...
2021-05-12T23:34:29.845+0800	INFO	gin_web/2021_5_12_zap_定制_logger.go:87	test logger ...
2021-05-12T23:34:29.845+0800	INFO	gin_web/2021_5_12_zap_定制_logger.go:87	test logger ...
2021-05-12T23:34:29.845+0800	INFO	gin_web/2021_5_12_zap_定制_logger.go:87	test logger ...
2021-05-12T23:34:29.845+0800	INFO	gin_web/2021_5_12_zap_定制_logger.go:87	test logger ...
2021-05-12T23:34:29.845+0800	INFO	gin_web/2021_5_12_zap_定制_logger.go:87	test logger ...
2021-05-12T23:34:29.845+0800	INFO	gin_web/2021_5_12_zap_定制_logger.go:87	test logger ...
2021-05-12T23:34:29.845+0800	INFO	gin_web/2021_5_12_zap_定制_logger.go:87	test logger ...
2021-05-12T23:34:29.845+0800	INFO	gin_web/2021_5_12_zap_定制_logger.go:87	test logger ...
2021-05-12T23:34:29.845+0800	INFO	gin_web/2021_5_12_zap_定制_logger.go:87	test logger ...
2021-05-12T23:34:29.845+0800	INFO	gin_web/2021_5_12_zap_定制_logger.go:87	test logger ...
2021-05-12T23:34:29.845+0800	INFO	gin_web/2021_5_12_zap_定制_logger.go:87	test logger ...
2021-05-12T23:34:29.845+0800	INFO	gin_web/2021_5_12_zap_定制_logger.go:87	test logger ...
2021-05-12T23:34:29.845+0800	INFO	gin_web/2021_5_12_zap_定制_logger.go:87	test logger ...
2021-05-12T23:34:29.845+0800	INFO	gin_web/2021_5_12_zap_定制_logger.go:87	test logger ...
2021-05-12T23:34:29.845+0800	INFO	gin_web/2021_5_12_zap_定制_logger.go:87	test logger ...
2021-05-12T23:34:29.845+0800	INFO	gin_web/2021_5_12_zap_定制_logger.go:87	test logger ...
2021-05-12T23:34:29.845+0800	INFO	gin_web/2021_5_12_zap_定制_logger.go:87	test logger ...
2021-05-12T23:34:29.845+0800	INFO	gin_web/2021_5_12_zap_定制_logger.go:87	test logger ...
2021-05-12T23:34:29.845+0800	INFO	gin_web/2021_5_12_zap_定制_logger.go:87	test logger ...
2021-05-12T23:34:29.845+0800	INFO	gin_web/2021_5_12_zap_定制_logger.go:87	test logger ...
2021-05-12T23:34:29.845+0800	INFO	gin_web/2021_5_12_zap_定制_logger.go:87	test logger ...
2021-05-12T23:34:29.845+0800	INFO	gin_web/2021_5_12_zap_定制_logger.go:87	test logger ...
2021-05-12T23:34:29.845+0800	INFO	gin_web/2021_5_12_zap_定制_logger.go:87	test logger ...
2021-05-12T23:34:29.845+0800	INFO	gin_web/2021_5_12_zap_定制_logger.go:87	test logger ...
2021-05-12T23:34:29.845+0800	INFO	gin_web/2021_5_12_zap_定制_logger.go:87	test logger ...
2021-05-12T23:34:29.845+0800	INFO	gin_web/2021_5_12_zap_定制_logger.go:87	test logger ...
2021-05-12T23:34:29.845+0800	INFO	gin_web/2021_5_12_zap_定制_logger.go:87	test logger ...
2021-05-12T23:34:29.845+0800	INFO	gin_web/2021_5_12_zap_定制_logger.go:87	test logger ...
2021-05-12T23:34:29.845+0800	INFO	gin_web/2021_5_12_zap_定制_logger.go:87	test logger ...
2021-05-12T23:34:29.845+0800	INFO	gin_web/2021_5_12_zap_定制_logger.go:87	test logger ...
2021-05-12T23:34:29.845+0800	INFO	gin_web/2021_5_12_zap_定制_logger.go:87	test logger ...
2021-05-12T23:34:29.845+0800	INFO	gin_web/2021_5_12_zap_定制_logger.go:87	test logger ...
2021-05-12T23:34:29.845+0800	INFO	gin_web/2021_5_12_zap_定制_logger.go:87	test logger ...
2021-05-12T23:34:29.845+0800	INFO	gin_web/2021_5_12_zap_定制_logger.go:87	test logger ...
2021-05-12T23:34:29.845+0800	INFO	gin_web/2021_5_12_zap_定制_logger.go:87	test logger ...
2021-05-12T23:34:29.845+0800	INFO	gin_web/2021_5_12_zap_定制_logger.go:87	test logger ...
2021-05-12T23:34:29.845+0800	INFO	gin_web/2021_5_12_zap_定制_logger.go:87	test logger ...
2021-05-12T23:34:29.845+0800	INFO	gin_web/2021_5_12_zap_定制_logger.go:87	test logger ...
2021-05-12T23:34:29.845+0800	INFO	gin_web/2021_5_12_zap_定制_logger.go:87	test logger ...
2021-05-12T23:34:29.845+0800	INFO	gin_web/2021_5_12_zap_定制_logger.go:87	test logger ...
2021-05-12T23:34:29.845+0800	INFO	gin_web/2021_5_12_zap_定制_logger.go:87	test logger ...
2021-05-12T23:34:29.845+0800	INFO	gin_web/2021_5_12_zap_定制_logger.go:87	test logger ...
2021-05-12T23:34:29.845+0800	INFO	gin_web/2021_5_12_zap_定制_logger.go:87	test logger ...
2021-05-12T23:34:29.845+0800	INFO	gin_web/2021_5_12_zap_定制_logger.go:87	test logger ...
2021-05-12T23:34:29.845+0800	INFO	gin_web/2021_5_12_zap_定制_logger.go:87	test logger ...
2021-05-12T23:34:29.845+0800	INFO	gin_web/2021_5_12_zap_定制_logger.go:87	test logger ...
2021-05-12T23:34:29.845+0800	INFO	gin_web/2021_5_12_zap_定制_logger.go:87	test logger ...
2021-05-12T23:34:29.845+0800	INFO	gin_web/2021_5_12_zap_定制_logger.go:87	test logger ...
2021-05-12T23:34:29.845+0800	INFO	gin_web/2021_5_12_zap_定制_logger.go:87	test logger ...
2021-05-12T23:34:29.845+0800	INFO	gin_web/2021_5_12_zap_定制_logger.go:87	test logger ...
2021-05-12T23:34:29.845+0800	INFO	gin_web/2021_5_12_zap_定制_logger.go:87	test logger ...
2021-05-12T23:34:29.845+0800	INFO	gin_web/2021_5_12_zap_定制_logger.go:87	test logger ...
2021-05-12T23:34:29.845+0800	INFO	gin_web/2021_5_12_zap_定制_logger.go:87	test logger ...
2021-05-12T23:34:29.845+0800	INFO	gin_web/2021_5_12_zap_定制_logger.go:87	test logger ...
2021-05-12T23:34:29.845+0800	INFO	gin_web/2021_5_12_zap_定制_logger.go:87	test logger ...
2021-05-12T23:34:29.845+0800	INFO	gin_web/2021_5_12_zap_定制_logger.go:87	test logger ...
2021-05-12T23:34:29.845+0800	INFO	gin_web/2021_5_12_zap_定制_logger.go:87	test logger ...
2021-05-12T23:34:29.845+0800	INFO	gin_web/2021_5_12_zap_定制_logger.go:87	test logger ...
2021-05-12T23:34:29.845+0800	INFO	gin_web/2021_5_12_zap_定制_logger.go:87	test logger ...
2021-05-12T23:34:29.845+0800	INFO	gin_web/2021_5_12_zap_定制_logger.go:87	test logger ...
2021-05-12T23:34:29.845+0800	INFO	gin_web/2021_5_12_zap_定制_logger.go:87	test logger ...
2021-05-12T23:34:29.845+0800	INFO	gin_web/2021_5_12_zap_定制_logger.go:87	test logger ...
2021-05-12T23:34:29.845+0800	INFO	gin_web/2021_5_12_zap_定制_logger.go:87	test logger ...
2021-05-12T23:34:29.845+0800	INFO	gin_web/2021_5_12_zap_定制_logger.go:87	test logger ...
2021-05-12T23:34:29.845+0800	INFO	gin_web/2021_5_12_zap_定制_logger.go:87	test logger ...
2021-05-12T23:34:29.845+0800	INFO	gin_web/2021_5_12_zap_定制_logger.go:87	test logger ...
2021-05-12T23:34:29.845+0800	INFO	gin_web/2021_5_12_zap_定制_logger.go:87	test logger ...
2021-05-12T23:34:29.845+0800	INFO	gin_web/2021_5_12_zap_定制_logger.go:87	test logger ...
2021-05-12T23:34:29.845+0800	INFO	gin_web/2021_5_12_zap_定制_logger.go:87	test logger ...
2021-05-12T23:34:29.845+0800	INFO	gin_web/2021_5_12_zap_定制_logger.go:87	test logger ...
2021-05-12T23:34:29.845+0800	INFO	gin_web/2021_5_12_zap_定制_logger.go:87	test logger ...
2021-05-12T23:34:29.845+0800	INFO	gin_web/2021_5_12_zap_定制_logger.go:87	test logger ...
2021-05-12T23:34:29.845+0800	INFO	gin_web/2021_5_12_zap_定制_logger.go:87	test logger ...
2021-05-12T23:34:29.845+0800	INFO	gin_web/2021_5_12_zap_定制_logger.go:87	test logger ...
2021-05-12T23:34:29.845+0800	INFO	gin_web/2021_5_12_zap_定制_logger.go:87	test logger ...
2021-05-12T23:34:29.845+0800	INFO	gin_web/2021_5_12_zap_定制_logger.go:87	test logger ...
2021-05-12T23:34:29.845+0800	INFO	gin_web/2021_5_12_zap_定制_logger.go:87	test logger ...
2021-05-12T23:34:29.845+0800	INFO	gin_web/2021_5_12_zap_定制_logger.go:87	test logger ...
2021-05-12T23:34:29.845+0800	INFO	gin_web/2021_5_12_zap_定制_logger.go:87	test logger ...
2021-05-12T23:34:29.845+0800	INFO	gin_web/2021_5_12_zap_定制_logger.go:87	test logger ...
2021-05-12T23:34:29.845+0800	INFO	gin_web/2021_5_12_zap_定制_logger.go:87	test logger ...
2021-05-12T23:34:29.845+0800	INFO	gin_web/2021_5_12_zap_定制_logger.go:87	test logger ...
2021-05-12T23:34:29.845+0800	INFO	gin_web/2021_5_12_zap_定制_logger.go:87	test logger ...
2021-05-12T23:34:29.845+0800	INFO	gin_web/2021_5_12_zap_定制_logger.go:87	test logger ...
2021-05-12T23:34:29.845+0800	INFO	gin_web/2021_5_12_zap_定制_logger.go:87	test logger ...
2021-05-12T23:34:29.846+0800	INFO	gin_web/2021_5_12_zap_定制_logger.go:87	test logger ...
2021-05-12T23:34:29.846+0800	INFO	gin_web/2021_5_12_zap_定制_logger.go:87	test logger ...
2021-05-12T23:34:29.846+0800	INFO	gin_web/2021_5_12_zap_定制_logger.go:87	test logger ...
2021-05-12T23:34:29.846+0800	INFO	gin_web/2021_5_12_zap_定制_logger.go:87	test logger ...
2021-05-12T23:34:29.846+0800	INFO	gin_web/2021_5_12_zap_定制_logger.go:87	test logger ...
2021-05-12T23:34:29.846+0800	INFO	gin_web/2021_5_12_zap_定制_logger.go:87	test logger ...
2021-05-12T23:34:29.846+0800	INFO	gin_web/2021_5_12_zap_定制_logger.go:87	test logger ...
2021-05-12T23:34:29.846+0800	INFO	gin_web/2021_5_12_zap_定制_logger.go:87	test logger ...
2021-05-12T23:34:29.846+0800	INFO	gin_web/2021_5_12_zap_定制_logger.go:87	test logger ...
2021-05-12T23:34:29.846+0800	INFO	gin_web/2021_5_12_zap_定制_logger.go:87	test logger ...
2021-05-12T23:34:29.846+0800	INFO	gin_web/2021_5_12_zap_定制_logger.go:87	test logger ...
2021-05-12T23:34:29.846+0800	INFO	gin_web/2021_5_12_zap_定制_logger.go:87	test logger ...
2021-05-12T23:34:29.846+0800	INFO	gin_web/2021_5_12_zap_定制_logger.go:87	test logger ...
2021-05-12T23:34:29.846+0800	INFO	gin_web/2021_5_12_zap_定制_logger.go:87	test logger ...
2021-05-12T23:34:29.846+0800	INFO	gin_web/2021_5_12_zap_定制_logger.go:87	test logger ...
2021-05-12T23:34:29.846+0800	INFO	gin_web/2021_5_12_zap_定制_logger.go:87	test logger ...
2021-05-12T23:34:29.846+0800	INFO	gin_web/2021_5_12_zap_定制_logger.go:87	test logger ...
2021-05-12T23:34:29.846+0800	INFO	gin_web/2021_5_12_zap_定制_logger.go:87	test logger ...
2021-05-12T23:34:29.846+0800	INFO	gin_web/2021_5_12_zap_定制_logger.go:87	test logger ...
2021-05-12T23:34:29.846+0800	INFO	gin_web/2021_5_12_zap_定制_logger.go:87	test logger ...
2021-05-12T23:34:29.846+0800	INFO	gin_web/2021_5_12_zap_定制_logger.go:87	test logger ...
2021-05-12T23:34:29.846+0800	INFO	gin_web/2021_5_12_zap_定制_logger.go:87	test logger ...
2021-05-12T23:34:29.846+0800	INFO	gin_web/2021_5_12_zap_定制_logger.go:87	test logger ...
2021-05-12T23:34:29.846+0800	INFO	gin_web/2021_5_12_zap_定制_logger.go:87	test logger ...
2021-05-12T23:34:29.846+0800	INFO	gin_web/2021_5_12_zap_定制_logger.go:87	test logger ...
2021-05-12T23:34:29.846+0800	INFO	gin_web/2021_5_12_zap_定制_logger.go:87	test logger ...
2021-05-12T23:34:29.846+0800	INFO	gin_web/2021_5_12_zap_定制_logger.go:87	test logger ...
2021-05-12T23:34:29.846+0800	INFO	gin_web/2021_5_12_zap_定制_logger.go:87	test logger ...
2021-05-12T23:34:29.846+0800	INFO	gin_web/2021_5_12_zap_定制_logger.go:87	test logger ...
2021-05-12T23:34:29.846+0800	INFO	gin_web/2021_5_12_zap_定制_logger.go:87	test logger ...
2021-05-12T23:34:29.846+0800	INFO	gin_web/2021_5_12_zap_定制_logger.go:87	test logger ...
2021-05-12T23:34:29.846+0800	INFO	gin_web/2021_5_12_zap_定制_logger.go:87	test logger ...
2021-05-12T23:34:29.846+0800	INFO	gin_web/2021_5_12_zap_定制_logger.go:87	test logger ...
2021-05-12T23:34:29.846+0800	INFO	gin_web/2021_5_12_zap_定制_logger.go:87	test logger ...
2021-05-12T23:34:29.846+0800	INFO	gin_web/2021_5_12_zap_定制_logger.go:87	test logger ...
2021-05-12T23:34:29.846+0800	INFO	gin_web/2021_5_12_zap_定制_logger.go:87	test logger ...
2021-05-12T23:34:29.846+0800	INFO	gin_web/2021_5_12_zap_定制_logger.go:87	test logger ...
2021-05-12T23:34:29.846+0800	INFO	gin_web/2021_5_12_zap_定制_logger.go:87	test logger ...
2021-05-12T23:34:29.846+0800	INFO	gin_web/2021_5_12_zap_定制_logger.go:87	test logger ...
2021-05-12T23:34:29.846+0800	INFO	gin_web/2021_5_12_zap_定制_logger.go:87	test logger ...
2021-05-12T23:34:29.846+0800	INFO	gin_web/2021_5_12_zap_定制_logger.go:87	test logger ...
2021-05-12T23:34:29.846+0800	INFO	gin_web/2021_5_12_zap_定制_logger.go:87	test logger ...
2021-05-12T23:34:29.846+0800	INFO	gin_web/2021_5_12_zap_定制_logger.go:87	test logger ...
2021-05-12T23:34:29.846+0800	INFO	gin_web/2021_5_12_zap_定制_logger.go:87	test logger ...
2021-05-12T23:34:29.846+0800	INFO	gin_web/2021_5_12_zap_定制_logger.go:87	test logger ...
2021-05-12T23:34:29.846+0800	INFO	gin_web/2021_5_12_zap_定制_logger.go:87	test logger ...
2021-05-12T23:34:29.846+0800	INFO	gin_web/2021_5_12_zap_定制_logger.go:87	test logger ...
2021-05-12T23:34:29.846+0800	INFO	gin_web/2021_5_12_zap_定制_logger.go:87	test logger ...
2021-05-12T23:34:29.846+0800	INFO	gin_web/2021_5_12_zap_定制_logger.go:87	test logger ...
2021-05-12T23:34:29.846+0800	INFO	gin_web/2021_5_12_zap_定制_logger.go:87	test logger ...
2021-05-12T23:34:29.846+0800	INFO	gin_web/2021_5_12_zap_定制_logger.go:87	test logger ...
2021-05-12T23:34:29.846+0800	INFO	gin_web/2021_5_12_zap_定制_logger.go:87	test logger ...
2021-05-12T23:34:29.846+0800	INFO	gin_web/2021_5_12_zap_定制_logger.go:87	test logger ...
2021-05-12T23:34:29.846+0800	INFO	gin_web/2021_5_12_zap_定制_logger.go:87	test logger ...
2021-05-12T23:34:29.846+0800	INFO	gin_web/2021_5_12_zap_定制_logger.go:87	test logger ...
2021-05-12T23:34:29.846+0800	INFO	gin_web/2021_5_12_zap_定制_logger.go:87	test logger ...
2021-05-12T23:34:29.846+0800	INFO	gin_web/2021_5_12_zap_定制_logger.go:87	test logger ...
2021-05-12T23:34:29.846+0800	INFO	gin_web/2021_5_12_zap_定制_logger.go:87	test logger ...
2021-05-12T23:34:29.846+0800	INFO	gin_web/2021_5_12_zap_定制_logger.go:87	test logger ...
2021-05-12T23:34:29.846+0800	INFO	gin_web/2021_5_12_zap_定制_logger.go:87	test logger ...
2021-05-12T23:34:29.846+0800	INFO	gin_web/2021_5_12_zap_定制_logger.go:87	test logger ...
2021-05-12T23:34:29.846+0800	INFO	gin_web/2021_5_12_zap_定制_logger.go:87	test logger ...
2021-05-12T23:34:29.846+0800	INFO	gin_web/2021_5_12_zap_定制_logger.go:87	test logger ...
2021-05-12T23:34:29.846+0800	INFO	gin_web/2021_5_12_zap_定制_logger.go:87	test logger ...
2021-05-12T23:34:29.846+0800	INFO	gin_web/2021_5_12_zap_定制_logger.go:87	test logger ...
2021-05-12T23:34:29.846+0800	INFO	gin_web/2021_5_12_zap_定制_logger.go:87	test logger ...
2021-05-12T23:34:29.846+0800	INFO	gin_web/2021_5_12_zap_定制_logger.go:87	test logger ...
2021-05-12T23:34:29.846+0800	INFO	gin_web/2021_5_12_zap_定制_logger.go:87	test logger ...
2021-05-12T23:34:29.846+0800	INFO	gin_web/2021_5_12_zap_定制_logger.go:87	test logger ...
2021-05-12T23:34:29.846+0800	INFO	gin_web/2021_5_12_zap_定制_logger.go:87	test logger ...
2021-05-12T23:34:29.846+0800	INFO	gin_web/2021_5_12_zap_定制_logger.go:87	test logger ...
2021-05-12T23:34:29.846+0800	INFO	gin_web/2021_5_12_zap_定制_logger.go:87	test logger ...
2021-05-12T23:34:29.846+0800	INFO	gin_web/2021_5_12_zap_定制_logger.go:87	test logger ...
2021-05-12T23:34:29.846+0800	INFO	gin_web/2021_5_12_zap_定制_logger.go:87	test logger ...
2021-05-12T23:34:29.846+0800	INFO	gin_web/2021_5_12_zap_定制_logger.go:87	test logger ...
2021-05-12T23:34:29.846+0800	INFO	gin_web/2021_5_12_zap_定制_logger.go:87	test logger ...
2021-05-12T23:34:29.846+0800	INFO	gin_web/2021_5_12_zap_定制_logger.go:87	test logger ...
2021-05-12T23:34:29.846+0800	INFO	gin_web/2021_5_12_zap_定制_logger.go:87	test logger ...
2021-05-12T23:34:29.846+0800	INFO	gin_web/2021_5_12_zap_定制_logger.go:87	test logger ...
2021-05-12T23:34:29.846+0800	INFO	gin_web/2021_5_12_zap_定制_logger.go:87	test logger ...
2021-05-12T23:34:29.846+0800	INFO	gin_web/2021_5_12_zap_定制_logger.go:87	test logger ...
2021-05-12T23:34:29.846+0800	INFO	gin_web/2021_5_12_zap_定制_logger.go:87	test logger ...
2021-05-12T23:34:29.846+0800	INFO	gin_web/2021_5_12_zap_定制_logger.go:87	test logger ...
2021-05-12T23:34:29.846+0800	INFO	gin_web/2021_5_12_zap_定制_logger.go:87	test logger ...
2021-05-12T23:34:29.846+0800	INFO	gin_web/2021_5_12_zap_定制_logger.go:87	test logger ...
2021-05-12T23:34:29.846+0800	INFO	gin_web/2021_5_12_zap_定制_logger.go:87	test logger ...
2021-05-12T23:34:29.846+0800	INFO	gin_web/2021_5_12_zap_定制_logger.go:87	test logger ...
2021-05-12T23:34:29.846+0800	INFO	gin_web/2021_5_12_zap_定制_logger.go:87	test logger ...
2021-05-12T23:34:29.846+0800	INFO	gin_web/2021_5_12_zap_定制_logger.go:87	test logger ...
2021-05-12T23:34:29.846+0800	INFO	gin_web/2021_5_12_zap_定制_logger.go:87	test logger ...
2021-05-12T23:34:29.846+0800	INFO	gin_web/2021_5_12_zap_定制_logger.go:87	test logger ...
2021-05-12T23:34:29.846+0800	INFO	gin_web/2021_5_12_zap_定制_logger.go:87	test logger ...
2021-05-12T23:34:29.846+0800	INFO	gin_web/2021_5_12_zap_定制_logger.go:87	test logger ...
2021-05-12T23:34:29.846+0800	INFO	gin_web/2021_5_12_zap_定制_logger.go:87	test logger ...
2021-05-12T23:34:29.846+0800	INFO	gin_web/2021_5_12_zap_定制_logger.go:87	test logger ...
2021-05-12T23:34:29.846+0800	INFO	gin_web/2021_5_12_zap_定制_logger.go:87	test logger ...
2021-05-12T23:34:29.846+0800	INFO	gin_web/2021_5_12_zap_定制_logger.go:87	test logger ...
2021-05-12T23:34:29.846+0800	INFO	gin_web/2021_5_12_zap_定制_logger.go:87	test logger ...
2021-05-12T23:34:29.846+0800	INFO	gin_web/2021_5_12_zap_定制_logger.go:87	test logger ...
2021-05-12T23:34:29.846+0800	INFO	gin_web/2021_5_12_zap_定制_logger.go:87	test logger ...
2021-05-12T23:34:29.846+0800	INFO	gin_web/2021_5_12_zap_定制_logger.go:87	test logger ...
2021-05-12T23:34:29.846+0800	INFO	gin_web/2021_5_12_zap_定制_logger.go:87	test logger ...
2021-05-12T23:34:29.846+0800	INFO	gin_web/2021_5_12_zap_定制_logger.go:87	test logger ...
2021-05-12T23:34:29.846+0800	INFO	gin_web/2021_5_12_zap_定制_logger.go:87	test logger ...
2021-05-12T23:34:29.846+0800	INFO	gin_web/2021_5_12_zap_定制_logger.go:87	test logger ...
2021-05-12T23:34:29.847+0800	INFO	gin_web/2021_5_12_zap_定制_logger.go:87	test logger ...
2021-05-12T23:34:29.847+0800	INFO	gin_web/2021_5_12_zap_定制_logger.go:87	test logger ...
2021-05-12T23:34:29.847+0800	INFO	gin_web/2021_5_12_zap_定制_logger.go:87	test logger ...
2021-05-12T23:34:29.847+0800	INFO	gin_web/2021_5_12_zap_定制_logger.go:87	test logger ...
2021-05-12T23:34:29.847+0800	INFO	gin_web/2021_5_12_zap_定制_logger.go:87	test logger ...
2021-05-12T23:34:29.847+0800	INFO	gin_web/2021_5_12_zap_定制_logger.go:87	test logger ...
2021-05-12T23:34:29.847+0800	INFO	gin_web/2021_5_12_zap_定制_logger.go:87	test logger ...
2021-05-12T23:34:29.847+0800	INFO	gin_web/2021_5_12_zap_定制_logger.go:87	test logger ...
2021-05-12T23:34:29.847+0800	INFO	gin_web/2021_5_12_zap_定制_logger.go:87	test logger ...
2021-05-12T23:34:29.847+0800	INFO	gin_web/2021_5_12_zap_定制_logger.go:87	test logger ...
2021-05-12T23:34:29.847+0800	INFO	gin_web/2021_5_12_zap_定制_logger.go:87	test logger ...
2021-05-12T23:34:29.847+0800	INFO	gin_web/2021_5_12_zap_定制_logger.go:87	test logger ...
2021-05-12T23:34:29.847+0800	INFO	gin_web/2021_5_12_zap_定制_logger.go:87	test logger ...
2021-05-12T23:34:29.847+0800	INFO	gin_web/2021_5_12_zap_定制_logger.go:87	test logger ...
2021-05-12T23:34:29.847+0800	INFO	gin_web/2021_5_12_zap_定制_logger.go:87	test logger ...
2021-05-12T23:34:29.847+0800	INFO	gin_web/2021_5_12_zap_定制_logger.go:87	test logger ...
2021-05-12T23:34:29.847+0800	INFO	gin_web/2021_5_12_zap_定制_logger.go:87	test logger ...
2021-05-12T23:34:29.847+0800	INFO	gin_web/2021_5_12_zap_定制_logger.go:87	test logger ...
2021-05-12T23:34:29.847+0800	INFO	gin_web/2021_5_12_zap_定制_logger.go:87	test logger ...
2021-05-12T23:34:29.847+0800	INFO	gin_web/2021_5_12_zap_定制_logger.go:87	test logger ...
2021-05-12T23:34:29.847+0800	INFO	gin_web/2021_5_12_zap_定制_logger.go:87	test logger ...
2021-05-12T23:34:29.847+0800	INFO	gin_web/2021_5_12_zap_定制_logger.go:87	test logger ...
2021-05-12T23:34:29.847+0800	INFO	gin_web/2021_5_12_zap_定制_logger.go:87	test logger ...
2021-05-12T23:34:29.847+0800	INFO	gin_web/2021_5_12_zap_定制_logger.go:87	test logger ...
2021-05-12T23:34:29.847+0800	INFO	gin_web/2021_5_12_zap_定制_logger.go:87	test logger ...
2021-05-12T23:34:29.847+0800	INFO	gin_web/2021_5_12_zap_定制_logger.go:87	test logger ...
2021-05-12T23:34:29.847+0800	INFO	gin_web/2021_5_12_zap_定制_logger.go:87	test logger ...
2021-05-12T23:34:29.847+0800	INFO	gin_web/2021_5_12_zap_定制_logger.go:87	test logger ...
2021-05-12T23:34:29.847+0800	INFO	gin_web/2021_5_12_zap_定制_logger.go:87	test logger ...
2021-05-12T23:34:29.847+0800	INFO	gin_web/2021_5_12_zap_定制_logger.go:87	test logger ...
2021-05-12T23:34:29.847+0800	INFO	gin_web/2021_5_12_zap_定制_logger.go:87	test logger ...
2021-05-12T23:34:29.847+0800	INFO	gin_web/2021_5_12_zap_定制_logger.go:87	test logger ...
2021-05-12T23:34:29.847+0800	INFO	gin_web/2021_5_12_zap_定制_logger.go:87	test logger ...
2021-05-12T23:34:29.847+0800	INFO	gin_web/2021_5_12_zap_定制_logger.go:87	test logger ...
2021-05-12T23:34:29.847+0800	INFO	gin_web/2021_5_12_zap_定制_logger.go:87	test logger ...
2021-05-12T23:34:29.847+0800	INFO	gin_web/2021_5_12_zap_定制_logger.go:87	test logger ...
2021-05-12T23:34:29.847+0800	INFO	gin_web/2021_5_12_zap_定制_logger.go:87	test logger ...
2021-05-12T23:34:29.847+0800	INFO	gin_web/2021_5_12_zap_定制_logger.go:87	test logger ...
2021-05-12T23:34:29.847+0800	INFO	gin_web/2021_5_12_zap_定制_logger.go:87	test logger ...
2021-05-12T23:34:29.847+0800	INFO	gin_web/2021_5_12_zap_定制_logger.go:87	test logger ...
2021-05-12T23:34:29.847+0800	INFO	gin_web/2021_5_12_zap_定制_logger.go:87	test logger ...
2021-05-12T23:34:29.847+0800	INFO	gin_web/2021_5_12_zap_定制_logger.go:87	test logger ...
2021-05-12T23:34:29.847+0800	INFO	gin_web/2021_5_12_zap_定制_logger.go:87	test logger ...
2021-05-12T23:34:29.847+0800	INFO	gin_web/2021_5_12_zap_定制_logger.go:87	test logger ...
2021-05-12T23:34:29.847+0800	INFO	gin_web/2021_5_12_zap_定制_logger.go:87	test logger ...
2021-05-12T23:34:29.847+0800	INFO	gin_web/2021_5_12_zap_定制_logger.go:87	test logger ...
2021-05-12T23:34:29.847+0800	INFO	gin_web/2021_5_12_zap_定制_logger.go:87	test logger ...
2021-05-12T23:34:29.847+0800	INFO	gin_web/2021_5_12_zap_定制_logger.go:87	test logger ...
2021-05-12T23:34:29.847+0800	INFO	gin_web/2021_5_12_zap_定制_logger.go:87	test logger ...
2021-05-12T23:34:29.847+0800	INFO	gin_web/2021_5_12_zap_定制_logger.go:87	test logger ...
2021-05-12T23:34:29.847+0800	INFO	gin_web/2021_5_12_zap_定制_logger.go:87	test logger ...
2021-05-12T23:34:29.847+0800	INFO	gin_web/2021_5_12_zap_定制_logger.go:87	test logger ...
2021-05-12T23:34:29.847+0800	INFO	gin_web/2021_5_12_zap_定制_logger.go:87	test logger ...
2021-05-12T23:34:29.847+0800	INFO	gin_web/2021_5_12_zap_定制_logger.go:87	test logger ...
2021-05-12T23:34:29.847+0800	INFO	gin_web/2021_5_12_zap_定制_logger.go:87	test logger ...
2021-05-12T23:34:29.847+0800	INFO	gin_web/2021_5_12_zap_定制_logger.go:87	test logger ...
2021-05-12T23:34:29.848+0800	INFO	gin_web/2021_5_12_zap_定制_logger.go:87	test logger ...
2021-05-12T23:34:29.848+0800	INFO	gin_web/2021_5_12_zap_定制_logger.go:87	test logger ...
2021-05-12T23:34:29.848+0800	INFO	gin_web/2021_5_12_zap_定制_logger.go:87	test logger ...
2021-05-12T23:34:29.848+0800	INFO	gin_web/2021_5_12_zap_定制_logger.go:87	test logger ...
2021-05-12T23:34:29.848+0800	INFO	gin_web/2021_5_12_zap_定制_logger.go:87	test logger ...
2021-05-12T23:34:29.848+0800	INFO	gin_web/2021_5_12_zap_定制_logger.go:87	test logger ...
2021-05-12T23:34:29.848+0800	INFO	gin_web/2021_5_12_zap_定制_logger.go:87	test logger ...
2021-05-12T23:34:29.848+0800	INFO	gin_web/2021_5_12_zap_定制_logger.go:87	test logger ...
2021-05-12T23:34:29.848+0800	INFO	gin_web/2021_5_12_zap_定制_logger.go:87	test logger ...
2021-05-12T23:34:29.848+0800	INFO	gin_web/2021_5_12_zap_定制_logger.go:87	test logger ...
2021-05-12T23:34:29.848+0800	INFO	gin_web/2021_5_12_zap_定制_logger.go:87	test logger ...
2021-05-12T23:34:29.848+0800	INFO	gin_web/2021_5_12_zap_定制_logger.go:87	test logger ...
2021-05-12T23:34:29.848+0800	INFO	gin_web/2021_5_12_zap_定制_logger.go:87	test logger ...
2021-05-12T23:34:29.848+0800	INFO	gin_web/2021_5_12_zap_定制_logger.go:87	test logger ...
2021-05-12T23:34:29.848+0800	INFO	gin_web/2021_5_12_zap_定制_logger.go:87	test logger ...
2021-05-12T23:34:29.848+0800	INFO	gin_web/2021_5_12_zap_定制_logger.go:87	test logger ...
2021-05-12T23:34:29.848+0800	INFO	gin_web/2021_5_12_zap_定制_logger.go:87	test logger ...
2021-05-12T23:34:29.848+0800	INFO	gin_web/2021_5_12_zap_定制_logger.go:87	test logger ...
2021-05-12T23:34:29.848+0800	INFO	gin_web/2021_5_12_zap_定制_logger.go:87	test logger ...
2021-05-12T23:34:29.848+0800	INFO	gin_web/2021_5_12_zap_定制_logger.go:87	test logger ...
2021-05-12T23:34:29.848+0800	INFO	gin_web/2021_5_12_zap_定制_logger.go:87	test logger ...
2021-05-12T23:34:29.848+0800	INFO	gin_web/2021_5_12_zap_定制_logger.go:87	test logger ...
2021-05-12T23:34:29.848+0800	INFO	gin_web/2021_5_12_zap_定制_logger.go:87	test logger ...
2021-05-12T23:34:29.848+0800	INFO	gin_web/2021_5_12_zap_定制_logger.go:87	test logger ...
2021-05-12T23:34:29.848+0800	INFO	gin_web/2021_5_12_zap_定制_logger.go:87	test logger ...
2021-05-12T23:34:29.848+0800	INFO	gin_web/2021_5_12_zap_定制_logger.go:87	test logger ...
2021-05-12T23:34:29.848+0800	INFO	gin_web/2021_5_12_zap_定制_logger.go:87	test logger ...
2021-05-12T23:34:29.848+0800	INFO	gin_web/2021_5_12_zap_定制_logger.go:87	test logger ...
2021-05-12T23:34:29.848+0800	INFO	gin_web/2021_5_12_zap_定制_logger.go:87	test logger ...
2021-05-12T23:34:29.848+0800	INFO	gin_web/2021_5_12_zap_定制_logger.go:87	test logger ...
2021-05-12T23:34:29.848+0800	INFO	gin_web/2021_5_12_zap_定制_logger.go:87	test logger ...
2021-05-12T23:34:29.848+0800	INFO	gin_web/2021_5_12_zap_定制_logger.go:87	test logger ...
2021-05-12T23:34:29.848+0800	INFO	gin_web/2021_5_12_zap_定制_logger.go:87	test logger ...
2021-05-12T23:34:29.848+0800	INFO	gin_web/2021_5_12_zap_定制_logger.go:87	test logger ...
2021-05-12T23:34:29.848+0800	INFO	gin_web/2021_5_12_zap_定制_logger.go:87	test logger ...
2021-05-12T23:34:29.848+0800	INFO	gin_web/2021_5_12_zap_定制_logger.go:87	test logger ...
2021-05-12T23:34:29.848+0800	INFO	gin_web/2021_5_12_zap_定制_logger.go:87	test logger ...
2021-05-12T23:34:29.848+0800	INFO	gin_web/2021_5_12_zap_定制_logger.go:87	test logger ...
2021-05-12T23:34:29.848+0800	INFO	gin_web/2021_5_12_zap_定制_logger.go:87	test logger ...
2021-05-12T23:34:29.848+0800	INFO	gin_web/2021_5_12_zap_定制_logger.go:87	test logger ...
2021-05-12T23:34:29.848+0800	INFO	gin_web/2021_5_12_zap_定制_logger.go:87	test logger ...
2021-05-12T23:34:29.848+0800	INFO	gin_web/2021_5_12_zap_定制_logger.go:87	test logger ...
2021-05-12T23:34:29.848+0800	INFO	gin_web/2021_5_12_zap_定制_logger.go:87	test logger ...
2021-05-12T23:34:29.848+0800	INFO	gin_web/2021_5_12_zap_定制_logger.go:87	test logger ...
2021-05-12T23:34:29.848+0800	INFO	gin_web/2021_5_12_zap_定制_logger.go:87	test logger ...
2021-05-12T23:34:29.848+0800	INFO	gin_web/2021_5_12_zap_定制_logger.go:87	test logger ...
2021-05-12T23:34:29.848+0800	INFO	gin_web/2021_5_12_zap_定制_logger.go:87	test logger ...
2021-05-12T23:34:29.848+0800	INFO	gin_web/2021_5_12_zap_定制_logger.go:87	test logger ...
2021-05-12T23:34:29.848+0800	INFO	gin_web/2021_5_12_zap_定制_logger.go:87	test logger ...
2021-05-12T23:34:29.848+0800	INFO	gin_web/2021_5_12_zap_定制_logger.go:87	test logger ...
2021-05-12T23:34:29.848+0800	INFO	gin_web/2021_5_12_zap_定制_logger.go:87	test logger ...
2021-05-12T23:34:29.848+0800	INFO	gin_web/2021_5_12_zap_定制_logger.go:87	test logger ...
2021-05-12T23:34:29.848+0800	INFO	gin_web/2021_5_12_zap_定制_logger.go:87	test logger ...
2021-05-12T23:34:29.848+0800	INFO	gin_web/2021_5_12_zap_定制_logger.go:87	test logger ...
2021-05-12T23:34:29.848+0800	INFO	gin_web/2021_5_12_zap_定制_logger.go:87	test logger ...
2021-05-12T23:34:29.848+0800	INFO	gin_web/2021_5_12_zap_定制_logger.go:87	test logger ...
2021-05-12T23:34:29.848+0800	INFO	gin_web/2021_5_12_zap_定制_logger.go:87	test logger ...
2021-05-12T23:34:29.848+0800	INFO	gin_web/2021_5_12_zap_定制_logger.go:87	test logger ...
2021-05-12T23:34:29.848+0800	INFO	gin_web/2021_5_12_zap_定制_logger.go:87	test logger ...
2021-05-12T23:34:29.848+0800	INFO	gin_web/2021_5_12_zap_定制_logger.go:87	test logger ...
2021-05-12T23:34:29.848+0800	INFO	gin_web/2021_5_12_zap_定制_logger.go:87	test logger ...
2021-05-12T23:34:29.848+0800	INFO	gin_web/2021_5_12_zap_定制_logger.go:87	test logger ...
2021-05-12T23:34:29.848+0800	INFO	gin_web/2021_5_12_zap_定制_logger.go:87	test logger ...
2021-05-12T23:34:29.848+0800	INFO	gin_web/2021_5_12_zap_定制_logger.go:87	test logger ...
2021-05-12T23:34:29.848+0800	INFO	gin_web/2021_5_12_zap_定制_logger.go:87	test logger ...
2021-05-12T23:34:29.848+0800	INFO	gin_web/2021_5_12_zap_定制_logger.go:87	test logger ...
2021-05-12T23:34:29.848+0800	INFO	gin_web/2021_5_12_zap_定制_logger.go:87	test logger ...
2021-05-12T23:34:29.848+0800	INFO	gin_web/2021_5_12_zap_定制_logger.go:87	test logger ...
2021-05-12T23:34:29.848+0800	INFO	gin_web/2021_5_12_zap_定制_logger.go:87	test logger ...
2021-05-12T23:34:29.848+0800	INFO	gin_web/2021_5_12_zap_定制_logger.go:87	test logger ...
2021-05-12T23:34:29.848+0800	INFO	gin_web/2021_5_12_zap_定制_logger.go:87	test logger ...
2021-05-12T23:34:29.848+0800	INFO	gin_web/2021_5_12_zap_定制_logger.go:87	test logger ...
2021-05-12T23:34:29.848+0800	INFO	gin_web/2021_5_12_zap_定制_logger.go:87	test logger ...
2021-05-12T23:34:29.848+0800	INFO	gin_web/2021_5_12_zap_定制_logger.go:87	test logger ...
2021-05-12T23:34:29.848+0800	INFO	gin_web/2021_5_12_zap_定制_logger.go:87	test logger ...
2021-05-12T23:34:29.848+0800	INFO	gin_web/2021_5_12_zap_定制_logger.go:87	test logger ...
2021-05-12T23:34:29.848+0800	INFO	gin_web/2021_5_12_zap_定制_logger.go:87	test logger ...
2021-05-12T23:34:29.848+0800	INFO	gin_web/2021_5_12_zap_定制_logger.go:87	test logger ...
2021-05-12T23:34:29.848+0800	INFO	gin_web/2021_5_12_zap_定制_logger.go:87	test logger ...
2021-05-12T23:34:29.848+0800	INFO	gin_web/2021_5_12_zap_定制_logger.go:87	test logger ...
2021-05-12T23:34:29.848+0800	INFO	gin_web/2021_5_12_zap_定制_logger.go:87	test logger ...
2021-05-12T23:34:29.848+0800	INFO	gin_web/2021_5_12_zap_定制_logger.go:87	test logger ...
2021-05-12T23:34:29.848+0800	INFO	gin_web/2021_5_12_zap_定制_logger.go:87	test logger ...
2021-05-12T23:34:29.848+0800	INFO	gin_web/2021_5_12_zap_定制_logger.go:87	test logger ...
2021-05-12T23:34:29.848+0800	INFO	gin_web/2021_5_12_zap_定制_logger.go:87	test logger ...
2021-05-12T23:34:29.848+0800	INFO	gin_web/2021_5_12_zap_定制_logger.go:87	test logger ...
2021-05-12T23:34:29.848+0800	INFO	gin_web/2021_5_12_zap_定制_logger.go:87	test logger ...
2021-05-12T23:34:29.848+0800	INFO	gin_web/2021_5_12_zap_定制_logger.go:87	test logger ...
2021-05-12T23:34:29.848+0800	INFO	gin_web/2021_5_12_zap_定制_logger.go:87	test logger ...
2021-05-12T23:34:29.848+0800	INFO	gin_web/2021_5_12_zap_定制_logger.go:87	test logger ...
2021-05-12T23:34:29.848+0800	INFO	gin_web/2021_5_12_zap_定制_logger.go:87	test logger ...
2021-05-12T23:34:29.848+0800	INFO	gin_web/2021_5_12_zap_定制_logger.go:87	test logger ...
2021-05-12T23:34:29.848+0800	INFO	gin_web/2021_5_12_zap_定制_logger.go:87	test logger ...
2021-05-12T23:34:29.848+0800	INFO	gin_web/2021_5_12_zap_定制_logger.go:87	test logger ...
2021-05-12T23:34:29.848+0800	INFO	gin_web/2021_5_12_zap_定制_logger.go:87	test logger ...
2021-05-12T23:34:29.848+0800	INFO	gin_web/2021_5_12_zap_定制_logger.go:87	test logger ...
2021-05-12T23:34:29.848+0800	INFO	gin_web/2021_5_12_zap_定制_logger.go:87	test logger ...
2021-05-12T23:34:29.848+0800	INFO	gin_web/2021_5_12_zap_定制_logger.go:87	test logger ...
2021-05-12T23:34:29.848+0800	INFO	gin_web/2021_5_12_zap_定制_logger.go:87	test logger ...
2021-05-12T23:34:29.848+0800	INFO	gin_web/2021_5_12_zap_定制_logger.go:87	test logger ...
2021-05-12T23:34:29.848+0800	INFO	gin_web/2021_5_12_zap_定制_logger.go:87	test logger ...
2021-05-12T23:34:29.848+0800	INFO	gin_web/2021_5_12_zap_定制_logger.go:87	test logger ...
2021-05-12T23:34:29.848+0800	INFO	gin_web/2021_5_12_zap_定制_logger.go:87	test logger ...
2021-05-12T23:34:29.849+0800	INFO	gin_web/2021_5_12_zap_定制_logger.go:87	test logger ...
2021-05-12T23:34:29.849+0800	INFO	gin_web/2021_5_12_zap_定制_logger.go:87	test logger ...
2021-05-12T23:34:29.849+0800	INFO	gin_web/2021_5_12_zap_定制_logger.go:87	test logger ...
2021-05-12T23:34:29.849+0800	INFO	gin_web/2021_5_12_zap_定制_logger.go:87	test logger ...
2021-05-12T23:34:29.849+0800	INFO	gin_web/2021_5_12_zap_定制_logger.go:87	test logger ...
2021-05-12T23:34:29.849+0800	INFO	gin_web/2021_5_12_zap_定制_logger.go:87	test logger ...
2021-05-12T23:34:29.849+0800	INFO	gin_web/2021_5_12_zap_定制_logger.go:87	test logger ...
2021-05-12T23:34:29.849+0800	INFO	gin_web/2021_5_12_zap_定制_logger.go:87	test logger ...
2021-05-12T23:34:29.849+0800	INFO	gin_web/2021_5_12_zap_定制_logger.go:87	test logger ...
2021-05-12T23:34:29.849+0800	INFO	gin_web/2021_5_12_zap_定制_logger.go:87	test logger ...
2021-05-12T23:34:29.849+0800	INFO	gin_web/2021_5_12_zap_定制_logger.go:87	test logger ...
2021-05-12T23:34:29.849+0800	INFO	gin_web/2021_5_12_zap_定制_logger.go:87	test logger ...
2021-05-12T23:34:29.849+0800	INFO	gin_web/2021_5_12_zap_定制_logger.go:87	test logger ...
2021-05-12T23:34:29.849+0800	INFO	gin_web/2021_5_12_zap_定制_logger.go:87	test logger ...
2021-05-12T23:34:29.849+0800	INFO	gin_web/2021_5_12_zap_定制_logger.go:87	test logger ...
2021-05-12T23:34:29.849+0800	INFO	gin_web/2021_5_12_zap_定制_logger.go:87	test logger ...
2021-05-12T23:34:29.849+0800	INFO	gin_web/2021_5_12_zap_定制_logger.go:87	test logger ...
2021-05-12T23:34:29.849+0800	INFO	gin_web/2021_5_12_zap_定制_logger.go:87	test logger ...
2021-05-12T23:34:29.849+0800	INFO	gin_web/2021_5_12_zap_定制_logger.go:87	test logger ...
2021-05-12T23:34:29.849+0800	INFO	gin_web/2021_5_12_zap_定制_logger.go:87	test logger ...
2021-05-12T23:34:29.849+0800	INFO	gin_web/2021_5_12_zap_定制_logger.go:87	test logger ...
2021-05-12T23:34:29.849+0800	INFO	gin_web/2021_5_12_zap_定制_logger.go:87	test logger ...
2021-05-12T23:34:29.849+0800	INFO	gin_web/2021_5_12_zap_定制_logger.go:87	test logger ...
2021-05-12T23:34:29.849+0800	INFO	gin_web/2021_5_12_zap_定制_logger.go:87	test logger ...
2021-05-12T23:34:29.849+0800	INFO	gin_web/2021_5_12_zap_定制_logger.go:87	test logger ...
2021-05-12T23:34:29.849+0800	INFO	gin_web/2021_5_12_zap_定制_logger.go:87	test logger ...
2021-05-12T23:34:29.849+0800	INFO	gin_web/2021_5_12_zap_定制_logger.go:87	test logger ...
2021-05-12T23:34:29.849+0800	INFO	gin_web/2021_5_12_zap_定制_logger.go:87	test logger ...
2021-05-12T23:34:29.849+0800	INFO	gin_web/2021_5_12_zap_定制_logger.go:87	test logger ...
2021-05-12T23:34:29.849+0800	INFO	gin_web/2021_5_12_zap_定制_logger.go:87	test logger ...
2021-05-12T23:34:29.849+0800	INFO	gin_web/2021_5_12_zap_定制_logger.go:87	test logger ...
2021-05-12T23:34:29.849+0800	INFO	gin_web/2021_5_12_zap_定制_logger.go:87	test logger ...
2021-05-12T23:34:29.849+0800	INFO	gin_web/2021_5_12_zap_定制_logger.go:87	test logger ...
2021-05-12T23:34:29.849+0800	INFO	gin_web/2021_5_12_zap_定制_logger.go:87	test logger ...
2021-05-12T23:34:29.849+0800	INFO	gin_web/2021_5_12_zap_定制_logger.go:87	test logger ...
2021-05-12T23:34:29.849+0800	INFO	gin_web/2021_5_12_zap_定制_logger.go:87	test logger ...
2021-05-12T23:34:29.849+0800	INFO	gin_web/2021_5_12_zap_定制_logger.go:87	test logger ...
2021-05-12T23:34:29.849+0800	INFO	gin_web/2021_5_12_zap_定制_logger.go:87	test logger ...
2021-05-12T23:34:29.849+0800	INFO	gin_web/2021_5_12_zap_定制_logger.go:87	test logger ...
2021-05-12T23:34:29.849+0800	INFO	gin_web/2021_5_12_zap_定制_logger.go:87	test logger ...
2021-05-12T23:34:29.849+0800	INFO	gin_web/2021_5_12_zap_定制_logger.go:87	test logger ...
2021-05-12T23:34:29.849+0800	INFO	gin_web/2021_5_12_zap_定制_logger.go:87	test logger ...
2021-05-12T23:34:29.849+0800	INFO	gin_web/2021_5_12_zap_定制_logger.go:87	test logger ...
2021-05-12T23:34:29.849+0800	INFO	gin_web/2021_5_12_zap_定制_logger.go:87	test logger ...
2021-05-12T23:34:29.849+0800	INFO	gin_web/2021_5_12_zap_定制_logger.go:87	test logger ...
2021-05-12T23:34:29.849+0800	INFO	gin_web/2021_5_12_zap_定制_logger.go:87	test logger ...
2021-05-12T23:34:29.849+0800	INFO	gin_web/2021_5_12_zap_定制_logger.go:87	test logger ...
2021-05-12T23:34:29.849+0800	INFO	gin_web/2021_5_12_zap_定制_logger.go:87	test logger ...
2021-05-12T23:34:29.849+0800	INFO	gin_web/2021_5_12_zap_定制_logger.go:87	test logger ...
2021-05-12T23:34:29.849+0800	INFO	gin_web/2021_5_12_zap_定制_logger.go:87	test logger ...
2021-05-12T23:34:29.849+0800	INFO	gin_web/2021_5_12_zap_定制_logger.go:87	test logger ...
2021-05-12T23:34:29.849+0800	INFO	gin_web/2021_5_12_zap_定制_logger.go:87	test logger ...
2021-05-12T23:34:29.849+0800	INFO	gin_web/2021_5_12_zap_定制_logger.go:87	test logger ...
2021-05-12T23:34:29.849+0800	INFO	gin_web/2021_5_12_zap_定制_logger.go:87	test logger ...
2021-05-12T23:34:29.849+0800	INFO	gin_web/2021_5_12_zap_定制_logger.go:87	test logger ...
2021-05-12T23:34:29.849+0800	INFO	gin_web/2021_5_12_zap_定制_logger.go:87	test logger ...
2021-05-12T23:34:29.849+0800	INFO	gin_web/2021_5_12_zap_定制_logger.go:87	test logger ...
2021-05-12T23:34:29.849+0800	INFO	gin_web/2021_5_12_zap_定制_logger.go:87	test logger ...
2021-05-12T23:34:29.849+0800	INFO	gin_web/2021_5_12_zap_定制_logger.go:87	test logger ...
2021-05-12T23:34:29.849+0800	INFO	gin_web/2021_5_12_zap_定制_logger.go:87	test logger ...
2021-05-12T23:34:29.849+0800	INFO	gin_web/2021_5_12_zap_定制_logger.go:87	test logger ...
2021-05-12T23:34:29.849+0800	INFO	gin_web/2021_5_12_zap_定制_logger.go:87	test logger ...
2021-05-12T23:34:29.849+0800	INFO	gin_web/2021_5_12_zap_定制_logger.go:87	test logger ...
2021-05-12T23:34:29.849+0800	INFO	gin_web/2021_5_12_zap_定制_logger.go:87	test logger ...
2021-05-12T23:34:29.849+0800	INFO	gin_web/2021_5_12_zap_定制_logger.go:87	test logger ...
2021-05-12T23:34:29.849+0800	INFO	gin_web/2021_5_12_zap_定制_logger.go:87	test logger ...
2021-05-12T23:34:29.849+0800	INFO	gin_web/2021_5_12_zap_定制_logger.go:87	test logger ...
2021-05-12T23:34:29.849+0800	INFO	gin_web/2021_5_12_zap_定制_logger.go:87	test logger ...
2021-05-12T23:34:29.849+0800	INFO	gin_web/2021_5_12_zap_定制_logger.go:87	test logger ...
2021-05-12T23:34:29.849+0800	INFO	gin_web/2021_5_12_zap_定制_logger.go:87	test logger ...
2021-05-12T23:34:29.849+0800	INFO	gin_web/2021_5_12_zap_定制_logger.go:87	test logger ...
2021-05-12T23:34:29.849+0800	INFO	gin_web/2021_5_12_zap_定制_logger.go:87	test logger ...
2021-05-12T23:34:29.849+0800	INFO	gin_web/2021_5_12_zap_定制_logger.go:87	test logger ...
2021-05-12T23:34:29.849+0800	INFO	gin_web/2021_5_12_zap_定制_logger.go:87	test logger ...
2021-05-12T23:34:29.849+0800	INFO	gin_web/2021_5_12_zap_定制_logger.go:87	test logger ...
2021-05-12T23:34:29.849+0800	INFO	gin_web/2021_5_12_zap_定制_logger.go:87	test logger ...
2021-05-12T23:34:29.849+0800	INFO	gin_web/2021_5_12_zap_定制_logger.go:87	test logger ...
2021-05-12T23:34:29.849+0800	INFO	gin_web/2021_5_12_zap_定制_logger.go:87	test logger ...
2021-05-12T23:34:29.849+0800	INFO	gin_web/2021_5_12_zap_定制_logger.go:87	test logger ...
2021-05-12T23:34:29.849+0800	INFO	gin_web/2021_5_12_zap_定制_logger.go:87	test logger ...
2021-05-12T23:34:29.849+0800	INFO	gin_web/2021_5_12_zap_定制_logger.go:87	test logger ...
2021-05-12T23:34:29.849+0800	INFO	gin_web/2021_5_12_zap_定制_logger.go:87	test logger ...
2021-05-12T23:34:29.849+0800	INFO	gin_web/2021_5_12_zap_定制_logger.go:87	test logger ...
2021-05-12T23:34:29.849+0800	INFO	gin_web/2021_5_12_zap_定制_logger.go:87	test logger ...
2021-05-12T23:34:29.849+0800	INFO	gin_web/2021_5_12_zap_定制_logger.go:87	test logger ...
2021-05-12T23:34:29.849+0800	INFO	gin_web/2021_5_12_zap_定制_logger.go:87	test logger ...
2021-05-12T23:34:29.849+0800	INFO	gin_web/2021_5_12_zap_定制_logger.go:87	test logger ...
2021-05-12T23:34:29.849+0800	INFO	gin_web/2021_5_12_zap_定制_logger.go:87	test logger ...
2021-05-12T23:34:29.849+0800	INFO	gin_web/2021_5_12_zap_定制_logger.go:87	test logger ...
2021-05-12T23:34:29.849+0800	INFO	gin_web/2021_5_12_zap_定制_logger.go:87	test logger ...
2021-05-12T23:34:29.849+0800	INFO	gin_web/2021_5_12_zap_定制_logger.go:87	test logger ...
2021-05-12T23:34:29.849+0800	INFO	gin_web/2021_5_12_zap_定制_logger.go:87	test logger ...
2021-05-12T23:34:29.849+0800	INFO	gin_web/2021_5_12_zap_定制_logger.go:87	test logger ...
2021-05-12T23:34:29.849+0800	INFO	gin_web/2021_5_12_zap_定制_logger.go:87	test logger ...
2021-05-12T23:34:29.849+0800	INFO	gin_web/2021_5_12_zap_定制_logger.go:87	test logger ...
2021-05-12T23:34:29.849+0800	INFO	gin_web/2021_5_12_zap_定制_logger.go:87	test logger ...
2021-05-12T23:34:29.849+0800	INFO	gin_web/2021_5_12_zap_定制_logger.go:87	test logger ...
2021-05-12T23:34:29.849+0800	INFO	gin_web/2021_5_12_zap_定制_logger.go:87	test logger ...
2021-05-12T23:34:29.849+0800	INFO	gin_web/2021_5_12_zap_定制_logger.go:87	test logger ...
2021-05-12T23:34:29.849+0800	INFO	gin_web/2021_5_12_zap_定制_logger.go:87	test logger ...
2021-05-12T23:34:29.849+0800	INFO	gin_web/2021_5_12_zap_定制_logger.go:87	test logger ...
2021-05-12T23:34:29.849+0800	INFO	gin_web/2021_5_12_zap_定制_logger.go:87	test logger ...
2021-05-12T23:34:29.850+0800	INFO	gin_web/2021_5_12_zap_定制_logger.go:87	test logger ...
2021-05-12T23:34:29.850+0800	INFO	gin_web/2021_5_12_zap_定制_logger.go:87	test logger ...
2021-05-12T23:34:29.850+0800	INFO	gin_web/2021_5_12_zap_定制_logger.go:87	test logger ...
2021-05-12T23:34:29.850+0800	INFO	gin_web/2021_5_12_zap_定制_logger.go:87	test logger ...
2021-05-12T23:34:29.850+0800	INFO	gin_web/2021_5_12_zap_定制_logger.go:87	test logger ...
2021-05-12T23:34:29.850+0800	INFO	gin_web/2021_5_12_zap_定制_logger.go:87	test logger ...
2021-05-12T23:34:29.850+0800	INFO	gin_web/2021_5_12_zap_定制_logger.go:87	test logger ...
2021-05-12T23:34:29.850+0800	INFO	gin_web/2021_5_12_zap_定制_logger.go:87	test logger ...
2021-05-12T23:34:29.850+0800	INFO	gin_web/2021_5_12_zap_定制_logger.go:87	test logger ...
2021-05-12T23:34:29.850+0800	INFO	gin_web/2021_5_12_zap_定制_logger.go:87	test logger ...
2021-05-12T23:34:29.850+0800	INFO	gin_web/2021_5_12_zap_定制_logger.go:87	test logger ...
2021-05-12T23:34:29.850+0800	INFO	gin_web/2021_5_12_zap_定制_logger.go:87	test logger ...
2021-05-12T23:34:29.850+0800	INFO	gin_web/2021_5_12_zap_定制_logger.go:87	test logger ...
2021-05-12T23:34:29.850+0800	INFO	gin_web/2021_5_12_zap_定制_logger.go:87	test logger ...
2021-05-12T23:34:29.850+0800	INFO	gin_web/2021_5_12_zap_定制_logger.go:87	test logger ...
2021-05-12T23:34:29.850+0800	INFO	gin_web/2021_5_12_zap_定制_logger.go:87	test logger ...
2021-05-12T23:34:29.850+0800	INFO	gin_web/2021_5_12_zap_定制_logger.go:87	test logger ...
2021-05-12T23:34:29.850+0800	INFO	gin_web/2021_5_12_zap_定制_logger.go:87	test logger ...
2021-05-12T23:34:29.850+0800	INFO	gin_web/2021_5_12_zap_定制_logger.go:87	test logger ...
2021-05-12T23:34:29.850+0800	INFO	gin_web/2021_5_12_zap_定制_logger.go:87	test logger ...
2021-05-12T23:34:29.850+0800	INFO	gin_web/2021_5_12_zap_定制_logger.go:87	test logger ...
2021-05-12T23:34:29.850+0800	INFO	gin_web/2021_5_12_zap_定制_logger.go:87	test logger ...
2021-05-12T23:34:29.850+0800	INFO	gin_web/2021_5_12_zap_定制_logger.go:87	test logger ...
2021-05-12T23:34:29.850+0800	INFO	gin_web/2021_5_12_zap_定制_logger.go:87	test logger ...
2021-05-12T23:34:29.850+0800	INFO	gin_web/2021_5_12_zap_定制_logger.go:87	test logger ...
2021-05-12T23:34:29.850+0800	INFO	gin_web/2021_5_12_zap_定制_logger.go:87	test logger ...
2021-05-12T23:34:29.850+0800	INFO	gin_web/2021_5_12_zap_定制_logger.go:87	test logger ...
2021-05-12T23:34:29.850+0800	INFO	gin_web/2021_5_12_zap_定制_logger.go:87	test logger ...
2021-05-12T23:34:29.850+0800	INFO	gin_web/2021_5_12_zap_定制_logger.go:87	test logger ...
2021-05-12T23:34:29.850+0800	INFO	gin_web/2021_5_12_zap_定制_logger.go:87	test logger ...
2021-05-12T23:34:29.850+0800	INFO	gin_web/2021_5_12_zap_定制_logger.go:87	test logger ...
2021-05-12T23:34:29.850+0800	INFO	gin_web/2021_5_12_zap_定制_logger.go:87	test logger ...
2021-05-12T23:34:29.850+0800	INFO	gin_web/2021_5_12_zap_定制_logger.go:87	test logger ...
2021-05-12T23:34:29.850+0800	INFO	gin_web/2021_5_12_zap_定制_logger.go:87	test logger ...
2021-05-12T23:34:29.850+0800	INFO	gin_web/2021_5_12_zap_定制_logger.go:87	test logger ...
2021-05-12T23:34:29.850+0800	INFO	gin_web/2021_5_12_zap_定制_logger.go:87	test logger ...
2021-05-12T23:34:29.850+0800	INFO	gin_web/2021_5_12_zap_定制_logger.go:87	test logger ...
2021-05-12T23:34:29.850+0800	INFO	gin_web/2021_5_12_zap_定制_logger.go:87	test logger ...
2021-05-12T23:34:29.850+0800	INFO	gin_web/2021_5_12_zap_定制_logger.go:87	test logger ...
2021-05-12T23:34:29.850+0800	INFO	gin_web/2021_5_12_zap_定制_logger.go:87	test logger ...
2021-05-12T23:34:29.850+0800	INFO	gin_web/2021_5_12_zap_定制_logger.go:87	test logger ...
2021-05-12T23:34:29.850+0800	INFO	gin_web/2021_5_12_zap_定制_logger.go:87	test logger ...
2021-05-12T23:34:29.850+0800	INFO	gin_web/2021_5_12_zap_定制_logger.go:87	test logger ...
2021-05-12T23:34:29.850+0800	INFO	gin_web/2021_5_12_zap_定制_logger.go:87	test logger ...
2021-05-12T23:34:29.850+0800	INFO	gin_web/2021_5_12_zap_定制_logger.go:87	test logger ...
2021-05-12T23:34:29.850+0800	INFO	gin_web/2021_5_12_zap_定制_logger.go:87	test logger ...
2021-05-12T23:34:29.850+0800	INFO	gin_web/2021_5_12_zap_定制_logger.go:87	test logger ...
2021-05-12T23:34:29.850+0800	INFO	gin_web/2021_5_12_zap_定制_logger.go:87	test logger ...
2021-05-12T23:34:29.850+0800	INFO	gin_web/2021_5_12_zap_定制_logger.go:87	test logger ...
2021-05-12T23:34:29.850+0800	INFO	gin_web/2021_5_12_zap_定制_logger.go:87	test logger ...
2021-05-12T23:34:29.850+0800	INFO	gin_web/2021_5_12_zap_定制_logger.go:87	test logger ...
2021-05-12T23:34:29.850+0800	INFO	gin_web/2021_5_12_zap_定制_logger.go:87	test logger ...
2021-05-12T23:34:29.850+0800	INFO	gin_web/2021_5_12_zap_定制_logger.go:87	test logger ...
2021-05-12T23:34:29.850+0800	INFO	gin_web/2021_5_12_zap_定制_logger.go:87	test logger ...
2021-05-12T23:34:29.850+0800	INFO	gin_web/2021_5_12_zap_定制_logger.go:87	test logger ...
2021-05-12T23:34:29.850+0800	INFO	gin_web/2021_5_12_zap_定制_logger.go:87	test logger ...
2021-05-12T23:34:29.850+0800	INFO	gin_web/2021_5_12_zap_定制_logger.go:87	test logger ...
2021-05-12T23:34:29.850+0800	INFO	gin_web/2021_5_12_zap_定制_logger.go:87	test logger ...
2021-05-12T23:34:29.850+0800	INFO	gin_web/2021_5_12_zap_定制_logger.go:87	test logger ...
2021-05-12T23:34:29.850+0800	INFO	gin_web/2021_5_12_zap_定制_logger.go:87	test logger ...
2021-05-12T23:34:29.850+0800	INFO	gin_web/2021_5_12_zap_定制_logger.go:87	test logger ...
2021-05-12T23:34:29.850+0800	INFO	gin_web/2021_5_12_zap_定制_logger.go:87	test logger ...
2021-05-12T23:34:29.850+0800	INFO	gin_web/2021_5_12_zap_定制_logger.go:87	test logger ...
2021-05-12T23:34:29.850+0800	INFO	gin_web/2021_5_12_zap_定制_logger.go:87	test logger ...
2021-05-12T23:34:29.850+0800	INFO	gin_web/2021_5_12_zap_定制_logger.go:87	test logger ...
2021-05-12T23:34:29.850+0800	INFO	gin_web/2021_5_12_zap_定制_logger.go:87	test logger ...
2021-05-12T23:34:29.850+0800	INFO	gin_web/2021_5_12_zap_定制_logger.go:87	test logger ...
2021-05-12T23:34:29.850+0800	INFO	gin_web/2021_5_12_zap_定制_logger.go:87	test logger ...
2021-05-12T23:34:29.850+0800	INFO	gin_web/2021_5_12_zap_定制_logger.go:87	test logger ...
2021-05-12T23:34:29.850+0800	INFO	gin_web/2021_5_12_zap_定制_logger.go:87	test logger ...
2021-05-12T23:34:29.850+0800	INFO	gin_web/2021_5_12_zap_定制_logger.go:87	test logger ...
2021-05-12T23:34:29.850+0800	INFO	gin_web/2021_5_12_zap_定制_logger.go:87	test logger ...
2021-05-12T23:34:29.850+0800	INFO	gin_web/2021_5_12_zap_定制_logger.go:87	test logger ...
2021-05-12T23:34:29.850+0800	INFO	gin_web/2021_5_12_zap_定制_logger.go:87	test logger ...
2021-05-12T23:34:29.850+0800	INFO	gin_web/2021_5_12_zap_定制_logger.go:87	test logger ...
2021-05-12T23:34:29.850+0800	INFO	gin_web/2021_5_12_zap_定制_logger.go:87	test logger ...
2021-05-12T23:34:29.850+0800	INFO	gin_web/2021_5_12_zap_定制_logger.go:87	test logger ...
2021-05-12T23:34:29.850+0800	INFO	gin_web/2021_5_12_zap_定制_logger.go:87	test logger ...
2021-05-12T23:34:29.850+0800	INFO	gin_web/2021_5_12_zap_定制_logger.go:87	test logger ...
2021-05-12T23:34:29.850+0800	INFO	gin_web/2021_5_12_zap_定制_logger.go:87	test logger ...
2021-05-12T23:34:29.850+0800	INFO	gin_web/2021_5_12_zap_定制_logger.go:87	test logger ...
2021-05-12T23:34:29.850+0800	INFO	gin_web/2021_5_12_zap_定制_logger.go:87	test logger ...
2021-05-12T23:34:29.850+0800	INFO	gin_web/2021_5_12_zap_定制_logger.go:87	test logger ...
2021-05-12T23:34:29.850+0800	INFO	gin_web/2021_5_12_zap_定制_logger.go:87	test logger ...
2021-05-12T23:34:29.850+0800	INFO	gin_web/2021_5_12_zap_定制_logger.go:87	test logger ...
2021-05-12T23:34:29.850+0800	INFO	gin_web/2021_5_12_zap_定制_logger.go:87	test logger ...
2021-05-12T23:34:29.850+0800	INFO	gin_web/2021_5_12_zap_定制_logger.go:87	test logger ...
2021-05-12T23:34:29.850+0800	INFO	gin_web/2021_5_12_zap_定制_logger.go:87	test logger ...
2021-05-12T23:34:29.850+0800	INFO	gin_web/2021_5_12_zap_定制_logger.go:87	test logger ...
2021-05-12T23:34:29.850+0800	INFO	gin_web/2021_5_12_zap_定制_logger.go:87	test logger ...
2021-05-12T23:34:29.850+0800	INFO	gin_web/2021_5_12_zap_定制_logger.go:87	test logger ...
2021-05-12T23:34:29.850+0800	INFO	gin_web/2021_5_12_zap_定制_logger.go:87	test logger ...
2021-05-12T23:34:29.850+0800	INFO	gin_web/2021_5_12_zap_定制_logger.go:87	test logger ...
2021-05-12T23:34:29.850+0800	INFO	gin_web/2021_5_12_zap_定制_logger.go:87	test logger ...
2021-05-12T23:34:29.850+0800	INFO	gin_web/2021_5_12_zap_定制_logger.go:87	test logger ...
2021-05-12T23:34:29.850+0800	INFO	gin_web/2021_5_12_zap_定制_logger.go:87	test logger ...
2021-05-12T23:34:29.850+0800	INFO	gin_web/2021_5_12_zap_定制_logger.go:87	test logger ...
2021-05-12T23:34:29.850+0800	INFO	gin_web/2021_5_12_zap_定制_logger.go:87	test logger ...
2021-05-12T23:34:29.850+0800	INFO	gin_web/2021_5_12_zap_定制_logger.go:87	test logger ...
2021-05-12T23:34:29.850+0800	INFO	gin_web/2021_5_12_zap_定制_logger.go:87	test logger ...
2021-05-12T23:34:29.850+0800	INFO	gin_web/2021_5_12_zap_定制_logger.go:87	test logger ...
2021-05-12T23:34:29.850+0800	INFO	gin_web/2021_5_12_zap_定制_logger.go:87	test logger ...
2021-05-12T23:34:29.850+0800	INFO	gin_web/2021_5_12_zap_定制_logger.go:87	test logger ...
2021-05-12T23:34:29.850+0800	INFO	gin_web/2021_5_12_zap_定制_logger.go:87	test logger ...
2021-05-12T23:34:29.850+0800	INFO	gin_web/2021_5_12_zap_定制_logger.go:87	test logger ...
2021-05-12T23:34:29.851+0800	INFO	gin_web/2021_5_12_zap_定制_logger.go:87	test logger ...
2021-05-12T23:34:29.851+0800	INFO	gin_web/2021_5_12_zap_定制_logger.go:87	test logger ...
2021-05-12T23:34:29.851+0800	INFO	gin_web/2021_5_12_zap_定制_logger.go:87	test logger ...
2021-05-12T23:34:29.851+0800	INFO	gin_web/2021_5_12_zap_定制_logger.go:87	test logger ...
2021-05-12T23:34:29.851+0800	INFO	gin_web/2021_5_12_zap_定制_logger.go:87	test logger ...
2021-05-12T23:34:29.851+0800	INFO	gin_web/2021_5_12_zap_定制_logger.go:87	test logger ...
2021-05-12T23:34:29.851+0800	INFO	gin_web/2021_5_12_zap_定制_logger.go:87	test logger ...
2021-05-12T23:34:29.851+0800	INFO	gin_web/2021_5_12_zap_定制_logger.go:87	test logger ...
2021-05-12T23:34:29.851+0800	INFO	gin_web/2021_5_12_zap_定制_logger.go:87	test logger ...
2021-05-12T23:34:29.851+0800	INFO	gin_web/2021_5_12_zap_定制_logger.go:87	test logger ...
2021-05-12T23:34:29.851+0800	INFO	gin_web/2021_5_12_zap_定制_logger.go:87	test logger ...
2021-05-12T23:34:29.851+0800	INFO	gin_web/2021_5_12_zap_定制_logger.go:87	test logger ...
2021-05-12T23:34:29.851+0800	INFO	gin_web/2021_5_12_zap_定制_logger.go:87	test logger ...
2021-05-12T23:34:29.851+0800	INFO	gin_web/2021_5_12_zap_定制_logger.go:87	test logger ...
2021-05-12T23:34:29.851+0800	INFO	gin_web/2021_5_12_zap_定制_logger.go:87	test logger ...
2021-05-12T23:34:29.851+0800	INFO	gin_web/2021_5_12_zap_定制_logger.go:87	test logger ...
2021-05-12T23:34:29.851+0800	INFO	gin_web/2021_5_12_zap_定制_logger.go:87	test logger ...
2021-05-12T23:34:29.851+0800	INFO	gin_web/2021_5_12_zap_定制_logger.go:87	test logger ...
2021-05-12T23:34:29.851+0800	INFO	gin_web/2021_5_12_zap_定制_logger.go:87	test logger ...
2021-05-12T23:34:29.851+0800	INFO	gin_web/2021_5_12_zap_定制_logger.go:87	test logger ...
2021-05-12T23:34:29.851+0800	INFO	gin_web/2021_5_12_zap_定制_logger.go:87	test logger ...
2021-05-12T23:34:29.851+0800	INFO	gin_web/2021_5_12_zap_定制_logger.go:87	test logger ...
2021-05-12T23:34:29.851+0800	INFO	gin_web/2021_5_12_zap_定制_logger.go:87	test logger ...
2021-05-12T23:34:29.851+0800	INFO	gin_web/2021_5_12_zap_定制_logger.go:87	test logger ...
2021-05-12T23:34:29.851+0800	INFO	gin_web/2021_5_12_zap_定制_logger.go:87	test logger ...
2021-05-12T23:34:29.851+0800	INFO	gin_web/2021_5_12_zap_定制_logger.go:87	test logger ...
2021-05-12T23:34:29.851+0800	INFO	gin_web/2021_5_12_zap_定制_logger.go:87	test logger ...
2021-05-12T23:34:29.851+0800	INFO	gin_web/2021_5_12_zap_定制_logger.go:87	test logger ...
2021-05-12T23:34:29.851+0800	INFO	gin_web/2021_5_12_zap_定制_logger.go:87	test logger ...
2021-05-12T23:34:29.851+0800	INFO	gin_web/2021_5_12_zap_定制_logger.go:87	test logger ...
2021-05-12T23:34:29.851+0800	INFO	gin_web/2021_5_12_zap_定制_logger.go:87	test logger ...
2021-05-12T23:34:29.851+0800	INFO	gin_web/2021_5_12_zap_定制_logger.go:87	test logger ...
2021-05-12T23:34:29.851+0800	INFO	gin_web/2021_5_12_zap_定制_logger.go:87	test logger ...
2021-05-12T23:34:29.851+0800	INFO	gin_web/2021_5_12_zap_定制_logger.go:87	test logger ...
2021-05-12T23:34:29.851+0800	INFO	gin_web/2021_5_12_zap_定制_logger.go:87	test logger ...
2021-05-12T23:34:29.851+0800	INFO	gin_web/2021_5_12_zap_定制_logger.go:87	test logger ...
2021-05-12T23:34:29.851+0800	INFO	gin_web/2021_5_12_zap_定制_logger.go:87	test logger ...
2021-05-12T23:34:29.851+0800	INFO	gin_web/2021_5_12_zap_定制_logger.go:87	test logger ...
2021-05-12T23:34:29.851+0800	INFO	gin_web/2021_5_12_zap_定制_logger.go:87	test logger ...
2021-05-12T23:34:29.851+0800	INFO	gin_web/2021_5_12_zap_定制_logger.go:87	test logger ...
2021-05-12T23:34:29.851+0800	INFO	gin_web/2021_5_12_zap_定制_logger.go:87	test logger ...
2021-05-12T23:34:29.851+0800	INFO	gin_web/2021_5_12_zap_定制_logger.go:87	test logger ...
2021-05-12T23:34:29.851+0800	INFO	gin_web/2021_5_12_zap_定制_logger.go:87	test logger ...
2021-05-12T23:34:29.851+0800	INFO	gin_web/2021_5_12_zap_定制_logger.go:87	test logger ...
2021-05-12T23:34:29.851+0800	INFO	gin_web/2021_5_12_zap_定制_logger.go:87	test logger ...
2021-05-12T23:34:29.851+0800	INFO	gin_web/2021_5_12_zap_定制_logger.go:87	test logger ...
2021-05-12T23:34:29.851+0800	INFO	gin_web/2021_5_12_zap_定制_logger.go:87	test logger ...
2021-05-12T23:34:29.851+0800	INFO	gin_web/2021_5_12_zap_定制_logger.go:87	test logger ...
2021-05-12T23:34:29.851+0800	INFO	gin_web/2021_5_12_zap_定制_logger.go:87	test logger ...
2021-05-12T23:34:29.851+0800	INFO	gin_web/2021_5_12_zap_定制_logger.go:87	test logger ...
2021-05-12T23:34:29.851+0800	INFO	gin_web/2021_5_12_zap_定制_logger.go:87	test logger ...
2021-05-12T23:34:29.851+0800	INFO	gin_web/2021_5_12_zap_定制_logger.go:87	test logger ...
2021-05-12T23:34:29.851+0800	INFO	gin_web/2021_5_12_zap_定制_logger.go:87	test logger ...
2021-05-12T23:34:29.851+0800	INFO	gin_web/2021_5_12_zap_定制_logger.go:87	test logger ...
2021-05-12T23:34:29.851+0800	INFO	gin_web/2021_5_12_zap_定制_logger.go:87	test logger ...
2021-05-12T23:34:29.851+0800	INFO	gin_web/2021_5_12_zap_定制_logger.go:87	test logger ...
2021-05-12T23:34:29.851+0800	INFO	gin_web/2021_5_12_zap_定制_logger.go:87	test logger ...
2021-05-12T23:34:29.851+0800	INFO	gin_web/2021_5_12_zap_定制_logger.go:87	test logger ...
2021-05-12T23:34:29.851+0800	INFO	gin_web/2021_5_12_zap_定制_logger.go:87	test logger ...
2021-05-12T23:34:29.851+0800	INFO	gin_web/2021_5_12_zap_定制_logger.go:87	test logger ...
2021-05-12T23:34:29.851+0800	INFO	gin_web/2021_5_12_zap_定制_logger.go:87	test logger ...
2021-05-12T23:34:29.851+0800	INFO	gin_web/2021_5_12_zap_定制_logger.go:87	test logger ...
2021-05-12T23:34:29.851+0800	INFO	gin_web/2021_5_12_zap_定制_logger.go:87	test logger ...
2021-05-12T23:34:29.851+0800	INFO	gin_web/2021_5_12_zap_定制_logger.go:87	test logger ...
2021-05-12T23:34:29.851+0800	INFO	gin_web/2021_5_12_zap_定制_logger.go:87	test logger ...
2021-05-12T23:34:29.851+0800	INFO	gin_web/2021_5_12_zap_定制_logger.go:87	test logger ...
2021-05-12T23:34:29.851+0800	INFO	gin_web/2021_5_12_zap_定制_logger.go:87	test logger ...
2021-05-12T23:34:29.851+0800	INFO	gin_web/2021_5_12_zap_定制_logger.go:87	test logger ...
2021-05-12T23:34:29.851+0800	INFO	gin_web/2021_5_12_zap_定制_logger.go:87	test logger ...
2021-05-12T23:34:29.851+0800	INFO	gin_web/2021_5_12_zap_定制_logger.go:87	test logger ...
2021-05-12T23:34:29.851+0800	INFO	gin_web/2021_5_12_zap_定制_logger.go:87	test logger ...
2021-05-12T23:34:29.851+0800	INFO	gin_web/2021_5_12_zap_定制_logger.go:87	test logger ...
2021-05-12T23:34:29.851+0800	INFO	gin_web/2021_5_12_zap_定制_logger.go:87	test logger ...
2021-05-12T23:34:29.851+0800	INFO	gin_web/2021_5_12_zap_定制_logger.go:87	test logger ...
2021-05-12T23:34:29.851+0800	INFO	gin_web/2021_5_12_zap_定制_logger.go:87	test logger ...
2021-05-12T23:34:29.851+0800	INFO	gin_web/2021_5_12_zap_定制_logger.go:87	test logger ...
2021-05-12T23:34:29.851+0800	INFO	gin_web/2021_5_12_zap_定制_logger.go:87	test logger ...
2021-05-12T23:34:29.851+0800	INFO	gin_web/2021_5_12_zap_定制_logger.go:87	test logger ...
2021-05-12T23:34:29.851+0800	INFO	gin_web/2021_5_12_zap_定制_logger.go:87	test logger ...
2021-05-12T23:34:29.851+0800	INFO	gin_web/2021_5_12_zap_定制_logger.go:87	test logger ...
2021-05-12T23:34:29.851+0800	INFO	gin_web/2021_5_12_zap_定制_logger.go:87	test logger ...
2021-05-12T23:34:29.851+0800	INFO	gin_web/2021_5_12_zap_定制_logger.go:87	test logger ...
2021-05-12T23:34:29.851+0800	INFO	gin_web/2021_5_12_zap_定制_logger.go:87	test logger ...
2021-05-12T23:34:29.851+0800	INFO	gin_web/2021_5_12_zap_定制_logger.go:87	test logger ...
2021-05-12T23:34:29.851+0800	INFO	gin_web/2021_5_12_zap_定制_logger.go:87	test logger ...
2021-05-12T23:34:29.851+0800	INFO	gin_web/2021_5_12_zap_定制_logger.go:87	test logger ...
2021-05-12T23:34:29.851+0800	INFO	gin_web/2021_5_12_zap_定制_logger.go:87	test logger ...
2021-05-12T23:34:29.851+0800	INFO	gin_web/2021_5_12_zap_定制_logger.go:87	test logger ...
2021-05-12T23:34:29.851+0800	INFO	gin_web/2021_5_12_zap_定制_logger.go:87	test logger ...
2021-05-12T23:34:29.851+0800	INFO	gin_web/2021_5_12_zap_定制_logger.go:87	test logger ...
2021-05-12T23:34:29.851+0800	INFO	gin_web/2021_5_12_zap_定制_logger.go:87	test logger ...
2021-05-12T23:34:29.851+0800	INFO	gin_web/2021_5_12_zap_定制_logger.go:87	test logger ...
2021-05-12T23:34:29.851+0800	INFO	gin_web/2021_5_12_zap_定制_logger.go:87	test logger ...
2021-05-12T23:34:29.851+0800	INFO	gin_web/2021_5_12_zap_定制_logger.go:87	test logger ...
2021-05-12T23:34:29.851+0800	INFO	gin_web/2021_5_12_zap_定制_logger.go:87	test logger ...
2021-05-12T23:34:29.851+0800	INFO	gin_web/2021_5_12_zap_定制_logger.go:87	test logger ...
2021-05-12T23:34:29.851+0800	INFO	gin_web/2021_5_12_zap_定制_logger.go:87	test logger ...
2021-05-12T23:34:29.851+0800	INFO	gin_web/2021_5_12_zap_定制_logger.go:87	test logger ...
2021-05-12T23:34:29.851+0800	INFO	gin_web/2021_5_12_zap_定制_logger.go:87	test logger ...
2021-05-12T23:34:29.851+0800	INFO	gin_web/2021_5_12_zap_定制_logger.go:87	test logger ...
2021-05-12T23:34:29.851+0800	INFO	gin_web/2021_5_12_zap_定制_logger.go:87	test logger ...
2021-05-12T23:34:29.851+0800	INFO	gin_web/2021_5_12_zap_定制_logger.go:87	test logger ...
2021-05-12T23:34:29.852+0800	INFO	gin_web/2021_5_12_zap_定制_logger.go:87	test logger ...
2021-05-12T23:34:29.852+0800	INFO	gin_web/2021_5_12_zap_定制_logger.go:87	test logger ...
2021-05-12T23:34:29.852+0800	INFO	gin_web/2021_5_12_zap_定制_logger.go:87	test logger ...
2021-05-12T23:34:29.852+0800	INFO	gin_web/2021_5_12_zap_定制_logger.go:87	test logger ...
2021-05-12T23:34:29.852+0800	INFO	gin_web/2021_5_12_zap_定制_logger.go:87	test logger ...
2021-05-12T23:34:29.852+0800	INFO	gin_web/2021_5_12_zap_定制_logger.go:87	test logger ...
2021-05-12T23:34:29.852+0800	INFO	gin_web/2021_5_12_zap_定制_logger.go:87	test logger ...
2021-05-12T23:34:29.852+0800	INFO	gin_web/2021_5_12_zap_定制_logger.go:87	test logger ...
2021-05-12T23:34:29.852+0800	INFO	gin_web/2021_5_12_zap_定制_logger.go:87	test logger ...
2021-05-12T23:34:29.852+0800	INFO	gin_web/2021_5_12_zap_定制_logger.go:87	test logger ...
2021-05-12T23:34:29.852+0800	INFO	gin_web/2021_5_12_zap_定制_logger.go:87	test logger ...
2021-05-12T23:34:29.852+0800	INFO	gin_web/2021_5_12_zap_定制_logger.go:87	test logger ...
2021-05-12T23:34:29.852+0800	INFO	gin_web/2021_5_12_zap_定制_logger.go:87	test logger ...
2021-05-12T23:34:29.852+0800	INFO	gin_web/2021_5_12_zap_定制_logger.go:87	test logger ...
2021-05-12T23:34:29.852+0800	INFO	gin_web/2021_5_12_zap_定制_logger.go:87	test logger ...
2021-05-12T23:34:29.852+0800	INFO	gin_web/2021_5_12_zap_定制_logger.go:87	test logger ...
2021-05-12T23:34:29.852+0800	INFO	gin_web/2021_5_12_zap_定制_logger.go:87	test logger ...
2021-05-12T23:34:29.852+0800	INFO	gin_web/2021_5_12_zap_定制_logger.go:87	test logger ...
2021-05-12T23:34:29.852+0800	INFO	gin_web/2021_5_12_zap_定制_logger.go:87	test logger ...
2021-05-12T23:34:29.852+0800	INFO	gin_web/2021_5_12_zap_定制_logger.go:87	test logger ...
2021-05-12T23:34:29.852+0800	INFO	gin_web/2021_5_12_zap_定制_logger.go:87	test logger ...
2021-05-12T23:34:29.852+0800	INFO	gin_web/2021_5_12_zap_定制_logger.go:87	test logger ...
2021-05-12T23:34:29.852+0800	INFO	gin_web/2021_5_12_zap_定制_logger.go:87	test logger ...
2021-05-12T23:34:29.852+0800	INFO	gin_web/2021_5_12_zap_定制_logger.go:87	test logger ...
2021-05-12T23:34:29.852+0800	INFO	gin_web/2021_5_12_zap_定制_logger.go:87	test logger ...
2021-05-12T23:34:29.852+0800	INFO	gin_web/2021_5_12_zap_定制_logger.go:87	test logger ...
2021-05-12T23:34:29.852+0800	INFO	gin_web/2021_5_12_zap_定制_logger.go:87	test logger ...
2021-05-12T23:34:29.852+0800	INFO	gin_web/2021_5_12_zap_定制_logger.go:87	test logger ...
2021-05-12T23:34:29.852+0800	INFO	gin_web/2021_5_12_zap_定制_logger.go:87	test logger ...
2021-05-12T23:34:29.852+0800	INFO	gin_web/2021_5_12_zap_定制_logger.go:87	test logger ...
2021-05-12T23:34:29.852+0800	INFO	gin_web/2021_5_12_zap_定制_logger.go:87	test logger ...
2021-05-12T23:34:29.852+0800	INFO	gin_web/2021_5_12_zap_定制_logger.go:87	test logger ...
2021-05-12T23:34:29.852+0800	INFO	gin_web/2021_5_12_zap_定制_logger.go:87	test logger ...
2021-05-12T23:34:29.852+0800	INFO	gin_web/2021_5_12_zap_定制_logger.go:87	test logger ...
2021-05-12T23:34:29.852+0800	INFO	gin_web/2021_5_12_zap_定制_logger.go:87	test logger ...
2021-05-12T23:34:29.852+0800	INFO	gin_web/2021_5_12_zap_定制_logger.go:87	test logger ...
2021-05-12T23:34:29.852+0800	INFO	gin_web/2021_5_12_zap_定制_logger.go:87	test logger ...
2021-05-12T23:34:29.852+0800	INFO	gin_web/2021_5_12_zap_定制_logger.go:87	test logger ...
2021-05-12T23:34:29.852+0800	INFO	gin_web/2021_5_12_zap_定制_logger.go:87	test logger ...
2021-05-12T23:34:29.852+0800	INFO	gin_web/2021_5_12_zap_定制_logger.go:87	test logger ...
2021-05-12T23:34:29.852+0800	INFO	gin_web/2021_5_12_zap_定制_logger.go:87	test logger ...
2021-05-12T23:34:29.852+0800	INFO	gin_web/2021_5_12_zap_定制_logger.go:87	test logger ...
2021-05-12T23:34:29.852+0800	INFO	gin_web/2021_5_12_zap_定制_logger.go:87	test logger ...
2021-05-12T23:34:29.852+0800	INFO	gin_web/2021_5_12_zap_定制_logger.go:87	test logger ...
2021-05-12T23:34:29.852+0800	INFO	gin_web/2021_5_12_zap_定制_logger.go:87	test logger ...
2021-05-12T23:34:29.852+0800	INFO	gin_web/2021_5_12_zap_定制_logger.go:87	test logger ...
2021-05-12T23:34:29.852+0800	INFO	gin_web/2021_5_12_zap_定制_logger.go:87	test logger ...
2021-05-12T23:34:29.852+0800	INFO	gin_web/2021_5_12_zap_定制_logger.go:87	test logger ...
2021-05-12T23:34:29.852+0800	INFO	gin_web/2021_5_12_zap_定制_logger.go:87	test logger ...
2021-05-12T23:34:29.852+0800	INFO	gin_web/2021_5_12_zap_定制_logger.go:87	test logger ...
2021-05-12T23:34:29.852+0800	INFO	gin_web/2021_5_12_zap_定制_logger.go:87	test logger ...
2021-05-12T23:34:29.852+0800	INFO	gin_web/2021_5_12_zap_定制_logger.go:87	test logger ...
2021-05-12T23:34:29.852+0800	INFO	gin_web/2021_5_12_zap_定制_logger.go:87	test logger ...
2021-05-12T23:34:29.852+0800	INFO	gin_web/2021_5_12_zap_定制_logger.go:87	test logger ...
2021-05-12T23:34:29.852+0800	INFO	gin_web/2021_5_12_zap_定制_logger.go:87	test logger ...
2021-05-12T23:34:29.852+0800	INFO	gin_web/2021_5_12_zap_定制_logger.go:87	test logger ...
2021-05-12T23:34:29.852+0800	INFO	gin_web/2021_5_12_zap_定制_logger.go:87	test logger ...
2021-05-12T23:34:29.852+0800	INFO	gin_web/2021_5_12_zap_定制_logger.go:87	test logger ...
2021-05-12T23:34:29.852+0800	INFO	gin_web/2021_5_12_zap_定制_logger.go:87	test logger ...
2021-05-12T23:34:29.852+0800	INFO	gin_web/2021_5_12_zap_定制_logger.go:87	test logger ...
2021-05-12T23:34:29.852+0800	INFO	gin_web/2021_5_12_zap_定制_logger.go:87	test logger ...
2021-05-12T23:34:29.852+0800	INFO	gin_web/2021_5_12_zap_定制_logger.go:87	test logger ...
2021-05-12T23:34:29.852+0800	INFO	gin_web/2021_5_12_zap_定制_logger.go:87	test logger ...
2021-05-12T23:34:29.852+0800	INFO	gin_web/2021_5_12_zap_定制_logger.go:87	test logger ...
2021-05-12T23:34:29.852+0800	INFO	gin_web/2021_5_12_zap_定制_logger.go:87	test logger ...
2021-05-12T23:34:29.852+0800	INFO	gin_web/2021_5_12_zap_定制_logger.go:87	test logger ...
2021-05-12T23:34:29.852+0800	INFO	gin_web/2021_5_12_zap_定制_logger.go:87	test logger ...
2021-05-12T23:34:29.852+0800	INFO	gin_web/2021_5_12_zap_定制_logger.go:87	test logger ...
2021-05-12T23:34:29.852+0800	INFO	gin_web/2021_5_12_zap_定制_logger.go:87	test logger ...
2021-05-12T23:34:29.852+0800	INFO	gin_web/2021_5_12_zap_定制_logger.go:87	test logger ...
2021-05-12T23:34:29.852+0800	INFO	gin_web/2021_5_12_zap_定制_logger.go:87	test logger ...
2021-05-12T23:34:29.852+0800	INFO	gin_web/2021_5_12_zap_定制_logger.go:87	test logger ...
2021-05-12T23:34:29.852+0800	INFO	gin_web/2021_5_12_zap_定制_logger.go:87	test logger ...
2021-05-12T23:34:29.852+0800	INFO	gin_web/2021_5_12_zap_定制_logger.go:87	test logger ...
2021-05-12T23:34:29.852+0800	INFO	gin_web/2021_5_12_zap_定制_logger.go:87	test logger ...
2021-05-12T23:34:29.852+0800	INFO	gin_web/2021_5_12_zap_定制_logger.go:87	test logger ...
2021-05-12T23:34:29.852+0800	INFO	gin_web/2021_5_12_zap_定制_logger.go:87	test logger ...
2021-05-12T23:34:29.852+0800	INFO	gin_web/2021_5_12_zap_定制_logger.go:87	test logger ...
2021-05-12T23:34:29.852+0800	INFO	gin_web/2021_5_12_zap_定制_logger.go:87	test logger ...
2021-05-12T23:34:29.852+0800	INFO	gin_web/2021_5_12_zap_定制_logger.go:87	test logger ...
2021-05-12T23:34:29.852+0800	INFO	gin_web/2021_5_12_zap_定制_logger.go:87	test logger ...
2021-05-12T23:34:29.852+0800	INFO	gin_web/2021_5_12_zap_定制_logger.go:87	test logger ...
2021-05-12T23:34:29.852+0800	INFO	gin_web/2021_5_12_zap_定制_logger.go:87	test logger ...
2021-05-12T23:34:29.852+0800	INFO	gin_web/2021_5_12_zap_定制_logger.go:87	test logger ...
2021-05-12T23:34:29.852+0800	INFO	gin_web/2021_5_12_zap_定制_logger.go:87	test logger ...
2021-05-12T23:34:29.852+0800	INFO	gin_web/2021_5_12_zap_定制_logger.go:87	test logger ...
2021-05-12T23:34:29.852+0800	INFO	gin_web/2021_5_12_zap_定制_logger.go:87	test logger ...
2021-05-12T23:34:29.852+0800	INFO	gin_web/2021_5_12_zap_定制_logger.go:87	test logger ...
2021-05-12T23:34:29.852+0800	INFO	gin_web/2021_5_12_zap_定制_logger.go:87	test logger ...
2021-05-12T23:34:29.852+0800	INFO	gin_web/2021_5_12_zap_定制_logger.go:87	test logger ...
2021-05-12T23:34:29.852+0800	INFO	gin_web/2021_5_12_zap_定制_logger.go:87	test logger ...
2021-05-12T23:34:29.852+0800	INFO	gin_web/2021_5_12_zap_定制_logger.go:87	test logger ...
2021-05-12T23:34:29.852+0800	INFO	gin_web/2021_5_12_zap_定制_logger.go:87	test logger ...
2021-05-12T23:34:29.852+0800	INFO	gin_web/2021_5_12_zap_定制_logger.go:87	test logger ...
2021-05-12T23:34:29.852+0800	INFO	gin_web/2021_5_12_zap_定制_logger.go:87	test logger ...
2021-05-12T23:34:29.853+0800	INFO	gin_web/2021_5_12_zap_定制_logger.go:87	test logger ...
2021-05-12T23:34:29.853+0800	INFO	gin_web/2021_5_12_zap_定制_logger.go:87	test logger ...
2021-05-12T23:34:29.853+0800	INFO	gin_web/2021_5_12_zap_定制_logger.go:87	test logger ...
2021-05-12T23:34:29.853+0800	INFO	gin_web/2021_5_12_zap_定制_logger.go:87	test logger ...
2021-05-12T23:34:29.853+0800	INFO	gin_web/2021_5_12_zap_定制_logger.go:87	test logger ...
2021-05-12T23:34:29.853+0800	INFO	gin_web/2021_5_12_zap_定制_logger.go:87	test logger ...
2021-05-12T23:34:29.853+0800	INFO	gin_web/2021_5_12_zap_定制_logger.go:87	test logger ...
2021-05-12T23:34:29.853+0800	INFO	gin_web/2021_5_12_zap_定制_logger.go:87	test logger ...
2021-05-12T23:34:29.853+0800	INFO	gin_web/2021_5_12_zap_定制_logger.go:87	test logger ...
2021-05-12T23:34:29.853+0800	INFO	gin_web/2021_5_12_zap_定制_logger.go:87	test logger ...
2021-05-12T23:34:29.853+0800	INFO	gin_web/2021_5_12_zap_定制_logger.go:87	test logger ...
2021-05-12T23:34:29.853+0800	INFO	gin_web/2021_5_12_zap_定制_logger.go:87	test logger ...
2021-05-12T23:34:29.853+0800	INFO	gin_web/2021_5_12_zap_定制_logger.go:87	test logger ...
2021-05-12T23:34:29.853+0800	INFO	gin_web/2021_5_12_zap_定制_logger.go:87	test logger ...
2021-05-12T23:34:29.853+0800	INFO	gin_web/2021_5_12_zap_定制_logger.go:87	test logger ...
2021-05-12T23:34:29.853+0800	INFO	gin_web/2021_5_12_zap_定制_logger.go:87	test logger ...
2021-05-12T23:34:29.853+0800	INFO	gin_web/2021_5_12_zap_定制_logger.go:87	test logger ...
2021-05-12T23:34:29.853+0800	INFO	gin_web/2021_5_12_zap_定制_logger.go:87	test logger ...
2021-05-12T23:34:29.853+0800	INFO	gin_web/2021_5_12_zap_定制_logger.go:87	test logger ...
2021-05-12T23:34:29.853+0800	INFO	gin_web/2021_5_12_zap_定制_logger.go:87	test logger ...
2021-05-12T23:34:29.853+0800	INFO	gin_web/2021_5_12_zap_定制_logger.go:87	test logger ...
2021-05-12T23:34:29.853+0800	INFO	gin_web/2021_5_12_zap_定制_logger.go:87	test logger ...
2021-05-12T23:34:29.853+0800	INFO	gin_web/2021_5_12_zap_定制_logger.go:87	test logger ...
2021-05-12T23:34:29.853+0800	INFO	gin_web/2021_5_12_zap_定制_logger.go:87	test logger ...
2021-05-12T23:34:29.853+0800	INFO	gin_web/2021_5_12_zap_定制_logger.go:87	test logger ...
2021-05-12T23:34:29.853+0800	INFO	gin_web/2021_5_12_zap_定制_logger.go:87	test logger ...
2021-05-12T23:34:29.853+0800	INFO	gin_web/2021_5_12_zap_定制_logger.go:87	test logger ...
2021-05-12T23:34:29.853+0800	INFO	gin_web/2021_5_12_zap_定制_logger.go:87	test logger ...
2021-05-12T23:34:29.853+0800	INFO	gin_web/2021_5_12_zap_定制_logger.go:87	test logger ...
2021-05-12T23:34:29.853+0800	INFO	gin_web/2021_5_12_zap_定制_logger.go:87	test logger ...
2021-05-12T23:34:29.853+0800	INFO	gin_web/2021_5_12_zap_定制_logger.go:87	test logger ...
2021-05-12T23:34:29.853+0800	INFO	gin_web/2021_5_12_zap_定制_logger.go:87	test logger ...
2021-05-12T23:34:29.853+0800	INFO	gin_web/2021_5_12_zap_定制_logger.go:87	test logger ...
2021-05-12T23:34:29.853+0800	INFO	gin_web/2021_5_12_zap_定制_logger.go:87	test logger ...
2021-05-12T23:34:29.853+0800	INFO	gin_web/2021_5_12_zap_定制_logger.go:87	test logger ...
2021-05-12T23:34:29.853+0800	INFO	gin_web/2021_5_12_zap_定制_logger.go:87	test logger ...
2021-05-12T23:34:29.853+0800	INFO	gin_web/2021_5_12_zap_定制_logger.go:87	test logger ...
2021-05-12T23:34:29.853+0800	INFO	gin_web/2021_5_12_zap_定制_logger.go:87	test logger ...
2021-05-12T23:34:29.853+0800	INFO	gin_web/2021_5_12_zap_定制_logger.go:87	test logger ...
2021-05-12T23:34:29.853+0800	INFO	gin_web/2021_5_12_zap_定制_logger.go:87	test logger ...
2021-05-12T23:34:29.853+0800	INFO	gin_web/2021_5_12_zap_定制_logger.go:87	test logger ...
2021-05-12T23:34:29.853+0800	INFO	gin_web/2021_5_12_zap_定制_logger.go:87	test logger ...
2021-05-12T23:34:29.853+0800	INFO	gin_web/2021_5_12_zap_定制_logger.go:87	test logger ...
2021-05-12T23:34:29.853+0800	INFO	gin_web/2021_5_12_zap_定制_logger.go:87	test logger ...
2021-05-12T23:34:29.853+0800	INFO	gin_web/2021_5_12_zap_定制_logger.go:87	test logger ...
2021-05-12T23:34:29.853+0800	INFO	gin_web/2021_5_12_zap_定制_logger.go:87	test logger ...
2021-05-12T23:34:29.853+0800	INFO	gin_web/2021_5_12_zap_定制_logger.go:87	test logger ...
2021-05-12T23:34:29.853+0800	INFO	gin_web/2021_5_12_zap_定制_logger.go:87	test logger ...
2021-05-12T23:34:29.853+0800	INFO	gin_web/2021_5_12_zap_定制_logger.go:87	test logger ...
2021-05-12T23:34:29.853+0800	INFO	gin_web/2021_5_12_zap_定制_logger.go:87	test logger ...
2021-05-12T23:34:29.853+0800	INFO	gin_web/2021_5_12_zap_定制_logger.go:87	test logger ...
2021-05-12T23:34:29.853+0800	INFO	gin_web/2021_5_12_zap_定制_logger.go:87	test logger ...
2021-05-12T23:34:29.853+0800	INFO	gin_web/2021_5_12_zap_定制_logger.go:87	test logger ...
2021-05-12T23:34:29.853+0800	INFO	gin_web/2021_5_12_zap_定制_logger.go:87	test logger ...
2021-05-12T23:34:29.853+0800	INFO	gin_web/2021_5_12_zap_定制_logger.go:87	test logger ...
2021-05-12T23:34:29.853+0800	INFO	gin_web/2021_5_12_zap_定制_logger.go:87	test logger ...
2021-05-12T23:34:29.853+0800	INFO	gin_web/2021_5_12_zap_定制_logger.go:87	test logger ...
2021-05-12T23:34:29.853+0800	INFO	gin_web/2021_5_12_zap_定制_logger.go:87	test logger ...
2021-05-12T23:34:29.853+0800	INFO	gin_web/2021_5_12_zap_定制_logger.go:87	test logger ...
2021-05-12T23:34:29.853+0800	INFO	gin_web/2021_5_12_zap_定制_logger.go:87	test logger ...
2021-05-12T23:34:29.853+0800	INFO	gin_web/2021_5_12_zap_定制_logger.go:87	test logger ...
2021-05-12T23:34:29.853+0800	INFO	gin_web/2021_5_12_zap_定制_logger.go:87	test logger ...
2021-05-12T23:34:29.853+0800	INFO	gin_web/2021_5_12_zap_定制_logger.go:87	test logger ...
2021-05-12T23:34:29.853+0800	INFO	gin_web/2021_5_12_zap_定制_logger.go:87	test logger ...
2021-05-12T23:34:29.853+0800	INFO	gin_web/2021_5_12_zap_定制_logger.go:87	test logger ...
2021-05-12T23:34:29.853+0800	INFO	gin_web/2021_5_12_zap_定制_logger.go:87	test logger ...
2021-05-12T23:34:29.853+0800	INFO	gin_web/2021_5_12_zap_定制_logger.go:87	test logger ...
2021-05-12T23:34:29.853+0800	INFO	gin_web/2021_5_12_zap_定制_logger.go:87	test logger ...
2021-05-12T23:34:29.853+0800	INFO	gin_web/2021_5_12_zap_定制_logger.go:87	test logger ...
2021-05-12T23:34:29.853+0800	INFO	gin_web/2021_5_12_zap_定制_logger.go:87	test logger ...
2021-05-12T23:34:29.853+0800	INFO	gin_web/2021_5_12_zap_定制_logger.go:87	test logger ...
2021-05-12T23:34:29.853+0800	INFO	gin_web/2021_5_12_zap_定制_logger.go:87	test logger ...
2021-05-12T23:34:29.853+0800	INFO	gin_web/2021_5_12_zap_定制_logger.go:87	test logger ...
2021-05-12T23:34:29.853+0800	INFO	gin_web/2021_5_12_zap_定制_logger.go:87	test logger ...
2021-05-12T23:34:29.853+0800	INFO	gin_web/2021_5_12_zap_定制_logger.go:87	test logger ...
2021-05-12T23:34:29.853+0800	INFO	gin_web/2021_5_12_zap_定制_logger.go:87	test logger ...
2021-05-12T23:34:29.853+0800	INFO	gin_web/2021_5_12_zap_定制_logger.go:87	test logger ...
2021-05-12T23:34:29.853+0800	INFO	gin_web/2021_5_12_zap_定制_logger.go:87	test logger ...
2021-05-12T23:34:29.853+0800	INFO	gin_web/2021_5_12_zap_定制_logger.go:87	test logger ...
2021-05-12T23:34:29.853+0800	INFO	gin_web/2021_5_12_zap_定制_logger.go:87	test logger ...
2021-05-12T23:34:29.853+0800	INFO	gin_web/2021_5_12_zap_定制_logger.go:87	test logger ...
2021-05-12T23:34:29.853+0800	INFO	gin_web/2021_5_12_zap_定制_logger.go:87	test logger ...
2021-05-12T23:34:29.853+0800	INFO	gin_web/2021_5_12_zap_定制_logger.go:87	test logger ...
2021-05-12T23:34:29.853+0800	INFO	gin_web/2021_5_12_zap_定制_logger.go:87	test logger ...
2021-05-12T23:34:29.853+0800	INFO	gin_web/2021_5_12_zap_定制_logger.go:87	test logger ...
2021-05-12T23:34:29.853+0800	INFO	gin_web/2021_5_12_zap_定制_logger.go:87	test logger ...
2021-05-12T23:34:29.853+0800	INFO	gin_web/2021_5_12_zap_定制_logger.go:87	test logger ...
2021-05-12T23:34:29.853+0800	INFO	gin_web/2021_5_12_zap_定制_logger.go:87	test logger ...
2021-05-12T23:34:29.853+0800	INFO	gin_web/2021_5_12_zap_定制_logger.go:87	test logger ...
2021-05-12T23:34:29.853+0800	INFO	gin_web/2021_5_12_zap_定制_logger.go:87	test logger ...
2021-05-12T23:34:29.853+0800	INFO	gin_web/2021_5_12_zap_定制_logger.go:87	test logger ...
2021-05-12T23:34:29.853+0800	INFO	gin_web/2021_5_12_zap_定制_logger.go:87	test logger ...
2021-05-12T23:34:29.853+0800	INFO	gin_web/2021_5_12_zap_定制_logger.go:87	test logger ...
2021-05-12T23:34:29.853+0800	INFO	gin_web/2021_5_12_zap_定制_logger.go:87	test logger ...
2021-05-12T23:34:29.853+0800	INFO	gin_web/2021_5_12_zap_定制_logger.go:87	test logger ...
2021-05-12T23:34:29.853+0800	INFO	gin_web/2021_5_12_zap_定制_logger.go:87	test logger ...
2021-05-12T23:34:29.853+0800	INFO	gin_web/2021_5_12_zap_定制_logger.go:87	test logger ...
2021-05-12T23:34:29.853+0800	INFO	gin_web/2021_5_12_zap_定制_logger.go:87	test logger ...
2021-05-12T23:34:29.853+0800	INFO	gin_web/2021_5_12_zap_定制_logger.go:87	test logger ...
2021-05-12T23:34:29.853+0800	INFO	gin_web/2021_5_12_zap_定制_logger.go:87	test logger ...
2021-05-12T23:34:29.853+0800	INFO	gin_web/2021_5_12_zap_定制_logger.go:87	test logger ...
2021-05-12T23:34:29.853+0800	INFO	gin_web/2021_5_12_zap_定制_logger.go:87	test logger ...
2021-05-12T23:34:29.853+0800	INFO	gin_web/2021_5_12_zap_定制_logger.go:87	test logger ...
2021-05-12T23:34:29.853+0800	INFO	gin_web/2021_5_12_zap_定制_logger.go:87	test logger ...
2021-05-12T23:34:29.853+0800	INFO	gin_web/2021_5_12_zap_定制_logger.go:87	test logger ...
2021-05-12T23:34:29.853+0800	INFO	gin_web/2021_5_12_zap_定制_logger.go:87	test logger ...
2021-05-12T23:34:29.853+0800	INFO	gin_web/2021_5_12_zap_定制_logger.go:87	test logger ...
2021-05-12T23:34:29.853+0800	INFO	gin_web/2021_5_12_zap_定制_logger.go:87	test logger ...
2021-05-12T23:34:29.853+0800	INFO	gin_web/2021_5_12_zap_定制_logger.go:87	test logger ...
2021-05-12T23:34:29.853+0800	INFO	gin_web/2021_5_12_zap_定制_logger.go:87	test logger ...
2021-05-12T23:34:29.853+0800	INFO	gin_web/2021_5_12_zap_定制_logger.go:87	test logger ...
2021-05-12T23:34:29.853+0800	INFO	gin_web/2021_5_12_zap_定制_logger.go:87	test logger ...
2021-05-12T23:34:29.853+0800	INFO	gin_web/2021_5_12_zap_定制_logger.go:87	test logger ...
2021-05-12T23:34:29.853+0800	INFO	gin_web/2021_5_12_zap_定制_logger.go:87	test logger ...
2021-05-12T23:34:29.853+0800	INFO	gin_web/2021_5_12_zap_定制_logger.go:87	test logger ...
2021-05-12T23:34:29.853+0800	INFO	gin_web/2021_5_12_zap_定制_logger.go:87	test logger ...
2021-05-12T23:34:29.853+0800	INFO	gin_web/2021_5_12_zap_定制_logger.go:87	test logger ...
2021-05-12T23:34:29.853+0800	INFO	gin_web/2021_5_12_zap_定制_logger.go:87	test logger ...
2021-05-12T23:34:29.853+0800	INFO	gin_web/2021_5_12_zap_定制_logger.go:87	test logger ...
2021-05-12T23:34:29.853+0800	INFO	gin_web/2021_5_12_zap_定制_logger.go:87	test logger ...
2021-05-12T23:34:29.853+0800	INFO	gin_web/2021_5_12_zap_定制_logger.go:87	test logger ...
2021-05-12T23:34:29.853+0800	INFO	gin_web/2021_5_12_zap_定制_logger.go:87	test logger ...
2021-05-12T23:34:29.853+0800	INFO	gin_web/2021_5_12_zap_定制_logger.go:87	test logger ...
2021-05-12T23:34:29.853+0800	INFO	gin_web/2021_5_12_zap_定制_logger.go:87	test logger ...
2021-05-12T23:34:29.853+0800	INFO	gin_web/2021_5_12_zap_定制_logger.go:87	test logger ...
2021-05-12T23:34:29.853+0800	INFO	gin_web/2021_5_12_zap_定制_logger.go:87	test logger ...
2021-05-12T23:34:29.853+0800	INFO	gin_web/2021_5_12_zap_定制_logger.go:87	test logger ...
2021-05-12T23:34:29.853+0800	INFO	gin_web/2021_5_12_zap_定制_logger.go:87	test logger ...
2021-05-12T23:34:29.853+0800	INFO	gin_web/2021_5_12_zap_定制_logger.go:87	test logger ...
2021-05-12T23:34:29.853+0800	INFO	gin_web/2021_5_12_zap_定制_logger.go:87	test logger ...
2021-05-12T23:34:29.853+0800	INFO	gin_web/2021_5_12_zap_定制_logger.go:87	test logger ...
2021-05-12T23:34:29.853+0800	INFO	gin_web/2021_5_12_zap_定制_logger.go:87	test logger ...
2021-05-12T23:34:29.853+0800	INFO	gin_web/2021_5_12_zap_定制_logger.go:87	test logger ...
2021-05-12T23:34:29.853+0800	INFO	gin_web/2021_5_12_zap_定制_logger.go:87	test logger ...
2021-05-12T23:34:29.853+0800	INFO	gin_web/2021_5_12_zap_定制_logger.go:87	test logger ...
2021-05-12T23:34:29.853+0800	INFO	gin_web/2021_5_12_zap_定制_logger.go:87	test logger ...
2021-05-12T23:34:29.853+0800	INFO	gin_web/2021_5_12_zap_定制_logger.go:87	test logger ...
2021-05-12T23:34:29.853+0800	INFO	gin_web/2021_5_12_zap_定制_logger.go:87	test logger ...
2021-05-12T23:34:29.853+0800	INFO	gin_web/2021_5_12_zap_定制_logger.go:87	test logger ...
2021-05-12T23:34:29.853+0800	INFO	gin_web/2021_5_12_zap_定制_logger.go:87	test logger ...
2021-05-12T23:34:29.853+0800	INFO	gin_web/2021_5_12_zap_定制_logger.go:87	test logger ...
2021-05-12T23:34:29.853+0800	INFO	gin_web/2021_5_12_zap_定制_logger.go:87	test logger ...
2021-05-12T23:34:29.853+0800	INFO	gin_web/2021_5_12_zap_定制_logger.go:87	test logger ...
2021-05-12T23:34:29.853+0800	INFO	gin_web/2021_5_12_zap_定制_logger.go:87	test logger ...
2021-05-12T23:34:29.853+0800	INFO	gin_web/2021_5_12_zap_定制_logger.go:87	test logger ...
2021-05-12T23:34:29.853+0800	INFO	gin_web/2021_5_12_zap_定制_logger.go:87	test logger ...
2021-05-12T23:34:29.853+0800	INFO	gin_web/2021_5_12_zap_定制_logger.go:87	test logger ...
2021-05-12T23:34:29.853+0800	INFO	gin_web/2021_5_12_zap_定制_logger.go:87	test logger ...
2021-05-12T23:34:29.853+0800	INFO	gin_web/2021_5_12_zap_定制_logger.go:87	test logger ...
2021-05-12T23:34:29.853+0800	INFO	gin_web/2021_5_12_zap_定制_logger.go:87	test logger ...
2021-05-12T23:34:29.853+0800	INFO	gin_web/2021_5_12_zap_定制_logger.go:87	test logger ...
2021-05-12T23:34:29.854+0800	INFO	gin_web/2021_5_12_zap_定制_logger.go:87	test logger ...
2021-05-12T23:34:29.854+0800	INFO	gin_web/2021_5_12_zap_定制_logger.go:87	test logger ...
2021-05-12T23:34:29.854+0800	INFO	gin_web/2021_5_12_zap_定制_logger.go:87	test logger ...
2021-05-12T23:34:29.854+0800	INFO	gin_web/2021_5_12_zap_定制_logger.go:87	test logger ...
2021-05-12T23:34:29.854+0800	INFO	gin_web/2021_5_12_zap_定制_logger.go:87	test logger ...
2021-05-12T23:34:29.854+0800	INFO	gin_web/2021_5_12_zap_定制_logger.go:87	test logger ...
2021-05-12T23:34:29.854+0800	INFO	gin_web/2021_5_12_zap_定制_logger.go:87	test logger ...
2021-05-12T23:34:29.854+0800	INFO	gin_web/2021_5_12_zap_定制_logger.go:87	test logger ...
2021-05-12T23:34:29.854+0800	INFO	gin_web/2021_5_12_zap_定制_logger.go:87	test logger ...
2021-05-12T23:34:29.854+0800	INFO	gin_web/2021_5_12_zap_定制_logger.go:87	test logger ...
2021-05-12T23:34:29.854+0800	INFO	gin_web/2021_5_12_zap_定制_logger.go:87	test logger ...
2021-05-12T23:34:29.854+0800	INFO	gin_web/2021_5_12_zap_定制_logger.go:87	test logger ...
2021-05-12T23:34:29.854+0800	INFO	gin_web/2021_5_12_zap_定制_logger.go:87	test logger ...
2021-05-12T23:34:29.854+0800	INFO	gin_web/2021_5_12_zap_定制_logger.go:87	test logger ...
2021-05-12T23:34:29.854+0800	INFO	gin_web/2021_5_12_zap_定制_logger.go:87	test logger ...
2021-05-12T23:34:29.854+0800	INFO	gin_web/2021_5_12_zap_定制_logger.go:87	test logger ...
2021-05-12T23:34:29.854+0800	INFO	gin_web/2021_5_12_zap_定制_logger.go:87	test logger ...
2021-05-12T23:34:29.854+0800	INFO	gin_web/2021_5_12_zap_定制_logger.go:87	test logger ...
2021-05-12T23:34:29.854+0800	INFO	gin_web/2021_5_12_zap_定制_logger.go:87	test logger ...
2021-05-12T23:34:29.854+0800	INFO	gin_web/2021_5_12_zap_定制_logger.go:87	test logger ...
2021-05-12T23:34:29.854+0800	INFO	gin_web/2021_5_12_zap_定制_logger.go:87	test logger ...
2021-05-12T23:34:29.854+0800	INFO	gin_web/2021_5_12_zap_定制_logger.go:87	test logger ...
2021-05-12T23:34:29.854+0800	INFO	gin_web/2021_5_12_zap_定制_logger.go:87	test logger ...
2021-05-12T23:34:29.854+0800	INFO	gin_web/2021_5_12_zap_定制_logger.go:87	test logger ...
2021-05-12T23:34:29.854+0800	INFO	gin_web/2021_5_12_zap_定制_logger.go:87	test logger ...
2021-05-12T23:34:29.854+0800	INFO	gin_web/2021_5_12_zap_定制_logger.go:87	test logger ...
2021-05-12T23:34:29.854+0800	INFO	gin_web/2021_5_12_zap_定制_logger.go:87	test logger ...
2021-05-12T23:34:29.854+0800	INFO	gin_web/2021_5_12_zap_定制_logger.go:87	test logger ...
2021-05-12T23:34:29.854+0800	INFO	gin_web/2021_5_12_zap_定制_logger.go:87	test logger ...
2021-05-12T23:34:29.854+0800	INFO	gin_web/2021_5_12_zap_定制_logger.go:87	test logger ...
2021-05-12T23:34:29.854+0800	INFO	gin_web/2021_5_12_zap_定制_logger.go:87	test logger ...
2021-05-12T23:34:29.854+0800	INFO	gin_web/2021_5_12_zap_定制_logger.go:87	test logger ...
2021-05-12T23:34:29.854+0800	INFO	gin_web/2021_5_12_zap_定制_logger.go:87	test logger ...
2021-05-12T23:34:29.854+0800	INFO	gin_web/2021_5_12_zap_定制_logger.go:87	test logger ...
2021-05-12T23:34:29.854+0800	INFO	gin_web/2021_5_12_zap_定制_logger.go:87	test logger ...
2021-05-12T23:34:29.854+0800	INFO	gin_web/2021_5_12_zap_定制_logger.go:87	test logger ...
2021-05-12T23:34:29.854+0800	INFO	gin_web/2021_5_12_zap_定制_logger.go:87	test logger ...
2021-05-12T23:34:29.854+0800	INFO	gin_web/2021_5_12_zap_定制_logger.go:87	test logger ...
2021-05-12T23:34:29.854+0800	INFO	gin_web/2021_5_12_zap_定制_logger.go:87	test logger ...
2021-05-12T23:34:29.854+0800	INFO	gin_web/2021_5_12_zap_定制_logger.go:87	test logger ...
2021-05-12T23:34:29.854+0800	INFO	gin_web/2021_5_12_zap_定制_logger.go:87	test logger ...
2021-05-12T23:34:29.854+0800	INFO	gin_web/2021_5_12_zap_定制_logger.go:87	test logger ...
2021-05-12T23:34:29.854+0800	INFO	gin_web/2021_5_12_zap_定制_logger.go:87	test logger ...
2021-05-12T23:34:29.854+0800	INFO	gin_web/2021_5_12_zap_定制_logger.go:87	test logger ...
2021-05-12T23:34:29.854+0800	INFO	gin_web/2021_5_12_zap_定制_logger.go:87	test logger ...
2021-05-12T23:34:29.854+0800	INFO	gin_web/2021_5_12_zap_定制_logger.go:87	test logger ...
2021-05-12T23:34:29.854+0800	INFO	gin_web/2021_5_12_zap_定制_logger.go:87	test logger ...
2021-05-12T23:34:29.854+0800	INFO	gin_web/2021_5_12_zap_定制_logger.go:87	test logger ...
2021-05-12T23:34:29.854+0800	INFO	gin_web/2021_5_12_zap_定制_logger.go:87	test logger ...
2021-05-12T23:34:29.854+0800	INFO	gin_web/2021_5_12_zap_定制_logger.go:87	test logger ...
2021-05-12T23:34:29.854+0800	INFO	gin_web/2021_5_12_zap_定制_logger.go:87	test logger ...
2021-05-12T23:34:29.854+0800	INFO	gin_web/2021_5_12_zap_定制_logger.go:87	test logger ...
2021-05-12T23:34:29.854+0800	INFO	gin_web/2021_5_12_zap_定制_logger.go:87	test logger ...
2021-05-12T23:34:29.854+0800	INFO	gin_web/2021_5_12_zap_定制_logger.go:87	test logger ...
2021-05-12T23:34:29.854+0800	INFO	gin_web/2021_5_12_zap_定制_logger.go:87	test logger ...
2021-05-12T23:34:29.854+0800	INFO	gin_web/2021_5_12_zap_定制_logger.go:87	test logger ...
2021-05-12T23:34:29.854+0800	INFO	gin_web/2021_5_12_zap_定制_logger.go:87	test logger ...
2021-05-12T23:34:29.854+0800	INFO	gin_web/2021_5_12_zap_定制_logger.go:87	test logger ...
2021-05-12T23:34:29.854+0800	INFO	gin_web/2021_5_12_zap_定制_logger.go:87	test logger ...
2021-05-12T23:34:29.854+0800	INFO	gin_web/2021_5_12_zap_定制_logger.go:87	test logger ...
2021-05-12T23:34:29.854+0800	INFO	gin_web/2021_5_12_zap_定制_logger.go:87	test logger ...
2021-05-12T23:34:29.854+0800	INFO	gin_web/2021_5_12_zap_定制_logger.go:87	test logger ...
2021-05-12T23:34:29.854+0800	INFO	gin_web/2021_5_12_zap_定制_logger.go:87	test logger ...
2021-05-12T23:34:29.854+0800	INFO	gin_web/2021_5_12_zap_定制_logger.go:87	test logger ...
2021-05-12T23:34:29.854+0800	INFO	gin_web/2021_5_12_zap_定制_logger.go:87	test logger ...
2021-05-12T23:34:29.854+0800	INFO	gin_web/2021_5_12_zap_定制_logger.go:87	test logger ...
2021-05-12T23:34:29.854+0800	INFO	gin_web/2021_5_12_zap_定制_logger.go:87	test logger ...
2021-05-12T23:34:29.854+0800	INFO	gin_web/2021_5_12_zap_定制_logger.go:87	test logger ...
2021-05-12T23:34:29.854+0800	INFO	gin_web/2021_5_12_zap_定制_logger.go:87	test logger ...
2021-05-12T23:34:29.854+0800	INFO	gin_web/2021_5_12_zap_定制_logger.go:87	test logger ...
2021-05-12T23:34:29.854+0800	INFO	gin_web/2021_5_12_zap_定制_logger.go:87	test logger ...
2021-05-12T23:34:29.854+0800	INFO	gin_web/2021_5_12_zap_定制_logger.go:87	test logger ...
2021-05-12T23:34:29.854+0800	INFO	gin_web/2021_5_12_zap_定制_logger.go:87	test logger ...
2021-05-12T23:34:29.854+0800	INFO	gin_web/2021_5_12_zap_定制_logger.go:87	test logger ...
2021-05-12T23:34:29.854+0800	INFO	gin_web/2021_5_12_zap_定制_logger.go:87	test logger ...
2021-05-12T23:34:29.854+0800	INFO	gin_web/2021_5_12_zap_定制_logger.go:87	test logger ...
2021-05-12T23:34:29.854+0800	INFO	gin_web/2021_5_12_zap_定制_logger.go:87	test logger ...
2021-05-12T23:34:29.854+0800	INFO	gin_web/2021_5_12_zap_定制_logger.go:87	test logger ...
2021-05-12T23:34:29.854+0800	INFO	gin_web/2021_5_12_zap_定制_logger.go:87	test logger ...
2021-05-12T23:34:29.854+0800	INFO	gin_web/2021_5_12_zap_定制_logger.go:87	test logger ...
2021-05-12T23:34:29.854+0800	INFO	gin_web/2021_5_12_zap_定制_logger.go:87	test logger ...
2021-05-12T23:34:29.854+0800	INFO	gin_web/2021_5_12_zap_定制_logger.go:87	test logger ...
2021-05-12T23:34:29.854+0800	INFO	gin_web/2021_5_12_zap_定制_logger.go:87	test logger ...
2021-05-12T23:34:29.854+0800	INFO	gin_web/2021_5_12_zap_定制_logger.go:87	test logger ...
2021-05-12T23:34:29.854+0800	INFO	gin_web/2021_5_12_zap_定制_logger.go:87	test logger ...
2021-05-12T23:34:29.854+0800	INFO	gin_web/2021_5_12_zap_定制_logger.go:87	test logger ...
2021-05-12T23:34:29.854+0800	INFO	gin_web/2021_5_12_zap_定制_logger.go:87	test logger ...
2021-05-12T23:34:29.854+0800	INFO	gin_web/2021_5_12_zap_定制_logger.go:87	test logger ...
2021-05-12T23:34:29.854+0800	INFO	gin_web/2021_5_12_zap_定制_logger.go:87	test logger ...
2021-05-12T23:34:29.854+0800	INFO	gin_web/2021_5_12_zap_定制_logger.go:87	test logger ...
2021-05-12T23:34:29.854+0800	INFO	gin_web/2021_5_12_zap_定制_logger.go:87	test logger ...
2021-05-12T23:34:29.854+0800	INFO	gin_web/2021_5_12_zap_定制_logger.go:87	test logger ...
2021-05-12T23:34:29.854+0800	INFO	gin_web/2021_5_12_zap_定制_logger.go:87	test logger ...
2021-05-12T23:34:29.854+0800	INFO	gin_web/2021_5_12_zap_定制_logger.go:87	test logger ...
2021-05-12T23:34:29.854+0800	INFO	gin_web/2021_5_12_zap_定制_logger.go:87	test logger ...
2021-05-12T23:34:29.854+0800	INFO	gin_web/2021_5_12_zap_定制_logger.go:87	test logger ...
2021-05-12T23:34:29.854+0800	INFO	gin_web/2021_5_12_zap_定制_logger.go:87	test logger ...
2021-05-12T23:34:29.854+0800	INFO	gin_web/2021_5_12_zap_定制_logger.go:87	test logger ...
2021-05-12T23:34:29.854+0800	INFO	gin_web/2021_5_12_zap_定制_logger.go:87	test logger ...
2021-05-12T23:34:29.854+0800	INFO	gin_web/2021_5_12_zap_定制_logger.go:87	test logger ...
2021-05-12T23:34:29.854+0800	INFO	gin_web/2021_5_12_zap_定制_logger.go:87	test logger ...
2021-05-12T23:34:29.854+0800	INFO	gin_web/2021_5_12_zap_定制_logger.go:87	test logger ...
2021-05-12T23:34:29.855+0800	INFO	gin_web/2021_5_12_zap_定制_logger.go:87	test logger ...
2021-05-12T23:34:29.855+0800	INFO	gin_web/2021_5_12_zap_定制_logger.go:87	test logger ...
2021-05-12T23:34:29.855+0800	INFO	gin_web/2021_5_12_zap_定制_logger.go:87	test logger ...
2021-05-12T23:34:29.855+0800	INFO	gin_web/2021_5_12_zap_定制_logger.go:87	test logger ...
2021-05-12T23:34:29.855+0800	INFO	gin_web/2021_5_12_zap_定制_logger.go:87	test logger ...
2021-05-12T23:34:29.855+0800	INFO	gin_web/2021_5_12_zap_定制_logger.go:87	test logger ...
2021-05-12T23:34:29.855+0800	INFO	gin_web/2021_5_12_zap_定制_logger.go:87	test logger ...
2021-05-12T23:34:29.855+0800	INFO	gin_web/2021_5_12_zap_定制_logger.go:87	test logger ...
2021-05-12T23:34:29.855+0800	INFO	gin_web/2021_5_12_zap_定制_logger.go:87	test logger ...
2021-05-12T23:34:29.855+0800	INFO	gin_web/2021_5_12_zap_定制_logger.go:87	test logger ...
2021-05-12T23:34:29.855+0800	INFO	gin_web/2021_5_12_zap_定制_logger.go:87	test logger ...
2021-05-12T23:34:29.855+0800	INFO	gin_web/2021_5_12_zap_定制_logger.go:87	test logger ...
2021-05-12T23:34:29.855+0800	INFO	gin_web/2021_5_12_zap_定制_logger.go:87	test logger ...
2021-05-12T23:34:29.855+0800	INFO	gin_web/2021_5_12_zap_定制_logger.go:87	test logger ...
2021-05-12T23:34:29.855+0800	INFO	gin_web/2021_5_12_zap_定制_logger.go:87	test logger ...
2021-05-12T23:34:29.855+0800	INFO	gin_web/2021_5_12_zap_定制_logger.go:87	test logger ...
2021-05-12T23:34:29.855+0800	INFO	gin_web/2021_5_12_zap_定制_logger.go:87	test logger ...
2021-05-12T23:34:29.855+0800	INFO	gin_web/2021_5_12_zap_定制_logger.go:87	test logger ...
2021-05-12T23:34:29.855+0800	INFO	gin_web/2021_5_12_zap_定制_logger.go:87	test logger ...
2021-05-12T23:34:29.855+0800	INFO	gin_web/2021_5_12_zap_定制_logger.go:87	test logger ...
2021-05-12T23:34:29.855+0800	INFO	gin_web/2021_5_12_zap_定制_logger.go:87	test logger ...
2021-05-12T23:34:29.855+0800	INFO	gin_web/2021_5_12_zap_定制_logger.go:87	test logger ...
2021-05-12T23:34:29.855+0800	INFO	gin_web/2021_5_12_zap_定制_logger.go:87	test logger ...
2021-05-12T23:34:29.855+0800	INFO	gin_web/2021_5_12_zap_定制_logger.go:87	test logger ...
2021-05-12T23:34:29.855+0800	INFO	gin_web/2021_5_12_zap_定制_logger.go:87	test logger ...
2021-05-12T23:34:29.855+0800	INFO	gin_web/2021_5_12_zap_定制_logger.go:87	test logger ...
2021-05-12T23:34:29.855+0800	INFO	gin_web/2021_5_12_zap_定制_logger.go:87	test logger ...
2021-05-12T23:34:29.855+0800	INFO	gin_web/2021_5_12_zap_定制_logger.go:87	test logger ...
2021-05-12T23:34:29.855+0800	INFO	gin_web/2021_5_12_zap_定制_logger.go:87	test logger ...
2021-05-12T23:34:29.855+0800	INFO	gin_web/2021_5_12_zap_定制_logger.go:87	test logger ...
2021-05-12T23:34:29.855+0800	INFO	gin_web/2021_5_12_zap_定制_logger.go:87	test logger ...
2021-05-12T23:34:29.855+0800	INFO	gin_web/2021_5_12_zap_定制_logger.go:87	test logger ...
2021-05-12T23:34:29.855+0800	INFO	gin_web/2021_5_12_zap_定制_logger.go:87	test logger ...
2021-05-12T23:34:29.855+0800	INFO	gin_web/2021_5_12_zap_定制_logger.go:87	test logger ...
2021-05-12T23:34:29.855+0800	INFO	gin_web/2021_5_12_zap_定制_logger.go:87	test logger ...
2021-05-12T23:34:29.855+0800	INFO	gin_web/2021_5_12_zap_定制_logger.go:87	test logger ...
2021-05-12T23:34:29.855+0800	INFO	gin_web/2021_5_12_zap_定制_logger.go:87	test logger ...
2021-05-12T23:34:29.855+0800	INFO	gin_web/2021_5_12_zap_定制_logger.go:87	test logger ...
2021-05-12T23:34:29.855+0800	INFO	gin_web/2021_5_12_zap_定制_logger.go:87	test logger ...
2021-05-12T23:34:29.855+0800	INFO	gin_web/2021_5_12_zap_定制_logger.go:87	test logger ...
2021-05-12T23:34:29.855+0800	INFO	gin_web/2021_5_12_zap_定制_logger.go:87	test logger ...
2021-05-12T23:34:29.855+0800	INFO	gin_web/2021_5_12_zap_定制_logger.go:87	test logger ...
2021-05-12T23:34:29.855+0800	INFO	gin_web/2021_5_12_zap_定制_logger.go:87	test logger ...
2021-05-12T23:34:29.855+0800	INFO	gin_web/2021_5_12_zap_定制_logger.go:87	test logger ...
2021-05-12T23:34:29.855+0800	INFO	gin_web/2021_5_12_zap_定制_logger.go:87	test logger ...
2021-05-12T23:34:29.855+0800	INFO	gin_web/2021_5_12_zap_定制_logger.go:87	test logger ...
2021-05-12T23:34:29.855+0800	INFO	gin_web/2021_5_12_zap_定制_logger.go:87	test logger ...
2021-05-12T23:34:29.855+0800	INFO	gin_web/2021_5_12_zap_定制_logger.go:87	test logger ...
2021-05-12T23:34:29.855+0800	INFO	gin_web/2021_5_12_zap_定制_logger.go:87	test logger ...
2021-05-12T23:34:29.855+0800	INFO	gin_web/2021_5_12_zap_定制_logger.go:87	test logger ...
2021-05-12T23:34:29.855+0800	INFO	gin_web/2021_5_12_zap_定制_logger.go:87	test logger ...
2021-05-12T23:34:29.855+0800	INFO	gin_web/2021_5_12_zap_定制_logger.go:87	test logger ...
2021-05-12T23:34:29.855+0800	INFO	gin_web/2021_5_12_zap_定制_logger.go:87	test logger ...
2021-05-12T23:34:29.855+0800	INFO	gin_web/2021_5_12_zap_定制_logger.go:87	test logger ...
2021-05-12T23:34:29.855+0800	INFO	gin_web/2021_5_12_zap_定制_logger.go:87	test logger ...
2021-05-12T23:34:29.855+0800	INFO	gin_web/2021_5_12_zap_定制_logger.go:87	test logger ...
2021-05-12T23:34:29.855+0800	INFO	gin_web/2021_5_12_zap_定制_logger.go:87	test logger ...
2021-05-12T23:34:29.855+0800	INFO	gin_web/2021_5_12_zap_定制_logger.go:87	test logger ...
2021-05-12T23:34:29.855+0800	INFO	gin_web/2021_5_12_zap_定制_logger.go:87	test logger ...
2021-05-12T23:34:29.855+0800	INFO	gin_web/2021_5_12_zap_定制_logger.go:87	test logger ...
2021-05-12T23:34:29.855+0800	INFO	gin_web/2021_5_12_zap_定制_logger.go:87	test logger ...
2021-05-12T23:34:29.855+0800	INFO	gin_web/2021_5_12_zap_定制_logger.go:87	test logger ...
2021-05-12T23:34:29.855+0800	INFO	gin_web/2021_5_12_zap_定制_logger.go:87	test logger ...
2021-05-12T23:34:29.855+0800	INFO	gin_web/2021_5_12_zap_定制_logger.go:87	test logger ...
2021-05-12T23:34:29.855+0800	INFO	gin_web/2021_5_12_zap_定制_logger.go:87	test logger ...
2021-05-12T23:34:29.855+0800	INFO	gin_web/2021_5_12_zap_定制_logger.go:87	test logger ...
2021-05-12T23:34:29.855+0800	INFO	gin_web/2021_5_12_zap_定制_logger.go:87	test logger ...
2021-05-12T23:34:29.855+0800	INFO	gin_web/2021_5_12_zap_定制_logger.go:87	test logger ...
2021-05-12T23:34:29.855+0800	INFO	gin_web/2021_5_12_zap_定制_logger.go:87	test logger ...
2021-05-12T23:34:29.855+0800	INFO	gin_web/2021_5_12_zap_定制_logger.go:87	test logger ...
2021-05-12T23:34:29.855+0800	INFO	gin_web/2021_5_12_zap_定制_logger.go:87	test logger ...
2021-05-12T23:34:29.855+0800	INFO	gin_web/2021_5_12_zap_定制_logger.go:87	test logger ...
2021-05-12T23:34:29.855+0800	INFO	gin_web/2021_5_12_zap_定制_logger.go:87	test logger ...
2021-05-12T23:34:29.855+0800	INFO	gin_web/2021_5_12_zap_定制_logger.go:87	test logger ...
2021-05-12T23:34:29.855+0800	INFO	gin_web/2021_5_12_zap_定制_logger.go:87	test logger ...
2021-05-12T23:34:29.855+0800	INFO	gin_web/2021_5_12_zap_定制_logger.go:87	test logger ...
2021-05-12T23:34:29.855+0800	INFO	gin_web/2021_5_12_zap_定制_logger.go:87	test logger ...
2021-05-12T23:34:29.855+0800	INFO	gin_web/2021_5_12_zap_定制_logger.go:87	test logger ...
2021-05-12T23:34:29.855+0800	INFO	gin_web/2021_5_12_zap_定制_logger.go:87	test logger ...
2021-05-12T23:34:29.855+0800	INFO	gin_web/2021_5_12_zap_定制_logger.go:87	test logger ...
2021-05-12T23:34:29.855+0800	INFO	gin_web/2021_5_12_zap_定制_logger.go:87	test logger ...
2021-05-12T23:34:29.855+0800	INFO	gin_web/2021_5_12_zap_定制_logger.go:87	test logger ...
2021-05-12T23:34:29.855+0800	INFO	gin_web/2021_5_12_zap_定制_logger.go:87	test logger ...
2021-05-12T23:34:29.855+0800	INFO	gin_web/2021_5_12_zap_定制_logger.go:87	test logger ...
2021-05-12T23:34:29.855+0800	INFO	gin_web/2021_5_12_zap_定制_logger.go:87	test logger ...
2021-05-12T23:34:29.855+0800	INFO	gin_web/2021_5_12_zap_定制_logger.go:87	test logger ...
2021-05-12T23:34:29.855+0800	INFO	gin_web/2021_5_12_zap_定制_logger.go:87	test logger ...
2021-05-12T23:34:29.855+0800	INFO	gin_web/2021_5_12_zap_定制_logger.go:87	test logger ...
2021-05-12T23:34:29.855+0800	INFO	gin_web/2021_5_12_zap_定制_logger.go:87	test logger ...
2021-05-12T23:34:29.855+0800	INFO	gin_web/2021_5_12_zap_定制_logger.go:87	test logger ...
2021-05-12T23:34:29.855+0800	INFO	gin_web/2021_5_12_zap_定制_logger.go:87	test logger ...
2021-05-12T23:34:29.855+0800	INFO	gin_web/2021_5_12_zap_定制_logger.go:87	test logger ...
2021-05-12T23:34:29.855+0800	INFO	gin_web/2021_5_12_zap_定制_logger.go:87	test logger ...
2021-05-12T23:34:29.855+0800	INFO	gin_web/2021_5_12_zap_定制_logger.go:87	test logger ...
2021-05-12T23:34:29.855+0800	INFO	gin_web/2021_5_12_zap_定制_logger.go:87	test logger ...
2021-05-12T23:34:29.855+0800	INFO	gin_web/2021_5_12_zap_定制_logger.go:87	test logger ...
2021-05-12T23:34:29.855+0800	INFO	gin_web/2021_5_12_zap_定制_logger.go:87	test logger ...
2021-05-12T23:34:29.855+0800	INFO	gin_web/2021_5_12_zap_定制_logger.go:87	test logger ...
2021-05-12T23:34:29.855+0800	INFO	gin_web/2021_5_12_zap_定制_logger.go:87	test logger ...
2021-05-12T23:34:29.855+0800	INFO	gin_web/2021_5_12_zap_定制_logger.go:87	test logger ...
2021-05-12T23:34:29.855+0800	INFO	gin_web/2021_5_12_zap_定制_logger.go:87	test logger ...
2021-05-12T23:34:29.856+0800	INFO	gin_web/2021_5_12_zap_定制_logger.go:87	test logger ...
2021-05-12T23:34:29.856+0800	INFO	gin_web/2021_5_12_zap_定制_logger.go:87	test logger ...
2021-05-12T23:34:29.856+0800	INFO	gin_web/2021_5_12_zap_定制_logger.go:87	test logger ...
2021-05-12T23:34:29.856+0800	INFO	gin_web/2021_5_12_zap_定制_logger.go:87	test logger ...
2021-05-12T23:34:29.856+0800	INFO	gin_web/2021_5_12_zap_定制_logger.go:87	test logger ...
2021-05-12T23:34:29.856+0800	INFO	gin_web/2021_5_12_zap_定制_logger.go:87	test logger ...
2021-05-12T23:34:29.856+0800	INFO	gin_web/2021_5_12_zap_定制_logger.go:87	test logger ...
2021-05-12T23:34:29.856+0800	INFO	gin_web/2021_5_12_zap_定制_logger.go:87	test logger ...
2021-05-12T23:34:29.856+0800	INFO	gin_web/2021_5_12_zap_定制_logger.go:87	test logger ...
2021-05-12T23:34:29.856+0800	INFO	gin_web/2021_5_12_zap_定制_logger.go:87	test logger ...
2021-05-12T23:34:29.856+0800	INFO	gin_web/2021_5_12_zap_定制_logger.go:87	test logger ...
2021-05-12T23:34:29.856+0800	INFO	gin_web/2021_5_12_zap_定制_logger.go:87	test logger ...
2021-05-12T23:34:29.856+0800	INFO	gin_web/2021_5_12_zap_定制_logger.go:87	test logger ...
2021-05-12T23:34:29.856+0800	INFO	gin_web/2021_5_12_zap_定制_logger.go:87	test logger ...
2021-05-12T23:34:29.856+0800	INFO	gin_web/2021_5_12_zap_定制_logger.go:87	test logger ...
2021-05-12T23:34:29.856+0800	INFO	gin_web/2021_5_12_zap_定制_logger.go:87	test logger ...
2021-05-12T23:34:29.856+0800	INFO	gin_web/2021_5_12_zap_定制_logger.go:87	test logger ...
2021-05-12T23:34:29.856+0800	INFO	gin_web/2021_5_12_zap_定制_logger.go:87	test logger ...
2021-05-12T23:34:29.856+0800	INFO	gin_web/2021_5_12_zap_定制_logger.go:87	test logger ...
2021-05-12T23:34:29.856+0800	INFO	gin_web/2021_5_12_zap_定制_logger.go:87	test logger ...
2021-05-12T23:34:29.856+0800	INFO	gin_web/2021_5_12_zap_定制_logger.go:87	test logger ...
2021-05-12T23:34:29.856+0800	INFO	gin_web/2021_5_12_zap_定制_logger.go:87	test logger ...
2021-05-12T23:34:29.856+0800	INFO	gin_web/2021_5_12_zap_定制_logger.go:87	test logger ...
2021-05-12T23:34:29.856+0800	INFO	gin_web/2021_5_12_zap_定制_logger.go:87	test logger ...
2021-05-12T23:34:29.856+0800	INFO	gin_web/2021_5_12_zap_定制_logger.go:87	test logger ...
2021-05-12T23:34:29.856+0800	INFO	gin_web/2021_5_12_zap_定制_logger.go:87	test logger ...
2021-05-12T23:34:29.856+0800	INFO	gin_web/2021_5_12_zap_定制_logger.go:87	test logger ...
2021-05-12T23:34:29.856+0800	INFO	gin_web/2021_5_12_zap_定制_logger.go:87	test logger ...
2021-05-12T23:34:29.856+0800	INFO	gin_web/2021_5_12_zap_定制_logger.go:87	test logger ...
2021-05-12T23:34:29.856+0800	INFO	gin_web/2021_5_12_zap_定制_logger.go:87	test logger ...
2021-05-12T23:34:29.856+0800	INFO	gin_web/2021_5_12_zap_定制_logger.go:87	test logger ...
2021-05-12T23:34:29.856+0800	INFO	gin_web/2021_5_12_zap_定制_logger.go:87	test logger ...
2021-05-12T23:34:29.856+0800	INFO	gin_web/2021_5_12_zap_定制_logger.go:87	test logger ...
2021-05-12T23:34:29.856+0800	INFO	gin_web/2021_5_12_zap_定制_logger.go:87	test logger ...
2021-05-12T23:34:29.856+0800	INFO	gin_web/2021_5_12_zap_定制_logger.go:87	test logger ...
2021-05-12T23:34:29.856+0800	INFO	gin_web/2021_5_12_zap_定制_logger.go:87	test logger ...
2021-05-12T23:34:29.856+0800	INFO	gin_web/2021_5_12_zap_定制_logger.go:87	test logger ...
2021-05-12T23:34:29.856+0800	INFO	gin_web/2021_5_12_zap_定制_logger.go:87	test logger ...
2021-05-12T23:34:29.856+0800	INFO	gin_web/2021_5_12_zap_定制_logger.go:87	test logger ...
2021-05-12T23:34:29.856+0800	INFO	gin_web/2021_5_12_zap_定制_logger.go:87	test logger ...
2021-05-12T23:34:29.856+0800	INFO	gin_web/2021_5_12_zap_定制_logger.go:87	test logger ...
2021-05-12T23:34:29.856+0800	INFO	gin_web/2021_5_12_zap_定制_logger.go:87	test logger ...
2021-05-12T23:34:29.856+0800	INFO	gin_web/2021_5_12_zap_定制_logger.go:87	test logger ...
2021-05-12T23:34:29.856+0800	INFO	gin_web/2021_5_12_zap_定制_logger.go:87	test logger ...
2021-05-12T23:34:29.856+0800	INFO	gin_web/2021_5_12_zap_定制_logger.go:87	test logger ...
2021-05-12T23:34:29.856+0800	INFO	gin_web/2021_5_12_zap_定制_logger.go:87	test logger ...
2021-05-12T23:34:29.856+0800	INFO	gin_web/2021_5_12_zap_定制_logger.go:87	test logger ...
2021-05-12T23:34:29.856+0800	INFO	gin_web/2021_5_12_zap_定制_logger.go:87	test logger ...
2021-05-12T23:34:29.856+0800	INFO	gin_web/2021_5_12_zap_定制_logger.go:87	test logger ...
2021-05-12T23:34:29.856+0800	INFO	gin_web/2021_5_12_zap_定制_logger.go:87	test logger ...
2021-05-12T23:34:29.856+0800	INFO	gin_web/2021_5_12_zap_定制_logger.go:87	test logger ...
2021-05-12T23:34:29.856+0800	INFO	gin_web/2021_5_12_zap_定制_logger.go:87	test logger ...
2021-05-12T23:34:29.856+0800	INFO	gin_web/2021_5_12_zap_定制_logger.go:87	test logger ...
2021-05-12T23:34:29.856+0800	INFO	gin_web/2021_5_12_zap_定制_logger.go:87	test logger ...
2021-05-12T23:34:29.856+0800	INFO	gin_web/2021_5_12_zap_定制_logger.go:87	test logger ...
2021-05-12T23:34:29.856+0800	INFO	gin_web/2021_5_12_zap_定制_logger.go:87	test logger ...
2021-05-12T23:34:29.856+0800	INFO	gin_web/2021_5_12_zap_定制_logger.go:87	test logger ...
2021-05-12T23:34:29.856+0800	INFO	gin_web/2021_5_12_zap_定制_logger.go:87	test logger ...
2021-05-12T23:34:29.856+0800	INFO	gin_web/2021_5_12_zap_定制_logger.go:87	test logger ...
2021-05-12T23:34:29.856+0800	INFO	gin_web/2021_5_12_zap_定制_logger.go:87	test logger ...
2021-05-12T23:34:29.856+0800	INFO	gin_web/2021_5_12_zap_定制_logger.go:87	test logger ...
2021-05-12T23:34:29.856+0800	INFO	gin_web/2021_5_12_zap_定制_logger.go:87	test logger ...
2021-05-12T23:34:29.856+0800	INFO	gin_web/2021_5_12_zap_定制_logger.go:87	test logger ...
2021-05-12T23:34:29.856+0800	INFO	gin_web/2021_5_12_zap_定制_logger.go:87	test logger ...
2021-05-12T23:34:29.856+0800	INFO	gin_web/2021_5_12_zap_定制_logger.go:87	test logger ...
2021-05-12T23:34:29.856+0800	INFO	gin_web/2021_5_12_zap_定制_logger.go:87	test logger ...
2021-05-12T23:34:29.856+0800	INFO	gin_web/2021_5_12_zap_定制_logger.go:87	test logger ...
2021-05-12T23:34:29.856+0800	INFO	gin_web/2021_5_12_zap_定制_logger.go:87	test logger ...
2021-05-12T23:34:29.856+0800	INFO	gin_web/2021_5_12_zap_定制_logger.go:87	test logger ...
2021-05-12T23:34:29.856+0800	INFO	gin_web/2021_5_12_zap_定制_logger.go:87	test logger ...
2021-05-12T23:34:29.856+0800	INFO	gin_web/2021_5_12_zap_定制_logger.go:87	test logger ...
2021-05-12T23:34:29.856+0800	INFO	gin_web/2021_5_12_zap_定制_logger.go:87	test logger ...
2021-05-12T23:34:29.856+0800	INFO	gin_web/2021_5_12_zap_定制_logger.go:87	test logger ...
2021-05-12T23:34:29.856+0800	INFO	gin_web/2021_5_12_zap_定制_logger.go:87	test logger ...
2021-05-12T23:34:29.856+0800	INFO	gin_web/2021_5_12_zap_定制_logger.go:87	test logger ...
2021-05-12T23:34:29.856+0800	INFO	gin_web/2021_5_12_zap_定制_logger.go:87	test logger ...
2021-05-12T23:34:29.856+0800	INFO	gin_web/2021_5_12_zap_定制_logger.go:87	test logger ...
2021-05-12T23:34:29.856+0800	INFO	gin_web/2021_5_12_zap_定制_logger.go:87	test logger ...
2021-05-12T23:34:29.856+0800	INFO	gin_web/2021_5_12_zap_定制_logger.go:87	test logger ...
2021-05-12T23:34:29.856+0800	INFO	gin_web/2021_5_12_zap_定制_logger.go:87	test logger ...
2021-05-12T23:34:29.856+0800	INFO	gin_web/2021_5_12_zap_定制_logger.go:87	test logger ...
2021-05-12T23:34:29.856+0800	INFO	gin_web/2021_5_12_zap_定制_logger.go:87	test logger ...
2021-05-12T23:34:29.856+0800	INFO	gin_web/2021_5_12_zap_定制_logger.go:87	test logger ...
2021-05-12T23:34:29.856+0800	INFO	gin_web/2021_5_12_zap_定制_logger.go:87	test logger ...
2021-05-12T23:34:29.856+0800	INFO	gin_web/2021_5_12_zap_定制_logger.go:87	test logger ...
2021-05-12T23:34:29.856+0800	INFO	gin_web/2021_5_12_zap_定制_logger.go:87	test logger ...
2021-05-12T23:34:29.856+0800	INFO	gin_web/2021_5_12_zap_定制_logger.go:87	test logger ...
2021-05-12T23:34:29.856+0800	INFO	gin_web/2021_5_12_zap_定制_logger.go:87	test logger ...
2021-05-12T23:34:29.856+0800	INFO	gin_web/2021_5_12_zap_定制_logger.go:87	test logger ...
2021-05-12T23:34:29.856+0800	INFO	gin_web/2021_5_12_zap_定制_logger.go:87	test logger ...
2021-05-12T23:34:29.856+0800	INFO	gin_web/2021_5_12_zap_定制_logger.go:87	test logger ...
2021-05-12T23:34:29.856+0800	INFO	gin_web/2021_5_12_zap_定制_logger.go:87	test logger ...
2021-05-12T23:34:29.856+0800	INFO	gin_web/2021_5_12_zap_定制_logger.go:87	test logger ...
2021-05-12T23:34:29.856+0800	INFO	gin_web/2021_5_12_zap_定制_logger.go:87	test logger ...
2021-05-12T23:34:29.856+0800	INFO	gin_web/2021_5_12_zap_定制_logger.go:87	test logger ...
2021-05-12T23:34:29.856+0800	INFO	gin_web/2021_5_12_zap_定制_logger.go:87	test logger ...
2021-05-12T23:34:29.856+0800	INFO	gin_web/2021_5_12_zap_定制_logger.go:87	test logger ...
2021-05-12T23:34:29.856+0800	INFO	gin_web/2021_5_12_zap_定制_logger.go:87	test logger ...
2021-05-12T23:34:29.856+0800	INFO	gin_web/2021_5_12_zap_定制_logger.go:87	test logger ...
2021-05-12T23:34:29.856+0800	INFO	gin_web/2021_5_12_zap_定制_logger.go:87	test logger ...
2021-05-12T23:34:29.856+0800	INFO	gin_web/2021_5_12_zap_定制_logger.go:87	test logger ...
2021-05-12T23:34:29.857+0800	INFO	gin_web/2021_5_12_zap_定制_logger.go:87	test logger ...
2021-05-12T23:34:29.857+0800	INFO	gin_web/2021_5_12_zap_定制_logger.go:87	test logger ...
2021-05-12T23:34:29.857+0800	INFO	gin_web/2021_5_12_zap_定制_logger.go:87	test logger ...
2021-05-12T23:34:29.857+0800	INFO	gin_web/2021_5_12_zap_定制_logger.go:87	test logger ...
2021-05-12T23:34:29.857+0800	INFO	gin_web/2021_5_12_zap_定制_logger.go:87	test logger ...
2021-05-12T23:34:29.857+0800	INFO	gin_web/2021_5_12_zap_定制_logger.go:87	test logger ...
2021-05-12T23:34:29.857+0800	INFO	gin_web/2021_5_12_zap_定制_logger.go:87	test logger ...
2021-05-12T23:34:29.857+0800	INFO	gin_web/2021_5_12_zap_定制_logger.go:87	test logger ...
2021-05-12T23:34:29.857+0800	INFO	gin_web/2021_5_12_zap_定制_logger.go:87	test logger ...
2021-05-12T23:34:29.857+0800	INFO	gin_web/2021_5_12_zap_定制_logger.go:87	test logger ...
2021-05-12T23:34:29.857+0800	INFO	gin_web/2021_5_12_zap_定制_logger.go:87	test logger ...
2021-05-12T23:34:29.857+0800	INFO	gin_web/2021_5_12_zap_定制_logger.go:87	test logger ...
2021-05-12T23:34:29.857+0800	INFO	gin_web/2021_5_12_zap_定制_logger.go:87	test logger ...
2021-05-12T23:34:29.857+0800	INFO	gin_web/2021_5_12_zap_定制_logger.go:87	test logger ...
2021-05-12T23:34:29.857+0800	INFO	gin_web/2021_5_12_zap_定制_logger.go:87	test logger ...
2021-05-12T23:34:29.857+0800	INFO	gin_web/2021_5_12_zap_定制_logger.go:87	test logger ...
2021-05-12T23:34:29.857+0800	INFO	gin_web/2021_5_12_zap_定制_logger.go:87	test logger ...
2021-05-12T23:34:29.857+0800	INFO	gin_web/2021_5_12_zap_定制_logger.go:87	test logger ...
2021-05-12T23:34:29.857+0800	INFO	gin_web/2021_5_12_zap_定制_logger.go:87	test logger ...
2021-05-12T23:34:29.857+0800	INFO	gin_web/2021_5_12_zap_定制_logger.go:87	test logger ...
2021-05-12T23:34:29.857+0800	INFO	gin_web/2021_5_12_zap_定制_logger.go:87	test logger ...
2021-05-12T23:34:29.857+0800	INFO	gin_web/2021_5_12_zap_定制_logger.go:87	test logger ...
2021-05-12T23:34:29.857+0800	INFO	gin_web/2021_5_12_zap_定制_logger.go:87	test logger ...
2021-05-12T23:34:29.857+0800	INFO	gin_web/2021_5_12_zap_定制_logger.go:87	test logger ...
2021-05-12T23:34:29.857+0800	INFO	gin_web/2021_5_12_zap_定制_logger.go:87	test logger ...
2021-05-12T23:34:29.857+0800	INFO	gin_web/2021_5_12_zap_定制_logger.go:87	test logger ...
2021-05-12T23:34:29.857+0800	INFO	gin_web/2021_5_12_zap_定制_logger.go:87	test logger ...
2021-05-12T23:34:29.857+0800	INFO	gin_web/2021_5_12_zap_定制_logger.go:87	test logger ...
2021-05-12T23:34:29.857+0800	INFO	gin_web/2021_5_12_zap_定制_logger.go:87	test logger ...
2021-05-12T23:34:29.857+0800	INFO	gin_web/2021_5_12_zap_定制_logger.go:87	test logger ...
2021-05-12T23:34:29.857+0800	INFO	gin_web/2021_5_12_zap_定制_logger.go:87	test logger ...
2021-05-12T23:34:29.857+0800	INFO	gin_web/2021_5_12_zap_定制_logger.go:87	test logger ...
2021-05-12T23:34:29.857+0800	INFO	gin_web/2021_5_12_zap_定制_logger.go:87	test logger ...
2021-05-12T23:34:29.857+0800	INFO	gin_web/2021_5_12_zap_定制_logger.go:87	test logger ...
2021-05-12T23:34:29.857+0800	INFO	gin_web/2021_5_12_zap_定制_logger.go:87	test logger ...
2021-05-12T23:34:29.857+0800	INFO	gin_web/2021_5_12_zap_定制_logger.go:87	test logger ...
2021-05-12T23:34:29.857+0800	INFO	gin_web/2021_5_12_zap_定制_logger.go:87	test logger ...
2021-05-12T23:34:29.857+0800	INFO	gin_web/2021_5_12_zap_定制_logger.go:87	test logger ...
2021-05-12T23:34:29.857+0800	INFO	gin_web/2021_5_12_zap_定制_logger.go:87	test logger ...
2021-05-12T23:34:29.857+0800	INFO	gin_web/2021_5_12_zap_定制_logger.go:87	test logger ...
2021-05-12T23:34:29.857+0800	INFO	gin_web/2021_5_12_zap_定制_logger.go:87	test logger ...
2021-05-12T23:34:29.857+0800	INFO	gin_web/2021_5_12_zap_定制_logger.go:87	test logger ...
2021-05-12T23:34:29.857+0800	INFO	gin_web/2021_5_12_zap_定制_logger.go:87	test logger ...
2021-05-12T23:34:29.857+0800	INFO	gin_web/2021_5_12_zap_定制_logger.go:87	test logger ...
2021-05-12T23:34:29.857+0800	INFO	gin_web/2021_5_12_zap_定制_logger.go:87	test logger ...
2021-05-12T23:34:29.857+0800	INFO	gin_web/2021_5_12_zap_定制_logger.go:87	test logger ...
2021-05-12T23:34:29.857+0800	INFO	gin_web/2021_5_12_zap_定制_logger.go:87	test logger ...
2021-05-12T23:34:29.857+0800	INFO	gin_web/2021_5_12_zap_定制_logger.go:87	test logger ...
2021-05-12T23:34:29.857+0800	INFO	gin_web/2021_5_12_zap_定制_logger.go:87	test logger ...
2021-05-12T23:34:29.858+0800	INFO	gin_web/2021_5_12_zap_定制_logger.go:87	test logger ...
2021-05-12T23:34:29.858+0800	INFO	gin_web/2021_5_12_zap_定制_logger.go:87	test logger ...
2021-05-12T23:34:29.858+0800	INFO	gin_web/2021_5_12_zap_定制_logger.go:87	test logger ...
2021-05-12T23:34:29.858+0800	INFO	gin_web/2021_5_12_zap_定制_logger.go:87	test logger ...
2021-05-12T23:34:29.858+0800	INFO	gin_web/2021_5_12_zap_定制_logger.go:87	test logger ...
2021-05-12T23:34:29.858+0800	INFO	gin_web/2021_5_12_zap_定制_logger.go:87	test logger ...
2021-05-12T23:34:29.858+0800	INFO	gin_web/2021_5_12_zap_定制_logger.go:87	test logger ...
2021-05-12T23:34:29.858+0800	INFO	gin_web/2021_5_12_zap_定制_logger.go:87	test logger ...
2021-05-12T23:34:29.858+0800	INFO	gin_web/2021_5_12_zap_定制_logger.go:87	test logger ...
2021-05-12T23:34:29.858+0800	INFO	gin_web/2021_5_12_zap_定制_logger.go:87	test logger ...
2021-05-12T23:34:29.858+0800	INFO	gin_web/2021_5_12_zap_定制_logger.go:87	test logger ...
2021-05-12T23:34:29.858+0800	INFO	gin_web/2021_5_12_zap_定制_logger.go:87	test logger ...
2021-05-12T23:34:29.858+0800	INFO	gin_web/2021_5_12_zap_定制_logger.go:87	test logger ...
2021-05-12T23:34:29.858+0800	INFO	gin_web/2021_5_12_zap_定制_logger.go:87	test logger ...
2021-05-12T23:34:29.858+0800	INFO	gin_web/2021_5_12_zap_定制_logger.go:87	test logger ...
2021-05-12T23:34:29.858+0800	INFO	gin_web/2021_5_12_zap_定制_logger.go:87	test logger ...
2021-05-12T23:34:29.858+0800	INFO	gin_web/2021_5_12_zap_定制_logger.go:87	test logger ...
2021-05-12T23:34:29.858+0800	INFO	gin_web/2021_5_12_zap_定制_logger.go:87	test logger ...
2021-05-12T23:34:29.858+0800	INFO	gin_web/2021_5_12_zap_定制_logger.go:87	test logger ...
2021-05-12T23:34:29.858+0800	INFO	gin_web/2021_5_12_zap_定制_logger.go:87	test logger ...
2021-05-12T23:34:29.858+0800	INFO	gin_web/2021_5_12_zap_定制_logger.go:87	test logger ...
2021-05-12T23:34:29.858+0800	INFO	gin_web/2021_5_12_zap_定制_logger.go:87	test logger ...
2021-05-12T23:34:29.858+0800	INFO	gin_web/2021_5_12_zap_定制_logger.go:87	test logger ...
2021-05-12T23:34:29.858+0800	INFO	gin_web/2021_5_12_zap_定制_logger.go:87	test logger ...
2021-05-12T23:34:29.858+0800	INFO	gin_web/2021_5_12_zap_定制_logger.go:87	test logger ...
2021-05-12T23:34:29.858+0800	INFO	gin_web/2021_5_12_zap_定制_logger.go:87	test logger ...
2021-05-12T23:34:29.858+0800	INFO	gin_web/2021_5_12_zap_定制_logger.go:87	test logger ...
2021-05-12T23:34:29.858+0800	INFO	gin_web/2021_5_12_zap_定制_logger.go:87	test logger ...
2021-05-12T23:34:29.858+0800	INFO	gin_web/2021_5_12_zap_定制_logger.go:87	test logger ...
2021-05-12T23:34:29.858+0800	INFO	gin_web/2021_5_12_zap_定制_logger.go:87	test logger ...
2021-05-12T23:34:29.858+0800	INFO	gin_web/2021_5_12_zap_定制_logger.go:87	test logger ...
2021-05-12T23:34:29.858+0800	INFO	gin_web/2021_5_12_zap_定制_logger.go:87	test logger ...
2021-05-12T23:34:29.858+0800	INFO	gin_web/2021_5_12_zap_定制_logger.go:87	test logger ...
2021-05-12T23:34:29.858+0800	INFO	gin_web/2021_5_12_zap_定制_logger.go:87	test logger ...
2021-05-12T23:34:29.858+0800	INFO	gin_web/2021_5_12_zap_定制_logger.go:87	test logger ...
2021-05-12T23:34:29.858+0800	INFO	gin_web/2021_5_12_zap_定制_logger.go:87	test logger ...
2021-05-12T23:34:29.858+0800	INFO	gin_web/2021_5_12_zap_定制_logger.go:87	test logger ...
2021-05-12T23:34:29.858+0800	INFO	gin_web/2021_5_12_zap_定制_logger.go:87	test logger ...
2021-05-12T23:34:29.858+0800	INFO	gin_web/2021_5_12_zap_定制_logger.go:87	test logger ...
2021-05-12T23:34:29.858+0800	INFO	gin_web/2021_5_12_zap_定制_logger.go:87	test logger ...
2021-05-12T23:34:29.858+0800	INFO	gin_web/2021_5_12_zap_定制_logger.go:87	test logger ...
2021-05-12T23:34:29.858+0800	INFO	gin_web/2021_5_12_zap_定制_logger.go:87	test logger ...
2021-05-12T23:34:29.858+0800	INFO	gin_web/2021_5_12_zap_定制_logger.go:87	test logger ...
2021-05-12T23:34:29.858+0800	INFO	gin_web/2021_5_12_zap_定制_logger.go:87	test logger ...
2021-05-12T23:34:29.858+0800	INFO	gin_web/2021_5_12_zap_定制_logger.go:87	test logger ...
2021-05-12T23:34:29.858+0800	INFO	gin_web/2021_5_12_zap_定制_logger.go:87	test logger ...
2021-05-12T23:34:29.858+0800	INFO	gin_web/2021_5_12_zap_定制_logger.go:87	test logger ...
2021-05-12T23:34:29.858+0800	INFO	gin_web/2021_5_12_zap_定制_logger.go:87	test logger ...
2021-05-12T23:34:29.858+0800	INFO	gin_web/2021_5_12_zap_定制_logger.go:87	test logger ...
2021-05-12T23:34:29.858+0800	INFO	gin_web/2021_5_12_zap_定制_logger.go:87	test logger ...
2021-05-12T23:34:29.858+0800	INFO	gin_web/2021_5_12_zap_定制_logger.go:87	test logger ...
2021-05-12T23:34:29.858+0800	INFO	gin_web/2021_5_12_zap_定制_logger.go:87	test logger ...
2021-05-12T23:34:29.858+0800	INFO	gin_web/2021_5_12_zap_定制_logger.go:87	test logger ...
2021-05-12T23:34:29.858+0800	INFO	gin_web/2021_5_12_zap_定制_logger.go:87	test logger ...
2021-05-12T23:34:29.858+0800	INFO	gin_web/2021_5_12_zap_定制_logger.go:87	test logger ...
2021-05-12T23:34:29.858+0800	INFO	gin_web/2021_5_12_zap_定制_logger.go:87	test logger ...
2021-05-12T23:34:29.858+0800	INFO	gin_web/2021_5_12_zap_定制_logger.go:87	test logger ...
2021-05-12T23:34:29.858+0800	INFO	gin_web/2021_5_12_zap_定制_logger.go:87	test logger ...
2021-05-12T23:34:29.858+0800	INFO	gin_web/2021_5_12_zap_定制_logger.go:87	test logger ...
2021-05-12T23:34:29.858+0800	INFO	gin_web/2021_5_12_zap_定制_logger.go:87	test logger ...
2021-05-12T23:34:29.858+0800	INFO	gin_web/2021_5_12_zap_定制_logger.go:87	test logger ...
2021-05-12T23:34:29.858+0800	INFO	gin_web/2021_5_12_zap_定制_logger.go:87	test logger ...
2021-05-12T23:34:29.858+0800	INFO	gin_web/2021_5_12_zap_定制_logger.go:87	test logger ...
2021-05-12T23:34:29.858+0800	INFO	gin_web/2021_5_12_zap_定制_logger.go:87	test logger ...
2021-05-12T23:34:29.858+0800	INFO	gin_web/2021_5_12_zap_定制_logger.go:87	test logger ...
2021-05-12T23:34:29.858+0800	INFO	gin_web/2021_5_12_zap_定制_logger.go:87	test logger ...
2021-05-12T23:34:29.858+0800	INFO	gin_web/2021_5_12_zap_定制_logger.go:87	test logger ...
2021-05-12T23:34:29.858+0800	INFO	gin_web/2021_5_12_zap_定制_logger.go:87	test logger ...
2021-05-12T23:34:29.858+0800	INFO	gin_web/2021_5_12_zap_定制_logger.go:87	test logger ...
2021-05-12T23:34:29.858+0800	INFO	gin_web/2021_5_12_zap_定制_logger.go:87	test logger ...
2021-05-12T23:34:29.858+0800	INFO	gin_web/2021_5_12_zap_定制_logger.go:87	test logger ...
2021-05-12T23:34:29.858+0800	INFO	gin_web/2021_5_12_zap_定制_logger.go:87	test logger ...
2021-05-12T23:34:29.858+0800	INFO	gin_web/2021_5_12_zap_定制_logger.go:87	test logger ...
2021-05-12T23:34:29.858+0800	INFO	gin_web/2021_5_12_zap_定制_logger.go:87	test logger ...
2021-05-12T23:34:29.858+0800	INFO	gin_web/2021_5_12_zap_定制_logger.go:87	test logger ...
2021-05-12T23:34:29.858+0800	INFO	gin_web/2021_5_12_zap_定制_logger.go:87	test logger ...
2021-05-12T23:34:29.858+0800	INFO	gin_web/2021_5_12_zap_定制_logger.go:87	test logger ...
2021-05-12T23:34:29.858+0800	INFO	gin_web/2021_5_12_zap_定制_logger.go:87	test logger ...
2021-05-12T23:34:29.858+0800	INFO	gin_web/2021_5_12_zap_定制_logger.go:87	test logger ...
2021-05-12T23:34:29.858+0800	INFO	gin_web/2021_5_12_zap_定制_logger.go:87	test logger ...
2021-05-12T23:34:29.858+0800	INFO	gin_web/2021_5_12_zap_定制_logger.go:87	test logger ...
2021-05-12T23:34:29.858+0800	INFO	gin_web/2021_5_12_zap_定制_logger.go:87	test logger ...
2021-05-12T23:34:29.858+0800	INFO	gin_web/2021_5_12_zap_定制_logger.go:87	test logger ...
2021-05-12T23:34:29.858+0800	INFO	gin_web/2021_5_12_zap_定制_logger.go:87	test logger ...
2021-05-12T23:34:29.858+0800	INFO	gin_web/2021_5_12_zap_定制_logger.go:87	test logger ...
2021-05-12T23:34:29.858+0800	INFO	gin_web/2021_5_12_zap_定制_logger.go:87	test logger ...
2021-05-12T23:34:29.858+0800	INFO	gin_web/2021_5_12_zap_定制_logger.go:87	test logger ...
2021-05-12T23:34:29.858+0800	INFO	gin_web/2021_5_12_zap_定制_logger.go:87	test logger ...
2021-05-12T23:34:29.858+0800	INFO	gin_web/2021_5_12_zap_定制_logger.go:87	test logger ...
2021-05-12T23:34:29.858+0800	INFO	gin_web/2021_5_12_zap_定制_logger.go:87	test logger ...
2021-05-12T23:34:29.858+0800	INFO	gin_web/2021_5_12_zap_定制_logger.go:87	test logger ...
2021-05-12T23:34:29.858+0800	INFO	gin_web/2021_5_12_zap_定制_logger.go:87	test logger ...
2021-05-12T23:34:29.858+0800	INFO	gin_web/2021_5_12_zap_定制_logger.go:87	test logger ...
2021-05-12T23:34:29.858+0800	INFO	gin_web/2021_5_12_zap_定制_logger.go:87	test logger ...
2021-05-12T23:34:29.858+0800	INFO	gin_web/2021_5_12_zap_定制_logger.go:87	test logger ...
2021-05-12T23:34:29.858+0800	INFO	gin_web/2021_5_12_zap_定制_logger.go:87	test logger ...
2021-05-12T23:34:29.858+0800	INFO	gin_web/2021_5_12_zap_定制_logger.go:87	test logger ...
2021-05-12T23:34:29.858+0800	INFO	gin_web/2021_5_12_zap_定制_logger.go:87	test logger ...
2021-05-12T23:34:29.858+0800	INFO	gin_web/2021_5_12_zap_定制_logger.go:87	test logger ...
2021-05-12T23:34:29.858+0800	INFO	gin_web/2021_5_12_zap_定制_logger.go:87	test logger ...
2021-05-12T23:34:29.858+0800	INFO	gin_web/2021_5_12_zap_定制_logger.go:87	test logger ...
2021-05-12T23:34:29.859+0800	INFO	gin_web/2021_5_12_zap_定制_logger.go:87	test logger ...
2021-05-12T23:34:29.859+0800	INFO	gin_web/2021_5_12_zap_定制_logger.go:87	test logger ...
2021-05-12T23:34:29.859+0800	INFO	gin_web/2021_5_12_zap_定制_logger.go:87	test logger ...
2021-05-12T23:34:29.859+0800	INFO	gin_web/2021_5_12_zap_定制_logger.go:87	test logger ...
2021-05-12T23:34:29.859+0800	INFO	gin_web/2021_5_12_zap_定制_logger.go:87	test logger ...
2021-05-12T23:34:29.859+0800	INFO	gin_web/2021_5_12_zap_定制_logger.go:87	test logger ...
2021-05-12T23:34:29.859+0800	INFO	gin_web/2021_5_12_zap_定制_logger.go:87	test logger ...
2021-05-12T23:34:29.859+0800	INFO	gin_web/2021_5_12_zap_定制_logger.go:87	test logger ...
2021-05-12T23:34:29.859+0800	INFO	gin_web/2021_5_12_zap_定制_logger.go:87	test logger ...
2021-05-12T23:34:29.859+0800	INFO	gin_web/2021_5_12_zap_定制_logger.go:87	test logger ...
2021-05-12T23:34:29.859+0800	INFO	gin_web/2021_5_12_zap_定制_logger.go:87	test logger ...
2021-05-12T23:34:29.859+0800	INFO	gin_web/2021_5_12_zap_定制_logger.go:87	test logger ...
2021-05-12T23:34:29.859+0800	INFO	gin_web/2021_5_12_zap_定制_logger.go:87	test logger ...
2021-05-12T23:34:29.859+0800	INFO	gin_web/2021_5_12_zap_定制_logger.go:87	test logger ...
2021-05-12T23:34:29.859+0800	INFO	gin_web/2021_5_12_zap_定制_logger.go:87	test logger ...
2021-05-12T23:34:29.859+0800	INFO	gin_web/2021_5_12_zap_定制_logger.go:87	test logger ...
2021-05-12T23:34:29.859+0800	INFO	gin_web/2021_5_12_zap_定制_logger.go:87	test logger ...
2021-05-12T23:34:29.859+0800	INFO	gin_web/2021_5_12_zap_定制_logger.go:87	test logger ...
2021-05-12T23:34:29.859+0800	INFO	gin_web/2021_5_12_zap_定制_logger.go:87	test logger ...
2021-05-12T23:34:29.859+0800	INFO	gin_web/2021_5_12_zap_定制_logger.go:87	test logger ...
2021-05-12T23:34:29.859+0800	INFO	gin_web/2021_5_12_zap_定制_logger.go:87	test logger ...
2021-05-12T23:34:29.859+0800	INFO	gin_web/2021_5_12_zap_定制_logger.go:87	test logger ...
2021-05-12T23:34:29.859+0800	INFO	gin_web/2021_5_12_zap_定制_logger.go:87	test logger ...
2021-05-12T23:34:29.859+0800	INFO	gin_web/2021_5_12_zap_定制_logger.go:87	test logger ...
2021-05-12T23:34:29.859+0800	INFO	gin_web/2021_5_12_zap_定制_logger.go:87	test logger ...
2021-05-12T23:34:29.859+0800	INFO	gin_web/2021_5_12_zap_定制_logger.go:87	test logger ...
2021-05-12T23:34:29.859+0800	INFO	gin_web/2021_5_12_zap_定制_logger.go:87	test logger ...
2021-05-12T23:34:29.859+0800	INFO	gin_web/2021_5_12_zap_定制_logger.go:87	test logger ...
2021-05-12T23:34:29.859+0800	INFO	gin_web/2021_5_12_zap_定制_logger.go:87	test logger ...
2021-05-12T23:34:29.859+0800	INFO	gin_web/2021_5_12_zap_定制_logger.go:87	test logger ...
2021-05-12T23:34:29.859+0800	INFO	gin_web/2021_5_12_zap_定制_logger.go:87	test logger ...
2021-05-12T23:34:29.859+0800	INFO	gin_web/2021_5_12_zap_定制_logger.go:87	test logger ...
2021-05-12T23:34:29.859+0800	INFO	gin_web/2021_5_12_zap_定制_logger.go:87	test logger ...
2021-05-12T23:34:29.859+0800	INFO	gin_web/2021_5_12_zap_定制_logger.go:87	test logger ...
2021-05-12T23:34:29.859+0800	INFO	gin_web/2021_5_12_zap_定制_logger.go:87	test logger ...
2021-05-12T23:34:29.859+0800	INFO	gin_web/2021_5_12_zap_定制_logger.go:87	test logger ...
2021-05-12T23:34:29.859+0800	INFO	gin_web/2021_5_12_zap_定制_logger.go:87	test logger ...
2021-05-12T23:34:29.859+0800	INFO	gin_web/2021_5_12_zap_定制_logger.go:87	test logger ...
2021-05-12T23:34:29.859+0800	INFO	gin_web/2021_5_12_zap_定制_logger.go:87	test logger ...
2021-05-12T23:34:29.859+0800	INFO	gin_web/2021_5_12_zap_定制_logger.go:87	test logger ...
2021-05-12T23:34:29.859+0800	INFO	gin_web/2021_5_12_zap_定制_logger.go:87	test logger ...
2021-05-12T23:34:29.859+0800	INFO	gin_web/2021_5_12_zap_定制_logger.go:87	test logger ...
2021-05-12T23:34:29.859+0800	INFO	gin_web/2021_5_12_zap_定制_logger.go:87	test logger ...
2021-05-12T23:34:29.859+0800	INFO	gin_web/2021_5_12_zap_定制_logger.go:87	test logger ...
2021-05-12T23:34:29.859+0800	INFO	gin_web/2021_5_12_zap_定制_logger.go:87	test logger ...
2021-05-12T23:34:29.859+0800	INFO	gin_web/2021_5_12_zap_定制_logger.go:87	test logger ...
2021-05-12T23:34:29.859+0800	INFO	gin_web/2021_5_12_zap_定制_logger.go:87	test logger ...
2021-05-12T23:34:29.859+0800	INFO	gin_web/2021_5_12_zap_定制_logger.go:87	test logger ...
2021-05-12T23:34:29.859+0800	INFO	gin_web/2021_5_12_zap_定制_logger.go:87	test logger ...
2021-05-12T23:34:29.859+0800	INFO	gin_web/2021_5_12_zap_定制_logger.go:87	test logger ...
2021-05-12T23:34:29.859+0800	INFO	gin_web/2021_5_12_zap_定制_logger.go:87	test logger ...
2021-05-12T23:34:29.859+0800	INFO	gin_web/2021_5_12_zap_定制_logger.go:87	test logger ...
2021-05-12T23:34:29.859+0800	INFO	gin_web/2021_5_12_zap_定制_logger.go:87	test logger ...
2021-05-12T23:34:29.859+0800	INFO	gin_web/2021_5_12_zap_定制_logger.go:87	test logger ...
2021-05-12T23:34:29.859+0800	INFO	gin_web/2021_5_12_zap_定制_logger.go:87	test logger ...
2021-05-12T23:34:29.859+0800	INFO	gin_web/2021_5_12_zap_定制_logger.go:87	test logger ...
2021-05-12T23:34:29.859+0800	INFO	gin_web/2021_5_12_zap_定制_logger.go:87	test logger ...
2021-05-12T23:34:29.859+0800	INFO	gin_web/2021_5_12_zap_定制_logger.go:87	test logger ...
2021-05-12T23:34:29.859+0800	INFO	gin_web/2021_5_12_zap_定制_logger.go:87	test logger ...
2021-05-12T23:34:29.859+0800	INFO	gin_web/2021_5_12_zap_定制_logger.go:87	test logger ...
2021-05-12T23:34:29.859+0800	INFO	gin_web/2021_5_12_zap_定制_logger.go:87	test logger ...
2021-05-12T23:34:29.859+0800	INFO	gin_web/2021_5_12_zap_定制_logger.go:87	test logger ...
2021-05-12T23:34:29.859+0800	INFO	gin_web/2021_5_12_zap_定制_logger.go:87	test logger ...
2021-05-12T23:34:29.859+0800	INFO	gin_web/2021_5_12_zap_定制_logger.go:87	test logger ...
2021-05-12T23:34:29.859+0800	INFO	gin_web/2021_5_12_zap_定制_logger.go:87	test logger ...
2021-05-12T23:34:29.859+0800	INFO	gin_web/2021_5_12_zap_定制_logger.go:87	test logger ...
2021-05-12T23:34:29.859+0800	INFO	gin_web/2021_5_12_zap_定制_logger.go:87	test logger ...
2021-05-12T23:34:29.859+0800	INFO	gin_web/2021_5_12_zap_定制_logger.go:87	test logger ...
2021-05-12T23:34:29.859+0800	INFO	gin_web/2021_5_12_zap_定制_logger.go:87	test logger ...
2021-05-12T23:34:29.859+0800	INFO	gin_web/2021_5_12_zap_定制_logger.go:87	test logger ...
2021-05-12T23:34:29.859+0800	INFO	gin_web/2021_5_12_zap_定制_logger.go:87	test logger ...
2021-05-12T23:34:29.859+0800	INFO	gin_web/2021_5_12_zap_定制_logger.go:87	test logger ...
2021-05-12T23:34:29.859+0800	INFO	gin_web/2021_5_12_zap_定制_logger.go:87	test logger ...
2021-05-12T23:34:29.859+0800	INFO	gin_web/2021_5_12_zap_定制_logger.go:87	test logger ...
2021-05-12T23:34:29.859+0800	INFO	gin_web/2021_5_12_zap_定制_logger.go:87	test logger ...
2021-05-12T23:34:29.859+0800	INFO	gin_web/2021_5_12_zap_定制_logger.go:87	test logger ...
2021-05-12T23:34:29.859+0800	INFO	gin_web/2021_5_12_zap_定制_logger.go:87	test logger ...
2021-05-12T23:34:29.859+0800	INFO	gin_web/2021_5_12_zap_定制_logger.go:87	test logger ...
2021-05-12T23:34:29.859+0800	INFO	gin_web/2021_5_12_zap_定制_logger.go:87	test logger ...
2021-05-12T23:34:29.859+0800	INFO	gin_web/2021_5_12_zap_定制_logger.go:87	test logger ...
2021-05-12T23:34:29.859+0800	INFO	gin_web/2021_5_12_zap_定制_logger.go:87	test logger ...
2021-05-12T23:34:29.859+0800	INFO	gin_web/2021_5_12_zap_定制_logger.go:87	test logger ...
2021-05-12T23:34:29.859+0800	INFO	gin_web/2021_5_12_zap_定制_logger.go:87	test logger ...
2021-05-12T23:34:29.859+0800	INFO	gin_web/2021_5_12_zap_定制_logger.go:87	test logger ...
2021-05-12T23:34:29.859+0800	INFO	gin_web/2021_5_12_zap_定制_logger.go:87	test logger ...
2021-05-12T23:34:29.859+0800	INFO	gin_web/2021_5_12_zap_定制_logger.go:87	test logger ...
2021-05-12T23:34:29.859+0800	INFO	gin_web/2021_5_12_zap_定制_logger.go:87	test logger ...
2021-05-12T23:34:29.859+0800	INFO	gin_web/2021_5_12_zap_定制_logger.go:87	test logger ...
2021-05-12T23:34:29.859+0800	INFO	gin_web/2021_5_12_zap_定制_logger.go:87	test logger ...
2021-05-12T23:34:29.859+0800	INFO	gin_web/2021_5_12_zap_定制_logger.go:87	test logger ...
2021-05-12T23:34:29.859+0800	INFO	gin_web/2021_5_12_zap_定制_logger.go:87	test logger ...
2021-05-12T23:34:29.859+0800	INFO	gin_web/2021_5_12_zap_定制_logger.go:87	test logger ...
2021-05-12T23:34:29.859+0800	INFO	gin_web/2021_5_12_zap_定制_logger.go:87	test logger ...
2021-05-12T23:34:29.859+0800	INFO	gin_web/2021_5_12_zap_定制_logger.go:87	test logger ...
2021-05-12T23:34:29.859+0800	INFO	gin_web/2021_5_12_zap_定制_logger.go:87	test logger ...
2021-05-12T23:34:29.860+0800	INFO	gin_web/2021_5_12_zap_定制_logger.go:87	test logger ...
2021-05-12T23:34:29.860+0800	INFO	gin_web/2021_5_12_zap_定制_logger.go:87	test logger ...
2021-05-12T23:34:29.860+0800	INFO	gin_web/2021_5_12_zap_定制_logger.go:87	test logger ...
2021-05-12T23:34:29.860+0800	INFO	gin_web/2021_5_12_zap_定制_logger.go:87	test logger ...
2021-05-12T23:34:29.860+0800	INFO	gin_web/2021_5_12_zap_定制_logger.go:87	test logger ...
2021-05-12T23:34:29.860+0800	INFO	gin_web/2021_5_12_zap_定制_logger.go:87	test logger ...
2021-05-12T23:34:29.860+0800	INFO	gin_web/2021_5_12_zap_定制_logger.go:87	test logger ...
2021-05-12T23:34:29.860+0800	INFO	gin_web/2021_5_12_zap_定制_logger.go:87	test logger ...
2021-05-12T23:34:29.860+0800	INFO	gin_web/2021_5_12_zap_定制_logger.go:87	test logger ...
2021-05-12T23:34:29.860+0800	INFO	gin_web/2021_5_12_zap_定制_logger.go:87	test logger ...
2021-05-12T23:34:29.860+0800	INFO	gin_web/2021_5_12_zap_定制_logger.go:87	test logger ...
2021-05-12T23:34:29.860+0800	INFO	gin_web/2021_5_12_zap_定制_logger.go:87	test logger ...
2021-05-12T23:34:29.860+0800	INFO	gin_web/2021_5_12_zap_定制_logger.go:87	test logger ...
2021-05-12T23:34:29.860+0800	INFO	gin_web/2021_5_12_zap_定制_logger.go:87	test logger ...
2021-05-12T23:34:29.860+0800	INFO	gin_web/2021_5_12_zap_定制_logger.go:87	test logger ...
2021-05-12T23:34:29.860+0800	INFO	gin_web/2021_5_12_zap_定制_logger.go:87	test logger ...
2021-05-12T23:34:29.860+0800	INFO	gin_web/2021_5_12_zap_定制_logger.go:87	test logger ...
2021-05-12T23:34:29.860+0800	INFO	gin_web/2021_5_12_zap_定制_logger.go:87	test logger ...
2021-05-12T23:34:29.860+0800	INFO	gin_web/2021_5_12_zap_定制_logger.go:87	test logger ...
2021-05-12T23:34:29.860+0800	INFO	gin_web/2021_5_12_zap_定制_logger.go:87	test logger ...
2021-05-12T23:34:29.860+0800	INFO	gin_web/2021_5_12_zap_定制_logger.go:87	test logger ...
2021-05-12T23:34:29.860+0800	INFO	gin_web/2021_5_12_zap_定制_logger.go:87	test logger ...
2021-05-12T23:34:29.860+0800	INFO	gin_web/2021_5_12_zap_定制_logger.go:87	test logger ...
2021-05-12T23:34:29.860+0800	INFO	gin_web/2021_5_12_zap_定制_logger.go:87	test logger ...
2021-05-12T23:34:29.860+0800	INFO	gin_web/2021_5_12_zap_定制_logger.go:87	test logger ...
2021-05-12T23:34:29.860+0800	INFO	gin_web/2021_5_12_zap_定制_logger.go:87	test logger ...
2021-05-12T23:34:29.860+0800	INFO	gin_web/2021_5_12_zap_定制_logger.go:87	test logger ...
2021-05-12T23:34:29.860+0800	INFO	gin_web/2021_5_12_zap_定制_logger.go:87	test logger ...
2021-05-12T23:34:29.860+0800	INFO	gin_web/2021_5_12_zap_定制_logger.go:87	test logger ...
2021-05-12T23:34:29.860+0800	INFO	gin_web/2021_5_12_zap_定制_logger.go:87	test logger ...
2021-05-12T23:34:29.860+0800	INFO	gin_web/2021_5_12_zap_定制_logger.go:87	test logger ...
2021-05-12T23:34:29.860+0800	INFO	gin_web/2021_5_12_zap_定制_logger.go:87	test logger ...
2021-05-12T23:34:29.860+0800	INFO	gin_web/2021_5_12_zap_定制_logger.go:87	test logger ...
2021-05-12T23:34:29.860+0800	INFO	gin_web/2021_5_12_zap_定制_logger.go:87	test logger ...
2021-05-12T23:34:29.860+0800	INFO	gin_web/2021_5_12_zap_定制_logger.go:87	test logger ...
2021-05-12T23:34:29.860+0800	INFO	gin_web/2021_5_12_zap_定制_logger.go:87	test logger ...
2021-05-12T23:34:29.860+0800	INFO	gin_web/2021_5_12_zap_定制_logger.go:87	test logger ...
2021-05-12T23:34:29.860+0800	INFO	gin_web/2021_5_12_zap_定制_logger.go:87	test logger ...
2021-05-12T23:34:29.860+0800	INFO	gin_web/2021_5_12_zap_定制_logger.go:87	test logger ...
2021-05-12T23:34:29.860+0800	INFO	gin_web/2021_5_12_zap_定制_logger.go:87	test logger ...
2021-05-12T23:34:29.860+0800	INFO	gin_web/2021_5_12_zap_定制_logger.go:87	test logger ...
2021-05-12T23:34:29.860+0800	INFO	gin_web/2021_5_12_zap_定制_logger.go:87	test logger ...
2021-05-12T23:34:29.860+0800	INFO	gin_web/2021_5_12_zap_定制_logger.go:87	test logger ...
2021-05-12T23:34:29.860+0800	INFO	gin_web/2021_5_12_zap_定制_logger.go:87	test logger ...
2021-05-12T23:34:29.860+0800	INFO	gin_web/2021_5_12_zap_定制_logger.go:87	test logger ...
2021-05-12T23:34:29.860+0800	INFO	gin_web/2021_5_12_zap_定制_logger.go:87	test logger ...
2021-05-12T23:34:29.860+0800	INFO	gin_web/2021_5_12_zap_定制_logger.go:87	test logger ...
2021-05-12T23:34:29.860+0800	INFO	gin_web/2021_5_12_zap_定制_logger.go:87	test logger ...
2021-05-12T23:34:29.860+0800	INFO	gin_web/2021_5_12_zap_定制_logger.go:87	test logger ...
2021-05-12T23:34:29.860+0800	INFO	gin_web/2021_5_12_zap_定制_logger.go:87	test logger ...
2021-05-12T23:34:29.860+0800	INFO	gin_web/2021_5_12_zap_定制_logger.go:87	test logger ...
2021-05-12T23:34:29.860+0800	INFO	gin_web/2021_5_12_zap_定制_logger.go:87	test logger ...
2021-05-12T23:34:29.860+0800	INFO	gin_web/2021_5_12_zap_定制_logger.go:87	test logger ...
2021-05-12T23:34:29.860+0800	INFO	gin_web/2021_5_12_zap_定制_logger.go:87	test logger ...
2021-05-12T23:34:29.860+0800	INFO	gin_web/2021_5_12_zap_定制_logger.go:87	test logger ...
2021-05-12T23:34:29.860+0800	INFO	gin_web/2021_5_12_zap_定制_logger.go:87	test logger ...
2021-05-12T23:34:29.860+0800	INFO	gin_web/2021_5_12_zap_定制_logger.go:87	test logger ...
2021-05-12T23:34:29.860+0800	INFO	gin_web/2021_5_12_zap_定制_logger.go:87	test logger ...
2021-05-12T23:34:29.860+0800	INFO	gin_web/2021_5_12_zap_定制_logger.go:87	test logger ...
2021-05-12T23:34:29.860+0800	INFO	gin_web/2021_5_12_zap_定制_logger.go:87	test logger ...
2021-05-12T23:34:29.860+0800	INFO	gin_web/2021_5_12_zap_定制_logger.go:87	test logger ...
2021-05-12T23:34:29.860+0800	INFO	gin_web/2021_5_12_zap_定制_logger.go:87	test logger ...
2021-05-12T23:34:29.860+0800	INFO	gin_web/2021_5_12_zap_定制_logger.go:87	test logger ...
2021-05-12T23:34:29.860+0800	INFO	gin_web/2021_5_12_zap_定制_logger.go:87	test logger ...
2021-05-12T23:34:29.860+0800	INFO	gin_web/2021_5_12_zap_定制_logger.go:87	test logger ...
2021-05-12T23:34:29.860+0800	INFO	gin_web/2021_5_12_zap_定制_logger.go:87	test logger ...
2021-05-12T23:34:29.860+0800	INFO	gin_web/2021_5_12_zap_定制_logger.go:87	test logger ...
2021-05-12T23:34:29.860+0800	INFO	gin_web/2021_5_12_zap_定制_logger.go:87	test logger ...
2021-05-12T23:34:29.860+0800	INFO	gin_web/2021_5_12_zap_定制_logger.go:87	test logger ...
2021-05-12T23:34:29.860+0800	INFO	gin_web/2021_5_12_zap_定制_logger.go:87	test logger ...
2021-05-12T23:34:29.860+0800	INFO	gin_web/2021_5_12_zap_定制_logger.go:87	test logger ...
2021-05-12T23:34:29.860+0800	INFO	gin_web/2021_5_12_zap_定制_logger.go:87	test logger ...
2021-05-12T23:34:29.860+0800	INFO	gin_web/2021_5_12_zap_定制_logger.go:87	test logger ...
2021-05-12T23:34:29.860+0800	INFO	gin_web/2021_5_12_zap_定制_logger.go:87	test logger ...
2021-05-12T23:34:29.860+0800	INFO	gin_web/2021_5_12_zap_定制_logger.go:87	test logger ...
2021-05-12T23:34:29.860+0800	INFO	gin_web/2021_5_12_zap_定制_logger.go:87	test logger ...
2021-05-12T23:34:29.860+0800	INFO	gin_web/2021_5_12_zap_定制_logger.go:87	test logger ...
2021-05-12T23:34:29.860+0800	INFO	gin_web/2021_5_12_zap_定制_logger.go:87	test logger ...
2021-05-12T23:34:29.860+0800	INFO	gin_web/2021_5_12_zap_定制_logger.go:87	test logger ...
2021-05-12T23:34:29.860+0800	INFO	gin_web/2021_5_12_zap_定制_logger.go:87	test logger ...
2021-05-12T23:34:29.860+0800	INFO	gin_web/2021_5_12_zap_定制_logger.go:87	test logger ...
2021-05-12T23:34:29.860+0800	INFO	gin_web/2021_5_12_zap_定制_logger.go:87	test logger ...
2021-05-12T23:34:29.860+0800	INFO	gin_web/2021_5_12_zap_定制_logger.go:87	test logger ...
2021-05-12T23:34:29.860+0800	INFO	gin_web/2021_5_12_zap_定制_logger.go:87	test logger ...
2021-05-12T23:34:29.860+0800	INFO	gin_web/2021_5_12_zap_定制_logger.go:87	test logger ...
2021-05-12T23:34:29.860+0800	INFO	gin_web/2021_5_12_zap_定制_logger.go:87	test logger ...
2021-05-12T23:34:29.860+0800	INFO	gin_web/2021_5_12_zap_定制_logger.go:87	test logger ...
2021-05-12T23:34:29.860+0800	INFO	gin_web/2021_5_12_zap_定制_logger.go:87	test logger ...
2021-05-12T23:34:29.860+0800	INFO	gin_web/2021_5_12_zap_定制_logger.go:87	test logger ...
2021-05-12T23:34:29.860+0800	INFO	gin_web/2021_5_12_zap_定制_logger.go:87	test logger ...
2021-05-12T23:34:29.860+0800	INFO	gin_web/2021_5_12_zap_定制_logger.go:87	test logger ...
2021-05-12T23:34:29.860+0800	INFO	gin_web/2021_5_12_zap_定制_logger.go:87	test logger ...
2021-05-12T23:34:29.860+0800	INFO	gin_web/2021_5_12_zap_定制_logger.go:87	test logger ...
2021-05-12T23:34:29.860+0800	INFO	gin_web/2021_5_12_zap_定制_logger.go:87	test logger ...
2021-05-12T23:34:29.860+0800	INFO	gin_web/2021_5_12_zap_定制_logger.go:87	test logger ...
2021-05-12T23:34:29.860+0800	INFO	gin_web/2021_5_12_zap_定制_logger.go:87	test logger ...
2021-05-12T23:34:29.860+0800	INFO	gin_web/2021_5_12_zap_定制_logger.go:87	test logger ...
2021-05-12T23:34:29.860+0800	INFO	gin_web/2021_5_12_zap_定制_logger.go:87	test logger ...
2021-05-12T23:34:29.860+0800	INFO	gin_web/2021_5_12_zap_定制_logger.go:87	test logger ...
2021-05-12T23:34:29.860+0800	INFO	gin_web/2021_5_12_zap_定制_logger.go:87	test logger ...
2021-05-12T23:34:29.860+0800	INFO	gin_web/2021_5_12_zap_定制_logger.go:87	test logger ...
2021-05-12T23:34:29.861+0800	INFO	gin_web/2021_5_12_zap_定制_logger.go:87	test logger ...
2021-05-12T23:34:29.861+0800	INFO	gin_web/2021_5_12_zap_定制_logger.go:87	test logger ...
2021-05-12T23:34:29.861+0800	INFO	gin_web/2021_5_12_zap_定制_logger.go:87	test logger ...
2021-05-12T23:34:29.861+0800	INFO	gin_web/2021_5_12_zap_定制_logger.go:87	test logger ...
2021-05-12T23:34:29.861+0800	INFO	gin_web/2021_5_12_zap_定制_logger.go:87	test logger ...
2021-05-12T23:34:29.861+0800	INFO	gin_web/2021_5_12_zap_定制_logger.go:87	test logger ...
2021-05-12T23:34:29.861+0800	INFO	gin_web/2021_5_12_zap_定制_logger.go:87	test logger ...
2021-05-12T23:34:29.861+0800	INFO	gin_web/2021_5_12_zap_定制_logger.go:87	test logger ...
2021-05-12T23:34:29.861+0800	INFO	gin_web/2021_5_12_zap_定制_logger.go:87	test logger ...
2021-05-12T23:34:29.861+0800	INFO	gin_web/2021_5_12_zap_定制_logger.go:87	test logger ...
2021-05-12T23:34:29.861+0800	INFO	gin_web/2021_5_12_zap_定制_logger.go:87	test logger ...
2021-05-12T23:34:29.861+0800	INFO	gin_web/2021_5_12_zap_定制_logger.go:87	test logger ...
2021-05-12T23:34:29.861+0800	INFO	gin_web/2021_5_12_zap_定制_logger.go:87	test logger ...
2021-05-12T23:34:29.861+0800	INFO	gin_web/2021_5_12_zap_定制_logger.go:87	test logger ...
2021-05-12T23:34:29.861+0800	INFO	gin_web/2021_5_12_zap_定制_logger.go:87	test logger ...
2021-05-12T23:34:29.861+0800	INFO	gin_web/2021_5_12_zap_定制_logger.go:87	test logger ...
2021-05-12T23:34:29.861+0800	INFO	gin_web/2021_5_12_zap_定制_logger.go:87	test logger ...
2021-05-12T23:34:29.861+0800	INFO	gin_web/2021_5_12_zap_定制_logger.go:87	test logger ...
2021-05-12T23:34:29.861+0800	INFO	gin_web/2021_5_12_zap_定制_logger.go:87	test logger ...
2021-05-12T23:34:29.861+0800	INFO	gin_web/2021_5_12_zap_定制_logger.go:87	test logger ...
2021-05-12T23:34:29.861+0800	INFO	gin_web/2021_5_12_zap_定制_logger.go:87	test logger ...
2021-05-12T23:34:29.861+0800	INFO	gin_web/2021_5_12_zap_定制_logger.go:87	test logger ...
2021-05-12T23:34:29.861+0800	INFO	gin_web/2021_5_12_zap_定制_logger.go:87	test logger ...
2021-05-12T23:34:29.861+0800	INFO	gin_web/2021_5_12_zap_定制_logger.go:87	test logger ...
2021-05-12T23:34:29.861+0800	INFO	gin_web/2021_5_12_zap_定制_logger.go:87	test logger ...
2021-05-12T23:34:29.861+0800	INFO	gin_web/2021_5_12_zap_定制_logger.go:87	test logger ...
2021-05-12T23:34:29.861+0800	INFO	gin_web/2021_5_12_zap_定制_logger.go:87	test logger ...
2021-05-12T23:34:29.861+0800	INFO	gin_web/2021_5_12_zap_定制_logger.go:87	test logger ...
2021-05-12T23:34:29.861+0800	INFO	gin_web/2021_5_12_zap_定制_logger.go:87	test logger ...
2021-05-12T23:34:29.861+0800	INFO	gin_web/2021_5_12_zap_定制_logger.go:87	test logger ...
2021-05-12T23:34:29.861+0800	INFO	gin_web/2021_5_12_zap_定制_logger.go:87	test logger ...
2021-05-12T23:34:29.861+0800	INFO	gin_web/2021_5_12_zap_定制_logger.go:87	test logger ...
2021-05-12T23:34:29.861+0800	INFO	gin_web/2021_5_12_zap_定制_logger.go:87	test logger ...
2021-05-12T23:34:29.861+0800	INFO	gin_web/2021_5_12_zap_定制_logger.go:87	test logger ...
2021-05-12T23:34:29.861+0800	INFO	gin_web/2021_5_12_zap_定制_logger.go:87	test logger ...
2021-05-12T23:34:29.861+0800	INFO	gin_web/2021_5_12_zap_定制_logger.go:87	test logger ...
2021-05-12T23:34:29.861+0800	INFO	gin_web/2021_5_12_zap_定制_logger.go:87	test logger ...
2021-05-12T23:34:29.861+0800	INFO	gin_web/2021_5_12_zap_定制_logger.go:87	test logger ...
2021-05-12T23:34:29.861+0800	INFO	gin_web/2021_5_12_zap_定制_logger.go:87	test logger ...
2021-05-12T23:34:29.861+0800	INFO	gin_web/2021_5_12_zap_定制_logger.go:87	test logger ...
2021-05-12T23:34:29.861+0800	INFO	gin_web/2021_5_12_zap_定制_logger.go:87	test logger ...
2021-05-12T23:34:29.861+0800	INFO	gin_web/2021_5_12_zap_定制_logger.go:87	test logger ...
2021-05-12T23:34:29.861+0800	INFO	gin_web/2021_5_12_zap_定制_logger.go:87	test logger ...
2021-05-12T23:34:29.861+0800	INFO	gin_web/2021_5_12_zap_定制_logger.go:87	test logger ...
2021-05-12T23:34:29.861+0800	INFO	gin_web/2021_5_12_zap_定制_logger.go:87	test logger ...
2021-05-12T23:34:29.861+0800	INFO	gin_web/2021_5_12_zap_定制_logger.go:87	test logger ...
2021-05-12T23:34:29.861+0800	INFO	gin_web/2021_5_12_zap_定制_logger.go:87	test logger ...
2021-05-12T23:34:29.861+0800	INFO	gin_web/2021_5_12_zap_定制_logger.go:87	test logger ...
2021-05-12T23:34:29.861+0800	INFO	gin_web/2021_5_12_zap_定制_logger.go:87	test logger ...
2021-05-12T23:34:29.861+0800	INFO	gin_web/2021_5_12_zap_定制_logger.go:87	test logger ...
2021-05-12T23:34:29.861+0800	INFO	gin_web/2021_5_12_zap_定制_logger.go:87	test logger ...
2021-05-12T23:34:29.861+0800	INFO	gin_web/2021_5_12_zap_定制_logger.go:87	test logger ...
2021-05-12T23:34:29.861+0800	INFO	gin_web/2021_5_12_zap_定制_logger.go:87	test logger ...
2021-05-12T23:34:29.861+0800	INFO	gin_web/2021_5_12_zap_定制_logger.go:87	test logger ...
2021-05-12T23:34:29.861+0800	INFO	gin_web/2021_5_12_zap_定制_logger.go:87	test logger ...
2021-05-12T23:34:29.861+0800	INFO	gin_web/2021_5_12_zap_定制_logger.go:87	test logger ...
2021-05-12T23:34:29.861+0800	INFO	gin_web/2021_5_12_zap_定制_logger.go:87	test logger ...
2021-05-12T23:34:29.861+0800	INFO	gin_web/2021_5_12_zap_定制_logger.go:87	test logger ...
2021-05-12T23:34:29.861+0800	INFO	gin_web/2021_5_12_zap_定制_logger.go:87	test logger ...
2021-05-12T23:34:29.861+0800	INFO	gin_web/2021_5_12_zap_定制_logger.go:87	test logger ...
2021-05-12T23:34:29.861+0800	INFO	gin_web/2021_5_12_zap_定制_logger.go:87	test logger ...
2021-05-12T23:34:29.861+0800	INFO	gin_web/2021_5_12_zap_定制_logger.go:87	test logger ...
2021-05-12T23:34:29.861+0800	INFO	gin_web/2021_5_12_zap_定制_logger.go:87	test logger ...
2021-05-12T23:34:29.861+0800	INFO	gin_web/2021_5_12_zap_定制_logger.go:87	test logger ...
2021-05-12T23:34:29.861+0800	INFO	gin_web/2021_5_12_zap_定制_logger.go:87	test logger ...
2021-05-12T23:34:29.861+0800	INFO	gin_web/2021_5_12_zap_定制_logger.go:87	test logger ...
2021-05-12T23:34:29.861+0800	INFO	gin_web/2021_5_12_zap_定制_logger.go:87	test logger ...
2021-05-12T23:34:29.861+0800	INFO	gin_web/2021_5_12_zap_定制_logger.go:87	test logger ...
2021-05-12T23:34:29.861+0800	INFO	gin_web/2021_5_12_zap_定制_logger.go:87	test logger ...
2021-05-12T23:34:29.861+0800	INFO	gin_web/2021_5_12_zap_定制_logger.go:87	test logger ...
2021-05-12T23:34:29.861+0800	INFO	gin_web/2021_5_12_zap_定制_logger.go:87	test logger ...
2021-05-12T23:34:29.861+0800	INFO	gin_web/2021_5_12_zap_定制_logger.go:87	test logger ...
2021-05-12T23:34:29.861+0800	INFO	gin_web/2021_5_12_zap_定制_logger.go:87	test logger ...
2021-05-12T23:34:29.861+0800	INFO	gin_web/2021_5_12_zap_定制_logger.go:87	test logger ...
2021-05-12T23:34:29.861+0800	INFO	gin_web/2021_5_12_zap_定制_logger.go:87	test logger ...
2021-05-12T23:34:29.861+0800	INFO	gin_web/2021_5_12_zap_定制_logger.go:87	test logger ...
2021-05-12T23:34:29.861+0800	INFO	gin_web/2021_5_12_zap_定制_logger.go:87	test logger ...
2021-05-12T23:34:29.861+0800	INFO	gin_web/2021_5_12_zap_定制_logger.go:87	test logger ...
2021-05-12T23:34:29.861+0800	INFO	gin_web/2021_5_12_zap_定制_logger.go:87	test logger ...
2021-05-12T23:34:29.861+0800	INFO	gin_web/2021_5_12_zap_定制_logger.go:87	test logger ...
2021-05-12T23:34:29.861+0800	INFO	gin_web/2021_5_12_zap_定制_logger.go:87	test logger ...
2021-05-12T23:34:29.861+0800	INFO	gin_web/2021_5_12_zap_定制_logger.go:87	test logger ...
2021-05-12T23:34:29.861+0800	INFO	gin_web/2021_5_12_zap_定制_logger.go:87	test logger ...
2021-05-12T23:34:29.861+0800	INFO	gin_web/2021_5_12_zap_定制_logger.go:87	test logger ...
2021-05-12T23:34:29.861+0800	INFO	gin_web/2021_5_12_zap_定制_logger.go:87	test logger ...
2021-05-12T23:34:29.861+0800	INFO	gin_web/2021_5_12_zap_定制_logger.go:87	test logger ...
2021-05-12T23:34:29.861+0800	INFO	gin_web/2021_5_12_zap_定制_logger.go:87	test logger ...
2021-05-12T23:34:29.861+0800	INFO	gin_web/2021_5_12_zap_定制_logger.go:87	test logger ...
2021-05-12T23:34:29.861+0800	INFO	gin_web/2021_5_12_zap_定制_logger.go:87	test logger ...
2021-05-12T23:34:29.861+0800	INFO	gin_web/2021_5_12_zap_定制_logger.go:87	test logger ...
2021-05-12T23:34:29.861+0800	INFO	gin_web/2021_5_12_zap_定制_logger.go:87	test logger ...
2021-05-12T23:34:29.861+0800	INFO	gin_web/2021_5_12_zap_定制_logger.go:87	test logger ...
2021-05-12T23:34:29.861+0800	INFO	gin_web/2021_5_12_zap_定制_logger.go:87	test logger ...
2021-05-12T23:34:29.861+0800	INFO	gin_web/2021_5_12_zap_定制_logger.go:87	test logger ...
2021-05-12T23:34:29.861+0800	INFO	gin_web/2021_5_12_zap_定制_logger.go:87	test logger ...
2021-05-12T23:34:29.861+0800	INFO	gin_web/2021_5_12_zap_定制_logger.go:87	test logger ...
2021-05-12T23:34:29.861+0800	INFO	gin_web/2021_5_12_zap_定制_logger.go:87	test logger ...
2021-05-12T23:34:29.861+0800	INFO	gin_web/2021_5_12_zap_定制_logger.go:87	test logger ...
2021-05-12T23:34:29.861+0800	INFO	gin_web/2021_5_12_zap_定制_logger.go:87	test logger ...
2021-05-12T23:34:29.861+0800	INFO	gin_web/2021_5_12_zap_定制_logger.go:87	test logger ...
2021-05-12T23:34:29.861+0800	INFO	gin_web/2021_5_12_zap_定制_logger.go:87	test logger ...
2021-05-12T23:34:29.862+0800	INFO	gin_web/2021_5_12_zap_定制_logger.go:87	test logger ...
2021-05-12T23:34:29.862+0800	INFO	gin_web/2021_5_12_zap_定制_logger.go:87	test logger ...
2021-05-12T23:34:29.862+0800	INFO	gin_web/2021_5_12_zap_定制_logger.go:87	test logger ...
2021-05-12T23:34:29.862+0800	INFO	gin_web/2021_5_12_zap_定制_logger.go:87	test logger ...
2021-05-12T23:34:29.862+0800	INFO	gin_web/2021_5_12_zap_定制_logger.go:87	test logger ...
2021-05-12T23:34:29.862+0800	INFO	gin_web/2021_5_12_zap_定制_logger.go:87	test logger ...
2021-05-12T23:34:29.862+0800	INFO	gin_web/2021_5_12_zap_定制_logger.go:87	test logger ...
2021-05-12T23:34:29.862+0800	INFO	gin_web/2021_5_12_zap_定制_logger.go:87	test logger ...
2021-05-12T23:34:29.862+0800	INFO	gin_web/2021_5_12_zap_定制_logger.go:87	test logger ...
2021-05-12T23:34:29.862+0800	INFO	gin_web/2021_5_12_zap_定制_logger.go:87	test logger ...
2021-05-12T23:34:29.862+0800	INFO	gin_web/2021_5_12_zap_定制_logger.go:87	test logger ...
2021-05-12T23:34:29.862+0800	INFO	gin_web/2021_5_12_zap_定制_logger.go:87	test logger ...
2021-05-12T23:34:29.862+0800	INFO	gin_web/2021_5_12_zap_定制_logger.go:87	test logger ...
2021-05-12T23:34:29.862+0800	INFO	gin_web/2021_5_12_zap_定制_logger.go:87	test logger ...
2021-05-12T23:34:29.862+0800	INFO	gin_web/2021_5_12_zap_定制_logger.go:87	test logger ...
2021-05-12T23:34:29.862+0800	INFO	gin_web/2021_5_12_zap_定制_logger.go:87	test logger ...
2021-05-12T23:34:29.862+0800	INFO	gin_web/2021_5_12_zap_定制_logger.go:87	test logger ...
2021-05-12T23:34:29.862+0800	INFO	gin_web/2021_5_12_zap_定制_logger.go:87	test logger ...
2021-05-12T23:34:29.862+0800	INFO	gin_web/2021_5_12_zap_定制_logger.go:87	test logger ...
2021-05-12T23:34:29.862+0800	INFO	gin_web/2021_5_12_zap_定制_logger.go:87	test logger ...
2021-05-12T23:34:29.862+0800	INFO	gin_web/2021_5_12_zap_定制_logger.go:87	test logger ...
2021-05-12T23:34:29.862+0800	INFO	gin_web/2021_5_12_zap_定制_logger.go:87	test logger ...
2021-05-12T23:34:29.862+0800	INFO	gin_web/2021_5_12_zap_定制_logger.go:87	test logger ...
2021-05-12T23:34:29.862+0800	INFO	gin_web/2021_5_12_zap_定制_logger.go:87	test logger ...
2021-05-12T23:34:29.862+0800	INFO	gin_web/2021_5_12_zap_定制_logger.go:87	test logger ...
2021-05-12T23:34:29.862+0800	INFO	gin_web/2021_5_12_zap_定制_logger.go:87	test logger ...
2021-05-12T23:34:29.862+0800	INFO	gin_web/2021_5_12_zap_定制_logger.go:87	test logger ...
2021-05-12T23:34:29.862+0800	INFO	gin_web/2021_5_12_zap_定制_logger.go:87	test logger ...
2021-05-12T23:34:29.862+0800	INFO	gin_web/2021_5_12_zap_定制_logger.go:87	test logger ...
2021-05-12T23:34:29.862+0800	INFO	gin_web/2021_5_12_zap_定制_logger.go:87	test logger ...
2021-05-12T23:34:29.862+0800	INFO	gin_web/2021_5_12_zap_定制_logger.go:87	test logger ...
2021-05-12T23:34:29.862+0800	INFO	gin_web/2021_5_12_zap_定制_logger.go:87	test logger ...
2021-05-12T23:34:29.862+0800	INFO	gin_web/2021_5_12_zap_定制_logger.go:87	test logger ...
2021-05-12T23:34:29.862+0800	INFO	gin_web/2021_5_12_zap_定制_logger.go:87	test logger ...
2021-05-12T23:34:29.862+0800	INFO	gin_web/2021_5_12_zap_定制_logger.go:87	test logger ...
2021-05-12T23:34:29.862+0800	INFO	gin_web/2021_5_12_zap_定制_logger.go:87	test logger ...
2021-05-12T23:34:29.862+0800	INFO	gin_web/2021_5_12_zap_定制_logger.go:87	test logger ...
2021-05-12T23:34:29.862+0800	INFO	gin_web/2021_5_12_zap_定制_logger.go:87	test logger ...
2021-05-12T23:34:29.862+0800	INFO	gin_web/2021_5_12_zap_定制_logger.go:87	test logger ...
2021-05-12T23:34:29.862+0800	INFO	gin_web/2021_5_12_zap_定制_logger.go:87	test logger ...
2021-05-12T23:34:29.862+0800	INFO	gin_web/2021_5_12_zap_定制_logger.go:87	test logger ...
2021-05-12T23:34:29.862+0800	INFO	gin_web/2021_5_12_zap_定制_logger.go:87	test logger ...
2021-05-12T23:34:29.862+0800	INFO	gin_web/2021_5_12_zap_定制_logger.go:87	test logger ...
2021-05-12T23:34:29.862+0800	INFO	gin_web/2021_5_12_zap_定制_logger.go:87	test logger ...
2021-05-12T23:34:29.862+0800	INFO	gin_web/2021_5_12_zap_定制_logger.go:87	test logger ...
2021-05-12T23:34:29.862+0800	INFO	gin_web/2021_5_12_zap_定制_logger.go:87	test logger ...
2021-05-12T23:34:29.862+0800	INFO	gin_web/2021_5_12_zap_定制_logger.go:87	test logger ...
2021-05-12T23:34:29.862+0800	INFO	gin_web/2021_5_12_zap_定制_logger.go:87	test logger ...
2021-05-12T23:34:29.862+0800	INFO	gin_web/2021_5_12_zap_定制_logger.go:87	test logger ...
2021-05-12T23:34:29.862+0800	INFO	gin_web/2021_5_12_zap_定制_logger.go:87	test logger ...
2021-05-12T23:34:29.862+0800	INFO	gin_web/2021_5_12_zap_定制_logger.go:87	test logger ...
2021-05-12T23:34:29.862+0800	INFO	gin_web/2021_5_12_zap_定制_logger.go:87	test logger ...
2021-05-12T23:34:29.862+0800	INFO	gin_web/2021_5_12_zap_定制_logger.go:87	test logger ...
2021-05-12T23:34:29.862+0800	INFO	gin_web/2021_5_12_zap_定制_logger.go:87	test logger ...
2021-05-12T23:34:29.862+0800	INFO	gin_web/2021_5_12_zap_定制_logger.go:87	test logger ...
2021-05-12T23:34:29.862+0800	INFO	gin_web/2021_5_12_zap_定制_logger.go:87	test logger ...
2021-05-12T23:34:29.862+0800	INFO	gin_web/2021_5_12_zap_定制_logger.go:87	test logger ...
2021-05-12T23:34:29.862+0800	INFO	gin_web/2021_5_12_zap_定制_logger.go:87	test logger ...
2021-05-12T23:34:29.862+0800	INFO	gin_web/2021_5_12_zap_定制_logger.go:87	test logger ...
2021-05-12T23:34:29.862+0800	INFO	gin_web/2021_5_12_zap_定制_logger.go:87	test logger ...
2021-05-12T23:34:29.862+0800	INFO	gin_web/2021_5_12_zap_定制_logger.go:87	test logger ...
2021-05-12T23:34:29.862+0800	INFO	gin_web/2021_5_12_zap_定制_logger.go:87	test logger ...
2021-05-12T23:34:29.862+0800	INFO	gin_web/2021_5_12_zap_定制_logger.go:87	test logger ...
2021-05-12T23:34:29.862+0800	INFO	gin_web/2021_5_12_zap_定制_logger.go:87	test logger ...
2021-05-12T23:34:29.862+0800	INFO	gin_web/2021_5_12_zap_定制_logger.go:87	test logger ...
2021-05-12T23:34:29.862+0800	INFO	gin_web/2021_5_12_zap_定制_logger.go:87	test logger ...
2021-05-12T23:34:29.862+0800	INFO	gin_web/2021_5_12_zap_定制_logger.go:87	test logger ...
2021-05-12T23:34:29.862+0800	INFO	gin_web/2021_5_12_zap_定制_logger.go:87	test logger ...
2021-05-12T23:34:29.862+0800	INFO	gin_web/2021_5_12_zap_定制_logger.go:87	test logger ...
2021-05-12T23:34:29.862+0800	INFO	gin_web/2021_5_12_zap_定制_logger.go:87	test logger ...
2021-05-12T23:34:29.862+0800	INFO	gin_web/2021_5_12_zap_定制_logger.go:87	test logger ...
2021-05-12T23:34:29.862+0800	INFO	gin_web/2021_5_12_zap_定制_logger.go:87	test logger ...
2021-05-12T23:34:29.862+0800	INFO	gin_web/2021_5_12_zap_定制_logger.go:87	test logger ...
2021-05-12T23:34:29.862+0800	INFO	gin_web/2021_5_12_zap_定制_logger.go:87	test logger ...
2021-05-12T23:34:29.862+0800	INFO	gin_web/2021_5_12_zap_定制_logger.go:87	test logger ...
2021-05-12T23:34:29.862+0800	INFO	gin_web/2021_5_12_zap_定制_logger.go:87	test logger ...
2021-05-12T23:34:29.862+0800	INFO	gin_web/2021_5_12_zap_定制_logger.go:87	test logger ...
2021-05-12T23:34:29.862+0800	INFO	gin_web/2021_5_12_zap_定制_logger.go:87	test logger ...
2021-05-12T23:34:29.862+0800	INFO	gin_web/2021_5_12_zap_定制_logger.go:87	test logger ...
2021-05-12T23:34:29.862+0800	INFO	gin_web/2021_5_12_zap_定制_logger.go:87	test logger ...
2021-05-12T23:34:29.862+0800	INFO	gin_web/2021_5_12_zap_定制_logger.go:87	test logger ...
2021-05-12T23:34:29.862+0800	INFO	gin_web/2021_5_12_zap_定制_logger.go:87	test logger ...
2021-05-12T23:34:29.862+0800	INFO	gin_web/2021_5_12_zap_定制_logger.go:87	test logger ...
2021-05-12T23:34:29.862+0800	INFO	gin_web/2021_5_12_zap_定制_logger.go:87	test logger ...
2021-05-12T23:34:29.862+0800	INFO	gin_web/2021_5_12_zap_定制_logger.go:87	test logger ...
2021-05-12T23:34:29.862+0800	INFO	gin_web/2021_5_12_zap_定制_logger.go:87	test logger ...
2021-05-12T23:34:29.862+0800	INFO	gin_web/2021_5_12_zap_定制_logger.go:87	test logger ...
2021-05-12T23:34:29.862+0800	INFO	gin_web/2021_5_12_zap_定制_logger.go:87	test logger ...
2021-05-12T23:34:29.862+0800	INFO	gin_web/2021_5_12_zap_定制_logger.go:87	test logger ...
2021-05-12T23:34:29.862+0800	INFO	gin_web/2021_5_12_zap_定制_logger.go:87	test logger ...
2021-05-12T23:34:29.862+0800	INFO	gin_web/2021_5_12_zap_定制_logger.go:87	test logger ...
2021-05-12T23:34:29.862+0800	INFO	gin_web/2021_5_12_zap_定制_logger.go:87	test logger ...
2021-05-12T23:34:29.862+0800	INFO	gin_web/2021_5_12_zap_定制_logger.go:87	test logger ...
2021-05-12T23:34:29.862+0800	INFO	gin_web/2021_5_12_zap_定制_logger.go:87	test logger ...
2021-05-12T23:34:29.862+0800	INFO	gin_web/2021_5_12_zap_定制_logger.go:87	test logger ...
2021-05-12T23:34:29.862+0800	INFO	gin_web/2021_5_12_zap_定制_logger.go:87	test logger ...
2021-05-12T23:34:29.862+0800	INFO	gin_web/2021_5_12_zap_定制_logger.go:87	test logger ...
2021-05-12T23:34:29.862+0800	INFO	gin_web/2021_5_12_zap_定制_logger.go:87	test logger ...
2021-05-12T23:34:29.863+0800	INFO	gin_web/2021_5_12_zap_定制_logger.go:87	test logger ...
2021-05-12T23:34:29.863+0800	INFO	gin_web/2021_5_12_zap_定制_logger.go:87	test logger ...
2021-05-12T23:34:29.863+0800	INFO	gin_web/2021_5_12_zap_定制_logger.go:87	test logger ...
2021-05-12T23:34:29.863+0800	INFO	gin_web/2021_5_12_zap_定制_logger.go:87	test logger ...
2021-05-12T23:34:29.863+0800	INFO	gin_web/2021_5_12_zap_定制_logger.go:87	test logger ...
2021-05-12T23:34:29.863+0800	INFO	gin_web/2021_5_12_zap_定制_logger.go:87	test logger ...
2021-05-12T23:34:29.863+0800	INFO	gin_web/2021_5_12_zap_定制_logger.go:87	test logger ...
2021-05-12T23:34:29.863+0800	INFO	gin_web/2021_5_12_zap_定制_logger.go:87	test logger ...
2021-05-12T23:34:29.863+0800	INFO	gin_web/2021_5_12_zap_定制_logger.go:87	test logger ...
2021-05-12T23:34:29.863+0800	INFO	gin_web/2021_5_12_zap_定制_logger.go:87	test logger ...
2021-05-12T23:34:29.863+0800	INFO	gin_web/2021_5_12_zap_定制_logger.go:87	test logger ...
2021-05-12T23:34:29.863+0800	INFO	gin_web/2021_5_12_zap_定制_logger.go:87	test logger ...
2021-05-12T23:34:29.863+0800	INFO	gin_web/2021_5_12_zap_定制_logger.go:87	test logger ...
2021-05-12T23:34:29.863+0800	INFO	gin_web/2021_5_12_zap_定制_logger.go:87	test logger ...
2021-05-12T23:34:29.863+0800	INFO	gin_web/2021_5_12_zap_定制_logger.go:87	test logger ...
2021-05-12T23:34:29.863+0800	INFO	gin_web/2021_5_12_zap_定制_logger.go:87	test logger ...
2021-05-12T23:34:29.863+0800	INFO	gin_web/2021_5_12_zap_定制_logger.go:87	test logger ...
2021-05-12T23:34:29.863+0800	INFO	gin_web/2021_5_12_zap_定制_logger.go:87	test logger ...
2021-05-12T23:34:29.863+0800	INFO	gin_web/2021_5_12_zap_定制_logger.go:87	test logger ...
2021-05-12T23:34:29.863+0800	INFO	gin_web/2021_5_12_zap_定制_logger.go:87	test logger ...
2021-05-12T23:34:29.863+0800	INFO	gin_web/2021_5_12_zap_定制_logger.go:87	test logger ...
2021-05-12T23:34:29.864+0800	INFO	gin_web/2021_5_12_zap_定制_logger.go:87	test logger ...
2021-05-12T23:34:29.864+0800	INFO	gin_web/2021_5_12_zap_定制_logger.go:87	test logger ...
2021-05-12T23:34:29.864+0800	INFO	gin_web/2021_5_12_zap_定制_logger.go:87	test logger ...
2021-05-12T23:34:29.864+0800	INFO	gin_web/2021_5_12_zap_定制_logger.go:87	test logger ...
2021-05-12T23:34:29.864+0800	INFO	gin_web/2021_5_12_zap_定制_logger.go:87	test logger ...
2021-05-12T23:34:29.864+0800	INFO	gin_web/2021_5_12_zap_定制_logger.go:87	test logger ...
2021-05-12T23:34:29.864+0800	INFO	gin_web/2021_5_12_zap_定制_logger.go:87	test logger ...
2021-05-12T23:34:29.864+0800	INFO	gin_web/2021_5_12_zap_定制_logger.go:87	test logger ...
2021-05-12T23:34:29.864+0800	INFO	gin_web/2021_5_12_zap_定制_logger.go:87	test logger ...
2021-05-12T23:34:29.864+0800	INFO	gin_web/2021_5_12_zap_定制_logger.go:87	test logger ...
2021-05-12T23:34:29.864+0800	INFO	gin_web/2021_5_12_zap_定制_logger.go:87	test logger ...
2021-05-12T23:34:29.864+0800	INFO	gin_web/2021_5_12_zap_定制_logger.go:87	test logger ...
2021-05-12T23:34:29.864+0800	INFO	gin_web/2021_5_12_zap_定制_logger.go:87	test logger ...
2021-05-12T23:34:29.864+0800	INFO	gin_web/2021_5_12_zap_定制_logger.go:87	test logger ...
2021-05-12T23:34:29.864+0800	INFO	gin_web/2021_5_12_zap_定制_logger.go:87	test logger ...
2021-05-12T23:34:29.864+0800	INFO	gin_web/2021_5_12_zap_定制_logger.go:87	test logger ...
2021-05-12T23:34:29.864+0800	INFO	gin_web/2021_5_12_zap_定制_logger.go:87	test logger ...
2021-05-12T23:34:29.864+0800	INFO	gin_web/2021_5_12_zap_定制_logger.go:87	test logger ...
2021-05-12T23:34:29.864+0800	INFO	gin_web/2021_5_12_zap_定制_logger.go:87	test logger ...
2021-05-12T23:34:29.864+0800	INFO	gin_web/2021_5_12_zap_定制_logger.go:87	test logger ...
2021-05-12T23:34:29.864+0800	INFO	gin_web/2021_5_12_zap_定制_logger.go:87	test logger ...
2021-05-12T23:34:29.864+0800	INFO	gin_web/2021_5_12_zap_定制_logger.go:87	test logger ...
2021-05-12T23:34:29.864+0800	INFO	gin_web/2021_5_12_zap_定制_logger.go:87	test logger ...
2021-05-12T23:34:29.864+0800	INFO	gin_web/2021_5_12_zap_定制_logger.go:87	test logger ...
2021-05-12T23:34:29.864+0800	INFO	gin_web/2021_5_12_zap_定制_logger.go:87	test logger ...
2021-05-12T23:34:29.864+0800	INFO	gin_web/2021_5_12_zap_定制_logger.go:87	test logger ...
2021-05-12T23:34:29.864+0800	INFO	gin_web/2021_5_12_zap_定制_logger.go:87	test logger ...
2021-05-12T23:34:29.864+0800	INFO	gin_web/2021_5_12_zap_定制_logger.go:87	test logger ...
2021-05-12T23:34:29.864+0800	INFO	gin_web/2021_5_12_zap_定制_logger.go:87	test logger ...
2021-05-12T23:34:29.864+0800	INFO	gin_web/2021_5_12_zap_定制_logger.go:87	test logger ...
2021-05-12T23:34:29.864+0800	INFO	gin_web/2021_5_12_zap_定制_logger.go:87	test logger ...
2021-05-12T23:34:29.864+0800	INFO	gin_web/2021_5_12_zap_定制_logger.go:87	test logger ...
2021-05-12T23:34:29.864+0800	INFO	gin_web/2021_5_12_zap_定制_logger.go:87	test logger ...
2021-05-12T23:34:29.864+0800	INFO	gin_web/2021_5_12_zap_定制_logger.go:87	test logger ...
2021-05-12T23:34:29.864+0800	INFO	gin_web/2021_5_12_zap_定制_logger.go:87	test logger ...
2021-05-12T23:34:29.864+0800	INFO	gin_web/2021_5_12_zap_定制_logger.go:87	test logger ...
2021-05-12T23:34:29.864+0800	INFO	gin_web/2021_5_12_zap_定制_logger.go:87	test logger ...
2021-05-12T23:34:29.864+0800	INFO	gin_web/2021_5_12_zap_定制_logger.go:87	test logger ...
2021-05-12T23:34:29.864+0800	INFO	gin_web/2021_5_12_zap_定制_logger.go:87	test logger ...
2021-05-12T23:34:29.865+0800	INFO	gin_web/2021_5_12_zap_定制_logger.go:87	test logger ...
2021-05-12T23:34:29.865+0800	INFO	gin_web/2021_5_12_zap_定制_logger.go:87	test logger ...
2021-05-12T23:34:29.865+0800	INFO	gin_web/2021_5_12_zap_定制_logger.go:87	test logger ...
2021-05-12T23:34:29.865+0800	INFO	gin_web/2021_5_12_zap_定制_logger.go:87	test logger ...
2021-05-12T23:34:29.865+0800	INFO	gin_web/2021_5_12_zap_定制_logger.go:87	test logger ...
2021-05-12T23:34:29.865+0800	INFO	gin_web/2021_5_12_zap_定制_logger.go:87	test logger ...
2021-05-12T23:34:29.865+0800	INFO	gin_web/2021_5_12_zap_定制_logger.go:87	test logger ...
2021-05-12T23:34:29.865+0800	INFO	gin_web/2021_5_12_zap_定制_logger.go:87	test logger ...
2021-05-12T23:34:29.865+0800	INFO	gin_web/2021_5_12_zap_定制_logger.go:87	test logger ...
2021-05-12T23:34:29.865+0800	INFO	gin_web/2021_5_12_zap_定制_logger.go:87	test logger ...
2021-05-12T23:34:29.865+0800	INFO	gin_web/2021_5_12_zap_定制_logger.go:87	test logger ...
2021-05-12T23:34:29.865+0800	INFO	gin_web/2021_5_12_zap_定制_logger.go:87	test logger ...
2021-05-12T23:34:29.865+0800	INFO	gin_web/2021_5_12_zap_定制_logger.go:87	test logger ...
2021-05-12T23:34:29.865+0800	INFO	gin_web/2021_5_12_zap_定制_logger.go:87	test logger ...
2021-05-12T23:34:29.865+0800	INFO	gin_web/2021_5_12_zap_定制_logger.go:87	test logger ...
2021-05-12T23:34:29.865+0800	INFO	gin_web/2021_5_12_zap_定制_logger.go:87	test logger ...
2021-05-12T23:34:29.865+0800	INFO	gin_web/2021_5_12_zap_定制_logger.go:87	test logger ...
2021-05-12T23:34:29.865+0800	INFO	gin_web/2021_5_12_zap_定制_logger.go:87	test logger ...
2021-05-12T23:34:29.865+0800	INFO	gin_web/2021_5_12_zap_定制_logger.go:87	test logger ...
2021-05-12T23:34:29.865+0800	INFO	gin_web/2021_5_12_zap_定制_logger.go:87	test logger ...
2021-05-12T23:34:29.865+0800	INFO	gin_web/2021_5_12_zap_定制_logger.go:87	test logger ...
2021-05-12T23:34:29.865+0800	INFO	gin_web/2021_5_12_zap_定制_logger.go:87	test logger ...
2021-05-12T23:34:29.865+0800	INFO	gin_web/2021_5_12_zap_定制_logger.go:87	test logger ...
2021-05-12T23:34:29.865+0800	INFO	gin_web/2021_5_12_zap_定制_logger.go:87	test logger ...
2021-05-12T23:34:29.865+0800	INFO	gin_web/2021_5_12_zap_定制_logger.go:87	test logger ...
2021-05-12T23:34:29.865+0800	INFO	gin_web/2021_5_12_zap_定制_logger.go:87	test logger ...
2021-05-12T23:34:29.865+0800	INFO	gin_web/2021_5_12_zap_定制_logger.go:87	test logger ...
2021-05-12T23:34:29.865+0800	INFO	gin_web/2021_5_12_zap_定制_logger.go:87	test logger ...
2021-05-12T23:34:29.865+0800	INFO	gin_web/2021_5_12_zap_定制_logger.go:87	test logger ...
2021-05-12T23:34:29.865+0800	INFO	gin_web/2021_5_12_zap_定制_logger.go:87	test logger ...
2021-05-12T23:34:29.865+0800	INFO	gin_web/2021_5_12_zap_定制_logger.go:87	test logger ...
2021-05-12T23:34:29.865+0800	INFO	gin_web/2021_5_12_zap_定制_logger.go:87	test logger ...
2021-05-12T23:34:29.865+0800	INFO	gin_web/2021_5_12_zap_定制_logger.go:87	test logger ...
2021-05-12T23:34:29.865+0800	INFO	gin_web/2021_5_12_zap_定制_logger.go:87	test logger ...
2021-05-12T23:34:29.865+0800	INFO	gin_web/2021_5_12_zap_定制_logger.go:87	test logger ...
2021-05-12T23:34:29.865+0800	INFO	gin_web/2021_5_12_zap_定制_logger.go:87	test logger ...
2021-05-12T23:34:29.865+0800	INFO	gin_web/2021_5_12_zap_定制_logger.go:87	test logger ...
2021-05-12T23:34:29.865+0800	INFO	gin_web/2021_5_12_zap_定制_logger.go:87	test logger ...
2021-05-12T23:34:29.865+0800	INFO	gin_web/2021_5_12_zap_定制_logger.go:87	test logger ...
2021-05-12T23:34:29.865+0800	INFO	gin_web/2021_5_12_zap_定制_logger.go:87	test logger ...
2021-05-12T23:34:29.865+0800	INFO	gin_web/2021_5_12_zap_定制_logger.go:87	test logger ...
2021-05-12T23:34:29.865+0800	INFO	gin_web/2021_5_12_zap_定制_logger.go:87	test logger ...
2021-05-12T23:34:29.865+0800	INFO	gin_web/2021_5_12_zap_定制_logger.go:87	test logger ...
2021-05-12T23:34:29.865+0800	INFO	gin_web/2021_5_12_zap_定制_logger.go:87	test logger ...
2021-05-12T23:34:29.865+0800	INFO	gin_web/2021_5_12_zap_定制_logger.go:87	test logger ...
2021-05-12T23:34:29.865+0800	INFO	gin_web/2021_5_12_zap_定制_logger.go:87	test logger ...
2021-05-12T23:34:29.865+0800	INFO	gin_web/2021_5_12_zap_定制_logger.go:87	test logger ...
2021-05-12T23:34:29.865+0800	INFO	gin_web/2021_5_12_zap_定制_logger.go:87	test logger ...
2021-05-12T23:34:29.865+0800	INFO	gin_web/2021_5_12_zap_定制_logger.go:87	test logger ...
2021-05-12T23:34:29.865+0800	INFO	gin_web/2021_5_12_zap_定制_logger.go:87	test logger ...
2021-05-12T23:34:29.865+0800	INFO	gin_web/2021_5_12_zap_定制_logger.go:87	test logger ...
2021-05-12T23:34:29.865+0800	INFO	gin_web/2021_5_12_zap_定制_logger.go:87	test logger ...
2021-05-12T23:34:29.865+0800	INFO	gin_web/2021_5_12_zap_定制_logger.go:87	test logger ...
2021-05-12T23:34:29.865+0800	INFO	gin_web/2021_5_12_zap_定制_logger.go:87	test logger ...
2021-05-12T23:34:29.865+0800	INFO	gin_web/2021_5_12_zap_定制_logger.go:87	test logger ...
2021-05-12T23:34:29.865+0800	INFO	gin_web/2021_5_12_zap_定制_logger.go:87	test logger ...
2021-05-12T23:34:29.865+0800	INFO	gin_web/2021_5_12_zap_定制_logger.go:87	test logger ...
2021-05-12T23:34:29.865+0800	INFO	gin_web/2021_5_12_zap_定制_logger.go:87	test logger ...
2021-05-12T23:34:29.865+0800	INFO	gin_web/2021_5_12_zap_定制_logger.go:87	test logger ...
2021-05-12T23:34:29.865+0800	INFO	gin_web/2021_5_12_zap_定制_logger.go:87	test logger ...
2021-05-12T23:34:29.865+0800	INFO	gin_web/2021_5_12_zap_定制_logger.go:87	test logger ...
2021-05-12T23:34:29.865+0800	INFO	gin_web/2021_5_12_zap_定制_logger.go:87	test logger ...
2021-05-12T23:34:29.865+0800	INFO	gin_web/2021_5_12_zap_定制_logger.go:87	test logger ...
2021-05-12T23:34:29.865+0800	INFO	gin_web/2021_5_12_zap_定制_logger.go:87	test logger ...
2021-05-12T23:34:29.865+0800	INFO	gin_web/2021_5_12_zap_定制_logger.go:87	test logger ...
2021-05-12T23:34:29.865+0800	INFO	gin_web/2021_5_12_zap_定制_logger.go:87	test logger ...
2021-05-12T23:34:29.865+0800	INFO	gin_web/2021_5_12_zap_定制_logger.go:87	test logger ...
2021-05-12T23:34:29.865+0800	INFO	gin_web/2021_5_12_zap_定制_logger.go:87	test logger ...
2021-05-12T23:34:29.865+0800	INFO	gin_web/2021_5_12_zap_定制_logger.go:87	test logger ...
2021-05-12T23:34:29.865+0800	INFO	gin_web/2021_5_12_zap_定制_logger.go:87	test logger ...
2021-05-12T23:34:29.865+0800	INFO	gin_web/2021_5_12_zap_定制_logger.go:87	test logger ...
2021-05-12T23:34:29.865+0800	INFO	gin_web/2021_5_12_zap_定制_logger.go:87	test logger ...
2021-05-12T23:34:29.865+0800	INFO	gin_web/2021_5_12_zap_定制_logger.go:87	test logger ...
2021-05-12T23:34:29.865+0800	INFO	gin_web/2021_5_12_zap_定制_logger.go:87	test logger ...
2021-05-12T23:34:29.865+0800	INFO	gin_web/2021_5_12_zap_定制_logger.go:87	test logger ...
2021-05-12T23:34:29.865+0800	INFO	gin_web/2021_5_12_zap_定制_logger.go:87	test logger ...
2021-05-12T23:34:29.865+0800	INFO	gin_web/2021_5_12_zap_定制_logger.go:87	test logger ...
2021-05-12T23:34:29.865+0800	INFO	gin_web/2021_5_12_zap_定制_logger.go:87	test logger ...
2021-05-12T23:34:29.865+0800	INFO	gin_web/2021_5_12_zap_定制_logger.go:87	test logger ...
2021-05-12T23:34:29.865+0800	INFO	gin_web/2021_5_12_zap_定制_logger.go:87	test logger ...
2021-05-12T23:34:29.865+0800	INFO	gin_web/2021_5_12_zap_定制_logger.go:87	test logger ...
2021-05-12T23:34:29.865+0800	INFO	gin_web/2021_5_12_zap_定制_logger.go:87	test logger ...
2021-05-12T23:34:29.865+0800	INFO	gin_web/2021_5_12_zap_定制_logger.go:87	test logger ...
2021-05-12T23:34:29.865+0800	INFO	gin_web/2021_5_12_zap_定制_logger.go:87	test logger ...
2021-05-12T23:34:29.865+0800	INFO	gin_web/2021_5_12_zap_定制_logger.go:87	test logger ...
2021-05-12T23:34:29.865+0800	INFO	gin_web/2021_5_12_zap_定制_logger.go:87	test logger ...
2021-05-12T23:34:29.865+0800	INFO	gin_web/2021_5_12_zap_定制_logger.go:87	test logger ...
2021-05-12T23:34:29.865+0800	INFO	gin_web/2021_5_12_zap_定制_logger.go:87	test logger ...
2021-05-12T23:34:29.865+0800	INFO	gin_web/2021_5_12_zap_定制_logger.go:87	test logger ...
2021-05-12T23:34:29.865+0800	INFO	gin_web/2021_5_12_zap_定制_logger.go:87	test logger ...
2021-05-12T23:34:29.865+0800	INFO	gin_web/2021_5_12_zap_定制_logger.go:87	test logger ...
2021-05-12T23:34:29.865+0800	INFO	gin_web/2021_5_12_zap_定制_logger.go:87	test logger ...
2021-05-12T23:34:29.865+0800	INFO	gin_web/2021_5_12_zap_定制_logger.go:87	test logger ...
2021-05-12T23:34:29.865+0800	INFO	gin_web/2021_5_12_zap_定制_logger.go:87	test logger ...
2021-05-12T23:34:29.865+0800	INFO	gin_web/2021_5_12_zap_定制_logger.go:87	test logger ...
2021-05-12T23:34:29.865+0800	INFO	gin_web/2021_5_12_zap_定制_logger.go:87	test logger ...
2021-05-12T23:34:29.865+0800	INFO	gin_web/2021_5_12_zap_定制_logger.go:87	test logger ...
2021-05-12T23:34:29.866+0800	INFO	gin_web/2021_5_12_zap_定制_logger.go:87	test logger ...
2021-05-12T23:34:29.866+0800	INFO	gin_web/2021_5_12_zap_定制_logger.go:87	test logger ...
2021-05-12T23:34:29.866+0800	INFO	gin_web/2021_5_12_zap_定制_logger.go:87	test logger ...
2021-05-12T23:34:29.866+0800	INFO	gin_web/2021_5_12_zap_定制_logger.go:87	test logger ...
2021-05-12T23:34:29.866+0800	INFO	gin_web/2021_5_12_zap_定制_logger.go:87	test logger ...
2021-05-12T23:34:29.866+0800	INFO	gin_web/2021_5_12_zap_定制_logger.go:87	test logger ...
2021-05-12T23:34:29.866+0800	INFO	gin_web/2021_5_12_zap_定制_logger.go:87	test logger ...
2021-05-12T23:34:29.866+0800	INFO	gin_web/2021_5_12_zap_定制_logger.go:87	test logger ...
2021-05-12T23:34:29.866+0800	INFO	gin_web/2021_5_12_zap_定制_logger.go:87	test logger ...
2021-05-12T23:34:29.866+0800	INFO	gin_web/2021_5_12_zap_定制_logger.go:87	test logger ...
2021-05-12T23:34:29.866+0800	INFO	gin_web/2021_5_12_zap_定制_logger.go:87	test logger ...
2021-05-12T23:34:29.866+0800	INFO	gin_web/2021_5_12_zap_定制_logger.go:87	test logger ...
2021-05-12T23:34:29.866+0800	INFO	gin_web/2021_5_12_zap_定制_logger.go:87	test logger ...
2021-05-12T23:34:29.866+0800	INFO	gin_web/2021_5_12_zap_定制_logger.go:87	test logger ...
2021-05-12T23:34:29.866+0800	INFO	gin_web/2021_5_12_zap_定制_logger.go:87	test logger ...
2021-05-12T23:34:29.866+0800	INFO	gin_web/2021_5_12_zap_定制_logger.go:87	test logger ...
2021-05-12T23:34:29.866+0800	INFO	gin_web/2021_5_12_zap_定制_logger.go:87	test logger ...
2021-05-12T23:34:29.866+0800	INFO	gin_web/2021_5_12_zap_定制_logger.go:87	test logger ...
2021-05-12T23:34:29.866+0800	INFO	gin_web/2021_5_12_zap_定制_logger.go:87	test logger ...
2021-05-12T23:34:29.866+0800	INFO	gin_web/2021_5_12_zap_定制_logger.go:87	test logger ...
2021-05-12T23:34:29.866+0800	INFO	gin_web/2021_5_12_zap_定制_logger.go:87	test logger ...
2021-05-12T23:34:29.866+0800	INFO	gin_web/2021_5_12_zap_定制_logger.go:87	test logger ...
2021-05-12T23:34:29.866+0800	INFO	gin_web/2021_5_12_zap_定制_logger.go:87	test logger ...
2021-05-12T23:34:29.866+0800	INFO	gin_web/2021_5_12_zap_定制_logger.go:87	test logger ...
2021-05-12T23:34:29.866+0800	INFO	gin_web/2021_5_12_zap_定制_logger.go:87	test logger ...
2021-05-12T23:34:29.866+0800	INFO	gin_web/2021_5_12_zap_定制_logger.go:87	test logger ...
2021-05-12T23:34:29.866+0800	INFO	gin_web/2021_5_12_zap_定制_logger.go:87	test logger ...
2021-05-12T23:34:29.866+0800	INFO	gin_web/2021_5_12_zap_定制_logger.go:87	test logger ...
2021-05-12T23:34:29.866+0800	INFO	gin_web/2021_5_12_zap_定制_logger.go:87	test logger ...
2021-05-12T23:34:29.866+0800	INFO	gin_web/2021_5_12_zap_定制_logger.go:87	test logger ...
2021-05-12T23:34:29.866+0800	INFO	gin_web/2021_5_12_zap_定制_logger.go:87	test logger ...
2021-05-12T23:34:29.866+0800	INFO	gin_web/2021_5_12_zap_定制_logger.go:87	test logger ...
2021-05-12T23:34:29.866+0800	INFO	gin_web/2021_5_12_zap_定制_logger.go:87	test logger ...
2021-05-12T23:34:29.866+0800	INFO	gin_web/2021_5_12_zap_定制_logger.go:87	test logger ...
2021-05-12T23:34:29.866+0800	INFO	gin_web/2021_5_12_zap_定制_logger.go:87	test logger ...
2021-05-12T23:34:29.866+0800	INFO	gin_web/2021_5_12_zap_定制_logger.go:87	test logger ...
2021-05-12T23:34:29.866+0800	INFO	gin_web/2021_5_12_zap_定制_logger.go:87	test logger ...
2021-05-12T23:34:29.866+0800	INFO	gin_web/2021_5_12_zap_定制_logger.go:87	test logger ...
2021-05-12T23:34:29.866+0800	INFO	gin_web/2021_5_12_zap_定制_logger.go:87	test logger ...
2021-05-12T23:34:29.866+0800	INFO	gin_web/2021_5_12_zap_定制_logger.go:87	test logger ...
2021-05-12T23:34:29.866+0800	INFO	gin_web/2021_5_12_zap_定制_logger.go:87	test logger ...
2021-05-12T23:34:29.866+0800	INFO	gin_web/2021_5_12_zap_定制_logger.go:87	test logger ...
2021-05-12T23:34:29.866+0800	INFO	gin_web/2021_5_12_zap_定制_logger.go:87	test logger ...
2021-05-12T23:34:29.866+0800	INFO	gin_web/2021_5_12_zap_定制_logger.go:87	test logger ...
2021-05-12T23:34:29.866+0800	INFO	gin_web/2021_5_12_zap_定制_logger.go:87	test logger ...
2021-05-12T23:34:29.866+0800	INFO	gin_web/2021_5_12_zap_定制_logger.go:87	test logger ...
2021-05-12T23:34:29.866+0800	INFO	gin_web/2021_5_12_zap_定制_logger.go:87	test logger ...
2021-05-12T23:34:29.866+0800	INFO	gin_web/2021_5_12_zap_定制_logger.go:87	test logger ...
2021-05-12T23:34:29.866+0800	INFO	gin_web/2021_5_12_zap_定制_logger.go:87	test logger ...
2021-05-12T23:34:29.866+0800	INFO	gin_web/2021_5_12_zap_定制_logger.go:87	test logger ...
2021-05-12T23:34:29.866+0800	INFO	gin_web/2021_5_12_zap_定制_logger.go:87	test logger ...
2021-05-12T23:34:29.866+0800	INFO	gin_web/2021_5_12_zap_定制_logger.go:87	test logger ...
2021-05-12T23:34:29.866+0800	INFO	gin_web/2021_5_12_zap_定制_logger.go:87	test logger ...
2021-05-12T23:34:29.866+0800	INFO	gin_web/2021_5_12_zap_定制_logger.go:87	test logger ...
2021-05-12T23:34:29.866+0800	INFO	gin_web/2021_5_12_zap_定制_logger.go:87	test logger ...
2021-05-12T23:34:29.866+0800	INFO	gin_web/2021_5_12_zap_定制_logger.go:87	test logger ...
2021-05-12T23:34:29.866+0800	INFO	gin_web/2021_5_12_zap_定制_logger.go:87	test logger ...
2021-05-12T23:34:29.866+0800	INFO	gin_web/2021_5_12_zap_定制_logger.go:87	test logger ...
2021-05-12T23:34:29.866+0800	INFO	gin_web/2021_5_12_zap_定制_logger.go:87	test logger ...
2021-05-12T23:34:29.866+0800	INFO	gin_web/2021_5_12_zap_定制_logger.go:87	test logger ...
2021-05-12T23:34:29.866+0800	INFO	gin_web/2021_5_12_zap_定制_logger.go:87	test logger ...
2021-05-12T23:34:29.866+0800	INFO	gin_web/2021_5_12_zap_定制_logger.go:87	test logger ...
2021-05-12T23:34:29.866+0800	INFO	gin_web/2021_5_12_zap_定制_logger.go:87	test logger ...
2021-05-12T23:34:29.866+0800	INFO	gin_web/2021_5_12_zap_定制_logger.go:87	test logger ...
2021-05-12T23:34:29.866+0800	INFO	gin_web/2021_5_12_zap_定制_logger.go:87	test logger ...
2021-05-12T23:34:29.866+0800	INFO	gin_web/2021_5_12_zap_定制_logger.go:87	test logger ...
2021-05-12T23:34:29.866+0800	INFO	gin_web/2021_5_12_zap_定制_logger.go:87	test logger ...
2021-05-12T23:34:29.866+0800	INFO	gin_web/2021_5_12_zap_定制_logger.go:87	test logger ...
2021-05-12T23:34:29.866+0800	INFO	gin_web/2021_5_12_zap_定制_logger.go:87	test logger ...
2021-05-12T23:34:29.866+0800	INFO	gin_web/2021_5_12_zap_定制_logger.go:87	test logger ...
2021-05-12T23:34:29.866+0800	INFO	gin_web/2021_5_12_zap_定制_logger.go:87	test logger ...
2021-05-12T23:34:29.866+0800	INFO	gin_web/2021_5_12_zap_定制_logger.go:87	test logger ...
2021-05-12T23:34:29.866+0800	INFO	gin_web/2021_5_12_zap_定制_logger.go:87	test logger ...
2021-05-12T23:34:29.866+0800	INFO	gin_web/2021_5_12_zap_定制_logger.go:87	test logger ...
2021-05-12T23:34:29.866+0800	INFO	gin_web/2021_5_12_zap_定制_logger.go:87	test logger ...
2021-05-12T23:34:29.866+0800	INFO	gin_web/2021_5_12_zap_定制_logger.go:87	test logger ...
2021-05-12T23:34:29.866+0800	INFO	gin_web/2021_5_12_zap_定制_logger.go:87	test logger ...
2021-05-12T23:34:29.866+0800	INFO	gin_web/2021_5_12_zap_定制_logger.go:87	test logger ...
2021-05-12T23:34:29.866+0800	INFO	gin_web/2021_5_12_zap_定制_logger.go:87	test logger ...
2021-05-12T23:34:29.866+0800	INFO	gin_web/2021_5_12_zap_定制_logger.go:87	test logger ...
2021-05-12T23:34:29.866+0800	INFO	gin_web/2021_5_12_zap_定制_logger.go:87	test logger ...
2021-05-12T23:34:29.866+0800	INFO	gin_web/2021_5_12_zap_定制_logger.go:87	test logger ...
2021-05-12T23:34:29.866+0800	INFO	gin_web/2021_5_12_zap_定制_logger.go:87	test logger ...
2021-05-12T23:34:29.866+0800	INFO	gin_web/2021_5_12_zap_定制_logger.go:87	test logger ...
2021-05-12T23:34:29.866+0800	INFO	gin_web/2021_5_12_zap_定制_logger.go:87	test logger ...
2021-05-12T23:34:29.866+0800	INFO	gin_web/2021_5_12_zap_定制_logger.go:87	test logger ...
2021-05-12T23:34:29.866+0800	INFO	gin_web/2021_5_12_zap_定制_logger.go:87	test logger ...
2021-05-12T23:34:29.866+0800	INFO	gin_web/2021_5_12_zap_定制_logger.go:87	test logger ...
2021-05-12T23:34:29.866+0800	INFO	gin_web/2021_5_12_zap_定制_logger.go:87	test logger ...
2021-05-12T23:34:29.866+0800	INFO	gin_web/2021_5_12_zap_定制_logger.go:87	test logger ...
2021-05-12T23:34:29.866+0800	INFO	gin_web/2021_5_12_zap_定制_logger.go:87	test logger ...
2021-05-12T23:34:29.866+0800	INFO	gin_web/2021_5_12_zap_定制_logger.go:87	test logger ...
2021-05-12T23:34:29.866+0800	INFO	gin_web/2021_5_12_zap_定制_logger.go:87	test logger ...
2021-05-12T23:34:29.866+0800	INFO	gin_web/2021_5_12_zap_定制_logger.go:87	test logger ...
2021-05-12T23:34:29.866+0800	INFO	gin_web/2021_5_12_zap_定制_logger.go:87	test logger ...
2021-05-12T23:34:29.866+0800	INFO	gin_web/2021_5_12_zap_定制_logger.go:87	test logger ...
2021-05-12T23:34:29.866+0800	INFO	gin_web/2021_5_12_zap_定制_logger.go:87	test logger ...
2021-05-12T23:34:29.866+0800	INFO	gin_web/2021_5_12_zap_定制_logger.go:87	test logger ...
2021-05-12T23:34:29.866+0800	INFO	gin_web/2021_5_12_zap_定制_logger.go:87	test logger ...
2021-05-12T23:34:29.866+0800	INFO	gin_web/2021_5_12_zap_定制_logger.go:87	test logger ...
2021-05-12T23:34:29.867+0800	INFO	gin_web/2021_5_12_zap_定制_logger.go:87	test logger ...
2021-05-12T23:34:29.867+0800	INFO	gin_web/2021_5_12_zap_定制_logger.go:87	test logger ...
2021-05-12T23:34:29.867+0800	INFO	gin_web/2021_5_12_zap_定制_logger.go:87	test logger ...
2021-05-12T23:34:29.867+0800	INFO	gin_web/2021_5_12_zap_定制_logger.go:87	test logger ...
2021-05-12T23:34:29.867+0800	INFO	gin_web/2021_5_12_zap_定制_logger.go:87	test logger ...
2021-05-12T23:34:29.867+0800	INFO	gin_web/2021_5_12_zap_定制_logger.go:87	test logger ...
2021-05-12T23:34:29.867+0800	INFO	gin_web/2021_5_12_zap_定制_logger.go:87	test logger ...
2021-05-12T23:34:29.867+0800	INFO	gin_web/2021_5_12_zap_定制_logger.go:87	test logger ...
2021-05-12T23:34:29.867+0800	INFO	gin_web/2021_5_12_zap_定制_logger.go:87	test logger ...
2021-05-12T23:34:29.867+0800	INFO	gin_web/2021_5_12_zap_定制_logger.go:87	test logger ...
2021-05-12T23:34:29.867+0800	INFO	gin_web/2021_5_12_zap_定制_logger.go:87	test logger ...
2021-05-12T23:34:29.867+0800	INFO	gin_web/2021_5_12_zap_定制_logger.go:87	test logger ...
2021-05-12T23:34:29.867+0800	INFO	gin_web/2021_5_12_zap_定制_logger.go:87	test logger ...
2021-05-12T23:34:29.867+0800	INFO	gin_web/2021_5_12_zap_定制_logger.go:87	test logger ...
2021-05-12T23:34:29.867+0800	INFO	gin_web/2021_5_12_zap_定制_logger.go:87	test logger ...
2021-05-12T23:34:29.867+0800	INFO	gin_web/2021_5_12_zap_定制_logger.go:87	test logger ...
2021-05-12T23:34:29.867+0800	INFO	gin_web/2021_5_12_zap_定制_logger.go:87	test logger ...
2021-05-12T23:34:29.867+0800	INFO	gin_web/2021_5_12_zap_定制_logger.go:87	test logger ...
2021-05-12T23:34:29.867+0800	INFO	gin_web/2021_5_12_zap_定制_logger.go:87	test logger ...
2021-05-12T23:34:29.867+0800	INFO	gin_web/2021_5_12_zap_定制_logger.go:87	test logger ...
2021-05-12T23:34:29.867+0800	INFO	gin_web/2021_5_12_zap_定制_logger.go:87	test logger ...
2021-05-12T23:34:29.867+0800	INFO	gin_web/2021_5_12_zap_定制_logger.go:87	test logger ...
2021-05-12T23:34:29.867+0800	INFO	gin_web/2021_5_12_zap_定制_logger.go:87	test logger ...
2021-05-12T23:34:29.867+0800	INFO	gin_web/2021_5_12_zap_定制_logger.go:87	test logger ...
2021-05-12T23:34:29.867+0800	INFO	gin_web/2021_5_12_zap_定制_logger.go:87	test logger ...
2021-05-12T23:34:29.867+0800	INFO	gin_web/2021_5_12_zap_定制_logger.go:87	test logger ...
2021-05-12T23:34:29.867+0800	INFO	gin_web/2021_5_12_zap_定制_logger.go:87	test logger ...
2021-05-12T23:34:29.867+0800	INFO	gin_web/2021_5_12_zap_定制_logger.go:87	test logger ...
2021-05-12T23:34:29.867+0800	INFO	gin_web/2021_5_12_zap_定制_logger.go:87	test logger ...
2021-05-12T23:34:29.867+0800	INFO	gin_web/2021_5_12_zap_定制_logger.go:87	test logger ...
2021-05-12T23:34:29.867+0800	INFO	gin_web/2021_5_12_zap_定制_logger.go:87	test logger ...
2021-05-12T23:34:29.867+0800	INFO	gin_web/2021_5_12_zap_定制_logger.go:87	test logger ...
2021-05-12T23:34:29.867+0800	INFO	gin_web/2021_5_12_zap_定制_logger.go:87	test logger ...
2021-05-12T23:34:29.867+0800	INFO	gin_web/2021_5_12_zap_定制_logger.go:87	test logger ...
2021-05-12T23:34:29.867+0800	INFO	gin_web/2021_5_12_zap_定制_logger.go:87	test logger ...
2021-05-12T23:34:29.867+0800	INFO	gin_web/2021_5_12_zap_定制_logger.go:87	test logger ...
2021-05-12T23:34:29.867+0800	INFO	gin_web/2021_5_12_zap_定制_logger.go:87	test logger ...
2021-05-12T23:34:29.867+0800	INFO	gin_web/2021_5_12_zap_定制_logger.go:87	test logger ...
2021-05-12T23:34:29.867+0800	INFO	gin_web/2021_5_12_zap_定制_logger.go:87	test logger ...
2021-05-12T23:34:29.867+0800	INFO	gin_web/2021_5_12_zap_定制_logger.go:87	test logger ...
2021-05-12T23:34:29.867+0800	INFO	gin_web/2021_5_12_zap_定制_logger.go:87	test logger ...
2021-05-12T23:34:29.867+0800	INFO	gin_web/2021_5_12_zap_定制_logger.go:87	test logger ...
2021-05-12T23:34:29.867+0800	INFO	gin_web/2021_5_12_zap_定制_logger.go:87	test logger ...
2021-05-12T23:34:29.867+0800	INFO	gin_web/2021_5_12_zap_定制_logger.go:87	test logger ...
2021-05-12T23:34:29.867+0800	INFO	gin_web/2021_5_12_zap_定制_logger.go:87	test logger ...
2021-05-12T23:34:29.867+0800	INFO	gin_web/2021_5_12_zap_定制_logger.go:87	test logger ...
2021-05-12T23:34:29.867+0800	INFO	gin_web/2021_5_12_zap_定制_logger.go:87	test logger ...
2021-05-12T23:34:29.867+0800	INFO	gin_web/2021_5_12_zap_定制_logger.go:87	test logger ...
2021-05-12T23:34:29.867+0800	INFO	gin_web/2021_5_12_zap_定制_logger.go:87	test logger ...
2021-05-12T23:34:29.867+0800	INFO	gin_web/2021_5_12_zap_定制_logger.go:87	test logger ...
2021-05-12T23:34:29.867+0800	INFO	gin_web/2021_5_12_zap_定制_logger.go:87	test logger ...
2021-05-12T23:34:29.867+0800	INFO	gin_web/2021_5_12_zap_定制_logger.go:87	test logger ...
2021-05-12T23:34:29.867+0800	INFO	gin_web/2021_5_12_zap_定制_logger.go:87	test logger ...
2021-05-12T23:34:29.867+0800	INFO	gin_web/2021_5_12_zap_定制_logger.go:87	test logger ...
2021-05-12T23:34:29.867+0800	INFO	gin_web/2021_5_12_zap_定制_logger.go:87	test logger ...
2021-05-12T23:34:29.867+0800	INFO	gin_web/2021_5_12_zap_定制_logger.go:87	test logger ...
2021-05-12T23:34:29.867+0800	INFO	gin_web/2021_5_12_zap_定制_logger.go:87	test logger ...
2021-05-12T23:34:29.867+0800	INFO	gin_web/2021_5_12_zap_定制_logger.go:87	test logger ...
2021-05-12T23:34:29.867+0800	INFO	gin_web/2021_5_12_zap_定制_logger.go:87	test logger ...
2021-05-12T23:34:29.867+0800	INFO	gin_web/2021_5_12_zap_定制_logger.go:87	test logger ...
2021-05-12T23:34:29.867+0800	INFO	gin_web/2021_5_12_zap_定制_logger.go:87	test logger ...
2021-05-12T23:34:29.867+0800	INFO	gin_web/2021_5_12_zap_定制_logger.go:87	test logger ...
2021-05-12T23:34:29.867+0800	INFO	gin_web/2021_5_12_zap_定制_logger.go:87	test logger ...
2021-05-12T23:34:29.867+0800	INFO	gin_web/2021_5_12_zap_定制_logger.go:87	test logger ...
2021-05-12T23:34:29.867+0800	INFO	gin_web/2021_5_12_zap_定制_logger.go:87	test logger ...
2021-05-12T23:34:29.867+0800	INFO	gin_web/2021_5_12_zap_定制_logger.go:87	test logger ...
2021-05-12T23:34:29.867+0800	INFO	gin_web/2021_5_12_zap_定制_logger.go:87	test logger ...
2021-05-12T23:34:29.867+0800	INFO	gin_web/2021_5_12_zap_定制_logger.go:87	test logger ...
2021-05-12T23:34:29.867+0800	INFO	gin_web/2021_5_12_zap_定制_logger.go:87	test logger ...
2021-05-12T23:34:29.867+0800	INFO	gin_web/2021_5_12_zap_定制_logger.go:87	test logger ...
2021-05-12T23:34:29.867+0800	INFO	gin_web/2021_5_12_zap_定制_logger.go:87	test logger ...
2021-05-12T23:34:29.867+0800	INFO	gin_web/2021_5_12_zap_定制_logger.go:87	test logger ...
2021-05-12T23:34:29.867+0800	INFO	gin_web/2021_5_12_zap_定制_logger.go:87	test logger ...
2021-05-12T23:34:29.867+0800	INFO	gin_web/2021_5_12_zap_定制_logger.go:87	test logger ...
2021-05-12T23:34:29.867+0800	INFO	gin_web/2021_5_12_zap_定制_logger.go:87	test logger ...
2021-05-12T23:34:29.867+0800	INFO	gin_web/2021_5_12_zap_定制_logger.go:87	test logger ...
2021-05-12T23:34:29.867+0800	INFO	gin_web/2021_5_12_zap_定制_logger.go:87	test logger ...
2021-05-12T23:34:29.867+0800	INFO	gin_web/2021_5_12_zap_定制_logger.go:87	test logger ...
2021-05-12T23:34:29.867+0800	INFO	gin_web/2021_5_12_zap_定制_logger.go:87	test logger ...
2021-05-12T23:34:29.867+0800	INFO	gin_web/2021_5_12_zap_定制_logger.go:87	test logger ...
2021-05-12T23:34:29.867+0800	INFO	gin_web/2021_5_12_zap_定制_logger.go:87	test logger ...
2021-05-12T23:34:29.867+0800	INFO	gin_web/2021_5_12_zap_定制_logger.go:87	test logger ...
2021-05-12T23:34:29.867+0800	INFO	gin_web/2021_5_12_zap_定制_logger.go:87	test logger ...
2021-05-12T23:34:29.867+0800	INFO	gin_web/2021_5_12_zap_定制_logger.go:87	test logger ...
2021-05-12T23:34:29.867+0800	INFO	gin_web/2021_5_12_zap_定制_logger.go:87	test logger ...
2021-05-12T23:34:29.867+0800	INFO	gin_web/2021_5_12_zap_定制_logger.go:87	test logger ...
2021-05-12T23:34:29.867+0800	INFO	gin_web/2021_5_12_zap_定制_logger.go:87	test logger ...
2021-05-12T23:34:29.867+0800	INFO	gin_web/2021_5_12_zap_定制_logger.go:87	test logger ...
2021-05-12T23:34:29.867+0800	INFO	gin_web/2021_5_12_zap_定制_logger.go:87	test logger ...
2021-05-12T23:34:29.868+0800	INFO	gin_web/2021_5_12_zap_定制_logger.go:87	test logger ...
2021-05-12T23:34:29.868+0800	INFO	gin_web/2021_5_12_zap_定制_logger.go:87	test logger ...
2021-05-12T23:34:29.868+0800	INFO	gin_web/2021_5_12_zap_定制_logger.go:87	test logger ...
2021-05-12T23:34:29.868+0800	INFO	gin_web/2021_5_12_zap_定制_logger.go:87	test logger ...
2021-05-12T23:34:29.868+0800	INFO	gin_web/2021_5_12_zap_定制_logger.go:87	test logger ...
2021-05-12T23:34:29.868+0800	INFO	gin_web/2021_5_12_zap_定制_logger.go:87	test logger ...
2021-05-12T23:34:29.868+0800	INFO	gin_web/2021_5_12_zap_定制_logger.go:87	test logger ...
2021-05-12T23:34:29.868+0800	INFO	gin_web/2021_5_12_zap_定制_logger.go:87	test logger ...
2021-05-12T23:34:29.868+0800	INFO	gin_web/2021_5_12_zap_定制_logger.go:87	test logger ...
2021-05-12T23:34:29.868+0800	INFO	gin_web/2021_5_12_zap_定制_logger.go:87	test logger ...
2021-05-12T23:34:29.868+0800	INFO	gin_web/2021_5_12_zap_定制_logger.go:87	test logger ...
2021-05-12T23:34:29.868+0800	INFO	gin_web/2021_5_12_zap_定制_logger.go:87	test logger ...
2021-05-12T23:34:29.868+0800	INFO	gin_web/2021_5_12_zap_定制_logger.go:87	test logger ...
2021-05-12T23:34:29.868+0800	INFO	gin_web/2021_5_12_zap_定制_logger.go:87	test logger ...
2021-05-12T23:34:29.868+0800	INFO	gin_web/2021_5_12_zap_定制_logger.go:87	test logger ...
2021-05-12T23:34:29.868+0800	INFO	gin_web/2021_5_12_zap_定制_logger.go:87	test logger ...
2021-05-12T23:34:29.868+0800	INFO	gin_web/2021_5_12_zap_定制_logger.go:87	test logger ...
2021-05-12T23:34:29.868+0800	INFO	gin_web/2021_5_12_zap_定制_logger.go:87	test logger ...
2021-05-12T23:34:29.868+0800	INFO	gin_web/2021_5_12_zap_定制_logger.go:87	test logger ...
2021-05-12T23:34:29.868+0800	INFO	gin_web/2021_5_12_zap_定制_logger.go:87	test logger ...
2021-05-12T23:34:29.868+0800	INFO	gin_web/2021_5_12_zap_定制_logger.go:87	test logger ...
2021-05-12T23:34:29.868+0800	INFO	gin_web/2021_5_12_zap_定制_logger.go:87	test logger ...
2021-05-12T23:34:29.868+0800	INFO	gin_web/2021_5_12_zap_定制_logger.go:87	test logger ...
2021-05-12T23:34:29.868+0800	INFO	gin_web/2021_5_12_zap_定制_logger.go:87	test logger ...
2021-05-12T23:34:29.868+0800	INFO	gin_web/2021_5_12_zap_定制_logger.go:87	test logger ...
2021-05-12T23:34:29.868+0800	INFO	gin_web/2021_5_12_zap_定制_logger.go:87	test logger ...
2021-05-12T23:34:29.868+0800	INFO	gin_web/2021_5_12_zap_定制_logger.go:87	test logger ...
2021-05-12T23:34:29.868+0800	INFO	gin_web/2021_5_12_zap_定制_logger.go:87	test logger ...
2021-05-12T23:34:29.868+0800	INFO	gin_web/2021_5_12_zap_定制_logger.go:87	test logger ...
2021-05-12T23:34:29.868+0800	INFO	gin_web/2021_5_12_zap_定制_logger.go:87	test logger ...
2021-05-12T23:34:29.868+0800	INFO	gin_web/2021_5_12_zap_定制_logger.go:87	test logger ...
2021-05-12T23:34:29.868+0800	INFO	gin_web/2021_5_12_zap_定制_logger.go:87	test logger ...
2021-05-12T23:34:29.868+0800	INFO	gin_web/2021_5_12_zap_定制_logger.go:87	test logger ...
2021-05-12T23:34:29.868+0800	INFO	gin_web/2021_5_12_zap_定制_logger.go:87	test logger ...
2021-05-12T23:34:29.868+0800	INFO	gin_web/2021_5_12_zap_定制_logger.go:87	test logger ...
2021-05-12T23:34:29.868+0800	INFO	gin_web/2021_5_12_zap_定制_logger.go:87	test logger ...
2021-05-12T23:34:29.868+0800	INFO	gin_web/2021_5_12_zap_定制_logger.go:87	test logger ...
2021-05-12T23:34:29.868+0800	INFO	gin_web/2021_5_12_zap_定制_logger.go:87	test logger ...
2021-05-12T23:34:29.868+0800	INFO	gin_web/2021_5_12_zap_定制_logger.go:87	test logger ...
2021-05-12T23:34:29.868+0800	INFO	gin_web/2021_5_12_zap_定制_logger.go:87	test logger ...
2021-05-12T23:34:29.868+0800	INFO	gin_web/2021_5_12_zap_定制_logger.go:87	test logger ...
2021-05-12T23:34:29.868+0800	INFO	gin_web/2021_5_12_zap_定制_logger.go:87	test logger ...
2021-05-12T23:34:29.868+0800	INFO	gin_web/2021_5_12_zap_定制_logger.go:87	test logger ...
2021-05-12T23:34:29.868+0800	INFO	gin_web/2021_5_12_zap_定制_logger.go:87	test logger ...
2021-05-12T23:34:29.868+0800	INFO	gin_web/2021_5_12_zap_定制_logger.go:87	test logger ...
2021-05-12T23:34:29.868+0800	INFO	gin_web/2021_5_12_zap_定制_logger.go:87	test logger ...
2021-05-12T23:34:29.868+0800	INFO	gin_web/2021_5_12_zap_定制_logger.go:87	test logger ...
2021-05-12T23:34:29.868+0800	INFO	gin_web/2021_5_12_zap_定制_logger.go:87	test logger ...
2021-05-12T23:34:29.868+0800	INFO	gin_web/2021_5_12_zap_定制_logger.go:87	test logger ...
2021-05-12T23:34:29.868+0800	INFO	gin_web/2021_5_12_zap_定制_logger.go:87	test logger ...
2021-05-12T23:34:29.868+0800	INFO	gin_web/2021_5_12_zap_定制_logger.go:87	test logger ...
2021-05-12T23:34:29.868+0800	INFO	gin_web/2021_5_12_zap_定制_logger.go:87	test logger ...
2021-05-12T23:34:29.868+0800	INFO	gin_web/2021_5_12_zap_定制_logger.go:87	test logger ...
2021-05-12T23:34:29.868+0800	INFO	gin_web/2021_5_12_zap_定制_logger.go:87	test logger ...
2021-05-12T23:34:29.868+0800	INFO	gin_web/2021_5_12_zap_定制_logger.go:87	test logger ...
2021-05-12T23:34:29.868+0800	INFO	gin_web/2021_5_12_zap_定制_logger.go:87	test logger ...
2021-05-12T23:34:29.868+0800	INFO	gin_web/2021_5_12_zap_定制_logger.go:87	test logger ...
2021-05-12T23:34:29.868+0800	INFO	gin_web/2021_5_12_zap_定制_logger.go:87	test logger ...
2021-05-12T23:34:29.868+0800	INFO	gin_web/2021_5_12_zap_定制_logger.go:87	test logger ...
2021-05-12T23:34:29.868+0800	INFO	gin_web/2021_5_12_zap_定制_logger.go:87	test logger ...
2021-05-12T23:34:29.868+0800	INFO	gin_web/2021_5_12_zap_定制_logger.go:87	test logger ...
2021-05-12T23:34:29.868+0800	INFO	gin_web/2021_5_12_zap_定制_logger.go:87	test logger ...
2021-05-12T23:34:29.868+0800	INFO	gin_web/2021_5_12_zap_定制_logger.go:87	test logger ...
2021-05-12T23:34:29.868+0800	INFO	gin_web/2021_5_12_zap_定制_logger.go:87	test logger ...
2021-05-12T23:34:29.868+0800	INFO	gin_web/2021_5_12_zap_定制_logger.go:87	test logger ...
2021-05-12T23:34:29.868+0800	INFO	gin_web/2021_5_12_zap_定制_logger.go:87	test logger ...
2021-05-12T23:34:29.868+0800	INFO	gin_web/2021_5_12_zap_定制_logger.go:87	test logger ...
2021-05-12T23:34:29.868+0800	INFO	gin_web/2021_5_12_zap_定制_logger.go:87	test logger ...
2021-05-12T23:34:29.868+0800	INFO	gin_web/2021_5_12_zap_定制_logger.go:87	test logger ...
2021-05-12T23:34:29.868+0800	INFO	gin_web/2021_5_12_zap_定制_logger.go:87	test logger ...
2021-05-12T23:34:29.868+0800	INFO	gin_web/2021_5_12_zap_定制_logger.go:87	test logger ...
2021-05-12T23:34:29.868+0800	INFO	gin_web/2021_5_12_zap_定制_logger.go:87	test logger ...
2021-05-12T23:34:29.868+0800	INFO	gin_web/2021_5_12_zap_定制_logger.go:87	test logger ...
2021-05-12T23:34:29.868+0800	INFO	gin_web/2021_5_12_zap_定制_logger.go:87	test logger ...
2021-05-12T23:34:29.868+0800	INFO	gin_web/2021_5_12_zap_定制_logger.go:87	test logger ...
2021-05-12T23:34:29.868+0800	INFO	gin_web/2021_5_12_zap_定制_logger.go:87	test logger ...
2021-05-12T23:34:29.868+0800	INFO	gin_web/2021_5_12_zap_定制_logger.go:87	test logger ...
2021-05-12T23:34:29.868+0800	INFO	gin_web/2021_5_12_zap_定制_logger.go:87	test logger ...
2021-05-12T23:34:29.868+0800	INFO	gin_web/2021_5_12_zap_定制_logger.go:87	test logger ...
2021-05-12T23:34:29.868+0800	INFO	gin_web/2021_5_12_zap_定制_logger.go:87	test logger ...
2021-05-12T23:34:29.868+0800	INFO	gin_web/2021_5_12_zap_定制_logger.go:87	test logger ...
2021-05-12T23:34:29.868+0800	INFO	gin_web/2021_5_12_zap_定制_logger.go:87	test logger ...
2021-05-12T23:34:29.868+0800	INFO	gin_web/2021_5_12_zap_定制_logger.go:87	test logger ...
2021-05-12T23:34:29.868+0800	INFO	gin_web/2021_5_12_zap_定制_logger.go:87	test logger ...
2021-05-12T23:34:29.868+0800	INFO	gin_web/2021_5_12_zap_定制_logger.go:87	test logger ...
2021-05-12T23:34:29.868+0800	INFO	gin_web/2021_5_12_zap_定制_logger.go:87	test logger ...
2021-05-12T23:34:29.868+0800	INFO	gin_web/2021_5_12_zap_定制_logger.go:87	test logger ...
2021-05-12T23:34:29.868+0800	INFO	gin_web/2021_5_12_zap_定制_logger.go:87	test logger ...
2021-05-12T23:34:29.868+0800	INFO	gin_web/2021_5_12_zap_定制_logger.go:87	test logger ...
2021-05-12T23:34:29.868+0800	INFO	gin_web/2021_5_12_zap_定制_logger.go:87	test logger ...
2021-05-12T23:34:29.868+0800	INFO	gin_web/2021_5_12_zap_定制_logger.go:87	test logger ...
2021-05-12T23:34:29.868+0800	INFO	gin_web/2021_5_12_zap_定制_logger.go:87	test logger ...
2021-05-12T23:34:29.868+0800	INFO	gin_web/2021_5_12_zap_定制_logger.go:87	test logger ...
2021-05-12T23:34:29.868+0800	INFO	gin_web/2021_5_12_zap_定制_logger.go:87	test logger ...
2021-05-12T23:34:29.868+0800	INFO	gin_web/2021_5_12_zap_定制_logger.go:87	test logger ...
2021-05-12T23:34:29.868+0800	INFO	gin_web/2021_5_12_zap_定制_logger.go:87	test logger ...
2021-05-12T23:34:29.868+0800	INFO	gin_web/2021_5_12_zap_定制_logger.go:87	test logger ...
2021-05-12T23:34:29.868+0800	INFO	gin_web/2021_5_12_zap_定制_logger.go:87	test logger ...
2021-05-12T23:34:29.869+0800	INFO	gin_web/2021_5_12_zap_定制_logger.go:87	test logger ...
2021-05-12T23:34:29.869+0800	INFO	gin_web/2021_5_12_zap_定制_logger.go:87	test logger ...
2021-05-12T23:34:29.869+0800	INFO	gin_web/2021_5_12_zap_定制_logger.go:87	test logger ...
2021-05-12T23:34:29.869+0800	INFO	gin_web/2021_5_12_zap_定制_logger.go:87	test logger ...
2021-05-12T23:34:29.869+0800	INFO	gin_web/2021_5_12_zap_定制_logger.go:87	test logger ...
2021-05-12T23:34:29.869+0800	INFO	gin_web/2021_5_12_zap_定制_logger.go:87	test logger ...
2021-05-12T23:34:29.869+0800	INFO	gin_web/2021_5_12_zap_定制_logger.go:87	test logger ...
2021-05-12T23:34:29.869+0800	INFO	gin_web/2021_5_12_zap_定制_logger.go:87	test logger ...
2021-05-12T23:34:29.869+0800	INFO	gin_web/2021_5_12_zap_定制_logger.go:87	test logger ...
2021-05-12T23:34:29.869+0800	INFO	gin_web/2021_5_12_zap_定制_logger.go:87	test logger ...
2021-05-12T23:34:29.869+0800	INFO	gin_web/2021_5_12_zap_定制_logger.go:87	test logger ...
2021-05-12T23:34:29.869+0800	INFO	gin_web/2021_5_12_zap_定制_logger.go:87	test logger ...
2021-05-12T23:34:29.869+0800	INFO	gin_web/2021_5_12_zap_定制_logger.go:87	test logger ...
2021-05-12T23:34:29.869+0800	INFO	gin_web/2021_5_12_zap_定制_logger.go:87	test logger ...
2021-05-12T23:34:29.869+0800	INFO	gin_web/2021_5_12_zap_定制_logger.go:87	test logger ...
2021-05-12T23:34:29.869+0800	INFO	gin_web/2021_5_12_zap_定制_logger.go:87	test logger ...
2021-05-12T23:34:29.869+0800	INFO	gin_web/2021_5_12_zap_定制_logger.go:87	test logger ...
2021-05-12T23:34:29.869+0800	INFO	gin_web/2021_5_12_zap_定制_logger.go:87	test logger ...
2021-05-12T23:34:29.869+0800	INFO	gin_web/2021_5_12_zap_定制_logger.go:87	test logger ...
2021-05-12T23:34:29.869+0800	INFO	gin_web/2021_5_12_zap_定制_logger.go:87	test logger ...
2021-05-12T23:34:29.869+0800	INFO	gin_web/2021_5_12_zap_定制_logger.go:87	test logger ...
2021-05-12T23:34:29.869+0800	INFO	gin_web/2021_5_12_zap_定制_logger.go:87	test logger ...
2021-05-12T23:34:29.869+0800	INFO	gin_web/2021_5_12_zap_定制_logger.go:87	test logger ...
2021-05-12T23:34:29.869+0800	INFO	gin_web/2021_5_12_zap_定制_logger.go:87	test logger ...
2021-05-12T23:34:29.869+0800	INFO	gin_web/2021_5_12_zap_定制_logger.go:87	test logger ...
2021-05-12T23:34:29.869+0800	INFO	gin_web/2021_5_12_zap_定制_logger.go:87	test logger ...
2021-05-12T23:34:29.869+0800	INFO	gin_web/2021_5_12_zap_定制_logger.go:87	test logger ...
2021-05-12T23:34:29.869+0800	INFO	gin_web/2021_5_12_zap_定制_logger.go:87	test logger ...
2021-05-12T23:34:29.869+0800	INFO	gin_web/2021_5_12_zap_定制_logger.go:87	test logger ...
2021-05-12T23:34:29.869+0800	INFO	gin_web/2021_5_12_zap_定制_logger.go:87	test logger ...
2021-05-12T23:34:29.869+0800	INFO	gin_web/2021_5_12_zap_定制_logger.go:87	test logger ...
2021-05-12T23:34:29.869+0800	INFO	gin_web/2021_5_12_zap_定制_logger.go:87	test logger ...
2021-05-12T23:34:29.869+0800	INFO	gin_web/2021_5_12_zap_定制_logger.go:87	test logger ...
2021-05-12T23:34:29.869+0800	INFO	gin_web/2021_5_12_zap_定制_logger.go:87	test logger ...
2021-05-12T23:34:29.869+0800	INFO	gin_web/2021_5_12_zap_定制_logger.go:87	test logger ...
2021-05-12T23:34:29.869+0800	INFO	gin_web/2021_5_12_zap_定制_logger.go:87	test logger ...
2021-05-12T23:34:29.869+0800	INFO	gin_web/2021_5_12_zap_定制_logger.go:87	test logger ...
2021-05-12T23:34:29.869+0800	INFO	gin_web/2021_5_12_zap_定制_logger.go:87	test logger ...
2021-05-12T23:34:29.869+0800	INFO	gin_web/2021_5_12_zap_定制_logger.go:87	test logger ...
2021-05-12T23:34:29.869+0800	INFO	gin_web/2021_5_12_zap_定制_logger.go:87	test logger ...
2021-05-12T23:34:29.869+0800	INFO	gin_web/2021_5_12_zap_定制_logger.go:87	test logger ...
2021-05-12T23:34:29.869+0800	INFO	gin_web/2021_5_12_zap_定制_logger.go:87	test logger ...
2021-05-12T23:34:29.869+0800	INFO	gin_web/2021_5_12_zap_定制_logger.go:87	test logger ...
2021-05-12T23:34:29.869+0800	INFO	gin_web/2021_5_12_zap_定制_logger.go:87	test logger ...
2021-05-12T23:34:29.869+0800	INFO	gin_web/2021_5_12_zap_定制_logger.go:87	test logger ...
2021-05-12T23:34:29.869+0800	INFO	gin_web/2021_5_12_zap_定制_logger.go:87	test logger ...
2021-05-12T23:34:29.869+0800	INFO	gin_web/2021_5_12_zap_定制_logger.go:87	test logger ...
2021-05-12T23:34:29.869+0800	INFO	gin_web/2021_5_12_zap_定制_logger.go:87	test logger ...
2021-05-12T23:34:29.869+0800	INFO	gin_web/2021_5_12_zap_定制_logger.go:87	test logger ...
2021-05-12T23:34:29.869+0800	INFO	gin_web/2021_5_12_zap_定制_logger.go:87	test logger ...
2021-05-12T23:34:29.869+0800	INFO	gin_web/2021_5_12_zap_定制_logger.go:87	test logger ...
2021-05-12T23:34:29.869+0800	INFO	gin_web/2021_5_12_zap_定制_logger.go:87	test logger ...
2021-05-12T23:34:29.869+0800	INFO	gin_web/2021_5_12_zap_定制_logger.go:87	test logger ...
2021-05-12T23:34:29.869+0800	INFO	gin_web/2021_5_12_zap_定制_logger.go:87	test logger ...
2021-05-12T23:34:29.869+0800	INFO	gin_web/2021_5_12_zap_定制_logger.go:87	test logger ...
2021-05-12T23:34:29.869+0800	INFO	gin_web/2021_5_12_zap_定制_logger.go:87	test logger ...
2021-05-12T23:34:29.869+0800	INFO	gin_web/2021_5_12_zap_定制_logger.go:87	test logger ...
2021-05-12T23:34:29.869+0800	INFO	gin_web/2021_5_12_zap_定制_logger.go:87	test logger ...
2021-05-12T23:34:29.869+0800	INFO	gin_web/2021_5_12_zap_定制_logger.go:87	test logger ...
2021-05-12T23:34:29.869+0800	INFO	gin_web/2021_5_12_zap_定制_logger.go:87	test logger ...
2021-05-12T23:34:29.869+0800	INFO	gin_web/2021_5_12_zap_定制_logger.go:87	test logger ...
2021-05-12T23:34:29.869+0800	INFO	gin_web/2021_5_12_zap_定制_logger.go:87	test logger ...
2021-05-12T23:34:29.869+0800	INFO	gin_web/2021_5_12_zap_定制_logger.go:87	test logger ...
2021-05-12T23:34:29.869+0800	INFO	gin_web/2021_5_12_zap_定制_logger.go:87	test logger ...
2021-05-12T23:34:29.869+0800	INFO	gin_web/2021_5_12_zap_定制_logger.go:87	test logger ...
2021-05-12T23:34:29.869+0800	INFO	gin_web/2021_5_12_zap_定制_logger.go:87	test logger ...
2021-05-12T23:34:29.869+0800	INFO	gin_web/2021_5_12_zap_定制_logger.go:87	test logger ...
2021-05-12T23:34:29.869+0800	INFO	gin_web/2021_5_12_zap_定制_logger.go:87	test logger ...
2021-05-12T23:34:29.869+0800	INFO	gin_web/2021_5_12_zap_定制_logger.go:87	test logger ...
2021-05-12T23:34:29.869+0800	INFO	gin_web/2021_5_12_zap_定制_logger.go:87	test logger ...
2021-05-12T23:34:29.869+0800	INFO	gin_web/2021_5_12_zap_定制_logger.go:87	test logger ...
2021-05-12T23:34:29.869+0800	INFO	gin_web/2021_5_12_zap_定制_logger.go:87	test logger ...
2021-05-12T23:34:29.869+0800	INFO	gin_web/2021_5_12_zap_定制_logger.go:87	test logger ...
2021-05-12T23:34:29.869+0800	INFO	gin_web/2021_5_12_zap_定制_logger.go:87	test logger ...
2021-05-12T23:34:29.869+0800	INFO	gin_web/2021_5_12_zap_定制_logger.go:87	test logger ...
2021-05-12T23:34:29.869+0800	INFO	gin_web/2021_5_12_zap_定制_logger.go:87	test logger ...
2021-05-12T23:34:29.869+0800	INFO	gin_web/2021_5_12_zap_定制_logger.go:87	test logger ...
2021-05-12T23:34:29.869+0800	INFO	gin_web/2021_5_12_zap_定制_logger.go:87	test logger ...
2021-05-12T23:34:29.869+0800	INFO	gin_web/2021_5_12_zap_定制_logger.go:87	test logger ...
2021-05-12T23:34:29.869+0800	INFO	gin_web/2021_5_12_zap_定制_logger.go:87	test logger ...
2021-05-12T23:34:29.869+0800	INFO	gin_web/2021_5_12_zap_定制_logger.go:87	test logger ...
2021-05-12T23:34:29.869+0800	INFO	gin_web/2021_5_12_zap_定制_logger.go:87	test logger ...
2021-05-12T23:34:29.869+0800	INFO	gin_web/2021_5_12_zap_定制_logger.go:87	test logger ...
2021-05-12T23:34:29.869+0800	INFO	gin_web/2021_5_12_zap_定制_logger.go:87	test logger ...
2021-05-12T23:34:29.869+0800	INFO	gin_web/2021_5_12_zap_定制_logger.go:87	test logger ...
2021-05-12T23:34:29.869+0800	INFO	gin_web/2021_5_12_zap_定制_logger.go:87	test logger ...
2021-05-12T23:34:29.869+0800	INFO	gin_web/2021_5_12_zap_定制_logger.go:87	test logger ...
2021-05-12T23:34:29.869+0800	INFO	gin_web/2021_5_12_zap_定制_logger.go:87	test logger ...
2021-05-12T23:34:29.869+0800	INFO	gin_web/2021_5_12_zap_定制_logger.go:87	test logger ...
2021-05-12T23:34:29.869+0800	INFO	gin_web/2021_5_12_zap_定制_logger.go:87	test logger ...
2021-05-12T23:34:29.869+0800	INFO	gin_web/2021_5_12_zap_定制_logger.go:87	test logger ...
2021-05-12T23:34:29.869+0800	INFO	gin_web/2021_5_12_zap_定制_logger.go:87	test logger ...
2021-05-12T23:34:29.869+0800	INFO	gin_web/2021_5_12_zap_定制_logger.go:87	test logger ...
2021-05-12T23:34:29.869+0800	INFO	gin_web/2021_5_12_zap_定制_logger.go:87	test logger ...
2021-05-12T23:34:29.869+0800	INFO	gin_web/2021_5_12_zap_定制_logger.go:87	test logger ...
2021-05-12T23:34:29.869+0800	INFO	gin_web/2021_5_12_zap_定制_logger.go:87	test logger ...
2021-05-12T23:34:29.869+0800	INFO	gin_web/2021_5_12_zap_定制_logger.go:87	test logger ...
2021-05-12T23:34:29.869+0800	INFO	gin_web/2021_5_12_zap_定制_logger.go:87	test logger ...
2021-05-12T23:34:29.869+0800	INFO	gin_web/2021_5_12_zap_定制_logger.go:87	test logger ...
2021-05-12T23:34:29.869+0800	INFO	gin_web/2021_5_12_zap_定制_logger.go:87	test logger ...
2021-05-12T23:34:29.870+0800	INFO	gin_web/2021_5_12_zap_定制_logger.go:87	test logger ...
2021-05-12T23:34:29.870+0800	INFO	gin_web/2021_5_12_zap_定制_logger.go:87	test logger ...
2021-05-12T23:34:29.870+0800	INFO	gin_web/2021_5_12_zap_定制_logger.go:87	test logger ...
2021-05-12T23:34:29.870+0800	INFO	gin_web/2021_5_12_zap_定制_logger.go:87	test logger ...
2021-05-12T23:34:29.870+0800	INFO	gin_web/2021_5_12_zap_定制_logger.go:87	test logger ...
2021-05-12T23:34:29.870+0800	INFO	gin_web/2021_5_12_zap_定制_logger.go:87	test logger ...
2021-05-12T23:34:29.870+0800	INFO	gin_web/2021_5_12_zap_定制_logger.go:87	test logger ...
2021-05-12T23:34:29.870+0800	INFO	gin_web/2021_5_12_zap_定制_logger.go:87	test logger ...
2021-05-12T23:34:29.870+0800	INFO	gin_web/2021_5_12_zap_定制_logger.go:87	test logger ...
2021-05-12T23:34:29.870+0800	INFO	gin_web/2021_5_12_zap_定制_logger.go:87	test logger ...
2021-05-12T23:34:29.870+0800	INFO	gin_web/2021_5_12_zap_定制_logger.go:87	test logger ...
2021-05-12T23:34:29.870+0800	INFO	gin_web/2021_5_12_zap_定制_logger.go:87	test logger ...
2021-05-12T23:34:29.870+0800	INFO	gin_web/2021_5_12_zap_定制_logger.go:87	test logger ...
2021-05-12T23:34:29.870+0800	INFO	gin_web/2021_5_12_zap_定制_logger.go:87	test logger ...
2021-05-12T23:34:29.870+0800	INFO	gin_web/2021_5_12_zap_定制_logger.go:87	test logger ...
2021-05-12T23:34:29.870+0800	INFO	gin_web/2021_5_12_zap_定制_logger.go:87	test logger ...
2021-05-12T23:34:29.870+0800	INFO	gin_web/2021_5_12_zap_定制_logger.go:87	test logger ...
2021-05-12T23:34:29.870+0800	INFO	gin_web/2021_5_12_zap_定制_logger.go:87	test logger ...
2021-05-12T23:34:29.870+0800	INFO	gin_web/2021_5_12_zap_定制_logger.go:87	test logger ...
2021-05-12T23:34:29.870+0800	INFO	gin_web/2021_5_12_zap_定制_logger.go:87	test logger ...
2021-05-12T23:34:29.870+0800	INFO	gin_web/2021_5_12_zap_定制_logger.go:87	test logger ...
2021-05-12T23:34:29.870+0800	INFO	gin_web/2021_5_12_zap_定制_logger.go:87	test logger ...
2021-05-12T23:34:29.870+0800	INFO	gin_web/2021_5_12_zap_定制_logger.go:87	test logger ...
2021-05-12T23:34:29.870+0800	INFO	gin_web/2021_5_12_zap_定制_logger.go:87	test logger ...
2021-05-12T23:34:29.870+0800	INFO	gin_web/2021_5_12_zap_定制_logger.go:87	test logger ...
2021-05-12T23:34:29.870+0800	INFO	gin_web/2021_5_12_zap_定制_logger.go:87	test logger ...
2021-05-12T23:34:29.870+0800	INFO	gin_web/2021_5_12_zap_定制_logger.go:87	test logger ...
2021-05-12T23:34:29.870+0800	INFO	gin_web/2021_5_12_zap_定制_logger.go:87	test logger ...
2021-05-12T23:34:29.870+0800	INFO	gin_web/2021_5_12_zap_定制_logger.go:87	test logger ...
2021-05-12T23:34:29.870+0800	INFO	gin_web/2021_5_12_zap_定制_logger.go:87	test logger ...
2021-05-12T23:34:29.870+0800	INFO	gin_web/2021_5_12_zap_定制_logger.go:87	test logger ...
2021-05-12T23:34:29.870+0800	INFO	gin_web/2021_5_12_zap_定制_logger.go:87	test logger ...
2021-05-12T23:34:29.870+0800	INFO	gin_web/2021_5_12_zap_定制_logger.go:87	test logger ...
2021-05-12T23:34:29.870+0800	INFO	gin_web/2021_5_12_zap_定制_logger.go:87	test logger ...
2021-05-12T23:34:29.870+0800	INFO	gin_web/2021_5_12_zap_定制_logger.go:87	test logger ...
2021-05-12T23:34:29.870+0800	INFO	gin_web/2021_5_12_zap_定制_logger.go:87	test logger ...
2021-05-12T23:34:29.870+0800	INFO	gin_web/2021_5_12_zap_定制_logger.go:87	test logger ...
2021-05-12T23:34:29.870+0800	INFO	gin_web/2021_5_12_zap_定制_logger.go:87	test logger ...
2021-05-12T23:34:29.870+0800	INFO	gin_web/2021_5_12_zap_定制_logger.go:87	test logger ...
2021-05-12T23:34:29.870+0800	INFO	gin_web/2021_5_12_zap_定制_logger.go:87	test logger ...
2021-05-12T23:34:29.870+0800	INFO	gin_web/2021_5_12_zap_定制_logger.go:87	test logger ...
2021-05-12T23:34:29.870+0800	INFO	gin_web/2021_5_12_zap_定制_logger.go:87	test logger ...
2021-05-12T23:34:29.870+0800	INFO	gin_web/2021_5_12_zap_定制_logger.go:87	test logger ...
2021-05-12T23:34:29.870+0800	INFO	gin_web/2021_5_12_zap_定制_logger.go:87	test logger ...
2021-05-12T23:34:29.870+0800	INFO	gin_web/2021_5_12_zap_定制_logger.go:87	test logger ...
2021-05-12T23:34:29.870+0800	INFO	gin_web/2021_5_12_zap_定制_logger.go:87	test logger ...
2021-05-12T23:34:29.870+0800	INFO	gin_web/2021_5_12_zap_定制_logger.go:87	test logger ...
2021-05-12T23:34:29.870+0800	INFO	gin_web/2021_5_12_zap_定制_logger.go:87	test logger ...
2021-05-12T23:34:29.870+0800	INFO	gin_web/2021_5_12_zap_定制_logger.go:87	test logger ...
2021-05-12T23:34:29.870+0800	INFO	gin_web/2021_5_12_zap_定制_logger.go:87	test logger ...
2021-05-12T23:34:29.870+0800	INFO	gin_web/2021_5_12_zap_定制_logger.go:87	test logger ...
2021-05-12T23:34:29.870+0800	INFO	gin_web/2021_5_12_zap_定制_logger.go:87	test logger ...
2021-05-12T23:34:29.870+0800	INFO	gin_web/2021_5_12_zap_定制_logger.go:87	test logger ...
2021-05-12T23:34:29.870+0800	INFO	gin_web/2021_5_12_zap_定制_logger.go:87	test logger ...
2021-05-12T23:34:29.870+0800	INFO	gin_web/2021_5_12_zap_定制_logger.go:87	test logger ...
2021-05-12T23:34:29.870+0800	INFO	gin_web/2021_5_12_zap_定制_logger.go:87	test logger ...
2021-05-12T23:34:29.870+0800	INFO	gin_web/2021_5_12_zap_定制_logger.go:87	test logger ...
2021-05-12T23:34:29.870+0800	INFO	gin_web/2021_5_12_zap_定制_logger.go:87	test logger ...
2021-05-12T23:34:29.870+0800	INFO	gin_web/2021_5_12_zap_定制_logger.go:87	test logger ...
2021-05-12T23:34:29.870+0800	INFO	gin_web/2021_5_12_zap_定制_logger.go:87	test logger ...
2021-05-12T23:34:29.870+0800	INFO	gin_web/2021_5_12_zap_定制_logger.go:87	test logger ...
2021-05-12T23:34:29.870+0800	ERROR	gin_web/2021_5_12_zap_定制_logger.go:43	Error fetching url..{url 15 0 www.baidu.com <nil>} {error 26 0  Get "www.baidu.com": unsupported protocol scheme ""}
2021-05-12T23:34:30.003+0800	INFO	gin_web/2021_5_12_zap_定制_logger.go:48	Success..{statusCode 15 0 200 OK <nil>} {url 15 0 http://www.baidu.com <nil>}
